******************************************************************************
               TMS320C6x Linker PC v7.4.6                      
******************************************************************************
>> Linked Wed Feb 26 23:18:30 2014

OUTPUT FILE NAME:   <Disparity.out>
ENTRY POINT SYMBOL: "_c_int00"  address: 803542e0


MEMORY CONFIGURATION

         name            origin    length      used     unused   attr    fill
----------------------  --------  ---------  --------  --------  ----  --------
  L2SRAM                00800000   00080000  0005d540  00022ac0  RW X
  MSMCSRAM              0c000000   00400000  00400000  00000000  RW X
  DDR3                  80000000   20000000  003c0e6c  1fc3f194  RWIX


SEGMENT ALLOCATION MAP

run origin  load origin   length   init length attrs members
----------  ----------- ---------- ----------- ----- -------
00000000    00000000    0000000a   00000000    rw-
  00000000    00000000    00000007   00000007    rw- .tdata
00800000    00800000    0005cb88   00000000    rw-
  00800000    00800000    00052b00   00000000    rw- .far:NDK_PACKETMEM
  00852b00    00852b00    00004000   00000000    rw- .resmgr_memregion
  00856b00    00856b00    00003c00   00000000    rw- .far:taskStackSection
  0085a700    0085a700    00001488   00000000    rw- .resmgr_pa
  0085bb88    0085bb88    00001000   00000000    rw- .stack
0085cb90    0085cb90    00000600   00000000    rw-
  0085cb90    0085cb90    00000600   00000000    rw- .far:NDK_OBJMEM
0085d200    0085d200    00000318   00000318    rw-
  0085d200    0085d200    00000318   00000318    rw- .nimu_eth_ll2
0085d520    0085d520    000000a0   00000000    rw-
  0085d520    0085d520    000000a0   00000000    rw- .resmgr_handles
80000000    80000000    00300000   00000000    rw-
  80000000    80000000    00300000   00000000    rw- systemHeap
80300000    80300000    0005eee0   0005eee0    r-x
  80300000    80300000    0005eee0   0005eee0    r-x .text
8035eee0    8035eee0    0004f14c   0004f14c    rw-
  8035eee0    8035eee0    0004f14c   0004f14c    rw- .far.1
803ae02c    803ae02c    00000004   00000004    rw-
  803ae02c    803ae02c    00000004   00000004    rw- .tdata
803ae030    803ae030    00000140   00000140    rw-
  803ae030    803ae030    00000140   00000140    rw- .far.2
803ae170    803ae170    0000b57a   0000b57a    r--
  803ae170    803ae170    0000b57a   0000b57a    r-- .const
803b96f0    803b96f0    00000010   00000010    rw-
  803b96f0    803b96f0    00000010   00000010    rw- .fardata.1
803b9700    803b9700    00002400   00000000    rw-
  803b9700    803b9700    00002400   00000000    rw- .qmss
803bbb00    803bbb00    00002162   00002162    rw-
  803bbb00    803bbb00    00002162   00002162    rw- .fardata.2
803bdc68    803bdc68    00001370   00001370    rw-
  803bdc68    803bdc68    00001370   00001370    rw- platform_lib
803befd8    803befd8    000003bc   000003bc    r--
  803befd8    803befd8    000003bc   000003bc    r-- .switch
803bf394    803bf394    0000006c   00000000    rw-
  803bf394    803bf394    0000006c   00000000    rw- .bss
803bf400    803bf400    000001ad   000001ad    rw-
  803bf400    803bf400    000001ad   000001ad    rw- .neardata
803bf5b0    803bf5b0    0000003c   0000003c    r--
  803bf5b0    803bf5b0    0000003c   0000003c    r-- .rodata
803bf5ec    803bf5ec    00000014   00000014    r--
  803bf5ec    803bf5ec    00000014   00000014    r-- .TI.tls_init
803bf600    803bf600    00000200   00000000    rw-
  803bf600    803bf600    00000200   00000000    rw- .cppi
803bf800    803bf800    00000200   00000200    r-x
  803bf800    803bf800    00000200   00000200    r-x .vecs
803bfa00    803bfa00    00000120   00000000    rw-
  803bfa00    803bfa00    00000120   00000000    rw- .cio
803bfb20    803bfb20    00001358   00001358    r--
  803bfb20    803bfb20    00001358   00001358    r-- .cinit


SECTION ALLOCATION MAP

 output                                  attributes/
section   page    origin      length       input sections
--------  ----  ----------  ----------   ----------------
.init_array 
*          0    80000000    00000000     UNINITIALIZED

.far:NDK_PACKETMEM 
*          0    00800000    00052b00     UNINITIALIZED
                  00800000    00052b00     stk6_ppp_pppoe.ae66 : pbm_data.oe66 (.far:NDK_PACKETMEM)

.resmgr_memregion 
*          0    00852b00    00004000     UNINITIALIZED
                  00852b00    00004000     resourcemgr.obj (.resmgr_memregion)

.far:taskStackSection 
*          0    00856b00    00003c00     UNINITIALIZED
                  00856b00    00003c00     Disparity_pe66.oe66 (.far:taskStackSection)

.resmgr_pa 
*          0    0085a700    00001488     UNINITIALIZED
                  0085a700    00001488     resourcemgr.obj (.resmgr_pa)

.stack     0    0085bb88    00001000     UNINITIALIZED
                  0085bb88    00000008     boot.ae66 : boot.oe66 (.stack)
                  0085bb90    00000ff8     --HOLE--

.far:NDK_OBJMEM 
*          0    0085cb90    00000600     UNINITIALIZED
                  0085cb90    00000600     os.ae66 : ossys.oe66 (.far:NDK_OBJMEM)

.nimu_eth_ll2 
*          0    0085d200    00000318     
                  0085d200    00000308     ti.transport.ndk.nimu.ae66 : nimu_eth.obj (.nimu_eth_ll2:uninit) [fill = 0]
                  0085d508    00000010                                : nimu_eth.obj (.nimu_eth_ll2:init)

.resmgr_handles 
*          0    0085d520    000000a0     UNINITIALIZED
                  0085d520    000000a0     resourcemgr.obj (.resmgr_handles)

ti.sdo.ipc.SharedRegion_0 
*          0    0c000000    00200000     NOLOAD SECTION
                  0c000000    00200000     --HOLE--

ti.sdo.ipc.SharedRegion_1 
*          0    0c200000    00200000     NOLOAD SECTION
                  0c200000    00200000     --HOLE--

systemHeap 
*          0    80000000    00300000     UNINITIALIZED
                  80000000    00300000     Disparity_pe66.oe66 (systemHeap)

xdc.meta   0    80000000    00000128     COPY SECTION
                  80000000    00000128     Disparity_pe66.oe66 (xdc.meta)

.text      0    80300000    0005eee0     
                  80300000    00002d80     ti.transport.ndk.nimu.ae66 : nimu_eth.obj (.text)
                  80302d80    00001fe0     ti.platform.evm6678l.ae66 : platform.obj (.text)
                  80304d60    00001b40                               : evmc6678.obj (.text)
                  803068a0    00001a00     stk6_ppp_pppoe.ae66 : tcpin.oe66 (.text:TcpInput)
                  803082a0    000019a0                         : tcp6in.oe66 (.text:TCP6Input)
                  80309c40    00001240                         : tcpout.oe66 (.text:TcpOutput)
                  8030ae80    00001180                         : tcp6out.oe66 (.text:TCP6Output)
                  8030c000    00001160     ti.platform.evm6678l.ae66 : evm66x_nand.obj (.text)
                  8030d160    00000d80                               : evmc66x_i2c_eeprom.obj (.text)
                  8030dee0    00000d00     resourcemgr.obj (.text)
                  8030ebe0    00000b80     stk6_ppp_pppoe.ae66 : ipin.oe66 (.text:IPRxPacket)
                  8030f760    00000aa0                         : md5.oe66 (.text:MD5Transform)
                  80310200    000009c0                         : ipout.oe66 (.text:IPTxPacket)
                  80310bc0    000009a0                         : lcp.oe66 (.text:lcpInput)
                  80311560    00000920     Disparity.obj (.text)
                  80311e80    000008a0     nettool.ae66 : httpclie.oe66 (.text:httpClientProcess)
                  80312720    000008a0     sysbios.ae66 : BIOS.obj (.text:ti_sysbios_family_c64p_Exception_handler__I)
                  80312fc0    000008a0     ti.targets.rts6000.ae66 : System.oe66 (.text:xdc_runtime_System_doPrint__I)
                  80313860    000007e0     ti.drv.qmss.ae66 : qmss_drv.oe66 (.text:Qmss_insertMemoryRegion)
                  80314040    000007e0     stk6_ppp_pppoe.ae66 : ipcp.oe66 (.text:ipcpInput)
                  80314820    000007c0     nettool.ae66 : httpsend.oe66 (.text:SetContentType)
                  80314fe0    000007c0     stk6_ppp_pppoe.ae66 : sock.oe66 (.text:SockSet)
                  803157a0    000007a0                         : fileuser.oe66 (.text:fdPoll)
                  80315f40    00000720     ti.drv.pa.ae66 : pa.oe66 (.text:Pa_addMac)
                  80316660    000006c0     nettool.ae66 : telnetd.oe66 (.text:telnet_netdata)
                  80316d20    00000680     stk6_ppp_pppoe.ae66 : icmpv6_ndisc.oe66 (.text:ICMPv6RecvRA)
                  803173a0    00000680     Initialise.obj (.text)
                  80317a20    00000660     ti.drv.cppi.ae66 : cppi_drv.oe66 (.text:Cppi_configureRxFlow)
                  80318080    00000620     stk6_ppp_pppoe.ae66 : route6.oe66 (.text:Rt6Create)
                  803186a0    00000620     sysbios.ae66 : BIOS.obj (.text:ti_sysbios_knl_Task_Instance_finalize__F)
                  80318cc0    00000600                  : BIOS.obj (.text:ti_sysbios_heaps_HeapMem_alloc__E)
                  803192c0    00000600                  : BIOS.obj (.text:ti_sysbios_knl_Semaphore_pend__E)
                  803198c0    000005e0                  : BIOS.obj (.text:ti_sysbios_heaps_HeapMem_free__E)
                  80319ea0    000005c0     stk6_ppp_pppoe.ae66 : ipfrag.oe66 (.text:IPReasm)
                  8031a460    000005c0     rts6600_elf_mt.lib : divd.obj (.text:__c6xabi_divd)
                  8031aa20    000005c0                        : _printfi.obj (.text:_getarg_diouxp)
                  8031afe0    000005a0     stk6_ppp_pppoe.ae66 : icmpin.oe66 (.text:ICMPInput)
                  8031b580    000005a0     ti.platform.evm6678l.ae66 : evmc66x_spi.obj (.text)
                  8031bb20    000005a0     sysbios.ae66 : BIOS.obj (.text:ti_sysbios_timers_timer64_Timer_Module_startup__F)
                  8031c0c0    00000580     stk6_ppp_pppoe.ae66 : nimuppp.oe66 (.text:pppEvent)
                  8031c640    00000560                         : ipv6.oe66 (.text:IPv6IPAddressToString)
                  8031cba0    00000560     ti.platform.evm6678l.ae66 : evmc6678_phy.obj (.text)
                  8031d100    00000520     stk6_ppp_pppoe.ae66 : sock.oe66 (.text:SockNew)
                  8031d620    00000520     rts6600_elf_mt.lib : _printfi.obj (.text:_setfield)
                  8031db40    00000520     ti.platform.evm6678l.ae66 : evmc66x_nor.obj (.text)
                  8031e060    000004e0     stk6_ppp_pppoe.ae66 : udp.oe66 (.text:UdpInput)
                  8031e540    000004e0                         : nimupppoe.oe66 (.text:pppoeInputS)
                  8031ea20    000004c0     ti.drv.cppi.ae66 : cppi_drv.oe66 (.text:Cppi_txChannelOpen)
                  8031eee0    000004c0     stk6_ppp_pppoe.ae66 : sock6.oe66 (.text:Sock6Connect)
                  8031f3a0    000004c0                         : sock6.oe66 (.text:Sock6Set)
                  8031f860    000004c0     ti.platform.evm6678l.ae66 : evmc66x_fpga.obj (.text)
                  8031fd20    000004a0     stk6_ppp_pppoe.ae66 : bind6.oe66 (.text:Bind6New)
                  803201c0    000004a0                         : lliin.oe66 (.text:LLIRxPacket)
                  80320660    000004a0                         : sock6.oe66 (.text:Sock6Recv)
                  80320b00    000004a0                         : sock.oe66 (.text:SockRecv)
                  80320fa0    00000480     RecieveImage.obj (.text)
                  80321420    00000460     rts6600_elf_mt.lib : _printfi.obj (.text:_printfi)
                  80321880    00000460     stk6_ppp_pppoe.ae66 : nimuppp.oe66 (.text:pppNew)
                  80321ce0    00000440     ti.drv.cppi.ae66 : cppi_drv.oe66 (.text:Cppi_rxChannelOpen)
                  80322120    00000440     stk6_ppp_pppoe.ae66 : sock6.oe66 (.text:Sock6New)
                  80322560    00000440                         : auth.oe66 (.text:chapInput)
                  803229a0    00000440                         : fileuser.oe66 (.text:fdSelect)
                  80322de0    00000440                         : nimupppoe.oe66 (.text:pppoeInputC)
                  80323220    00000420     nettool.ae66 : daemon.oe66 (.text:daemon)
                  80323640    00000420     ti.drv.pa.ae66 : pa.oe66 (.text:pa_conv_routing_info)
                  80323a60    00000420     sysbios.ae66 : BIOS.obj (.text:ti_sysbios_gates_GateMutexPri_enter__E)
                  80323e80    00000420                  : BIOS.obj (.text:ti_sysbios_knl_Task_sleep__E)
                  803242a0    00000400     stk6_ppp_pppoe.ae66 : sock6.oe66 (.text:Sock6Send)
                  803246a0    00000400     os.ae66 : efs.oe66 (.text:efs_filecheck)
                  80324aa0    00000400     ipc.lib : Ipc.obj (.text:ti_sdo_ipc_Notify_Instance_init__F)
                  80324ea0    00000400     sysbios.ae66 : BIOS.obj (.text:ti_sysbios_knl_Task_Instance_init__F)
                  803252a0    000003e0     stk6_ppp_pppoe.ae66 : ipv6_frag.oe66 (.text:IPv6TxFragPacket)
                  80325680    000003e0     sysbios.ae66 : BIOS.obj (.text:ti_sysbios_knl_Task_setPri__E)
                  80325a60    000003c0     ti.drv.cppi.ae66 : cppi_desc.oe66 (.text:Cppi_initDescriptor)
                  80325e20    000003c0     stk6_ppp_pppoe.ae66 : ipv6out.oe66 (.text:IPv6TxPacket)
                  803261e0    000003c0                         : lli6.oe66 (.text:LLI6TimerCheck)
                  803265a0    000003c0                         : sock.oe66 (.text:SockSend)
                  80326960    000003c0                         : tcp6.oe66 (.text:TCP6TimeoutCheck)
                  80326d20    000003c0                         : tcp.oe66 (.text:TcpTimeoutCheck)
                  803270e0    000003c0     rts6600_elf_mt.lib : fputs.obj (.text:fputs)
                  803274a0    000003a0     stk6_ppp_pppoe.ae66 : nimu.oe66 (.text:NIMUIoctl)
                  80327840    000003a0                         : route.oe66 (.text:RtCreate)
                  80327be0    000003a0                         : sb.oe66 (.text:SBRead)
                  80327f80    000003a0     os.ae66 : mem.oe66 (.text:_mmCheck)
                  80328320    000003a0     stk6_ppp_pppoe.ae66 : auth.oe66 (.text:papInput)
                  803286c0    00000380                         : icmpv6in.oe66 (.text:ICMPv6RxPacket)
                  80328a40    00000380                         : igmp.oe66 (.text:IGMPInput)
                  80328dc0    00000380                         : sock6int.oe66 (.text:Sock6Notify)
                  80329140    00000380                         : sock.oe66 (.text:SockConnect)
                  803294c0    00000380                         : sockint.oe66 (.text:SockNotify)
                  80329840    00000380     nettool.ae66 : dhcppkt.oe66 (.text:dhcpPacketProcess)
                  80329bc0    00000360     stk6_ppp_pppoe.ae66 : icmpv6out.oe66 (.text:ICMPv6SendParameterProblem)
                  80329f20    00000360                         : ipv6_frag.oe66 (.text:IPv6FragReasm)
                  8032a280    00000360                         : lliout.oe66 (.text:LLITxIpPacket)
                  8032a5e0    00000360     Disparity_pe66.oe66 (.text:xdc_runtime_System_printfExtend__I)
                  8032a940    00000340     ti.drv.pa.ae66 : painit.oe66 (.text:Pa_create)
                  8032ac80    00000340     ti.drv.qmss.ae66 : qmss_drv.oe66 (.text:Qmss_init)
                  8032afc0    00000340     os.ae66 : mem.oe66 (.text:mmAlloc)
                  8032b300    00000340     stk6_ppp_pppoe.ae66 : nimupppoe.oe66 (.text:pppoeSI)
                  8032b640    00000320     nettool.ae66 : config.oe66 (.text:CfgAddEntry)
                  8032b960    00000320     stk6_ppp_pppoe.ae66 : icmpv6_ndisc.oe66 (.text:ICMPv6RecvRedirect)
                  8032bc80    00000320                         : nimupppoe.oe66 (.text:SendServerMsg)
                  8032bfa0    00000320     rts6600_elf_mt.lib : _printfi.obj (.text:_pproc_fge)
                  8032c2c0    00000320     nettool.ae66 : telnetd.oe66 (.text:telnet_engine)
                  8032c5e0    00000320     ti.platform.evm6678l.ae66 : evmc66x_uart.obj (.text)
                  8032c900    00000300     stk6_ppp_pppoe.ae66 : icmpv6_ndisc.oe66 (.text:ICMPv6RecvNS)
                  8032cc00    00000300                         : icmpv6out.oe66 (.text:ICMPv6SendDstUnreachable)
                  8032cf00    00000300                         : icmpv6out.oe66 (.text:ICMPv6SendTimeExceeded)
                  8032d200    00000300     netctrl.ae66 : netctrl.oe66 (.text:NetScheduler)
                  8032d500    00000300     stk6_ppp_pppoe.ae66 : sock6pcb.oe66 (.text:Sock6PcbBind)
                  8032d800    00000300                         : udp6.oe66 (.text:Udp6Input)
                  8032db00    00000300     nettool.ae66 : inetaddr.oe66 (.text:inet_aton)
                  8032de00    00000300     platform_osal.obj (.text)
                  8032e100    00000300     sysbios.ae66 : BIOS.obj (.text:ti_sysbios_family_c64p_Hwi_dispatchC__I)
                  8032e400    000002e0     stk6_ppp_pppoe.ae66 : ipv6_frag.oe66 (.text:IPv6FragQEnqueueFrag)
                  8032e6e0    000002e0     ti.drv.pa.ae66 : pa.oe66 (.text:Pa_forwardResult)
                  8032e9c0    000002e0     stk6_ppp_pppoe.ae66 : route6.oe66 (.text:Rt6Find)
                  8032eca0    000002e0                         : nimupppoe.oe66 (.text:SendClientMsg)
                  8032ef80    000002e0     ipc.lib : Ipc.obj (.text:SharedRegion_getEntry)
                  8032f260    000002e0     stk6_ppp_pppoe.ae66 : udp.oe66 (.text:UdpOutput)
                  8032f540    000002e0     rts6600_elf_mt.lib : _printfi.obj (.text:_pproc_fwp)
                  8032f820    000002e0     sysbios.ae66 : BIOS.obj (.text:ti_sysbios_heaps_HeapMem_Instance_init__F)
                  8032fb00    000002c0     stk6_ppp_pppoe.ae66 : bind.oe66 (.text:BindNew)
                  8032fdc0    000002c0                         : sb6.oe66 (.text:SB6Read)
                  80330080    000002c0                         : sock6pcb.oe66 (.text:Sock6PcbResolve)
                  80330340    000002c0                         : udp6.oe66 (.text:Udp6Output)
                  80330600    000002c0                         : nimuppp.oe66 (.text:pppInput)
                  803308c0    000002a0                         : ipv6_exthdrs.oe66 (.text:IPv6ParseExtnHeaders)
                  80330b60    000002a0                         : node.oe66 (.text:NodeAdd)
                  80330e00    000002a0                         : route6.oe66 (.text:Rt6Free)
                  803310a0    000002a0                         : rtable.oe66 (.text:RtFind)
                  80331340    000002a0                         : sock6pcb.oe66 (.text:Sock6PcbFind)
                  803315e0    000002a0                         : sock.oe66 (.text:SockClose)
                  80331880    000002a0                         : tcp6prot.oe66 (.text:TCP6PrSetOption)
                  80331b20    000002a0                         : tcpprot.oe66 (.text:TcpPrSetOption)
                  80331dc0    000002a0     rts6600_elf_mt.lib : _printfi.obj (.text:fcvt)
                  80332060    000002a0     sysbios.ae66 : BIOS.obj (.text:ti_sysbios_knl_Clock_Instance_init__F)
                  80332300    000002a0                  : BIOS.obj (.text:ti_sysbios_knl_Clock_workFunc__E)
                  803325a0    000002a0                  : BIOS.obj (.text:ti_sysbios_timers_timer64_Timer_deviceConfig__I)
                  80332840    00000280     nettool.ae66 : dhcpmain.oe66 (.text:DHCPOpen)
                  80332ac0    00000280     stk6_ppp_pppoe.ae66 : icmp.oe66 (.text:ICMPGenPacket)
                  80332d40    00000280                         : icmpv6in.oe66 (.text:ICMPv6RecvEchoRequest)
                  80332fc0    00000280                         : lli6.oe66 (.text:LLI6NeighUnreachStateMachine)
                  80333240    00000280                         : sockpcb.oe66 (.text:SockPcbResolve)
                  803334c0    00000280                         : tcp6out.oe66 (.text:TCP6GenPacket)
                  80333740    00000280     rts6600_elf_mt.lib : _printfi.obj (.text:ecvt)
                  803339c0    00000280     stk6_ppp_pppoe.ae66 : ipcp.oe66 (.text:ipcpSendCfg)
                  80333c40    00000280                         : lcp.oe66 (.text:lcpSendCfg)
                  80333ec0    00000280     ti.targets.rts6000.ae66 : Error.oe66 (.text:xdc_runtime_Error_raiseX__F)
                  80334140    00000260     stk6_ppp_pppoe.ae66 : icmpv6_ndisc.oe66 (.text:ICMPv6SendNA)
                  803343a0    00000260                         : icmpv6_ndisc.oe66 (.text:ICMPv6SendNS)
                  80334600    00000260                         : lli6.oe66 (.text:LLI6TxIPPacket)
                  80334860    00000260                         : nimu.oe66 (.text:NIMUReceivePacket)
                  80334ac0    00000260                         : rawethsock.oe66 (.text:RawEthSockSet)
                  80334d20    00000260                         : sb6.oe66 (.text:SB6Write)
                  80334f80    00000260                         : sb.oe66 (.text:SBWrite)
                  803351e0    00000260                         : sock6.oe66 (.text:Sock6Close)
                  80335440    00000260                         : sockpcb.oe66 (.text:SockPcbBind)
                  803356a0    00000260     nettool.ae66 : httppars.oe66 (.text:httpParseRecv)
                  80335900    00000260     sysbios.ae66 : BIOS.obj (.text:ti_sysbios_family_c64p_Exception_internalHandler__I)
                  80335b60    00000260                  : BIOS.obj (.text:ti_sysbios_knl_Semaphore_post__E)
                  80335dc0    00000260     ti.targets.rts6000.ae66 : Startup.oe66 (.text:xdc_runtime_Startup_startMods__I)
                  80336020    00000240     ti.drv.cppi.ae66 : cppi_drv.oe66 (.text:Cppi_open)
                  80336260    00000240     nettool.ae66 : daemon.oe66 (.text:DaemonNew)
                  803364a0    00000240     ti.drv.pa.ae66 : pa.oe66 (.text:Pa_resetControl)
                  803366e0    00000240     stk6_ppp_pppoe.ae66 : pipe.oe66 (.text:PipeRecv)
                  80336920    00000240                         : raw.oe66 (.text:RawInput)
                  80336b60    00000240     rts6600_elf_mt.lib : imath64.obj (.text:__c6xabi_divull)
                  80336da0    00000240                        : _printfi.obj (.text:_pconv_e)
                  80336fe0    00000240                        : _printfi.obj (.text:_pproc_diouxp)
                  80337220    00000240     nettool.ae66 : dhcpsm.oe66 (.text:dhcpIPAdd)
                  80337460    00000240                  : dhcpsm.oe66 (.text:dhcpState)
                  803376a0    00000240     rts6600_elf_mt.lib : fputc.obj (.text:fputc)
                  803378e0    00000240     sysbios.ae66 : BIOS.obj (.text:ti_sysbios_knl_Task_exit__E)
                  80337b20    00000240     ti.targets.rts6000.ae66 : LoggerBuf.oe66 (.text:xdc_runtime_LoggerBuf_write8__F)
                  80337d60    00000220     stk6_ppp_pppoe.ae66 : bind6.oe66 (.text:Bind6RunDAD)
                  80337f80    00000220                         : icmpv6_ndisc.oe66 (.text:ICMPv6RecvNA)
                  803381a0    00000220                         : igmp.oe66 (.text:IGMPJoinHostGroup)
                  803383c0    00000220                         : ipv6in.oe66 (.text:IPv6RxPacket)
                  803385e0    00000220                         : rawethsock.oe66 (.text:RawEthSockNew)
                  80338800    00000220                         : sockpcb.oe66 (.text:SockPcbFind)
                  80338a20    00000220     rts6600_elf_mt.lib : _printfi.obj (.text:_pproc_str)
                  80338c40    00000220     nettool.ae66 : dhcppkt.oe66 (.text:dhcpVerifyMessage)
                  80338e60    00000220                  : httpclie.oe66 (.text:httpGetAuthParams)
                  80339080    00000220     rts6600_elf_mt.lib : setvbuf.obj (.text:setvbuf)
                  803392a0    00000220     sysbios.ae66 : BIOS.obj (.text:ti_sysbios_knl_Swi_run__I)
                  803394c0    00000220                  : BIOS.obj (.text:ti_sysbios_knl_Task_schedule__I)
                  803396e0    00000220                  : BIOS.obj (.text:ti_sysbios_knl_Task_startCore__E)
                  80339900    00000220     ti.targets.rts6000.ae66 : Core-mem.oe66 (.text:xdc_runtime_Core_createObject__I)
                  80339b20    00000200     stk6_ppp_pppoe.ae66 : ipv6_frag.oe66 (.text:IPv6ParseFragHdr)
                  80339d20    00000200                         : lli6.oe66 (.text:LLI6New)
                  80339f20    00000200     ti.drv.qmss.ae66 : qmss_drv.oe66 (.text:Qmss_internalQueueOpen)
                  8033a120    00000200                      : qmss_acc.oe66 (.text:Qmss_programAccumulator)
                  8033a320    00000200     stk6_ppp_pppoe.ae66 : rtc.oe66 (.text:RTCReport)
                  8033a520    00000200                         : raw6.oe66 (.text:Raw6Output)
                  8033a720    00000200     rts6600_elf_mt.lib : _printfi.obj (.text:_pconv_g)
                  8033a920    00000200     sysbios.ae66 : c64p_Hwi_disp_always.obj (.text:_ti_sysbios_family_c64p_Hwi_dispatchAlways)
                  8033ab20    00000200     stk6_ppp_pppoe.ae66 : socket.oe66 (.text:accept)
                  8033ad20    00000200     ti.drv.cppi.ae66 : cppi_heap.oe66 (.text:cppi_internal_heap_add)
                  8033af20    00000200     stk6_ppp_pppoe.ae66 : nimupppoe.oe66 (.text:pppoeCtrlMsg)
                  8033b120    00000200     ipc.lib : Ipc.obj (.text:ti_sdo_ipc_family_c647x_MultiProcSetup_init__I)
                  8033b320    000001e0     stk6_ppp_pppoe.ae66 : igmp.oe66 (.text:IGMPSendReply)
                  8033b500    000001e0                         : route6.oe66 (.text:Rt6Modify)
                  8033b6e0    000001e0                         : sock6pcb.oe66 (.text:Sock6PcbFindRaw)
                  8033b8c0    000001e0                         : tcpout.oe66 (.text:TcpGenPacket)
                  8033baa0    000001e0                         : auth.oe66 (.text:chapSendMsg)
                  8033bc80    000001e0     nettool.ae66 : dhcpsock.oe66 (.text:dhcpSocketOpen)
                  8033be60    000001e0     stk6_ppp_pppoe.ae66 : socket.oe66 (.text:sendto)
                  8033c040    000001e0     sysbios.ae66 : BIOS.obj (.text:ti_sysbios_family_c64p_Exception_externalHandler__I)
                  8033c220    000001e0                  : BIOS.obj (.text:ti_sysbios_knl_Task_checkStacks__E)
                  8033c400    000001e0                  : BIOS.obj (.text:ti_sysbios_knl_Task_postInit__I)
                  8033c5e0    000001e0                  : BIOS.obj (.text:ti_sysbios_timers_timer64_Timer_getFreq__E)
                  8033c7c0    000001c0     nettool.ae66 : config.oe66 (.text:CfgExecute)
                  8033c980    000001c0     ti.drv.cppi.ae66 : cppi_drv.oe66 (.text:Cppi_channelClose)
                  8033cb40    000001c0                      : cppi_drv.oe66 (.text:Cppi_initCfg)
                  8033cd00    000001c0     stk6_ppp_pppoe.ae66 : ip.oe66 (.text:IPGetRoute)
                  8033cec0    000001c0                         : ipv6_exthdrs.oe66 (.text:IPv6ParseHopOptions)
                  8033d080    000001c0                         : lliout.oe66 (.text:LLIGenArpPacket)
                  8033d240    000001c0     ti.drv.qmss.ae66 : qmss_drv.oe66 (.text:Qmss_internaldownloadFirmware)
                  8033d400    000001c0     netctrl.ae66 : netsrv.oe66 (.text:SPIpNet)
                  8033d5c0    000001c0     stk6_ppp_pppoe.ae66 : tcptime.oe66 (.text:TcpTimeoutRexmt)
                  8033d780    000001c0                         : lli.oe66 (.text:_LLITimeoutCheck)
                  8033d940    000001c0     rts6600_elf_mt.lib : _printfi.obj (.text:_mcpy)
                  8033db00    000001c0     nettool.ae66 : dhcpbild.oe66 (.text:dhcpBuildHeader)
                  8033dcc0    000001c0     stk6_ppp_pppoe.ae66 : fileuser.oe66 (.text:fdClose)
                  8033de80    000001c0     sysbios.ae66 : BIOS.obj (.text:ti_sysbios_family_c64p_Exception_decodeMpfsr__I)
                  8033e040    000001c0                  : BIOS.obj (.text:ti_sysbios_gates_GateMutex_enter__E)
                  8033e200    000001c0                  : BIOS.obj (.text:ti_sysbios_timers_timer64_Timer_setPeriodMicroSecs__E)
                  8033e3c0    000001c0     ti.targets.rts6000.ae66 : Text.oe66 (.text:xdc_runtime_Text_putSite__F)
                  8033e580    000001a0     stk6_ppp_pppoe.ae66 : bind6.oe66 (.text:Bind6Msg)
                  8033e720    000001a0     nettool.ae66 : config.oe66 (.text:CfgRemoveEntry)
                  8033e8c0    000001a0     stk6_ppp_pppoe.ae66 : icmpin.oe66 (.text:ICMPRevSrcRoute)
                  8033ea60    000001a0                         : ipv6_frag.oe66 (.text:IPv6FragMsg)
                  8033ec00    000001a0                         : ipv6_exthdrs.oe66 (.text:IPv6ParseRoutingHdr)
                  8033eda0    000001a0     netctrl.ae66 : netctrl.oe66 (.text:NC_NetStart)
                  8033ef40    000001a0     stk6_ppp_pppoe.ae66 : node.oe66 (.text:NodeTreeFree)
                  8033f0e0    000001a0     ti.drv.pa.ae66 : pa.oe66 (.text:Pa_downloadImage)
                  8033f280    000001a0     stk6_ppp_pppoe.ae66 : raw6.oe66 (.text:Raw6Input)
                  8033f420    000001a0                         : route6.oe66 (.text:Route6LifetimeMgmt)
                  8033f5c0    000001a0                         : sockint.oe66 (.text:SockCreatePacket)
                  8033f760    000001a0     nettool.ae66 : dhcpsm.oe66 (.text:StateRenewRebind)
                  8033f900    000001a0     stk6_ppp_pppoe.ae66 : tcp6time.oe66 (.text:TCP6TimeoutRexmt)
                  8033faa0    000001a0     rts6600_elf_mt.lib : imath40.obj (.text:__c6xabi_divul)
                  8033fc40    000001a0     nettool.ae66 : dhcptags.oe66 (.text:dhcpBuildOptions)
                  8033fde0    000001a0     stk6_ppp_pppoe.ae66 : socket.oe66 (.text:getpeername)
                  8033ff80    000001a0     nettool.ae66 : telnetd.oe66 (.text:telnet_termdata)
                  80340120    000001a0     sysbios.ae66 : BIOS.obj (.text:ti_sysbios_family_c66_Cache_block__I)
                  803402c0    000001a0                  : BIOS.obj (.text:ti_sysbios_heaps_HeapBuf_Module_startup__F)
                  80340460    000001a0                  : BIOS.obj (.text:ti_sysbios_timers_timer64_Timer_start__E)
                  80340600    000001a0     ti.targets.rts6000.ae66 : LoggerBuf.oe66 (.text:xdc_runtime_LoggerBuf_write4__F)
                  803407a0    00000180     stk6_ppp_pppoe.ae66 : bind6.oe66 (.text:Bind6GetGlobalAddress)
                  80340920    00000180     rts6600_elf_mt.lib : trgdrv.obj (.text:HOSTrename)
                  80340aa0    00000180     stk6_ppp_pppoe.ae66 : igmp.oe66 (.text:IGMPMsg)
                  80340c20    00000180     ipc.lib : Ipc.obj (.text:MultiProc_setLocalId)
                  80340da0    00000180     stk6_ppp_pppoe.ae66 : nimu.oe66 (.text:NIMURegister)
                  80340f20    00000180     netctrl.ae66 : netsrv.oe66 (.text:ServiceScan)
                  803410a0    00000180                  : netsrv.oe66 (.text:ServiceSpawn)
                  80341220    00000180     nettool.ae66 : dhcpsm.oe66 (.text:StateBound)
                  803413a0    00000180     rts6600_elf_mt.lib : copy_decompress_rle.obj (.text:__TI_decompress_rle_core)
                  80341520    00000180     stk6_ppp_pppoe.ae66 : socket.oe66 (.text:bind)
                  803416a0    00000180     nettool.ae66 : dhcpbild.oe66 (.text:dhcpBuildRequest)
                  80341820    00000180     os.ae66 : task.oe66 (.text:llEnter)
                  803419a0    00000180     stk6_ppp_pppoe.ae66 : auth.oe66 (.text:papSendCfg)
                  80341b20    00000180     sysbios.ae66 : c64p_Exception_asm.obj (.text)
                  80341ca0    00000180     ipc.lib : Ipc.obj (.text:ti_sdo_ipc_Notify_Module_startup__F)
                  80341e20    00000180             : Ipc.obj (.text:ti_sdo_utils_NameServer_Module_startup__F)
                  80341fa0    00000180     sysbios.ae66 : BIOS.obj (.text:ti_sysbios_knl_Swi_schedule__I)
                  80342120    00000180                  : BIOS.obj (.text:ti_sysbios_knl_Task_unblockI__E)
                  803422a0    00000160     nettool.ae66 : config.oe66 (.text:CfgGetEntry)
                  80342400    00000160                  : config.oe66 (.text:CfgGetNextEntry)
                  80342560    00000160     os.ae66 : ossys.oe66 (.text:DbgPrintf)
                  803426c0    00000160     stk6_ppp_pppoe.ae66 : igmp.oe66 (.text:IGMPDoMCast)
                  80342820    00000160                         : nimu.oe66 (.text:NIMUIoctlSpecialCmd)
                  80342980    00000160                         : pbm.oe66 (.text:PBM_free)
                  80342ae0    00000160                         : nimuppp.oe66 (.text:PPPStop)
                  80342c40    00000160                         : pipe.oe66 (.text:PipeSend)
                  80342da0    00000160                         : raw.oe66 (.text:RawOutput)
                  80342f00    00000160                         : rtable.oe66 (.text:RtTimeoutCheck)
                  80343060    00000160                         : rtable.oe66 (.text:RtWalkNext)
                  803431c0    00000160     netctrl.ae66 : netsrv.oe66 (.text:SPRoute)
                  80343320    00000160     stk6_ppp_pppoe.ae66 : sock6.oe66 (.text:Sock6Check)
                  80343480    00000160                         : sock6int.oe66 (.text:Sock6CreatePacket)
                  803435e0    00000160                         : sock6pcb.oe66 (.text:Sock6PcbConnect)
                  80343740    00000160                         : sock.oe66 (.text:SockCheck)
                  803438a0    00000160                         : sockpcb.oe66 (.text:SockPcbConnect)
                  80343a00    00000160     nettool.ae66 : dhcpsm.oe66 (.text:StateRequesting)
                  80343b60    00000160     stk6_ppp_pppoe.ae66 : tcp6time.oe66 (.text:TCP6TimeoutKeep)
                  80343cc0    00000160                         : tcptime.oe66 (.text:TcpTimeoutKeep)
                  80343e20    00000160                         : auth.oe66 (.text:authInit)
                  80343f80    00000160     nettool.ae66 : httpclie.oe66 (.text:httpExtractTag)
                  803440e0    00000160                  : httpsend.oe66 (.text:httpSendErrorHTML)
                  80344240    00000160     stk6_ppp_pppoe.ae66 : socket.oe66 (.text:setsockopt)
                  803443a0    00000160     nettool.ae66 : telnetd.oe66 (.text:telnetClientProcess)
                  80344500    00000140     stk6_ppp_pppoe.ae66 : bind6.oe66 (.text:Bind6DADCheck)
                  80344640    00000140                         : bind6.oe66 (.text:Bind6Free)
                  80344780    00000140     ti.csl.ae66 : csl_chip.oe66 (.text:CSL_chipReadReg)
                  803448c0    00000140     stk6_ppp_pppoe.ae66 : exec.oe66 (.text:ExecOpen)
                  80344a00    00000140                         : icmp.oe66 (.text:ICMPSendRtAdv)
                  80344b40    00000140                         : igmp.oe66 (.text:IGMPJoin)
                  80344c80    00000140                         : ipv6.oe66 (.text:IPv6DisplayIPAddress)
                  80344dc0    00000140                         : lli6.oe66 (.text:LLI6Find)
                  80344f00    00000140                         : lli.oe66 (.text:LLINew)
                  80345040    00000140                         : node.oe66 (.text:NodeFind)
                  80345180    00000140                         : node.oe66 (.text:NodeWalk)
                  803452c0    00000140                         : pbm.oe66 (.text:PBM_alloc)
                  80345400    00000140                         : rtable.oe66 (.text:RtFlush)
                  80345540    00000140                         : sb6.oe66 (.text:SB6New)
                  80345680    00000140     netctrl.ae66 : netsrv.oe66 (.text:ServiceKill)
                  803457c0    00000140     stk6_ppp_pppoe.ae66 : sock6.oe66 (.text:Sock6Accept)
                  80345900    00000140                         : sock6.oe66 (.text:Sock6Listen)
                  80345a40    00000140                         : sock.oe66 (.text:SockAccept)
                  80345b80    00000140                         : sock.oe66 (.text:SockListen)
                  80345cc0    00000140                         : sockpcb.oe66 (.text:SockPcbCtlError)
                  80345e00    00000140     boot.ae66 : autoinit.oe66 (.text:_auto_init_elf)
                  80345f40    00000140     rts6600_elf_mt.lib : _printfi.obj (.text:_pproc_fflags)
                  80346080    00000140     stk6_ppp_pppoe.ae66 : auth.oe66 (.text:authGetPassword)
                  803461c0    00000140     nettool.ae66 : dhcptags.oe66 (.text:dhcpDecodeType)
                  80346300    00000140     rts6600_elf_mt.lib : fseek.obj (.text:fseek)
                  80346440    00000140                        : lowlev.obj (.text:getdevice)
                  80346580    00000140     nettool.ae66 : httpsend.oe66 (.text:httpAuthenticationReq)
                  803466c0    00000140     os.ae66 : mem.oe66 (.text:mmCopy)
                  80346800    00000140     stk6_ppp_pppoe.ae66 : socket.oe66 (.text:recv)
                  80346940    00000140                         : socket.oe66 (.text:send)
                  80346a80    00000140     sysbios.ae66 : BIOS.obj (.text:ti_sysbios_family_c64p_Exception_Module_startup__F)
                  80346bc0    00000140                  : BIOS.obj (.text:ti_sysbios_family_c64p_Hwi_Module_startup__F)
                  80346d00    00000140                  : BIOS.obj (.text:ti_sysbios_family_c66_Cache_Module_startup__F)
                  80346e40    00000140                  : BIOS.obj (.text:ti_sysbios_gates_GateSwi_enter__E)
                  80346f80    00000140                  : BIOS.obj (.text:ti_sysbios_knl_Semaphore_Instance_init__F)
                  803470c0    00000140                  : BIOS.obj (.text:ti_sysbios_knl_Swi_post__E)
                  80347200    00000140                  : BIOS.obj (.text:ti_sysbios_knl_Task_Module_startup__F)
                  80347340    00000140                  : BIOS.obj (.text:ti_sysbios_knl_Task_blockI__E)
                  80347480    00000140     ti.targets.rts6000.ae66 : Text.oe66 (.text:xdc_runtime_Text_putLab__F)
                  803475c0    00000120     stk6_ppp_pppoe.ae66 : bind6.oe66 (.text:Bind6LifetimeMgmt)
                  803476e0    00000120                         : bind.oe66 (.text:BindFree)
                  80347800    00000120     nettool.ae66 : config.oe66 (.text:CfgFree)
                  80347920    00000120                  : daemon.oe66 (.text:DaemonFree)
                  80347a40    00000120     stk6_ppp_pppoe.ae66 : file.oe66 (.text:FdWaitEvent)
                  80347b60    00000120                         : igmp.oe66 (.text:IGMPLeaveHostGroup)
                  80347c80    00000120                         : ip.oe66 (.text:IPMsg)
                  80347da0    00000120                         : ipin.oe66 (.text:IPRouteIP)
                  80347ec0    00000120                         : ipv6_frag.oe66 (.text:IPv6CreateFragQ)
                  80347fe0    00000120                         : ipv6.oe66 (.text:IPv6Init)
                  80348100    00000120                         : icmpv6out.oe66 (.text:IsICMPv6ErrorPkt)
                  80348220    00000120                         : md5.oe66 (.text:MD5Update)
                  80348340    00000120                         : mld.oe66 (.text:MLDJoinGroup)
                  80348460    00000120     netctrl.ae66 : netctrl.oe66 (.text:NC_SystemOpen)
                  80348580    00000120     stk6_ppp_pppoe.ae66 : nimu.oe66 (.text:NIMUAddEthernetHeader)
                  803486a0    00000120     ti.drv.qmss.ae66 : qmss_acc.oe66 (.text:Qmss_disableAccumulator)
                  803487c0    00000120     stk6_ppp_pppoe.ae66 : raweth.oe66 (.text:RawEthRxPacket)
                  803488e0    00000120                         : raweth.oe66 (.text:RawEthTxPacket)
                  80348a00    00000120                         : sb.oe66 (.text:SBNew)
                  80348b20    00000120     netctrl.ae66 : netsrv.oe66 (.text:SPConfig)
                  80348c40    00000120                  : netsrv.oe66 (.text:SPService)
                  80348d60    00000120     stk6_ppp_pppoe.ae66 : sock6.oe66 (.text:Sock6Disconnect)
                  80348e80    00000120                         : sock6.oe66 (.text:Sock6Shutdown)
                  80348fa0    00000120                         : sockpcb.oe66 (.text:SockPcbFindRaw)
                  803490c0    00000120                         : sock.oe66 (.text:SockShutdown)
                  803491e0    00000120                         : tcp6prot.oe66 (.text:TCP6PrAttach)
                  80349300    00000120                         : tcpprot.oe66 (.text:TcpPrAttach)
                  80349420    00000120     nettool.ae66 : telnetd.oe66 (.text:TelnetOpen)
                  80349540    00000120     stk6_ppp_pppoe.ae66 : rtable.oe66 (.text:_RtNodeInsert)
                  80349660    00000120     rts6600_elf_mt.lib : fclose.obj (.text:_closefile)
                  80349780    00000120                        : _printfi.obj (.text:_ltostr)
                  803498a0    00000120     os.ae66 : mem.oe66 (.text:_mmInit)
                  803499c0    00000120     nettool.ae66 : daemon.oe66 (.text:dchild)
                  80349ae0    00000120     stk6_ppp_pppoe.ae66 : fileuser.oe66 (.text:fdOpenSession)
                  80349c00    00000120     nettool.ae66 : http.oe66 (.text:httpOpen)
                  80349d20    00000120                  : httpsend.oe66 (.text:httpSendStatusLine)
                  80349e40    00000120     stk6_ppp_pppoe.ae66 : lcp.oe66 (.text:lcpOpen)
                  80349f60    00000120                         : lcp.oe66 (.text:lcpReject)
                  8034a080    00000120                         : socket.oe66 (.text:socket)
                  8034a1a0    00000120     ipc.lib : Ipc.obj (.text:ti_sdo_ipc_MessageQ_Module_startup__F)
                  8034a2c0    00000120     sysbios.ae66 : BIOS.obj (.text:ti_sysbios_BIOS_rtsUnlock__I)
                  8034a3e0    00000120                  : BIOS.obj (.text:ti_sysbios_knl_Clock_startI__E)
                  8034a500    00000120     ti.targets.rts6000.ae66 : LoggerBuf.oe66 (.text:xdc_runtime_LoggerBuf_setFilterLevel__F)
                  8034a620    00000120                             : Text.oe66 (.text:xdc_runtime_Text_putMod__F)
                  8034a740    00000100     nettool.ae66 : config.oe66 (.text:CfgNew)
                  8034a840    00000100                  : config.oe66 (.text:CfgSetExecuteOrder)
                  8034a940    00000100     stk6_ppp_pppoe.ae66 : igmp.oe66 (.text:IGMPTimer)
                  8034aa40    00000100                         : ipv6.oe66 (.text:IPv6GetSubnetMaskFromBits)
                  8034ab40    00000100                         : ipv6_frag.oe66 (.text:IPv6ReasmTimeout)
                  8034ac40    00000100                         : rtc.oe66 (.text:RTCMsg)
                  8034ad40    00000100                         : rawethsock.oe66 (.text:RawEthSockCheck)
                  8034ae40    00000100                         : route.oe66 (.text:RtRedirect)
                  8034af40    00000100                         : sockint.oe66 (.text:SockValidateRoute)
                  8034b040    00000100     nettool.ae66 : dhcpsm.oe66 (.text:StateSelecting)
                  8034b140    00000100     stk6_ppp_pppoe.ae66 : tcp6prot.oe66 (.text:TCP6PrInherit)
                  8034b240    00000100                         : tcp6time.oe66 (.text:TCP6XmitTimer)
                  8034b340    00000100                         : tcpprot.oe66 (.text:TcpPrInherit)
                  8034b440    00000100                         : tcptime.oe66 (.text:TcpXmitTimer)
                  8034b540    00000100                         : rtable.oe66 (.text:_RtNodeRemove)
                  8034b640    00000100     rts6600_elf_mt.lib : _io_perm.obj (.text:_wrt_ok)
                  8034b740    00000100     stk6_ppp_pppoe.ae66 : file.oe66 (.text:fdint_unlockfd)
                  8034b840    00000100                         : socket.oe66 (.text:listen)
                  8034b940    00000100     os.ae66 : mem.oe66 (.text:mmFree)
                  8034ba40    00000100     stk6_ppp_pppoe.ae66 : nimuppp.oe66 (.text:pppAddClient)
                  8034bb40    00000100     ipc.lib : Ipc.obj (.text:ti_sdo_ipc_Notify_Instance_finalize__F)
                  8034bc40    00000100             : Ipc.obj (.text:ti_sdo_ipc_family_c647x_Interrupt_Module_startup__F)
                  8034bd40    00000100             : Ipc.obj (.text:ti_sdo_ipc_gates_GateHWSem_Module_startup__F)
                  8034be40    00000100     sysbios.ae66 : BIOS.obj (.text:ti_sysbios_family_c64p_EventCombiner_dispatch__F)
                  8034bf40    00000100                  : BIOS.obj (.text:ti_sysbios_gates_GateMutexPri_leave__E)
                  8034c040    00000100                  : BIOS.obj (.text:ti_sysbios_knl_Swi_restoreHwi__E)
                  8034c140    00000100                  : BIOS.obj (.text:ti_sysbios_timers_timer64_Timer_initDevice__I)
                  8034c240    00000100     stk6_ppp_pppoe.ae66 : lliin.oe66 (.text:updateRtTable)
                  8034c340    00000100     ti.targets.rts6000.ae66 : Core-mem.oe66 (.text:xdc_runtime_Core_deleteObject__I)
                  8034c440    00000100                             : LoggerBuf.oe66 (.text:xdc_runtime_LoggerBuf_getFilterLevel__F)
                  8034c540    00000100                             : Startup.oe66 (.text:xdc_runtime_Startup_exec__F)
                  8034c640    00000100                             : Text.oe66 (.text:xdc_runtime_Text_visitRope2__I)
                  8034c740    000000e0     stk6_ppp_pppoe.ae66 : bind6.oe66 (.text:Bind6GetLinkLocalAddress)
                  8034c820    000000e0     nettool.ae66 : config.oe66 (.text:CfgGetEntryCnt)
                  8034c900    000000e0                  : dhcpmain.oe66 (.text:DHCPClose)
                  8034c9e0    000000e0     rts6600_elf_mt.lib : trgdrv.obj (.text:HOSTlseek)
                  8034cac0    000000e0                        : trgdrv.obj (.text:HOSTopen)
                  8034cba0    000000e0     stk6_ppp_pppoe.ae66 : igmp.oe66 (.text:IGMPLeave)
                  8034cc80    000000e0                         : ipv6_frag.oe66 (.text:IPv6FindFragQ)
                  8034cd60    000000e0                         : lli6.oe66 (.text:LLI6Msg)
                  8034ce40    000000e0                         : lli6.oe66 (.text:LLI6Update)
                  8034cf20    000000e0                         : mld.oe66 (.text:MLDFindMulticastNode)
                  8034d000    000000e0                         : nimu.oe66 (.text:NIMUAllocateIndex)
                  8034d0e0    000000e0                         : nimu.oe66 (.text:NIMUAllocateName)
                  8034d1c0    000000e0                         : node.oe66 (.text:NodeDeRef)
                  8034d2a0    000000e0                         : node.oe66 (.text:NodeNew)
                  8034d380    000000e0                         : node.oe66 (.text:NodeTreeNew)
                  8034d460    000000e0                         : pbm.oe66 (.text:PBMQ_enq)
                  8034d540    000000e0                         : pbm.oe66 (.text:PBM_copy)
                  8034d620    000000e0                         : rawethsock.oe66 (.text:RawEthSockNotify)
                  8034d700    000000e0                         : rawethsock_pcb.oe66 (.text:RawEthSockPcbAttach)
                  8034d7e0    000000e0                         : rawethsock.oe66 (.text:RawEthSockSend)
                  8034d8c0    000000e0                         : route6.oe66 (.text:Route6Msg)
                  8034d9a0    000000e0                         : route.oe66 (.text:RtDeRef)
                  8034da80    000000e0                         : route.oe66 (.text:RtRemove)
                  8034db60    000000e0                         : sb.oe66 (.text:SBSetMax)
                  8034dc40    000000e0                         : sock6int.oe66 (.text:Sock6SpawnAbort)
                  8034dd20    000000e0                         : sock6int.oe66 (.text:Sock6ValidateRoute)
                  8034de00    000000e0                         : sock.oe66 (.text:SockDisconnect)
                  8034dee0    000000e0                         : sockint.oe66 (.text:SockSpawnAbort)
                  8034dfc0    000000e0                         : tcp6prot.oe66 (.text:TCP6PrDetach)
                  8034e0a0    000000e0                         : tcp6prot.oe66 (.text:TCP6PrDisconnect)
                  8034e180    000000e0                         : tcp6prot.oe66 (.text:TCP6ValidateMetrics)
                  8034e260    000000e0                         : tcpprot.oe66 (.text:TcpPrDetach)
                  8034e340    000000e0                         : tcpprot.oe66 (.text:TcpPrDisconnect)
                  8034e420    000000e0                         : tcpprot.oe66 (.text:TcpValidateMetrics)
                  8034e500    000000e0                         : timer.oe66 (.text:TimerListInsert)
                  8034e5e0    000000e0                         : udp.oe66 (.text:UdpChecksum)
                  8034e6c0    000000e0                         : vlan.oe66 (.text:VLANDeinit)
                  8034e7a0    000000e0                         : vlan.oe66 (.text:VLANReceivePacket)
                  8034e880    000000e0     nettool.ae66 : config.oe66 (.text:_CfgEntryScan)
                  8034e960    000000e0     stk6_ppp_pppoe.ae66 : lli.oe66 (.text:_LLIExpListInsert)
                  8034ea40    000000e0                         : rtable.oe66 (.text:_RtExpListInsert)
                  8034eb20    000000e0     rts6600_elf_mt.lib : divi.obj (.text:__divi)
                  8034ec00    000000e0                        : _printfi.obj (.text:_div)
                  8034ece0    000000e0                        : atoi.obj (.text:atoi)
                  8034edc0    000000e0                        : lowlev.obj (.text:close)
                  8034eea0    000000e0                        : copy_zero_init.obj (.text:decompress:ZI:__TI_zero_init)
                  8034ef80    000000e0     os.ae66 : efs.oe66 (.text:efs_internal_remove)
                  8034f060    000000e0     rts6600_elf_mt.lib : exit.obj (.text:exit)
                  8034f140    000000e0     stk6_ppp_pppoe.ae66 : file.oe66 (.text:fdint_lockfd)
                  8034f220    000000e0     rts6600_elf_mt.lib : fflush.obj (.text:fflush)
                  8034f300    000000e0     nettool.ae66 : httpclie.oe66 (.text:httpGetMimeBits)
                  8034f3e0    000000e0     os.ae66 : task.oe66 (.text:llExit)
                  8034f4c0    000000e0     rts6600_elf_mt.lib : ltoa.obj (.text:ltoa)
                  8034f5a0    000000e0                        : memset.obj (.text:memset)
                  8034f680    000000e0     os.ae66 : mem.oe66 (.text:mmBulkAlloc)
                  8034f760    000000e0     stk6_ppp_pppoe.ae66 : nimuppp.oe66 (.text:pppFree)
                  8034f840    000000e0     rts6600_elf_mt.lib : printf.obj (.text:printf)
                  8034f920    000000e0     Disparity_pe66.oe66 (.text:ti_sdo_ipc_Notify_Object__create__S)
                  8034fa00    000000e0     sysbios.ae66 : BIOS.obj (.text:ti_sysbios_knl_Clock_start__E)
                  8034fae0    000000e0     ti.targets.rts6000.ae66 : Error.oe66 (.text:xdc_runtime_Error_print__F)
                  8034fbc0    000000e0                             : Memory.oe66 (.text:xdc_runtime_Memory_alloc__F)
                  8034fca0    000000c0     rts6600_elf_mt.lib : trgdrv.obj (.text:HOSTread)
                  8034fd60    000000c0                        : trgdrv.obj (.text:HOSTwrite)
                  8034fe20    000000c0     stk6_ppp_pppoe.ae66 : icmpv6in.oe66 (.text:ICMPv6RecvDstUnreachable)
                  8034fee0    000000c0                         : icmpv6in.oe66 (.text:ICMPv6SocketErrorInterface)
                  8034ffa0    000000c0                         : ipv6.oe66 (.text:IPv6Layer4ComputeChecksum)
                  80350060    000000c0                         : lli.oe66 (.text:LLIGetValidTime)
                  80350120    000000c0                         : lli.oe66 (.text:LLIMsg)
                  803501e0    000000c0                         : mld.oe66 (.text:MLDCreateMulticastNode)
                  803502a0    000000c0                         : mld.oe66 (.text:MLDLeaveGroup)
                  80350360    000000c0                         : nimu.oe66 (.text:NIMUFindByName)
                  80350420    000000c0     netctrl.ae66 : netsrv.oe66 (.text:NS_BootTask)
                  803504e0    000000c0     stk6_ppp_pppoe.ae66 : node.oe66 (.text:NodeUpdatePL)
                  803505a0    000000c0     nettool.ae66 : ipaddr.oe66 (.text:NtIfIdx2Ip)
                  80350660    000000c0     ti.drv.qmss.ae66 : qmss_drv.oe66 (.text:Qmss_setEoiVector)
                  80350720    000000c0     stk6_ppp_pppoe.ae66 : route6.oe66 (.text:Rt6FindDefaultRouter)
                  803507e0    000000c0                         : rtable.oe66 (.text:RtWalkBegin)
                  803508a0    000000c0                         : sb6.oe66 (.text:SB6Flush)
                  80350960    000000c0                         : sb6.oe66 (.text:SB6SetMax)
                  80350a20    000000c0                         : sb.oe66 (.text:SBFlush)
                  80350ae0    000000c0                         : sock6.oe66 (.text:Sock6IntAbort)
                  80350ba0    000000c0                         : sock6pcb.oe66 (.text:Sock6PcbResolveChain)
                  80350c60    000000c0                         : sock6pcb.oe66 (.text:Sock6PcbRtChange)
                  80350d20    000000c0                         : sock.oe66 (.text:SockIntAbort)
                  80350de0    000000c0                         : sockpcb.oe66 (.text:SockPcbRtChange)
                  80350ea0    000000c0                         : tcp6prot.oe66 (.text:TCP6Close)
                  80350f60    000000c0                         : tcp6time.oe66 (.text:TCP6TimeoutSackRexmt)
                  80351020    000000c0     os.ae66 : task.oe66 (.text:TaskGetEnv)
                  803510e0    000000c0     stk6_ppp_pppoe.ae66 : tcp.oe66 (.text:TcpChecksum)
                  803511a0    000000c0                         : tcpprot.oe66 (.text:TcpClose)
                  80351260    000000c0                         : tcptime.oe66 (.text:TcpTimeoutSackRexmt)
                  80351320    000000c0                         : bind6.oe66 (.text:_Bind6FindByHostInList)
                  803513e0    000000c0                         : bind6.oe66 (.text:_Bind6FindByNetInList)
                  803514a0    000000c0     rts6600_elf_mt.lib : dtor_list.obj (.text:__cxa_finalize)
                  80351560    000000c0                        : divu.obj (.text:__divu)
                  80351620    000000c0                        : remi.obj (.text:__remi)
                  803516e0    000000c0                        : fflush.obj (.text:_doflush)
                  803517a0    000000c0     ti.drv.cppi.ae66 : cppi_listlib.oe66 (.text:cppi_list_remove_node)
                  80351860    000000c0     nettool.ae66 : dhcptags.oe66 (.text:dhcpOptionsClear)
                  80351920    000000c0     os.ae66 : efs.oe66 (.text:efs_fopen)
                  803519e0    000000c0     nettool.ae66 : httpsend.oe66 (.text:httpSendFullResponse)
                  80351aa0    000000c0     os.ae66 : mem.oe66 (.text:mmZeroInit)
                  80351b60    000000c0     rts6600_elf_mt.lib : _mutex.obj (.text:mutex_init)
                  80351c20    000000c0     stk6_ppp_pppoe.ae66 : nimuppp.oe66 (.text:pppAddIP)
                  80351ce0    000000c0     rts6600_elf_mt.lib : _pthread.obj (.text:pthread_mutex_lock)
                  80351da0    000000c0                        : _pthread.obj (.text:pthread_mutex_unlock)
                  80351e60    000000c0                        : _pthread.obj (.text:pthread_once)
                  80351f20    000000c0     sysbios.ae66 : BIOS.obj (.text:ti_sysbios_BIOS_errorRaiseHook__I)
                  80351fe0    000000c0                  : BIOS.obj (.text:ti_sysbios_gates_GateAll_leave__E)
                  803520a0    000000c0                  : BIOS.obj (.text:ti_sysbios_heaps_HeapMem_getStats__E)
                  80352160    000000c0                  : BIOS.obj (.text:ti_sysbios_knl_Clock_logTick__E)
                  80352220    000000c0     Disparity_pe66.oe66 (.text:ti_sysbios_knl_Task_Object__create__S)
                  803522e0    000000c0     sysbios.ae66 : BIOS.obj (.text:ti_sysbios_knl_Task_allBlockedFunction__I)
                  803523a0    000000c0                  : BIOS.obj (.text:ti_sysbios_timers_timer64_Timer_startup__E)
                  80352460    000000c0     ti.targets.rts6000.ae66 : LoggerBuf.oe66 (.text:xdc_runtime_LoggerBuf_Instance_init__F)
                  80352520    000000c0     Disparity_pe66.oe66 (.text:xdc_runtime_LoggerBuf_Object__create__S)
                  803525e0    000000c0     ti.targets.rts6000.ae66 : System.oe66 (.text:xdc_runtime_System_formatNum__I)
                  803526a0    000000c0     Disparity_pe66.oe66 (.text:xdc_runtime_knl_GateThread_Object__create__S)
                  80352760    000000a0     nettool.ae66 : config.oe66 (.text:CfgEntryDeRef)
                  80352800    000000a0                  : config.oe66 (.text:CfgEntryGetData)
                  803528a0    000000a0                  : config.oe66 (.text:CfgGetImmediate)
                  80352940    000000a0                  : telnetd.oe66 (.text:CmdWriteBytes)
                  803529e0    000000a0                  : telnetd.oe66 (.text:CmdWriteCmd)
                  80352a80    000000a0     ti.drv.cppi.ae66 : cppi_drv.oe66 (.text:Cppi_channelEnable)
                  80352b20    000000a0     stk6_ppp_pppoe.ae66 : file.oe66 (.text:FdSignalEvent)
                  80352bc0    000000a0     rts6600_elf_mt.lib : trgdrv.obj (.text:HOSTunlink)
                  80352c60    000000a0     stk6_ppp_pppoe.ae66 : ipfrag.oe66 (.text:IPReasmFree)
                  80352d00    000000a0                         : ipfrag.oe66 (.text:IPReasmTimeout)
                  80352da0    000000a0                         : ipv6.oe66 (.text:IPv6CompareAddress)
                  80352e40    000000a0                         : lliin.oe66 (.text:LLIValidateRoute)
                  80352ee0    000000a0                         : md5.oe66 (.text:MD5Final)
                  80352f80    000000a0                         : nimu.oe66 (.text:NIMUShutdown)
                  80353020    000000a0                         : nimu.oe66 (.text:NIMUUnregister)
                  803530c0    000000a0     nettool.ae66 : ipaddr.oe66 (.text:NtAddNetwork)
                  80353160    000000a0     stk6_ppp_pppoe.ae66 : pbm.oe66 (.text:PBM_open)
                  80353200    000000a0                         : pipe.oe66 (.text:PipeCheck)
                  803532a0    000000a0     ti.drv.qmss.ae66 : qmss_drv.oe66 (.text:Qmss_queueClose)
                  80353340    000000a0                      : qmss_drv.oe66 (.text:Qmss_startCfg)
                  803533e0    000000a0     stk6_ppp_pppoe.ae66 : rtable.oe66 (.text:RouteMsg)
                  80353480    000000a0                         : route.oe66 (.text:RtNew)
                  80353520    000000a0                         : sb6.oe66 (.text:SB6Free)
                  803535c0    000000a0                         : sb.oe66 (.text:SBFree)
                  80353660    000000a0     os.ae66 : semaphore.oe66 (.text:SemCreate)
                  80353700    000000a0     stk6_ppp_pppoe.ae66 : sock6pcb.oe66 (.text:Sock6CleanPcb)
                  803537a0    000000a0                         : sock6.oe66 (.text:Sock6GetName)
                  80353840    000000a0                         : sock.oe66 (.text:SockBind)
                  803538e0    000000a0                         : sockpcb.oe66 (.text:SockCleanPcb)
                  80353980    000000a0                         : sockpcb.oe66 (.text:SockPcbResolveChain)
                  80353a20    000000a0                         : tcp6prot.oe66 (.text:TCP6Drop)
                  80353ac0    000000a0                         : tcp6prot.oe66 (.text:TCP6PrCtlError)
                  80353b60    000000a0                         : tcp6prot.oe66 (.text:TCP6PrSend)
                  80353c00    000000a0                         : tcp6prot.oe66 (.text:TCP6PrSendOOB)
                  80353ca0    000000a0     os.ae66 : task.oe66 (.text:TaskCreate)
                  80353d40    000000a0     stk6_ppp_pppoe.ae66 : tcpprot.oe66 (.text:TcpDrop)
                  80353de0    000000a0                         : tcpprot.oe66 (.text:TcpPrCtlError)
                  80353e80    000000a0                         : tcpprot.oe66 (.text:TcpPrSend)
                  80353f20    000000a0                         : tcpprot.oe66 (.text:TcpPrSendOOB)
                  80353fc0    000000a0                         : timer.oe66 (.text:TimerNew)
                  80354060    000000a0     nettool.ae66 : config.oe66 (.text:_CfgRelease)
                  80354100    000000a0     stk6_ppp_pppoe.ae66 : lli.oe66 (.text:_LLITimeoutFlush)
                  803541a0    000000a0     rts6600_elf_mt.lib : dtor_list.obj (.text:_Z11__TI_atexitPFYvPvES_S_)
                  80354240    000000a0                        : remu.obj (.text:__remu)
                  803542e0    000000a0     boot.ae66 : boot.oe66 (.text:_c_int00)
                  80354380    000000a0     rts6600_elf_mt.lib : fopen.obj (.text:_cleanup)
                  80354420    000000a0                        : _printfi.obj (.text:_ecpy)
                  803544c0    000000a0                        : _printfi.obj (.text:_fcpy)
                  80354560    000000a0                        : _printfi.obj (.text:_pconv_f)
                  80354600    000000a0     stk6_ppp_pppoe.ae66 : auth.oe66 (.text:authStart)
                  803546a0    000000a0     ti.drv.cppi.ae66 : cppi_heap.oe66 (.text:cppi_internal_heap_malloc)
                  80354740    000000a0                      : cppi_listlib.oe66 (.text:cppi_list_cat)
                  803547e0    000000a0     nettool.ae66 : dhcpbild.oe66 (.text:dhcpBuildDecline)
                  80354880    000000a0                  : dhcpsm.oe66 (.text:dhcpIPRemove)
                  80354920    000000a0     os.ae66 : efs.oe66 (.text:efs_filesend)
                  803549c0    000000a0     stk6_ppp_pppoe.ae66 : fileuser.oe66 (.text:fdCloseSession)
                  80354a60    000000a0     rts6600_elf_mt.lib : lowlev.obj (.text:finddevice)
                  80354b00    000000a0     stk6_ppp_pppoe.ae66 : lcp.oe66 (.text:lcpInit)
                  80354ba0    000000a0                         : lcp.oe66 (.text:lcpSendTerm)
                  80354c40    000000a0     hal_timer_bios.ae66 : lltimer.oe66 (.text:llTimerTick)
                  80354ce0    000000a0     rts6600_elf_mt.lib : lowlev.obj (.text:lseek)
                  80354d80    000000a0                        : memcpy64.obj (.text:memcpy)
                  80354e20    000000a0     os.ae66 : mem.oe66 (.text:mmBulkFree)
                  80354ec0    000000a0             : mem.oe66 (.text:mmInitPage)
                  80354f60    000000a0     rts6600_elf_mt.lib : _mutex.obj (.text:mutex_unlock)
                  80355000    000000a0     mathlib.ae66 : sqrtsp.obj (.text:optasm)
                  803550a0    000000a0     ti.drv.pa.ae66 : pa.oe66 (.text:pa_format_fcmd_header)
                  80355140    000000a0                    : pa.oe66 (.text:pa_pdsp_run)
                  803551e0    000000a0     os.ae66 : ossys.oe66 (.text:stricmp)
                  80355280    000000a0     rts6600_elf_mt.lib : strstr.obj (.text:strstr)
                  80355320    000000a0     sysbios.ae66 : BIOS.obj (.text:ti_sysbios_family_c64p_Hwi_eventMap__E)
                  803553c0    000000a0                  : BIOS.obj (.text:ti_sysbios_family_c64p_Hwi_getStackInfo__E)
                  80355460    000000a0                  : BIOS.obj (.text:ti_sysbios_gates_GateSwi_leave__E)
                  80355500    000000a0                  : BIOS.obj (.text:ti_sysbios_heaps_HeapMem_init__I)
                  803555a0    000000a0                  : BIOS.obj (.text:ti_sysbios_knl_Idle_run__E)
                  80355640    000000a0                  : BIOS.obj (.text:ti_sysbios_knl_Semaphore_pendTimeout__I)
                  803556e0    000000a0                  : BIOS.obj (.text:ti_sysbios_knl_Task_deleteTerminatedTasksFunc__I)
                  80355780    000000a0                  : BIOS.obj (.text:ti_sysbios_knl_Task_processVitalTaskFlag__I)
                  80355820    000000a0                  : BIOS.obj (.text:ti_sysbios_timers_timer64_Timer_stop__E)
                  803558c0    000000a0     rts6600_elf_mt.lib : lowlev.obj (.text:write)
                  80355960    000000a0     ti.targets.rts6000.ae66 : Assert.oe66 (.text:xdc_runtime_Assert_raise__I)
                  80355a00    000000a0                             : LoggerBuf.oe66 (.text:xdc_runtime_LoggerBuf_Module_startup__F)
                  80355aa0    000000a0     Disparity_pe66.oe66 (.text:xdc_runtime_LoggerBuf_write8__E)
                  80355b40    000000a0     ti.targets.rts6000.ae66 : Text.oe66 (.text:xdc_runtime_Text_xprintf__I)
                  80355be0    00000080     ti.drv.cppi.ae66 : cppi_drv.oe66 (.text:Cppi_setCpdmaLoopback)
                  80355c60    00000080     stk6_ppp_pppoe.ae66 : md5.oe66 (.text:Decode)
                  80355ce0    00000080     rts6600_elf_mt.lib : trgdrv.obj (.text:HOSTclose)
                  80355d60    00000080     stk6_ppp_pppoe.ae66 : icmp.oe66 (.text:ICMPChecksum)
                  80355de0    00000080                         : icmpv6in.oe66 (.text:ICMPv6RecvParamProblem)
                  80355e60    00000080                         : icmpv6_ndisc.oe66 (.text:ICMPv6RecvRS)
                  80355ee0    00000080                         : icmpv6in.oe66 (.text:ICMPv6RecvTimeExceeded)
                  80355f60    00000080                         : ipv6out.oe66 (.text:IPv6GetRoute)
                  80355fe0    00000080                         : lli6.oe66 (.text:LLI6Free)
                  80356060    00000080                         : lli6.oe66 (.text:LLI6IsRouterStatMachine)
                  803560e0    00000080     netctrl.ae66 : netctrl.oe66 (.text:NC_SystemClose)
                  80356160    00000080     stk6_ppp_pppoe.ae66 : nimu.oe66 (.text:NIMUInit)
                  803561e0    00000080                         : pbm.oe66 (.text:PBMQ_deq)
                  80356260    00000080                         : nimuppp.oe66 (.text:PPPSend)
                  803562e0    00000080     ti.drv.pa.ae66 : painit.oe66 (.text:Pa_getBufferReq)
                  80356360    00000080     stk6_ppp_pppoe.ae66 : pipe.oe66 (.text:PipeClose)
                  803563e0    00000080     ti.drv.qmss.ae66 : qmss_drv.oe66 (.text:Qmss_getMemRegQueueHandle)
                  80356460    00000080                      : qmss_drv.oe66 (.text:Qmss_queueOpen)
                  803564e0    00000080     stk6_ppp_pppoe.ae66 : rawethsock.oe66 (.text:RawEthSockClose)
                  80356560    00000080                         : rawethsock_pcb.oe66 (.text:RawEthSockPcbDetach)
                  803565e0    00000080                         : route6.oe66 (.text:Rt6Update)
                  80356660    00000080                         : route.oe66 (.text:RtSetFailure)
                  803566e0    00000080                         : route.oe66 (.text:RtSetTimeout)
                  80356760    00000080                         : sock6.oe66 (.text:Sock6Bind)
                  803567e0    00000080                         : sock6pcb.oe66 (.text:Sock6PcbCleanup)
                  80356860    00000080                         : sock.oe66 (.text:SockGetName)
                  803568e0    00000080                         : sockpcb.oe66 (.text:SockPcbCleanup)
                  80356960    00000080                         : sockpcb.oe66 (.text:SockPcbDetach)
                  803569e0    00000080                         : tcp6prot.oe66 (.text:TCP6PrListen)
                  80356a60    00000080     os.ae66 : task.oe66 (.text:TaskSetEnv)
                  80356ae0    00000080     stk6_ppp_pppoe.ae66 : tcpprot.oe66 (.text:TcpPrListen)
                  80356b60    00000080                         : timer.oe66 (.text:TimerHSTick)
                  80356be0    00000080                         : timer.oe66 (.text:TimerListRemove)
                  80356c60    00000080     nettool.ae66 : config.oe66 (.text:_CfgAcquire)
                  80356ce0    00000080     stk6_ppp_pppoe.ae66 : lli.oe66 (.text:_LLIExpListRemove)
                  80356d60    00000080                         : rtc.oe66 (.text:_RTCSendRtAdv)
                  80356de0    00000080                         : rtable.oe66 (.text:_RtExpListRemove)
                  80356e60    00000080     rts6600_elf_mt.lib : _mutex.obj (.text:__TI_resource_lock)
                  80356ee0    00000080                        : llshift.obj (.text:__c6xabi_llshl)
                  80356f60    00000080     sysbios.ae66 : c62_TaskSupport_asm.obj (.text:_ti_sysbios_family_c62_TaskSupport_swap__E)
                  80356fe0    00000080     ti.drv.cppi.ae66 : cppi_heap.oe66 (.text:cppi_internal_heap_cache_begin)
                  80357060    00000080                      : cppi_listlib.oe66 (.text:cppi_list_remove)
                  803570e0    00000080     nettool.ae66 : dhcpsock.oe66 (.text:dhcpSocketClose)
                  80357160    00000080     os.ae66 : efs.oe66 (.text:efs_fclose)
                  803571e0    00000080             : efs.oe66 (.text:efs_findfile)
                  80357260    00000080     stk6_ppp_pppoe.ae66 : file.oe66 (.text:fdint_waitevent)
                  803572e0    00000080     nettool.ae66 : httpsend.oe66 (.text:httpSendEntityLength)
                  80357360    00000080                  : httpsend.oe66 (.text:httpSendErrorResponse)
                  803573e0    00000080     hal_timer_bios.ae66 : lltimer.oe66 (.text:llTimerGetTime)
                  80357460    00000080     Disparity_pe66.oe66 (.text:malloc)
                  803574e0    00000080     rts6600_elf_mt.lib : _mutex.obj (.text:mutex_lock)
                  80357560    00000080     ti.drv.pa.ae66 : pa.oe66 (.text:pa_uint8_match)
                  803575e0    00000080     rts6600_elf_mt.lib : _pthread.obj (.text:pthread_mutex_init)
                  80357660    00000080                        : trgmsg.obj (.text:readmsg)
                  803576e0    00000080     nettool.ae66 : httpsend.oe66 (.text:strcat)
                  80357760    00000080     rts6600_elf_mt.lib : strncpy.obj (.text:strncpy)
                  803577e0    00000080     ti.drv.pa.ae66 : pa.oe66 (.text:swizFcmd)
                  80357860    00000080     ti.platform.evm6678l.ae66 : evm66x_i2c.obj (.text)
                  803578e0    00000080     Disparity_pe66.oe66 (.text:ti_sdo_utils_List_Object__create__S)
                  80357960    00000080     sysbios.ae66 : BIOS.obj (.text:ti_sysbios_BIOS_registerRTSLock__I)
                  803579e0    00000080     Disparity_pe66.oe66 (.text:ti_sysbios_gates_GateAll_Object__create__S)
                  80357a60    00000080     Disparity_pe66.oe66 (.text:ti_sysbios_gates_GateHwi_Object__create__S)
                  80357ae0    00000080     Disparity_pe66.oe66 (.text:ti_sysbios_gates_GateMutexPri_Object__create__S)
                  80357b60    00000080     Disparity_pe66.oe66 (.text:ti_sysbios_gates_GateMutex_Object__create__S)
                  80357be0    00000080     Disparity_pe66.oe66 (.text:ti_sysbios_gates_GateSwi_Object__create__S)
                  80357c60    00000080     sysbios.ae66 : BIOS.obj (.text:ti_sysbios_hal_Hwi_checkStack:ti_sysbios_hal_Hwi_checkStack)
                  80357ce0    00000080                  : BIOS.obj (.text:ti_sysbios_hal_Hwi_initStack:ti_sysbios_hal_Hwi_initStack)
                  80357d60    00000080     Disparity_pe66.oe66 (.text:ti_sysbios_heaps_HeapMem_Object__create__S)
                  80357de0    00000080     sysbios.ae66 : BIOS.obj (.text:ti_sysbios_knl_Clock_Module_startup__F)
                  80357e60    00000080     Disparity_pe66.oe66 (.text:ti_sysbios_knl_Clock_Object__create__S)
                  80357ee0    00000080     sysbios.ae66 : BIOS.obj (.text:ti_sysbios_knl_Clock_getTicks__E)
                  80357f60    00000080     Disparity_pe66.oe66 (.text:ti_sysbios_knl_Queue_Object__create__S)
                  80357fe0    00000080     Disparity_pe66.oe66 (.text:ti_sysbios_knl_Semaphore_Object__create__S)
                  80358060    00000080     sysbios.ae66 : BIOS.obj (.text:ti_sysbios_knl_Swi_startup__E)
                  803580e0    00000080                  : BIOS.obj (.text:ti_sysbios_knl_Task_restore__E)
                  80358160    00000080                  : BIOS.obj (.text:ti_sysbios_timers_timer64_Timer_getCount__E)
                  803581e0    00000080                  : BIOS.obj (.text:ti_sysbios_timers_timer64_Timer_getPeriod__E)
                  80358260    00000080     Disparity_pe66.oe66 (.text:ti_sysbios_xdcruntime_GateThreadSupport_Object__create__S)
                  803582e0    00000080     rts6600_elf_mt.lib : trgmsg.obj (.text:writemsg)
                  80358360    00000080     ti.targets.rts6000.ae66 : Core-label.oe66 (.text:xdc_runtime_Core_assignLabel__I)
                  803583e0    00000080                             : Core-params.oe66 (.text:xdc_runtime_Core_assignParams__I)
                  80358460    00000080                             : LoggerBuf.oe66 (.text:xdc_runtime_LoggerBuf_filterOutEvent__I)
                  803584e0    00000080                             : System.oe66 (.text:xdc_runtime_System_atexit__F)
                  80358560    00000080                             : System.oe66 (.text:xdc_runtime_System_putchar__I)
                  803585e0    00000080                             : System.oe66 (.text:xdc_runtime_System_rtsExit__I)
                  80358660    00000080                             : Text.oe66 (.text:xdc_runtime_Text_printVisFxn__I)
                  803586e0    00000060     stk6_ppp_pppoe.ae66 : bind6.oe66 (.text:Bind6FindByIF)
                  80358740    00000060                         : bind6.oe66 (.text:Bind6IF2IPHost)
                  803587a0    00000060                         : bind.oe66 (.text:BindFindByHost)
                  80358800    00000060                         : bind.oe66 (.text:BindFindByIF)
                  80358860    00000060                         : bind.oe66 (.text:BindFindByNet)
                  803588c0    00000060                         : bind.oe66 (.text:BindGetIFByDBCast)
                  80358920    00000060                         : bind.oe66 (.text:BindIF2IPHost)
                  80358980    00000060     nettool.ae66 : config.oe66 (.text:CfgEntryInfo)
                  803589e0    00000060                  : config.oe66 (.text:CfgSetService)
                  80358a40    00000060     stk6_ppp_pppoe.ae66 : md5.oe66 (.text:Encode)
                  80358aa0    00000060                         : exec.oe66 (.text:ExecBroadcast)
                  80358b00    00000060                         : igmp.oe66 (.text:IGMPTestGroup)
                  80358b60    00000060                         : ip.oe66 (.text:IPChecksum)
                  80358bc0    00000060                         : lli.oe66 (.text:LLIFree)
                  80358c20    00000060                         : nimu.oe66 (.text:NIMUAddHeader)
                  80358c80    00000060                         : nimu.oe66 (.text:NIMUCreatePacket)
                  80358ce0    00000060                         : nimu.oe66 (.text:NIMUFindByIndex)
                  80358d40    00000060                         : nimu.oe66 (.text:NIMUPacketService)
                  80358da0    00000060                         : nimu.oe66 (.text:NIMUPacketServiceCheck)
                  80358e00    00000060                         : nimu.oe66 (.text:NIMUSendPacket)
                  80358e60    00000060     netctrl.ae66 : netsrv.oe66 (.text:NS_PreBoot)
                  80358ec0    00000060     stk6_ppp_pppoe.ae66 : nimuppp.oe66 (.text:PPPStart)
                  80358f20    00000060                         : rtc.oe66 (.text:RTCAddHook)
                  80358f80    00000060                         : rtc.oe66 (.text:RTCRemoveHook)
                  80358fe0    00000060                         : rawethsock_pcb.oe66 (.text:RawEthSockPcbCleanup)
                  80359040    00000060                         : rawethsock_pcb.oe66 (.text:RawEthSockPcbFind)
                  803590a0    00000060                         : route6.oe66 (.text:Rt6GetNetworkAddr)
                  80359100    00000060                         : rtable.oe66 (.text:RtWalkEnd)
                  80359160    00000060     netctrl.ae66 : netsrv.oe66 (.text:ServiceCallback)
                  803591c0    00000060     stk6_ppp_pppoe.ae66 : sock6pcb.oe66 (.text:Sock6PcbDetach)
                  80359220    00000060                         : sock6prot.oe66 (.text:Sock6PrCtlError)
                  80359280    00000060                         : sock6prot.oe66 (.text:Sock6PrDetach)
                  803592e0    00000060                         : sockprot.oe66 (.text:SockPrCtlError)
                  80359340    00000060                         : sockprot.oe66 (.text:SockPrDetach)
                  803593a0    00000060                         : tcp6prot.oe66 (.text:TCP6PrConnect)
                  80359400    00000060                         : tcp6time.oe66 (.text:TCP6SetPersist)
                  80359460    00000060                         : tcp6time.oe66 (.text:TCP6TimeoutPersist)
                  803594c0    00000060                         : tcpprot.oe66 (.text:TcpPrConnect)
                  80359520    00000060                         : tcptime.oe66 (.text:TcpSetPersist)
                  80359580    00000060                         : tcptime.oe66 (.text:TcpTimeoutPersist)
                  803595e0    00000060                         : vlan.oe66 (.text:VLANFindNode)
                  80359640    00000060                         : vlan.oe66 (.text:VLANFindSourceInterface)
                  803596a0    00000060                         : vlan.oe66 (.text:VLANInit)
                  80359700    00000060     nettool.ae66 : config.oe66 (.text:_CfgEntryProcess)
                  80359760    00000060     rts6600_elf_mt.lib : frcmpyd_div.obj (.text:__c6xabi_frcmpyd_div)
                  803597c0    00000060                        : llshift.obj (.text:__c6xabi_llshru)
                  80359820    00000060                        : imath64.obj (.text:_subcull)
                  80359880    00000060     ti.drv.cppi.ae66 : cppi_listlib.oe66 (.text:cppi_list_add)
[...]
803b93ec   ti_sdo_utils_MultiProc_Module__diagsIncluded__C
803b93f0   ti_sdo_utils_MultiProc_Module__diagsMask__C
803b93f4   ti_sdo_utils_NameServer_Instance_State_freeList__O
803b93f8   ti_sdo_utils_NameServer_Object__count__C
803b93fc   ti_sdo_utils_NameServer_Object__table__C
803b9400   ti_sysbios_BIOS_Module__diagsEnabled__C
803b9404   ti_sysbios_BIOS_Module__diagsIncluded__C
803b9408   ti_sysbios_BIOS_Module__diagsMask__C
803b940c   ti_sysbios_BIOS_installedErrorHook__C
803b9410   ti_sysbios_family_c62_TaskSupport_stackAlignment__C
803b9414   ti_sysbios_family_c64p_EventCombiner_E_unpluggedEvent__C
803b9418   ti_sysbios_family_c64p_Exception_E_exceptionMax__C
803b941c   ti_sysbios_family_c64p_Exception_E_exceptionMin__C
803b9420   ti_sysbios_family_c64p_Exception_exceptionHook__C
803b9424   ti_sysbios_family_c64p_Exception_externalHook__C
803b9428   ti_sysbios_family_c64p_Exception_internalHook__C
803b942c   ti_sysbios_family_c64p_Exception_nmiHook__C
803b9430   ti_sysbios_family_c64p_Hwi_LD_end__C
803b9434   ti_sysbios_family_c64p_Hwi_LM_begin__C
803b9438   ti_sysbios_family_c64p_Hwi_Module__diagsEnabled__C
803b943c   ti_sysbios_family_c64p_Hwi_Module__diagsIncluded__C
803b9440   ti_sysbios_family_c64p_Hwi_Module__diagsMask__C
803b9444   ti_sysbios_family_c64p_Hwi_Module__loggerFxn1__C
803b9448   ti_sysbios_family_c64p_Hwi_Module__loggerFxn8__C
803b944c   ti_sysbios_family_c64p_Hwi_Module__loggerObj__C
803b9450   ti_sysbios_family_c66_Cache_atomicBlockSize__C
803b9454   ti_sysbios_gates_GateMutexPri_A_badContext__C
803b9458   ti_sysbios_gates_GateMutexPri_A_enterTaskDisabled__C
803b945c   ti_sysbios_gates_GateMutexPri_Instance_State_pendQ__O
803b9460   ti_sysbios_gates_GateMutexPri_Module__diagsEnabled__C
803b9464   ti_sysbios_gates_GateMutexPri_Module__diagsIncluded__C
803b9468   ti_sysbios_gates_GateMutexPri_Module__diagsMask__C
803b946c   ti_sysbios_gates_GateMutex_A_badContext__C
803b9470   ti_sysbios_gates_GateMutex_Instance_State_sem__O
803b9474   ti_sysbios_gates_GateMutex_Module__diagsEnabled__C
803b9478   ti_sysbios_gates_GateMutex_Module__diagsIncluded__C
803b947c   ti_sysbios_gates_GateMutex_Module__diagsMask__C
803b9480   ti_sysbios_gates_GateSwi_A_badContext__C
803b9484   ti_sysbios_gates_GateSwi_Module__diagsEnabled__C
803b9488   ti_sysbios_gates_GateSwi_Module__diagsIncluded__C
803b948c   ti_sysbios_gates_GateSwi_Module__diagsMask__C
803b9490   ti_sysbios_hal_Hwi_E_stackOverflow__C
803b9494   ti_sysbios_heaps_HeapBuf_Instance_State_freeList__O
803b9498   ti_sysbios_heaps_HeapBuf_Object__count__C
803b949c   ti_sysbios_heaps_HeapBuf_Object__table__C
803b94a0   ti_sysbios_heaps_HeapBuf_numConstructedHeaps__C
803b94a4   ti_sysbios_heaps_HeapMem_A_align__C
803b94a8   ti_sysbios_heaps_HeapMem_A_heapSize__C
803b94ac   ti_sysbios_heaps_HeapMem_A_invalidFree__C
803b94b0   ti_sysbios_heaps_HeapMem_A_zeroBlock__C
803b94b4   ti_sysbios_heaps_HeapMem_E_memory__C
803b94b8   ti_sysbios_heaps_HeapMem_Module__diagsEnabled__C
803b94bc   ti_sysbios_heaps_HeapMem_Module__diagsIncluded__C
803b94c0   ti_sysbios_heaps_HeapMem_Module__diagsMask__C
803b94c4   ti_sysbios_heaps_HeapMem_Module__gateObj__C
803b94c8   ti_sysbios_heaps_HeapMem_Object__count__C
803b94cc   ti_sysbios_heaps_HeapMem_Object__table__C
803b94d0   ti_sysbios_heaps_HeapMem_reqAlign__C
803b94d4   ti_sysbios_knl_Clock_A_badThreadType__C
803b94d8   ti_sysbios_knl_Clock_LM_begin__C
803b94dc   ti_sysbios_knl_Clock_LM_tick__C
803b94e0   ti_sysbios_knl_Clock_LW_delayed__C
803b94e4   ti_sysbios_knl_Clock_Module_State_clockQ__O
803b94e8   ti_sysbios_knl_Clock_Module__diagsEnabled__C
803b94ec   ti_sysbios_knl_Clock_Module__diagsIncluded__C
803b94f0   ti_sysbios_knl_Clock_Module__diagsMask__C
803b94f4   ti_sysbios_knl_Clock_Module__loggerFxn1__C
803b94f8   ti_sysbios_knl_Clock_Module__loggerFxn2__C
803b94fc   ti_sysbios_knl_Clock_Module__loggerObj__C
803b9500   ti_sysbios_knl_Clock_tickMode__C
803b9504   ti_sysbios_knl_Clock_tickSource__C
803b9508   ti_sysbios_knl_Queue_Object__count__C
803b950c   ti_sysbios_knl_Queue_Object__table__C
803b9510   ti_sysbios_knl_Semaphore_A_badContext__C
803b9514   ti_sysbios_knl_Semaphore_A_noEvents__C
803b9518   ti_sysbios_knl_Semaphore_A_overflow__C
803b951c   ti_sysbios_knl_Semaphore_A_pendTaskDisabled__C
803b9520   ti_sysbios_knl_Semaphore_Instance_State_pendQ__O
803b9524   ti_sysbios_knl_Semaphore_LM_pend__C
803b9528   ti_sysbios_knl_Semaphore_LM_post__C
803b952c   ti_sysbios_knl_Semaphore_Module__diagsEnabled__C
803b9530   ti_sysbios_knl_Semaphore_Module__diagsIncluded__C
803b9534   ti_sysbios_knl_Semaphore_Module__diagsMask__C
803b9538   ti_sysbios_knl_Semaphore_Module__loggerFxn2__C
803b953c   ti_sysbios_knl_Semaphore_Module__loggerFxn4__C
803b9540   ti_sysbios_knl_Semaphore_Module__loggerObj__C
803b9544   ti_sysbios_knl_Swi_LD_end__C
803b9548   ti_sysbios_knl_Swi_LM_begin__C
803b954c   ti_sysbios_knl_Swi_LM_post__C
803b9550   ti_sysbios_knl_Swi_Module__diagsEnabled__C
803b9554   ti_sysbios_knl_Swi_Module__diagsIncluded__C
803b9558   ti_sysbios_knl_Swi_Module__diagsMask__C
803b955c   ti_sysbios_knl_Swi_Module__loggerFxn1__C
803b9560   ti_sysbios_knl_Swi_Module__loggerFxn4__C
803b9564   ti_sysbios_knl_Swi_Module__loggerObj__C
803b9568   ti_sysbios_knl_Swi_Object__count__C
803b956c   ti_sysbios_knl_Swi_Object__table__C
803b9570   ti_sysbios_knl_Task_A_badPriority__C
803b9574   ti_sysbios_knl_Task_A_badTaskState__C
803b9578   ti_sysbios_knl_Task_A_badThreadType__C
803b957c   ti_sysbios_knl_Task_A_badTimeout__C
803b9580   ti_sysbios_knl_Task_A_noPendElem__C
803b9584   ti_sysbios_knl_Task_A_sleepTaskDisabled__C
803b9588   ti_sysbios_knl_Task_E_deleteNotAllowed__C
803b958c   ti_sysbios_knl_Task_E_spOutOfBounds__C
803b9590   ti_sysbios_knl_Task_E_stackOverflow__C
803b9594   ti_sysbios_knl_Task_LD_block__C
803b9598   ti_sysbios_knl_Task_LD_exit__C
803b959c   ti_sysbios_knl_Task_LD_ready__C
803b95a0   ti_sysbios_knl_Task_LM_setPri__C
803b95a4   ti_sysbios_knl_Task_LM_sleep__C
803b95a8   ti_sysbios_knl_Task_LM_switch__C
803b95ac   ti_sysbios_knl_Task_Module_State_inactiveQ__O
803b95b0   ti_sysbios_knl_Task_Module_State_terminatedQ__O
803b95b4   ti_sysbios_knl_Task_Module__diagsEnabled__C
803b95b8   ti_sysbios_knl_Task_Module__diagsIncluded__C
803b95bc   ti_sysbios_knl_Task_Module__diagsMask__C
803b95c0   ti_sysbios_knl_Task_Module__loggerFxn2__C
803b95c4   ti_sysbios_knl_Task_Module__loggerFxn4__C
803b95c8   ti_sysbios_knl_Task_Module__loggerObj__C
803b95cc   ti_sysbios_knl_Task_Object__count__C
803b95d0   ti_sysbios_knl_Task_Object__heap__C
803b95d4   ti_sysbios_knl_Task_Object__table__C
803b95d8   ti_sysbios_knl_Task_allBlockedFunc__C
803b95dc   ti_sysbios_knl_Task_defaultStackHeap__C
803b95e0   ti_sysbios_knl_Task_defaultStackSize__C
803b95e4   ti_sysbios_knl_Task_numConstructedTasks__C
803b95e8   ti_sysbios_knl_Task_numPriorities__C
803b95ec   ti_sysbios_timers_timer64_Timer_A_notAvailable__C
803b95f0   ti_sysbios_timers_timer64_Timer_E_cannotSupport__C
803b95f4   ti_sysbios_timers_timer64_Timer_Module__diagsEnabled__C
803b95f8   ti_sysbios_timers_timer64_Timer_Module__diagsIncluded__C
803b95fc   ti_sysbios_timers_timer64_Timer_Module__diagsMask__C
803b9600   ti_sysbios_timers_timer64_Timer_anyMask__C
803b9604   ti_sysbios_timers_timer64_Timer_freqDivisor__C
803b9608   ti_sysbios_timers_timer64_Timer_numLocalTimers__C
803b960c   ti_sysbios_timers_timer64_Timer_numTimerDevices__C
803b9610   ti_sysbios_xdcruntime_GateThreadSupport_Instance_State_gate__O
803b9614   xdc_runtime_Assert_E_assertFailed__C
803b9618   xdc_runtime_Core_A_initializedParams__C
803b961c   xdc_runtime_Core_Module__diagsEnabled__C
803b9620   xdc_runtime_Core_Module__diagsIncluded__C
803b9624   xdc_runtime_Core_Module__diagsMask__C
803b9628   xdc_runtime_Error_E_memory__C
803b962c   xdc_runtime_Error_Module__diagsEnabled__C
803b9630   xdc_runtime_Error_Module__diagsIncluded__C
803b9634   xdc_runtime_Error_Module__diagsMask__C
803b9638   xdc_runtime_Error_Module__loggerFxn8__C
803b963c   xdc_runtime_Error_Module__loggerObj__C
803b9640   xdc_runtime_Error_policy__C
803b9644   xdc_runtime_Error_raiseHook__C
803b9648   xdc_runtime_IFilterLogger_Interface__BASE__C
803b964c   xdc_runtime_IGateProvider_Interface__BASE__C
803b9650   xdc_runtime_IHeap_Interface__BASE__C
803b9654   xdc_runtime_ILogger_Interface__BASE__C
803b9658   xdc_runtime_IModule_Interface__BASE__C
803b965c   xdc_runtime_Log_L_error__C
803b9660   xdc_runtime_LoggerBuf_E_badLevel__C
803b9664   xdc_runtime_LoggerBuf_Module__gateObj__C
803b9668   xdc_runtime_LoggerBuf_Object__count__C
803b966c   xdc_runtime_LoggerBuf_Object__table__C
803b9670   xdc_runtime_LoggerBuf_statusLogger__C
803b9674   xdc_runtime_Memory_defaultHeapInstance__C
803b9678   xdc_runtime_Startup_execImpl__C
803b967c   xdc_runtime_Startup_maxPasses__C
803b9680   xdc_runtime_Startup_sfxnRts__C
803b9684   xdc_runtime_Startup_sfxnTab__C
803b9688   xdc_runtime_Startup_startModsFxn__C
803b968c   xdc_runtime_System_Module__gateObj__C
803b9690   xdc_runtime_System_extendFxn__C
803b9694   xdc_runtime_System_maxAtexitHandlers__C
803b9698   xdc_runtime_Text_charTab__C
803b969c   xdc_runtime_Text_nameEmpty__C
803b96a0   xdc_runtime_Text_nameStatic__C
803b96a4   xdc_runtime_Text_nameUnknown__C
803b96a8   xdc_runtime_Text_nodeTab__C
803b96ac   xdc_runtime_Text_visitRopeFxn__C
803b96b0   ti_sysbios_family_c64p_Hwi_Module__id__C
803b96b2   ti_sysbios_family_c64p_Hwi_Module__loggerDefined__C
803b96b4   ti_sysbios_gates_GateMutexPri_Module__id__C
803b96b6   ti_sysbios_gates_GateMutex_Module__id__C
803b96b8   ti_sysbios_gates_GateSwi_Module__id__C
803b96ba   ti_sysbios_hal_Hwi_Module__id__C
803b96bc   ti_sysbios_heaps_HeapMem_Module__id__C
803b96be   ti_sysbios_knl_Clock_Module__id__C
803b96c0   ti_sysbios_knl_Clock_Module__loggerDefined__C
803b96c2   ti_sysbios_knl_Semaphore_Module__id__C
803b96c4   ti_sysbios_knl_Semaphore_Module__loggerDefined__C
803b96c6   ti_sysbios_knl_Swi_Module__id__C
803b96c8   ti_sysbios_knl_Swi_Module__loggerDefined__C
803b96ca   ti_sysbios_knl_Task_Module__id__C
803b96cc   ti_sysbios_knl_Task_Module__loggerDefined__C
803b96ce   ti_sysbios_knl_Task_deleteTerminatedTasks__C
803b96d0   ti_sysbios_knl_Task_initStackFlag__C
803b96d2   ti_sysbios_timers_timer64_Timer_Module__id__C
803b96d4   ti_sysbios_timers_timer64_Timer_startupNeeded__C
803b96d6   xdc_runtime_Core_Module__id__C
803b96d8   xdc_runtime_Error_Module__loggerDefined__C
803b96da   xdc_runtime_Error_maxDepth__C
803b96dc   xdc_runtime_LoggerBuf_Module__id__C
803b96de   xdc_runtime_LoggerBuf_filterByLevel__C
803b96e0   xdc_runtime_Memory_Module__id__C
803b96e2   xdc_runtime_Text_charCnt__C
803b96e4   xdc_runtime_Text_isLoaded__C
803b96e6   xdc_runtime_Text_registryModsLastId__C
803b96e8   xdc_runtime_Text_unnamedModsLastId__C
803b96f0   Qmss_lowEoiVector
803b9700   queueFree
803bb700   qmssGObj
803bbb00   ti_sdo_ipc_GateMP_Module_State_0_remoteCustom1Gates__A
803bc300   ti_sdo_ipc_GateMP_Module__root__V
803bc308   ti_sdo_ipc_GateMP_Module__state__V
803bc350   ti_sdo_ipc_Ipc_Module__state__V
803bc35c   ti_sdo_ipc_ListMP_Module__root__V
803bc364   ti_sdo_ipc_ListMP_Module__state__V
803bc368   ti_sdo_ipc_MessageQ_Module__root__V
803bc370   ti_sdo_ipc_MessageQ_Module__state__V
803bc38c   ti_sdo_ipc_Notify_Module__root__V
803bc394   ti_sdo_ipc_Notify_Module__state__V
803bc39c   ti_sdo_ipc_SharedRegion_Module__state__V
803bc3a0   ti_sdo_ipc_family_c647x_Interrupt_Module__state__V
803bc3a8   ti_sdo_ipc_gates_GateHWSem_Module__root__V
803bc3b0   ti_sdo_ipc_gates_GateMPSupportNull_Module__root__V
803bc3b8   ti_sdo_ipc_gates_GatePeterson_Module__root__V
803bc3c0   ti_sdo_ipc_heaps_HeapMemMP_Module__root__V
803bc3c8   ti_sdo_ipc_heaps_HeapMemMP_Module__state__V
803bc3cc   ti_sdo_ipc_notifyDrivers_NotifyDriverShm_Module__root__V
803bc3d4   ti_sdo_ipc_nsremote_NameServerRemoteNotify_Module__root__V
803bc3dc   ti_sdo_ipc_transports_TransportShm_Module__root__V
803bc3e4   ti_sdo_ipc_transports_TransportShmSetup_Module__state__V
803bc3e8   ti_sdo_utils_List_Module__root__V
803bc3f0   ti_sdo_utils_MultiProc_Module__state__V
803bc3f4   ti_sdo_utils_NameServer_Module__root__V
803bc3fc   ti_sdo_utils_NameServer_Module__state__V
803bc404   ti_sdo_utils_NameServerRemoteNull_Module__root__V
803bc40c   ti_sysbios_BIOS_Module__state__V
803bc42c   ti_sysbios_family_c64p_EventCombiner_Module__state__V
803bc82c   ti_sysbios_family_c64p_Exception_Module__state__V
803bc85c   ti_sysbios_family_c64p_Hwi_Module__root__V
803bc864   ti_sysbios_family_c64p_Hwi_Module__state__V
803bc8cc   ti_sysbios_gates_GateAll_Module__root__V
803bc8d4   ti_sysbios_gates_GateHwi_Module__root__V
803bc8dc   ti_sysbios_gates_GateMutex_Module__root__V
803bc8e4   ti_sysbios_gates_GateMutexPri_Module__root__V
803bc8ec   ti_sysbios_gates_GateSwi_Module__root__V
803bc8f4   ti_sysbios_hal_Hwi_Module__root__V
803bc8fc   ti_sysbios_hal_Timer_Module__root__V
803bc904   ti_sysbios_heaps_HeapBuf_Module__root__V
803bc90c   ti_sysbios_heaps_HeapBuf_Module__state__V
803bc910   ti_sysbios_heaps_HeapMem_Module__root__V
803bc918   ti_sysbios_knl_Clock_Module__root__V
803bc920   ti_sysbios_knl_Clock_Module__state__V
803bc948   ti_sysbios_knl_Queue_Module__root__V
803bc950   ti_sysbios_knl_Semaphore_Module__root__V
803bc958   ti_sysbios_knl_Swi_Module__root__V
803bc960   ti_sysbios_knl_Swi_Module__state__V
803bc97c   ti_sysbios_knl_Task_Module__root__V
803bc984   ti_sysbios_knl_Task_Module__state__V
803bc9c8   ti_sysbios_syncs_SyncSem_Module__root__V
803bc9d0   ti_sysbios_timers_timer64_Timer_Module__root__V
803bc9d8   ti_sysbios_timers_timer64_Timer_Module__state__V
803bc9ec   ti_sysbios_xdcruntime_GateThreadSupport_Module__root__V
803bc9f4   xdc_runtime_Error_Module__state__V
803bc9f8   xdc_runtime_GateNull_Module__root__V
803bca00   xdc_runtime_LoggerBuf_Module__root__V
803bca08   xdc_runtime_LoggerBuf_Module__state__V
803bca10   xdc_runtime_Memory_Module__state__V
803bca14   xdc_runtime_Registry_Module__state__V
803bca1c   xdc_runtime_Startup_Module__state__V
803bca24   xdc_runtime_System_Module__state__V
803bca30   xdc_runtime_Text_Module__state__V
803bca38   xdc_runtime_knl_GateThread_Module__root__V
803bca40   __xdc__init__addr
803bca44   _ft_end
803bca48   _ftable
803bcc28   ti_sysbios_timers_timer64_Timer_Module_State_0_device__A
803bcda8   qmssGblCfgParams
803bcec8   ti_sysbios_knl_Task_Object__table__V
803bcf68   TSK_idle
803bcfb8   ti_sdo_utils_NameServer_Object__table__V
803bd098   _ipcfg
803bd1f0   ti_sdo_ipc_SharedRegion_Module_State_0_regions__A
803bd280   ti_sdo_ipc_GateMP_Module_State_0_remoteSystemGates__A
803bd300   ti_sysbios_knl_Swi_Module_State_0_readyQ__A
803bd380   ti_sysbios_knl_Task_Module_State_0_readyQ__A
803bd400   ti_sysbios_timers_timer64_Timer_Module_State_0_gctrl__A
803bd480   ti_sysbios_timers_timer64_Timer_Module_State_0_handles__A
803bd500   ti_sysbios_timers_timer64_Timer_Module_State_0_intFreqs__A
803bd5f8   cppiGblCfgParams
803bd670   ti_sysbios_family_c64p_Hwi_Object__table__V
803bd6e8   NIMUDeviceTable
803bd790   ti_sysbios_timers_timer64_Timer_Object__table__V
803bd7dc   cppiLObj
803bd8e0   ti_sysbios_gates_GateMutex_Object__table__V
803bd994   paLObj
803bd998   ti_sysbios_knl_Swi_Object__table__V
803bd9c8   ti_sdo_ipc_Ipc_Module_State_0_procEntry__A
803bd9f0   _oscfg
803bda18   xdc_runtime_LoggerBuf_Object__table__V
803bda40   Qmss_highEoiVector
803bda60   pstrMsgName
803bda80   ti_sdo_ipc_MessageQ_Module_State_0_heaps__A
803bdaa0   xdc_runtime_System_Module_State_0_atexitHandlers__A
803bdaf0   ti_sysbios_gates_GateMutexPri_Object__table__V
803bdb08   ti_sysbios_heaps_HeapMem_Object__table__V
803bdb64   _lock
803bdb68   _unlock
803bdb84   _delete_mutexes_ptr
803bdb88   _cleanup_ptr
803bdb8c   _dtors_ptr
803bdb90   __TI_enable_exit_profile_output
803bdb98   ti_sdo_ipc_MessageQ_Module_State_0_transports__A
803bdba8   ti_sdo_ipc_family_c647x_Interrupt_Module_State_0_fxnTable__A
803bdbb8   ti_sysbios_gates_GateAll_Object__table__V
803bdbc8   ti_sysbios_gates_GateSwi_Object__table__V
803bdc00   ti_sdo_ipc_Notify_Module_State_0_notifyHandles__A
803bdc08   ti_sdo_ipc_transports_TransportShmSetup_Module_State_0_handles__A
803bdc10   ti_sysbios_hal_Hwi_Object__table__V
803bdc18   ti_sysbios_hal_Timer_Object__table__V
803bdc28   ti_sdo_ipc_GateMP_Module_State_0_remoteCustom2Gates__A
803bdc38   ti_sdo_ipc_Notify_Module_State_0_notifyHandles_0__A
803bdc40   ti_sdo_ipc_Notify_Module_State_0_notifyHandles_1__A
803bdc48   ti_sysbios_gates_GateHwi_Object__table__V
803bdc50   ti_sysbios_knl_Task_Module_State_0_idleTask__A
803bdc58   xdc_runtime_GateNull_Object__table__V
803bdc60   Qmss_cdmaEoiVector
803bdcc0   gDeviceNandBBlist
803beeec   gDeviceNand
803bef24   gDeviceNor
803bef5c   gDeviceEeprom0
803bef94   gDeviceEeprom1
803befd0   emac_port_mode
803bf394   __TI_STATIC_BASE
803bf3ac   _IGMPInDiscard
803bf3b0   _IGMPInQuery
803bf3b4   _IGMPInQueryGroup
803bf3b8   _IGMPInResponse
803bf3bc   _IGMPOutResponse
803bf3c0   gTxCmdReturnQHnd
803bf3c4   gTxCmdFreeQHnd
803bf3c8   ethSemHandle
803bf400   CONTENT_TYPE_APPLET
803bf404   CONTENT_TYPE_AU
803bf408   CONTENT_TYPE_CSS
803bf40c   CONTENT_TYPE_DOC
803bf410   CONTENT_TYPE_GIF
803bf414   CONTENT_TYPE_HTML
803bf418   CONTENT_TYPE_JPG
803bf41c   CONTENT_TYPE_MPEG
803bf420   CONTENT_TYPE_PDF
803bf424   CONTENT_TYPE_WAV
803bf428   CONTENT_TYPE_ZIP
803bf42c   CONTENT_TYPE
803bf430   CONTENT_LENGTH
803bf434   CRLF
803bf438   DEFAULT_NAME
803bf43c   HTTP_VER
803bf440   SPACE
803bf444   PITCount
803bf448   PITUsed
803bf44c   PITHigh
803bf468   VerStr
803bf46c   HostName
803bf470   LocalIPAddr
803bf474   LocalIPMask
803bf478   GatewayIP
803bf47c   DomainName
803bf480   DNSServer
803bf4f4   _IGMPForceVersion1
803bf508   DebugLogSize
803bf50c   DebugCritError
803bf518   _ICMPInErrors
803bf51c   _ICMPOutErrors
803bf520   _IPExecuting
803bf530   gFragQList
803bf550   tcp_iss
803bf554   ptTimeFirst
803bf558   pt6TimeFirst
803bf55c   tcp6_iss
803bf568   platform_errno
803bf56c   platform_init_return_code
803bf570   g_transmissionError
803bf580   httpErrorResponseHook
803bf58c   _IPReasmPtr
803bf594   gMLDNodeList
803bf5ac   qmssLObjIsValid
803bf5b0   IPV6_MAX_MULTICAST_SOLICIT
803bf5b4   IPV6_MAX_UNICAST_SOLICIT
803bf5b8   IPV6_RETRANS_TIME
803bf5bc   IPV6_DELAY_FIRST_PROBE_TIME
803bf5c0   IPV6_REACHABLE_TIME
803bf5c4   IPV6_MAX_RTR_SOLICITATION_DELAY
803bf5c8   IPV6_RTR_SOLICITATION_INTERVAL
803bf5cc   IPV6_MAX_RTR_SOLICITATIONS
803bf5d0   INFINITE_LT
803bf5d4   ti_ndk_config_Global_rawPageSize
803bf5d8   ti_ndk_config_Global_rawPageCount
803bf5dc   ti_ndk_config_Global_smallest
803bf5e0   ti_ndk_config_Global_largest
803bf5e4   ti_ndk_config_Global_numFrameBuf
803bf5e8   ti_ndk_config_Global_sizeFrameBuf
803bf5f8   __TI_TLS_INIT_Base
803bf600   __TI_TLS_INIT_Limit
803bf600   cppiObject
803bf800   ti_sysbios_family_c64p_Hwi0
803bf800   ti_sysbios_family_c64p_Hwi_int0
803bf820   ti_sysbios_family_c64p_Hwi_int1
803bf840   ti_sysbios_family_c64p_Hwi_int2
803bf860   ti_sysbios_family_c64p_Hwi_int3
803bf880   ti_sysbios_family_c64p_Hwi_int4
803bf8a0   ti_sysbios_family_c64p_Hwi_int5
803bf8c0   ti_sysbios_family_c64p_Hwi_int6
803bf8e0   ti_sysbios_family_c64p_Hwi_int7
803bf900   ti_sysbios_family_c64p_Hwi_int8
803bf920   ti_sysbios_family_c64p_Hwi_int9
803bf940   ti_sysbios_family_c64p_Hwi_int10
803bf960   ti_sysbios_family_c64p_Hwi_int11
803bf980   ti_sysbios_family_c64p_Hwi_int12
803bf9a0   ti_sysbios_family_c64p_Hwi_int13
803bf9c0   ti_sysbios_family_c64p_Hwi_int14
803bf9e0   ti_sysbios_family_c64p_Hwi_int15
803bfa00   __CIOBUF_
803c0d80   __TI_Handler_Table_Base
803c0d8c   __TI_Handler_Table_Limit
803c0de8   __TI_CINIT_Base
803c0e78   __TI_CINIT_Limit
ffffffff   __TI_TLS_BLOCK_SIZE
ffffffff   __TI_TLS_MAIN_THREAD_Base
ffffffff   __TI_pprof_out_hndl
ffffffff   __TI_prof_data_size
ffffffff   __TI_prof_data_start
ffffffff   __binit__
ffffffff   __c_args__
ffffffff   binit
UNDEFED    __TI_INITARRAY_Base
UNDEFED    __TI_INITARRAY_Limit

[1845 symbols]
