******************************************************************************
               TMS320C6x Linker PC v7.4.6                      
******************************************************************************
>> Linked Wed Jan 15 22:42:07 2014

OUTPUT FILE NAME:   <ImageGet.out>
ENTRY POINT SYMBOL: "_c_int00"  address: 80368980


MEMORY CONFIGURATION

         name            origin    length      used     unused   attr    fill
----------------------  --------  ---------  --------  --------  ----  --------
  L2SRAM                00800000   00080000  0005cf40  000230c0  RW X
  MSMCSRAM              0c000000   00400000  00400000  00000000  RW X
  DDR3                  80000000   20000000  00395bb0  1fc6a450  RWIX


SEGMENT ALLOCATION MAP

run origin  load origin   length   init length attrs members
----------  ----------- ---------- ----------- ----- -------
00800000    00800000    0005cb88   00000000    rw-
  00800000    00800000    00052b00   00000000    rw- .far:NDK_PACKETMEM
  00852b00    00852b00    00004000   00000000    rw- .resmgr_memregion
  00856b00    00856b00    00003c00   00000000    rw- .far:taskStackSection
  0085a700    0085a700    00001488   00000000    rw- .resmgr_pa
  0085bb88    0085bb88    00001000   00000000    rw- .stack
0085cc00    0085cc00    00000318   00000318    rw-
  0085cc00    0085cc00    00000318   00000318    rw- .nimu_eth_ll2
0085cf20    0085cf20    000000a0   00000000    rw-
  0085cf20    0085cf20    000000a0   00000000    rw- .resmgr_handles
80000000    80000000    00300000   00000000    rw-
  80000000    80000000    00300000   00000000    rw- systemHeap
80300000    80300000    00074d80   00074d80    r-x
  80300000    80300000    00074d80   00074d80    r-x .text
80374d80    80374d80    0000dae0   00000000    rw-
  80374d80    80374d80    0000dae0   00000000    rw- .far
80382860    80382860    0000bbda   0000bbda    r--
  80382860    80382860    0000bbda   0000bbda    r-- .const
8038e440    8038e440    00000040   00000040    rw-
  8038e440    8038e440    00000040   00000040    rw- .fardata.1
8038e480    8038e480    00002400   00000000    rw-
  8038e480    8038e480    00002400   00000000    rw- .qmss
80390880    80390880    0000213a   0000213a    rw-
  80390880    80390880    0000213a   0000213a    rw- .fardata.2
803929c0    803929c0    00001370   00001370    rw-
  803929c0    803929c0    00001370   00001370    rw- platform_lib
80393d30    80393d30    000003bc   000003bc    r--
  80393d30    80393d30    000003bc   000003bc    r-- .switch
803940ec    803940ec    0000007c   00000000    rw-
  803940ec    803940ec    0000007c   00000000    rw- .bss
80394168    80394168    000001a9   000001a9    rw-
  80394168    80394168    000001a9   000001a9    rw- .neardata
80394314    80394314    00000044   00000044    r--
  80394314    80394314    00000044   00000044    r-- .rodata
80394380    80394380    00000320   00000000    rw-
  80394380    80394380    00000200   00000000    rw- .cppi
  80394580    80394580    00000120   00000000    rw- .cio
80394800    80394800    00001544   00001544    r-x
  80394800    80394800    00000200   00000200    r-x .vecs
  80394a00    80394a00    00001344   00001344    r-- .cinit


SECTION ALLOCATION MAP

 output                                  attributes/
section   page    origin      length       input sections
--------  ----  ----------  ----------   ----------------
.init_array 
*          0    80000000    00000000     UNINITIALIZED

.far:NDK_PACKETMEM 
*          0    00800000    00052b00     UNINITIALIZED
                  00800000    00052b00     stk6_ppp_pppoe.ae66 : pbm_data.oe66 (.far:NDK_PACKETMEM)

.resmgr_memregion 
*          0    00852b00    00004000     UNINITIALIZED
                  00852b00    00004000     resourcemgr.obj (.resmgr_memregion)

.far:taskStackSection 
*          0    00856b00    00003c00     UNINITIALIZED
                  00856b00    00003c00     helloWorld_pe66.oe66 (.far:taskStackSection)

.resmgr_pa 
*          0    0085a700    00001488     UNINITIALIZED
                  0085a700    00001488     resourcemgr.obj (.resmgr_pa)

.stack     0    0085bb88    00001000     UNINITIALIZED
                  0085bb88    00000008     boot.ae66 : boot.oe66 (.stack)
                  0085bb90    00000ff8     --HOLE--

.nimu_eth_ll2 
*          0    0085cc00    00000318     
                  0085cc00    00000308     ti.transport.ndk.nimu.ae66 : nimu_eth.obj (.nimu_eth_ll2:uninit) [fill = 0]
                  0085cf08    00000010                                : nimu_eth.obj (.nimu_eth_ll2:init)

.resmgr_handles 
*          0    0085cf20    000000a0     UNINITIALIZED
                  0085cf20    000000a0     resourcemgr.obj (.resmgr_handles)

ti.sdo.ipc.SharedRegion_0 
*          0    0c000000    00200000     NOLOAD SECTION
                  0c000000    00200000     --HOLE--

ti.sdo.ipc.SharedRegion_1 
*          0    0c200000    00200000     NOLOAD SECTION
                  0c200000    00200000     --HOLE--

systemHeap 
*          0    80000000    00300000     UNINITIALIZED
                  80000000    00300000     helloWorld_pe66.oe66 (systemHeap)

xdc.meta   0    80000000    000000e8     COPY SECTION
                  80000000    000000e8     helloWorld_pe66.oe66 (xdc.meta)

.text      0    80300000    00074d80     
                  80300000    00002d80     ti.transport.ndk.nimu.ae66 : nimu_eth.obj (.text)
                  80302d80    00001fe0     ti.platform.evm6678l.ae66 : platform.obj (.text)
                  80304d60    00001b40                               : evmc6678.obj (.text)
                  803068a0    000019e0     stk6_ppp_pppoe.ae66 : tcp6in.oe66 (.text:TCP6Input)
                  80308280    000019e0                         : tcpin.oe66 (.text:TcpInput)
                  80309c60    00001240                         : tcpout.oe66 (.text:TcpOutput)
                  8030aea0    000011c0     ipc.lib : Ipc.obj (.text:ti_sdo_ipc_GateMP_Instance_init__F)
                  8030c060    000011a0     stk6_ppp_pppoe.ae66 : tcp6out.oe66 (.text:TCP6Output)
                  8030d200    00001160     ti.platform.evm6678l.ae66 : evm66x_nand.obj (.text)
                  8030e360    00000d80                               : evmc66x_i2c_eeprom.obj (.text)
                  8030f0e0    00000ce0     resourcemgr.obj (.text)
                  8030fdc0    00000c00     nettool.ae66 : httpclie.oe66 (.text:httpClientProcess)
                  803109c0    00000b80     stk6_ppp_pppoe.ae66 : ipin.oe66 (.text:IPRxPacket)
                  80311540    00000aa0                         : md5.oe66 (.text:MD5Transform)
                  80311fe0    00000a60     ipc.lib : Ipc.obj (.text:ti_sdo_ipc_heaps_HeapMemMP_alloc__E)
                  80312a40    000009e0             : Ipc.obj (.text:ti_sdo_ipc_heaps_HeapMemMP_free__E)
                  80313420    000009c0     stk6_ppp_pppoe.ae66 : ipout.oe66 (.text:IPTxPacket)
                  80313de0    000009a0     ipc.lib : Ipc.obj (.text:Ipc_attach)
                  80314780    000009a0     stk6_ppp_pppoe.ae66 : lcp.oe66 (.text:lcpInput)
                  80315120    00000960     helloWorld.obj (.text)
                  80315a80    00000920     ipc.lib : Ipc.obj (.text:ti_sdo_ipc_transports_TransportShm_Instance_init__F)
                  803163a0    00000900     nettool.ae66 : httpsend.oe66 (.text:SetContentType)
                  80316ca0    000008a0     ipc.lib : Ipc.obj (.text:ti_sdo_ipc_ListMP_Instance_init__F)
                  80317540    000008a0     sysbios.ae66 : BIOS.obj (.text:ti_sysbios_family_c64p_Exception_handler__I)
                  80317de0    000008a0     ti.targets.rts6000.ae66 : System.oe66 (.text:xdc_runtime_System_doPrint__I)
                  80318680    00000860     ipc.lib : Ipc.obj (.text:ti_sdo_ipc_GateMP_Instance_finalize__F)
                  80318ee0    00000840             : Ipc.obj (.text:MessageQ_put)
                  80319720    00000800     udpHello.obj (.text)
                  80319f20    000007e0     ti.drv.qmss.ae66 : qmss_drv.oe66 (.text:Qmss_insertMemoryRegion)
                  8031a700    000007e0     stk6_ppp_pppoe.ae66 : ipcp.oe66 (.text:ipcpInput)
                  8031aee0    000007c0                         : sock.oe66 (.text:SockSet)
                  8031b6a0    000007a0                         : fileuser.oe66 (.text:fdPoll)
                  8031be40    00000780     ipc.lib : Ipc.obj (.text:ti_sdo_ipc_heaps_HeapMemMP_Instance_init__F)
                  8031c5c0    00000720     ti.drv.pa.ae66 : pa.oe66 (.text:Pa_addMac)
                  8031cce0    00000700     ipc.lib : Ipc.obj (.text:Notify_registerEvent)
                  8031d3e0    000006c0     stk6_ppp_pppoe.ae66 : sock6.oe66 (.text:Sock6Set)
                  8031daa0    000006c0     nettool.ae66 : telnetd.oe66 (.text:telnet_netdata)
                  8031e160    000006c0     ipc.lib : Ipc.obj (.text:ti_sdo_ipc_nsremote_NameServerRemoteNotify_Instance_init__F)
                  8031e820    000006a0     stk6_ppp_pppoe.ae66 : icmpv6_ndisc.oe66 (.text:ICMPv6RecvRA)
                  8031eec0    000006a0     ipc.lib : Ipc.obj (.text:NameServer_add)
                  8031f560    00000660     ti.drv.cppi.ae66 : cppi_drv.oe66 (.text:Cppi_configureRxFlow)
                  8031fbc0    00000660     stk6_ppp_pppoe.ae66 : route6.oe66 (.text:Rt6Create)
                  80320220    00000620     ipc.lib : Ipc.obj (.text:Notify_sendEvent)
                  80320840    00000620     sysbios.ae66 : BIOS.obj (.text:ti_sysbios_knl_Task_Instance_finalize__F)
                  80320e60    00000600                  : BIOS.obj (.text:ti_sysbios_heaps_HeapMem_alloc__E)
                  80321460    00000600                  : BIOS.obj (.text:ti_sysbios_knl_Semaphore_pend__E)
                  80321a60    000005e0     ipc.lib : Ipc.obj (.text:Notify_registerEventSingle)
                  80322040    000005e0     sysbios.ae66 : BIOS.obj (.text:ti_sysbios_heaps_HeapMem_free__E)
                  80322620    000005c0     stk6_ppp_pppoe.ae66 : ipfrag.oe66 (.text:IPReasm)
                  80322be0    000005c0     ipc.lib : Ipc.obj (.text:ListMP_getHead)
                  803231a0    000005c0             : Ipc.obj (.text:Notify_unregisterEventSingle)
                  80323760    000005c0     rts6600_elf.lib : divd.obj (.text:__c6xabi_divd)
                  80323d20    000005c0                     : _printfi.obj (.text:_getarg_diouxp)
                  803242e0    000005c0     ipc.lib : Ipc.obj (.text:ti_sdo_ipc_SharedRegion_start__F)
                  803248a0    000005a0     stk6_ppp_pppoe.ae66 : icmpin.oe66 (.text:ICMPInput)
                  80324e40    000005a0     ti.platform.evm6678l.ae66 : evmc66x_spi.obj (.text)
                  803253e0    000005a0     sysbios.ae66 : BIOS.obj (.text:ti_sysbios_timers_timer64_Timer_Module_startup__F)
                  80325980    00000580     stk6_ppp_pppoe.ae66 : nimuppp.oe66 (.text:pppEvent)
                  80325f00    00000580     ipc.lib : Ipc.obj (.text:ti_sdo_ipc_nsremote_NameServerRemoteNotify_get__F)
                  80326480    00000580             : Ipc.obj (.text:ti_sdo_ipc_transports_TransportShm_put__E)
                  80326a00    00000560     stk6_ppp_pppoe.ae66 : bind6.oe66 (.text:Bind6New)
                  80326f60    00000560                         : ipv6.oe66 (.text:IPv6IPAddressToString)
                  803274c0    00000560     ti.platform.evm6678l.ae66 : evmc6678_phy.obj (.text)
                  80327a20    00000540     stk6_ppp_pppoe.ae66 : sock6.oe66 (.text:Sock6Connect)
                  80327f60    00000540     ipc.lib : Ipc.obj (.text:ti_sdo_ipc_Ipc_procSyncStart__I)
                  803284a0    00000520     stk6_ppp_pppoe.ae66 : sock.oe66 (.text:SockNew)
                  803289c0    00000520     rts6600_elf.lib : _printfi.obj (.text:_setfield)
                  80328ee0    00000520     nettool.ae66 : httpsend.oe66 (.text:httpSendStatusLine)
                  80329400    00000520     ti.platform.evm6678l.ae66 : evmc66x_nor.obj (.text)
                  80329920    000004e0     stk6_ppp_pppoe.ae66 : udp.oe66 (.text:UdpInput)
                  80329e00    000004e0                         : nimupppoe.oe66 (.text:pppoeInputS)
                  8032a2e0    000004e0     ipc.lib : Ipc.obj (.text:ti_sdo_ipc_notifyDrivers_NotifyDriverShm_Instance_init__F)
                  8032a7c0    000004c0     ti.drv.cppi.ae66 : cppi_drv.oe66 (.text:Cppi_txChannelOpen)
                  8032ac80    000004c0     ti.platform.evm6678l.ae66 : evmc66x_fpga.obj (.text)
                  8032b140    000004a0     stk6_ppp_pppoe.ae66 : lliin.oe66 (.text:LLIRxPacket)
                  8032b5e0    000004a0                         : sock6.oe66 (.text:Sock6Recv)
                  8032ba80    000004a0                         : sock.oe66 (.text:SockRecv)
                  8032bf20    000004a0     ipc.lib : Ipc.obj (.text:ti_sdo_ipc_gates_GatePeterson_Instance_init__F)
                  8032c3c0    00000460     rts6600_elf.lib : _printfi.obj (.text:_printfi)
                  8032c820    00000460     stk6_ppp_pppoe.ae66 : nimuppp.oe66 (.text:pppNew)
                  8032cc80    00000460     ipc.lib : Ipc.obj (.text:ti_sdo_ipc_GateMP_setRegion0Reserved__F)
                  8032d0e0    00000460             : Ipc.obj (.text:ti_sdo_ipc_Ipc_procSyncFinish__I)
                  8032d540    00000440     ti.drv.cppi.ae66 : cppi_drv.oe66 (.text:Cppi_rxChannelOpen)
                  8032d980    00000440     ipc.lib : Ipc.obj (.text:ListMP_putTail)
                  8032ddc0    00000440     stk6_ppp_pppoe.ae66 : sock6.oe66 (.text:Sock6New)
                  8032e200    00000440                         : auth.oe66 (.text:chapInput)
                  8032e640    00000440                         : fileuser.oe66 (.text:fdSelect)
                  8032ea80    00000440                         : nimupppoe.oe66 (.text:pppoeInputC)
                  8032eec0    00000440     ipc.lib : Ipc.obj (.text:ti_sdo_ipc_heaps_HeapMemMP_getStats__E)
                  8032f300    00000440             : Ipc.obj (.text:ti_sdo_ipc_heaps_HeapMemMP_postInit__I)
                  8032f740    00000420     nettool.ae66 : daemon.oe66 (.text:daemon)
                  8032fb60    00000420     ti.drv.pa.ae66 : pa.oe66 (.text:pa_conv_routing_info)
                  8032ff80    00000420     sysbios.ae66 : BIOS.obj (.text:ti_sysbios_gates_GateMutexPri_enter__E)
                  803303a0    00000420                  : BIOS.obj (.text:ti_sysbios_knl_Task_sleep__E)
                  803307c0    00000400     stk6_ppp_pppoe.ae66 : sock6.oe66 (.text:Sock6Send)
                  80330bc0    00000400     os.ae66 : efs.oe66 (.text:efs_filecheck)
                  80330fc0    00000400     ipc.lib : Ipc.obj (.text:ti_sdo_ipc_Notify_Instance_init__F)
                  803313c0    00000400     sysbios.ae66 : BIOS.obj (.text:ti_sysbios_knl_Task_Instance_init__F)
                  803317c0    000003e0     stk6_ppp_pppoe.ae66 : ipv6_frag.oe66 (.text:IPv6TxFragPacket)
                  80331ba0    000003e0     sysbios.ae66 : BIOS.obj (.text:ti_sysbios_knl_Task_setPri__E)
                  80331f80    000003c0     ti.drv.cppi.ae66 : cppi_desc.oe66 (.text:Cppi_initDescriptor)
                  80332340    000003c0     stk6_ppp_pppoe.ae66 : ipv6out.oe66 (.text:IPv6TxPacket)
                  80332700    000003c0                         : lli6.oe66 (.text:LLI6TimerCheck)
                  80332ac0    000003c0                         : sock.oe66 (.text:SockSend)
                  80332e80    000003c0                         : tcp6.oe66 (.text:TCP6TimeoutCheck)
                  80333240    000003c0                         : tcp.oe66 (.text:TcpTimeoutCheck)
                  80333600    000003c0     ipc.lib : Ipc.obj (.text:ti_sdo_ipc_SharedRegion_reserveMemory__F)
                  803339c0    000003a0     stk6_ppp_pppoe.ae66 : icmpv6in.oe66 (.text:ICMPv6RxPacket)
                  80333d60    000003a0                         : nimu.oe66 (.text:NIMUIoctl)
                  80334100    000003a0                         : route.oe66 (.text:RtCreate)
                  803344a0    000003a0                         : sb.oe66 (.text:SBRead)
                  80334840    000003a0     rts6600_elf.lib : fputs.obj (.text:fputs)
                  80334be0    000003a0     stk6_ppp_pppoe.ae66 : auth.oe66 (.text:papInput)
                  80334f80    00000380     ipc.lib : Ipc.obj (.text:HeapMemMP_sharedMemReq)
                  80335300    00000380     stk6_ppp_pppoe.ae66 : sock6int.oe66 (.text:Sock6Notify)
                  80335680    00000380                         : sock.oe66 (.text:SockConnect)
                  80335a00    00000380                         : sockint.oe66 (.text:SockNotify)
                  80335d80    00000380     nettool.ae66 : dhcppkt.oe66 (.text:dhcpPacketProcess)
                  80336100    00000360     stk6_ppp_pppoe.ae66 : icmpv6_ndisc.oe66 (.text:ICMPv6RecvRedirect)
                  80336460    00000360                         : icmpv6out.oe66 (.text:ICMPv6SendDstUnreachable)
                  803367c0    00000360                         : igmp.oe66 (.text:IGMPInput)
                  80336b20    00000360                         : ipv6_frag.oe66 (.text:IPv6FragReasm)
                  80336e80    00000360                         : lliout.oe66 (.text:LLITxIpPacket)
                  803371e0    00000360     helloWorld_pe66.oe66 (.text:xdc_runtime_System_printfExtend__I)
                  80337540    00000340     ipc.lib : Ipc.obj (.text:GateMP_sharedMemReq)
                  80337880    00000340     stk6_ppp_pppoe.ae66 : icmpv6_ndisc.oe66 (.text:ICMPv6RecvNS)
                  80337bc0    00000340                         : icmpv6out.oe66 (.text:ICMPv6SendParameterProblem)
                  80337f00    00000340                         : icmpv6out.oe66 (.text:ICMPv6SendTimeExceeded)
                  80338240    00000340     ti.drv.pa.ae66 : painit.oe66 (.text:Pa_create)
                  80338580    00000340     ti.drv.qmss.ae66 : qmss_drv.oe66 (.text:Qmss_init)
                  803388c0    00000340     os.ae66 : mem.oe66 (.text:mmAlloc)
                  80338c00    00000340     stk6_ppp_pppoe.ae66 : nimupppoe.oe66 (.text:pppoeSI)
                  80338f40    00000340     ipc.lib : Ipc.obj (.text:ti_sdo_ipc_nsremote_NameServerRemoteNotify_swiFxn__I)
                  80339280    00000320     nettool.ae66 : config.oe66 (.text:CfgAddEntry)
                  803395a0    00000320     stk6_ppp_pppoe.ae66 : nimupppoe.oe66 (.text:SendServerMsg)
                  803398c0    00000320     rts6600_elf.lib : _printfi.obj (.text:_pproc_fge)
                  80339be0    00000320     nettool.ae66 : inetaddr.oe66 (.text:inet_aton)
                  80339f00    00000320                  : telnetd.oe66 (.text:telnet_engine)
                  8033a220    00000320     ti.platform.evm6678l.ae66 : evmc66x_uart.obj (.text)
                  8033a540    00000300     ipc.lib : Ipc.obj (.text:GateMP_openByAddr)
                  8033a840    00000300     stk6_ppp_pppoe.ae66 : sock6pcb.oe66 (.text:Sock6PcbBind)
                  8033ab40    00000300                         : udp6.oe66 (.text:Udp6Input)
                  8033ae40    00000300     ipc.lib : Ipc.obj (.text:ti_sdo_ipc_transports_TransportShm_openByAddr__F)
                  8033b140    00000300     sysbios.ae66 : BIOS.obj (.text:ti_sysbios_family_c64p_Hwi_dispatchC__I)
                  8033b440    000002e0     stk6_ppp_pppoe.ae66 : ipv6_frag.oe66 (.text:IPv6FragQEnqueueFrag)
                  8033b720    000002e0                         : ipv6_exthdrs.oe66 (.text:IPv6ParseExtnHeaders)
                  8033ba00    000002e0     netctrl.ae66 : netctrl.oe66 (.text:NetScheduler)
                  8033bce0    000002e0     ti.drv.pa.ae66 : pa.oe66 (.text:Pa_forwardResult)
                  8033bfc0    000002e0     stk6_ppp_pppoe.ae66 : route6.oe66 (.text:Rt6Find)
                  8033c2a0    000002e0                         : nimupppoe.oe66 (.text:SendClientMsg)
                  8033c580    000002e0     ipc.lib : Ipc.obj (.text:SharedRegion_getEntry)
                  8033c860    000002e0             : Ipc.obj (.text:SharedRegion_getPtr)
                  8033cb40    000002e0     stk6_ppp_pppoe.ae66 : sock6pcb.oe66 (.text:Sock6PcbFind)
                  8033ce20    000002e0                         : sock6pcb.oe66 (.text:Sock6PcbResolve)
                  8033d100    000002e0                         : udp.oe66 (.text:UdpOutput)
                  8033d3e0    000002e0     rts6600_elf.lib : _printfi.obj (.text:_pproc_fwp)
                  8033d6c0    000002e0     sysbios.ae66 : BIOS.obj (.text:ti_sysbios_heaps_HeapMem_Instance_init__F)
                  8033d9a0    000002c0     stk6_ppp_pppoe.ae66 : bind.oe66 (.text:BindNew)
                  8033dc60    000002c0                         : node.oe66 (.text:NodeAdd)
                  8033df20    000002c0                         : sb6.oe66 (.text:SB6Read)
                  8033e1e0    000002c0                         : nimuppp.oe66 (.text:pppInput)
                  8033e4a0    000002c0     ipc.lib : Ipc.obj (.text:ti_sdo_ipc_notifyDrivers_NotifyDriverShm_isr__I)
                  8033e760    000002a0     nettool.ae66 : dhcpmain.oe66 (.text:DHCPOpen)
                  8033ea00    000002a0     ipc.lib : Ipc.obj (.text:Ipc_start)
                  8033eca0    000002a0             : Ipc.obj (.text:NameServer_getLocal)
                  8033ef40    000002a0     stk6_ppp_pppoe.ae66 : route6.oe66 (.text:Rt6Free)
                  8033f1e0    000002a0                         : rtable.oe66 (.text:RtFind)
                  8033f480    000002a0                         : sock6.oe66 (.text:Sock6Close)
                  8033f720    000002a0                         : sock.oe66 (.text:SockClose)
                  8033f9c0    000002a0                         : sockpcb.oe66 (.text:SockPcbResolve)
                  8033fc60    000002a0                         : tcp6prot.oe66 (.text:TCP6PrSetOption)
                  8033ff00    000002a0                         : tcpprot.oe66 (.text:TcpPrSetOption)
                  803401a0    000002a0     rts6600_elf.lib : _printfi.obj (.text:fcvt)
                  80340440    000002a0     sysbios.ae66 : BIOS.obj (.text:ti_sysbios_knl_Clock_Instance_init__F)
                  803406e0    000002a0                  : BIOS.obj (.text:ti_sysbios_knl_Clock_workFunc__E)
                  80340980    000002a0                  : BIOS.obj (.text:ti_sysbios_timers_timer64_Timer_deviceConfig__I)
                  80340c20    00000280     stk6_ppp_pppoe.ae66 : icmp.oe66 (.text:ICMPGenPacket)
                  80340ea0    00000280                         : lli6.oe66 (.text:LLI6NeighUnreachStateMachine)
                  80341120    00000280                         : lli6.oe66 (.text:LLI6TxIPPacket)
                  803413a0    00000280     ipc.lib : Ipc.obj (.text:SharedRegion_getSRPtr)
                  80341620    00000280     stk6_ppp_pppoe.ae66 : sock.oe66 (.text:SockRecvNC)
                  803418a0    00000280                         : udp6.oe66 (.text:Udp6Output)
                  80341b20    00000280     rts6600_elf.lib : _printfi.obj (.text:ecvt)
                  80341da0    00000280     stk6_ppp_pppoe.ae66 : ipcp.oe66 (.text:ipcpSendCfg)
                  80342020    00000280                         : lcp.oe66 (.text:lcpSendCfg)
                  803422a0    00000280     ipc.lib : Ipc.obj (.text:ti_sdo_ipc_notifyDrivers_NotifyDriverShm_sharedMemReq__F)
                  80342520    00000280     ti.targets.rts6000.ae66 : Error.oe66 (.text:xdc_runtime_Error_raiseX__F)
                  803427a0    00000260     stk6_ppp_pppoe.ae66 : icmpv6in.oe66 (.text:ICMPv6RecvEchoRequest)
                  80342a00    00000260                         : ipv6in.oe66 (.text:IPv6RxPacket)
                  80342c60    00000260     ipc.lib : Ipc.obj (.text:ListMP_sharedMemReq)
                  80342ec0    00000260     stk6_ppp_pppoe.ae66 : nimu.oe66 (.text:NIMUReceivePacket)
                  80343120    00000260                         : rawethsock.oe66 (.text:RawEthSockSet)
                  80343380    00000260                         : sb6.oe66 (.text:SB6Write)
                  803435e0    00000260                         : sb.oe66 (.text:SBWrite)
                  80343840    00000260                         : sockpcb.oe66 (.text:SockPcbBind)
                  80343aa0    00000260                         : tcp6out.oe66 (.text:TCP6GenPacket)
                  80343d00    00000260     nettool.ae66 : httppars.oe66 (.text:httpParseRecv)
                  80343f60    00000260                  : httpsend.oe66 (.text:httpSendErrorHTML)
                  803441c0    00000260     platform_osal.obj (.text)
                  80344420    00000260     ipc.lib : Ipc.obj (.text:ti_sdo_ipc_ListMP_Instance_finalize__F)
                  80344680    00000260             : Ipc.obj (.text:ti_sdo_ipc_heaps_HeapMemMP_Instance_finalize__F)
                  803448e0    00000260             : Ipc.obj (.text:ti_sdo_ipc_notifyDrivers_NotifyDriverShm_disableEvent__E)
                  80344b40    00000260     sysbios.ae66 : BIOS.obj (.text:ti_sysbios_family_c64p_Exception_internalHandler__I)
                  80344da0    00000260                  : BIOS.obj (.text:ti_sysbios_knl_Semaphore_post__E)
                  80345000    00000260     ti.targets.rts6000.ae66 : Startup.oe66 (.text:xdc_runtime_Startup_startMods__I)
                  80345260    00000240     stk6_ppp_pppoe.ae66 : bind6.oe66 (.text:Bind6Free)
                  803454a0    00000240                         : bind6.oe66 (.text:Bind6RunDAD)
                  803456e0    00000240     ti.drv.cppi.ae66 : cppi_drv.oe66 (.text:Cppi_open)
                  80345920    00000240     nettool.ae66 : daemon.oe66 (.text:DaemonNew)
                  80345b60    00000240     stk6_ppp_pppoe.ae66 : icmpv6_ndisc.oe66 (.text:ICMPv6RecvNA)
                  80345da0    00000240                         : icmpv6_ndisc.oe66 (.text:ICMPv6SendNA)
                  80345fe0    00000240                         : icmpv6_ndisc.oe66 (.text:ICMPv6SendNS)
                  80346220    00000240     ti.drv.pa.ae66 : pa.oe66 (.text:Pa_resetControl)
                  80346460    00000240     stk6_ppp_pppoe.ae66 : pipe.oe66 (.text:PipeRecv)
                  803466a0    00000240                         : raw.oe66 (.text:RawInput)
                  803468e0    00000240                         : tcpout.oe66 (.text:TcpGenPacket)
                  80346b20    00000240     rts6600_elf.lib : imath64.obj (.text:__c6xabi_divull)
                  80346d60    00000240                     : _printfi.obj (.text:_pconv_e)
                  80346fa0    00000240                     : _printfi.obj (.text:_pproc_diouxp)
                  803471e0    00000240     nettool.ae66 : dhcpsm.oe66 (.text:dhcpIPAdd)
                  80347420    00000240                  : dhcpsm.oe66 (.text:dhcpState)
                  80347660    00000240     sysbios.ae66 : BIOS.obj (.text:ti_sysbios_family_c64p_Hwi_reconfig__E)
                  803478a0    00000240                  : BIOS.obj (.text:ti_sysbios_knl_Task_exit__E)
                  80347ae0    00000240     ti.targets.rts6000.ae66 : LoggerBuf.oe66 (.text:xdc_runtime_LoggerBuf_write8__F)
                  80347d20    00000220     stk6_ppp_pppoe.ae66 : igmp.oe66 (.text:IGMPJoinHostGroup)
                  80347f40    00000220                         : ipv6_frag.oe66 (.text:IPv6ParseFragHdr)
                  80348160    00000220                         : raw6.oe66 (.text:Raw6Output)
                  80348380    00000220                         : rawethsock.oe66 (.text:RawEthSockNew)
                  803485a0    00000220                         : sockpcb.oe66 (.text:SockPcbFind)
                  803487c0    00000220     rts6600_elf.lib : _printfi.obj (.text:_pproc_str)
                  803489e0    00000220     nettool.ae66 : dhcppkt.oe66 (.text:dhcpVerifyMessage)
                  80348c00    00000220     rts6600_elf.lib : fputc.obj (.text:fputc)
                  80348e20    00000220     nettool.ae66 : httpclie.oe66 (.text:httpGetAuthParams)
                  80349040    00000220     sysbios.ae66 : BIOS.obj (.text:ti_sysbios_knl_Swi_run__I)
                  80349260    00000220                  : BIOS.obj (.text:ti_sysbios_knl_Task_schedule__I)
                  80349480    00000220                  : BIOS.obj (.text:ti_sysbios_knl_Task_startCore__E)
                  803496a0    00000220     ti.targets.rts6000.ae66 : Core-mem.oe66 (.text:xdc_runtime_Core_createObject__I)
                  803498c0    00000200     ipc.lib : Ipc.obj (.text:GateMP_enter)
                  80349ac0    00000200             : Ipc.obj (.text:GateMP_leave)
                  80349cc0    00000200     stk6_ppp_pppoe.ae66 : ipv6_exthdrs.oe66 (.text:IPv6ParseHopOptions)
                  80349ec0    00000200                         : lli6.oe66 (.text:LLI6New)
                  8034a0c0    00000200     ipc.lib : Ipc.obj (.text:ListMP_openByAddr)
                  8034a2c0    00000200     ti.drv.qmss.ae66 : qmss_drv.oe66 (.text:Qmss_internalQueueOpen)
                  8034a4c0    00000200                      : qmss_acc.oe66 (.text:Qmss_programAccumulator)
                  8034a6c0    00000200     stk6_ppp_pppoe.ae66 : rtc.oe66 (.text:RTCReport)
                  8034a8c0    00000200     rts6600_elf.lib : _printfi.obj (.text:_pconv_g)
                  8034aac0    00000200     sysbios.ae66 : c64p_Hwi_disp_always.obj (.text:_ti_sysbios_family_c64p_Hwi_dispatchAlways)
                  8034acc0    00000200     stk6_ppp_pppoe.ae66 : socket.oe66 (.text:accept)
                  8034aec0    00000200     ti.drv.cppi.ae66 : cppi_heap.oe66 (.text:cppi_internal_heap_add)
                  8034b0c0    00000200     stk6_ppp_pppoe.ae66 : nimupppoe.oe66 (.text:pppoeCtrlMsg)
                  8034b2c0    00000200     rts6600_elf.lib : setvbuf.obj (.text:setvbuf)
                  8034b4c0    00000200     ipc.lib : Ipc.obj (.text:ti_sdo_ipc_family_c647x_MultiProcSetup_init__I)
                  8034b6c0    00000200             : Ipc.obj (.text:ti_sdo_ipc_notifyDrivers_NotifyDriverShm_sendEvent__E)
                  8034b8c0    00000200             : Ipc.obj (.text:ti_sdo_ipc_transports_TransportShm_Instance_finalize__F)
                  8034bac0    000001e0     stk6_ppp_pppoe.ae66 : igmp.oe66 (.text:IGMPSendReply)
                  8034bca0    000001e0                         : route6.oe66 (.text:Rt6Modify)
                  8034be80    000001e0                         : sock6pcb.oe66 (.text:Sock6PcbFindRaw)
                  8034c060    000001e0                         : auth.oe66 (.text:chapSendMsg)
                  8034c240    000001e0     nettool.ae66 : dhcpsock.oe66 (.text:dhcpSocketOpen)
                  8034c420    000001e0     stk6_ppp_pppoe.ae66 : socket.oe66 (.text:sendto)
                  8034c600    000001e0     ipc.lib : Ipc.obj (.text:ti_sdo_ipc_GateMP_attach__F)
                  8034c7e0    000001e0             : Ipc.obj (.text:ti_sdo_ipc_GateMP_getFreeResource__I)
                  8034c9c0    000001e0     sysbios.ae66 : BIOS.obj (.text:ti_sysbios_family_c64p_Exception_externalHandler__I)
                  8034cba0    000001e0                  : BIOS.obj (.text:ti_sysbios_knl_Swi_Instance_init__F)
                  8034cd80    000001e0                  : BIOS.obj (.text:ti_sysbios_knl_Task_checkStacks__E)
                  8034cf60    000001e0                  : BIOS.obj (.text:ti_sysbios_knl_Task_postInit__I)
                  8034d140    000001e0                  : BIOS.obj (.text:ti_sysbios_timers_timer64_Timer_getFreq__E)
                  8034d320    000001c0     nettool.ae66 : config.oe66 (.text:CfgExecute)
                  8034d4e0    000001c0     ti.drv.cppi.ae66 : cppi_drv.oe66 (.text:Cppi_channelClose)
                  8034d6a0    000001c0                      : cppi_drv.oe66 (.text:Cppi_initCfg)
                  8034d860    000001c0     ipc.lib : Ipc.obj (.text:HeapMemMP_openByAddr)
                  8034da20    000001c0     stk6_ppp_pppoe.ae66 : ip.oe66 (.text:IPGetRoute)
                  8034dbe0    000001c0                         : lliout.oe66 (.text:LLIGenArpPacket)
                  8034dda0    000001c0     ti.drv.qmss.ae66 : qmss_drv.oe66 (.text:Qmss_internaldownloadFirmware)
                  8034df60    000001c0     stk6_ppp_pppoe.ae66 : raw6.oe66 (.text:Raw6Input)
                  8034e120    000001c0     netctrl.ae66 : netsrv.oe66 (.text:SPIpNet)
                  8034e2e0    000001c0     stk6_ppp_pppoe.ae66 : tcptime.oe66 (.text:TcpTimeoutRexmt)
                  8034e4a0    000001c0                         : lli.oe66 (.text:_LLITimeoutCheck)
                  8034e660    000001c0     rts6600_elf.lib : _printfi.obj (.text:_mcpy)
                  8034e820    000001c0     nettool.ae66 : dhcpbild.oe66 (.text:dhcpBuildHeader)
                  8034e9e0    000001c0     stk6_ppp_pppoe.ae66 : fileuser.oe66 (.text:fdClose)
                  8034eba0    000001c0                         : socket.oe66 (.text:recvncfrom)
                  8034ed60    000001c0     ipc.lib : Ipc.obj (.text:ti_sdo_ipc_notifyDrivers_NotifyDriverShm_registerEvent__E)
                  8034ef20    000001c0     sysbios.ae66 : BIOS.obj (.text:ti_sysbios_family_c64p_Exception_decodeMpfsr__I)
                  8034f0e0    000001c0                  : BIOS.obj (.text:ti_sysbios_gates_GateMutex_enter__E)
                  8034f2a0    000001c0                  : BIOS.obj (.text:ti_sysbios_timers_timer64_Timer_setPeriodMicroSecs__E)
                  8034f460    000001c0     ti.targets.rts6000.ae66 : Text.oe66 (.text:xdc_runtime_Text_putSite__F)
                  8034f620    000001a0     stk6_ppp_pppoe.ae66 : bind6.oe66 (.text:Bind6Msg)
                  8034f7c0    000001a0     nettool.ae66 : config.oe66 (.text:CfgRemoveEntry)
                  8034f960    000001a0     rts6600_elf.lib : trgdrv.obj (.text:HOSTrename)
                  8034fb00    000001a0     stk6_ppp_pppoe.ae66 : icmpin.oe66 (.text:ICMPRevSrcRoute)
                  8034fca0    000001a0                         : ipv6_frag.oe66 (.text:IPv6FragMsg)
                  8034fe40    000001a0                         : ipv6_exthdrs.oe66 (.text:IPv6ParseRoutingHdr)
                  8034ffe0    000001a0     ImageTable.obj (.text)
                  80350180    000001a0     netctrl.ae66 : netctrl.oe66 (.text:NC_NetStart)
                  80350320    000001a0     stk6_ppp_pppoe.ae66 : node.oe66 (.text:NodeTreeFree)
                  803504c0    000001a0     ti.drv.pa.ae66 : pa.oe66 (.text:Pa_downloadImage)
                  80350660    000001a0     stk6_ppp_pppoe.ae66 : route6.oe66 (.text:Route6LifetimeMgmt)
                  80350800    000001a0     ipc.lib : Ipc.obj (.text:SharedRegion_getCacheLineSize)
                  803509a0    000001a0             : Ipc.obj (.text:SharedRegion_getHeap)
                  80350b40    000001a0             : Ipc.obj (.text:SharedRegion_isCacheEnabled)
                  80350ce0    000001a0     stk6_ppp_pppoe.ae66 : sockint.oe66 (.text:SockCreatePacket)
                  80350e80    000001a0     nettool.ae66 : dhcpsm.oe66 (.text:StateRenewRebind)
                  80351020    000001a0     stk6_ppp_pppoe.ae66 : tcp6time.oe66 (.text:TCP6TimeoutRexmt)
                  803511c0    000001a0     rts6600_elf.lib : imath40.obj (.text:__c6xabi_divul)
                  80351360    000001a0     nettool.ae66 : dhcptags.oe66 (.text:dhcpBuildOptions)
                  80351500    000001a0     stk6_ppp_pppoe.ae66 : socket.oe66 (.text:getpeername)
                  803516a0    000001a0                         : udp6.oe66 (.text:processMulticast)
                  80351840    000001a0     nettool.ae66 : telnetd.oe66 (.text:telnet_termdata)
                  803519e0    000001a0     ipc.lib : Ipc.obj (.text:ti_sdo_ipc_GateMP_openRegion0Reserved__F)
                  80351b80    000001a0             : Ipc.obj (.text:ti_sdo_ipc_notifyDrivers_NotifyDriverShm_enableEvent__E)
                  80351d20    000001a0             : Ipc.obj (.text:ti_sdo_ipc_notifyDrivers_NotifyDriverShm_unregisterEvent__E)
                  80351ec0    000001a0             : Ipc.obj (.text:ti_sdo_ipc_nsremote_NameServerRemoteNotify_attach__E)
                  80352060    000001a0     sysbios.ae66 : BIOS.obj (.text:ti_sysbios_family_c66_Cache_block__I)
                  80352200    000001a0                  : BIOS.obj (.text:ti_sysbios_heaps_HeapBuf_Module_startup__F)
                  803523a0    000001a0                  : BIOS.obj (.text:ti_sysbios_timers_timer64_Timer_start__E)
                  80352540    000001a0     ti.targets.rts6000.ae66 : LoggerBuf.oe66 (.text:xdc_runtime_LoggerBuf_write4__F)
                  803526e0    00000180     stk6_ppp_pppoe.ae66 : bind6.oe66 (.text:Bind6GetGlobalAddress)
                  80352860    00000180                         : igmp.oe66 (.text:IGMPMsg)
                  803529e0    00000180     ipc.lib : Ipc.obj (.text:MultiProc_setLocalId)
                  80352b60    00000180     stk6_ppp_pppoe.ae66 : nimu.oe66 (.text:NIMURegister)
                  80352ce0    00000180     ipc.lib : Ipc.obj (.text:NameServer_getHandle)
                  80352e60    00000180             : Ipc.obj (.text:Notify_intLineRegistered)
                  80352fe0    00000180     netctrl.ae66 : netsrv.oe66 (.text:ServiceScan)
                  80353160    00000180                  : netsrv.oe66 (.text:ServiceSpawn)
                  803532e0    00000180     stk6_ppp_pppoe.ae66 : sock6int.oe66 (.text:Sock6CreatePacket)
                  80353460    00000180     nettool.ae66 : dhcpsm.oe66 (.text:StateBound)
                  803535e0    00000180     rts6600_elf.lib : copy_decompress_rle.obj (.text:__TI_decompress_rle_core)
                  80353760    00000180     stk6_ppp_pppoe.ae66 : socket.oe66 (.text:bind)
                  803538e0    00000180     nettool.ae66 : dhcpbild.oe66 (.text:dhcpBuildRequest)
                  80353a60    00000180     os.ae66 : task.oe66 (.text:llEnter)
                  80353be0    00000180     stk6_ppp_pppoe.ae66 : auth.oe66 (.text:papSendCfg)
                  80353d60    00000180     sysbios.ae66 : c64p_Exception_asm.obj (.text)
                  80353ee0    00000180     ipc.lib : Ipc.obj (.text:ti_sdo_ipc_MessageQ_registerTransport__F)
                  80354060    00000180             : Ipc.obj (.text:ti_sdo_ipc_Notify_Module_startup__F)
                  803541e0    00000180             : Ipc.obj (.text:ti_sdo_ipc_gates_GatePeterson_enter__E)
                  80354360    00000180             : Ipc.obj (.text:ti_sdo_utils_NameServer_Module_startup__F)
                  803544e0    00000180     sysbios.ae66 : BIOS.obj (.text:ti_sysbios_knl_Swi_schedule__I)
                  80354660    00000180                  : BIOS.obj (.text:ti_sysbios_knl_Task_unblockI__E)
                  803547e0    00000160     nettool.ae66 : config.oe66 (.text:CfgGetEntry)
                  80354940    00000160                  : config.oe66 (.text:CfgGetNextEntry)
                  80354aa0    00000160     stk6_ppp_pppoe.ae66 : igmp.oe66 (.text:IGMPDoMCast)
                  80354c00    00000160                         : nimu.oe66 (.text:NIMUIoctlSpecialCmd)
                  80354d60    00000160                         : nimuppp.oe66 (.text:PPPStop)
                  80354ec0    00000160                         : pipe.oe66 (.text:PipeSend)
                  80355020    00000160                         : raw.oe66 (.text:RawOutput)
                  80355180    00000160                         : rtable.oe66 (.text:RtTimeoutCheck)
                  803552e0    00000160                         : rtable.oe66 (.text:RtWalkNext)
                  80355440    00000160     netctrl.ae66 : netsrv.oe66 (.text:SPRoute)
                  803555a0    00000160     stk6_ppp_pppoe.ae66 : sock6.oe66 (.text:Sock6Check)
                  80355700    00000160                         : sock6pcb.oe66 (.text:Sock6PcbConnect)
                  80355860    00000160                         : sock.oe66 (.text:SockCheck)
                  803559c0    00000160                         : sockpcb.oe66 (.text:SockPcbConnect)
                  80355b20    00000160     nettool.ae66 : dhcpsm.oe66 (.text:StateRequesting)
                  80355c80    00000160     stk6_ppp_pppoe.ae66 : tcp6time.oe66 (.text:TCP6TimeoutKeep)
                  80355de0    00000160                         : tcptime.oe66 (.text:TcpTimeoutKeep)
                  80355f40    00000160                         : auth.oe66 (.text:authInit)
                  803560a0    00000160     nettool.ae66 : httpclie.oe66 (.text:httpExtractTag)
                  80356200    00000160     stk6_ppp_pppoe.ae66 : sock6.oe66 (.text:joinGroup)
                  80356360    00000160                         : socket.oe66 (.text:setsockopt)
                  803564c0    00000160     nettool.ae66 : telnetd.oe66 (.text:telnetClientProcess)
                  80356620    00000160     ipc.lib : Ipc.obj (.text:ti_sdo_ipc_GateMP_createLocal__F)
                  80356780    00000160             : Ipc.obj (.text:ti_sdo_ipc_MessageQ_unregisterTransport__F)
                  803568e0    00000160             : Ipc.obj (.text:ti_sdo_ipc_gates_GateHWSem_Instance_init__F)
                  80356a40    00000160             : Ipc.obj (.text:ti_sdo_ipc_transports_TransportShm_sharedMemReq__F)
                  80356ba0    00000160             : Ipc.obj (.text:ti_sdo_utils_NameServer_isRegistered__E)
                  80356d00    00000160             : Ipc.obj (.text:ti_sdo_utils_NameServer_registerRemoteDriver__E)
                  80356e60    00000160             : Ipc.obj (.text:ti_sdo_utils_NameServer_unregisterRemoteDriver__E)
                  80356fc0    00000140     stk6_ppp_pppoe.ae66 : bind6.oe66 (.text:Bind6DADCheck)
                  80357100    00000140     ti.csl.ae66 : csl_chip.oe66 (.text:CSL_chipReadReg)
                  80357240    00000140     stk6_ppp_pppoe.ae66 : exec.oe66 (.text:ExecOpen)
                  80357380    00000140     ipc.lib : Ipc.obj (.text:GateMP_close)
                  803574c0    00000140     stk6_ppp_pppoe.ae66 : icmp.oe66 (.text:ICMPSendRtAdv)
                  80357600    00000140                         : igmp.oe66 (.text:IGMPJoin)
                  80357740    00000140                         : ipv6.oe66 (.text:IPv6DisplayIPAddress)
                  80357880    00000140                         : lli6.oe66 (.text:LLI6Find)
                  803579c0    00000140                         : lli.oe66 (.text:LLINew)
                  80357b00    00000140                         : node.oe66 (.text:NodeFind)
                  80357c40    00000140                         : node.oe66 (.text:NodeWalk)
                  80357d80    00000140     ipc.lib : Ipc.obj (.text:Notify_attach)
                  80357ec0    00000140     stk6_ppp_pppoe.ae66 : pbm.oe66 (.text:PBM_alloc)
                  80358000    00000140                         : pbm.oe66 (.text:PBM_free)
                  80358140    00000140                         : rtable.oe66 (.text:RtFlush)
                  80358280    00000140                         : sb6.oe66 (.text:SB6New)
                  803583c0    00000140     netctrl.ae66 : netsrv.oe66 (.text:ServiceKill)
                  80358500    00000140     stk6_ppp_pppoe.ae66 : sock6.oe66 (.text:Sock6Accept)
                  80358640    00000140                         : sock6.oe66 (.text:Sock6Listen)
                  80358780    00000140                         : sock.oe66 (.text:SockAccept)
                  803588c0    00000140                         : sock.oe66 (.text:SockListen)
                  80358a00    00000140                         : sockpcb.oe66 (.text:SockPcbCtlError)
                  80358b40    00000140     boot.ae66 : autoinit.oe66 (.text:_auto_init_elf)
                  80358c80    00000140     rts6600_elf.lib : _printfi.obj (.text:_pproc_fflags)
                  80358dc0    00000140     stk6_ppp_pppoe.ae66 : auth.oe66 (.text:authGetPassword)
                  80358f00    00000140     nettool.ae66 : dhcptags.oe66 (.text:dhcpDecodeType)
                  80359040    00000140     rts6600_elf.lib : lowlev.obj (.text:getdevice)
                  80359180    00000140     nettool.ae66 : httpsend.oe66 (.text:httpAuthenticationReq)
                  803592c0    00000140     os.ae66 : mem.oe66 (.text:mmCopy)
                  80359400    00000140     stk6_ppp_pppoe.ae66 : nimuppp.oe66 (.text:pppAddClient)
                  80359540    00000140                         : socket.oe66 (.text:recv)
                  80359680    00000140                         : socket.oe66 (.text:send)
                  803597c0    00000140     ipc.lib : Ipc.obj (.text:ti_sdo_ipc_Notify_exec__F)
                  80359900    00000140     sysbios.ae66 : BIOS.obj (.text:ti_sysbios_family_c64p_Exception_Module_startup__F)
                  80359a40    00000140                  : BIOS.obj (.text:ti_sysbios_family_c64p_Hwi_Module_startup__F)
                  80359b80    00000140                  : BIOS.obj (.text:ti_sysbios_family_c66_Cache_Module_startup__F)
                  80359cc0    00000140                  : BIOS.obj (.text:ti_sysbios_gates_GateSwi_enter__E)
                  80359e00    00000140                  : BIOS.obj (.text:ti_sysbios_knl_Semaphore_Instance_init__F)
                  80359f40    00000140                  : BIOS.obj (.text:ti_sysbios_knl_Swi_post__E)
                  8035a080    00000140                  : BIOS.obj (.text:ti_sysbios_knl_Task_Module_startup__F)
                  8035a1c0    00000140                  : BIOS.obj (.text:ti_sysbios_knl_Task_blockI__E)
                  8035a300    00000140                  : BIOS.obj (.text:ti_sysbios_knl_Task_yield__E)
                  8035a440    00000140     ti.targets.rts6000.ae66 : Text.oe66 (.text:xdc_runtime_Text_putLab__F)
                  8035a580    00000120     stk6_ppp_pppoe.ae66 : bind6.oe66 (.text:Bind6LifetimeMgmt)
                  8035a6a0    00000120                         : bind.oe66 (.text:BindFree)
                  8035a7c0    00000120     nettool.ae66 : config.oe66 (.text:CfgFree)
                  8035a8e0    00000120                  : daemon.oe66 (.text:DaemonFree)
                  8035aa00    00000120     stk6_ppp_pppoe.ae66 : file.oe66 (.text:FdWaitEvent)
                  8035ab20    00000120                         : igmp.oe66 (.text:IGMPLeaveHostGroup)
                  8035ac40    00000120                         : ip.oe66 (.text:IPMsg)
                  8035ad60    00000120                         : ipin.oe66 (.text:IPRouteIP)
                  8035ae80    00000120                         : ipv6_frag.oe66 (.text:IPv6CreateFragQ)
                  8035afa0    00000120                         : ipv6.oe66 (.text:IPv6Init)
                  8035b0c0    00000120                         : icmpv6out.oe66 (.text:IsICMPv6ErrorPkt)
                  8035b1e0    00000120                         : md5.oe66 (.text:MD5Update)
                  8035b300    00000120                         : mld.oe66 (.text:MLDJoinGroup)
                  8035b420    00000120     netctrl.ae66 : netctrl.oe66 (.text:NC_SystemOpen)
                  8035b540    00000120     stk6_ppp_pppoe.ae66 : nimu.oe66 (.text:NIMUAddEthernetHeader)
                  8035b660    00000120     ti.drv.qmss.ae66 : qmss_acc.oe66 (.text:Qmss_disableAccumulator)
                  8035b780    00000120     stk6_ppp_pppoe.ae66 : raweth.oe66 (.text:RawEthRxPacket)
                  8035b8a0    00000120                         : raweth.oe66 (.text:RawEthTxPacket)
                  8035b9c0    00000120                         : sb.oe66 (.text:SBNew)
                  8035bae0    00000120     netctrl.ae66 : netsrv.oe66 (.text:SPConfig)
                  8035bc00    00000120                  : netsrv.oe66 (.text:SPService)
                  8035bd20    00000120     stk6_ppp_pppoe.ae66 : sock6.oe66 (.text:Sock6Disconnect)
                  8035be40    00000120                         : sock6.oe66 (.text:Sock6Shutdown)
                  8035bf60    00000120                         : sockpcb.oe66 (.text:SockPcbFindRaw)
                  8035c080    00000120                         : sock.oe66 (.text:SockShutdown)
                  8035c1a0    00000120                         : tcp6prot.oe66 (.text:TCP6PrAttach)
                  8035c2c0    00000120                         : tcpprot.oe66 (.text:TcpPrAttach)
                  8035c3e0    00000120     nettool.ae66 : telnetd.oe66 (.text:TelnetOpen)
                  8035c500    00000120     stk6_ppp_pppoe.ae66 : rtable.oe66 (.text:_RtNodeInsert)
                  8035c620    00000120     rts6600_elf.lib : fclose.obj (.text:_closefile)
                  8035c740    00000120                     : _printfi.obj (.text:_ltostr)
                  8035c860    00000120     os.ae66 : mem.oe66 (.text:_mmInit)
                  8035c980    00000120     nettool.ae66 : daemon.oe66 (.text:dchild)
                  8035caa0    00000120     stk6_ppp_pppoe.ae66 : fileuser.oe66 (.text:fdOpenSession)
                  8035cbc0    00000120     rts6600_elf.lib : fseek.obj (.text:fseek)
                  8035cce0    00000120     nettool.ae66 : http.oe66 (.text:httpOpen)
                  8035ce00    00000120     stk6_ppp_pppoe.ae66 : lcp.oe66 (.text:lcpOpen)
                  8035cf20    00000120                         : lcp.oe66 (.text:lcpReject)
                  8035d040    00000120                         : socket.oe66 (.text:socket)
                  8035d160    00000120     ipc.lib : Ipc.obj (.text:ti_sdo_ipc_MessageQ_Module_startup__F)
                  8035d280    00000120             : Ipc.obj (.text:ti_sdo_ipc_family_c647x_Interrupt_intRegister__E)
                  8035d3a0    00000120             : Ipc.obj (.text:ti_sdo_ipc_nsremote_NameServerRemoteNotify_Instance_finalize__F)
                  8035d4c0    00000120     sysbios.ae66 : BIOS.obj (.text:ti_sysbios_BIOS_rtsUnlock__I)
                  8035d5e0    00000120                  : BIOS.obj (.text:ti_sysbios_knl_Clock_startI__E)
                  8035d700    00000120     ti.targets.rts6000.ae66 : LoggerBuf.oe66 (.text:xdc_runtime_LoggerBuf_setFilterLevel__F)
                  8035d820    00000120                             : Text.oe66 (.text:xdc_runtime_Text_putMod__F)
                  8035d940    00000100     nettool.ae66 : config.oe66 (.text:CfgNew)
                  8035da40    00000100                  : config.oe66 (.text:CfgSetExecuteOrder)
                  8035db40    00000100     os.ae66 : ossys.oe66 (.text:DbgPrintf)
                  8035dc40    00000100     rts6600_elf.lib : trgdrv.obj (.text:HOSTlseek)
                  8035dd40    00000100     stk6_ppp_pppoe.ae66 : igmp.oe66 (.text:IGMPTimer)
                  8035de40    00000100                         : ipv6.oe66 (.text:IPv6GetSubnetMaskFromBits)
                  8035df40    00000100                         : ipv6_frag.oe66 (.text:IPv6ReasmTimeout)
                  8035e040    00000100                         : rtc.oe66 (.text:RTCMsg)
                  8035e140    00000100                         : rawethsock.oe66 (.text:RawEthSockCheck)
                  8035e240    00000100                         : route.oe66 (.text:RtRedirect)
                  8035e340    00000100                         : sockint.oe66 (.text:SockValidateRoute)
                  8035e440    00000100     nettool.ae66 : dhcpsm.oe66 (.text:StateSelecting)
                  8035e540    00000100     stk6_ppp_pppoe.ae66 : tcp6prot.oe66 (.text:TCP6PrInherit)
                  8035e640    00000100                         : tcp6time.oe66 (.text:TCP6XmitTimer)
                  8035e740    00000100                         : tcpprot.oe66 (.text:TcpPrInherit)
                  8035e840    00000100                         : tcptime.oe66 (.text:TcpXmitTimer)
                  8035e940    00000100                         : rtable.oe66 (.text:_RtNodeRemove)
                  8035ea40    00000100     rts6600_elf.lib : _io_perm.obj (.text:_wrt_ok)
                  8035eb40    00000100     stk6_ppp_pppoe.ae66 : file.oe66 (.text:fdint_unlockfd)
                  8035ec40    00000100                         : socket.oe66 (.text:listen)
                  8035ed40    00000100     os.ae66 : mem.oe66 (.text:mmFree)
                  8035ee40    00000100     ipc.lib : Ipc.obj (.text:ti_sdo_ipc_GateMP_start__F)
                  8035ef40    00000100             : Ipc.obj (.text:ti_sdo_ipc_Notify_Instance_finalize__F)
                  8035f040    00000100             : Ipc.obj (.text:ti_sdo_ipc_SharedRegion_attach__F)
                  8035f140    00000100             : Ipc.obj (.text:ti_sdo_ipc_SharedRegion_clearReservedMemory__F)
                  8035f240    00000100             : Ipc.obj (.text:ti_sdo_ipc_family_c647x_Interrupt_Module_startup__F)
                  8035f340    00000100             : Ipc.obj (.text:ti_sdo_ipc_gates_GateHWSem_Module_startup__F)
                  8035f440    00000100             : Ipc.obj (.text:ti_sdo_ipc_gates_GateMPSupportNull_enter__E)
                  8035f540    00000100             : Ipc.obj (.text:ti_sdo_ipc_gates_GateMPSupportNull_leave__E)
                  8035f640    00000100             : Ipc.obj (.text:ti_sdo_ipc_transports_TransportShmSetup_attach__E)
                  8035f740    00000100     sysbios.ae66 : BIOS.obj (.text:ti_sysbios_family_c64p_EventCombiner_dispatch__F)
                  8035f840    00000100                  : BIOS.obj (.text:ti_sysbios_family_c64p_Hwi_Instance_finalize__F)
                  8035f940    00000100                  : BIOS.obj (.text:ti_sysbios_gates_GateMutexPri_leave__E)
                  8035fa40    00000100                  : BIOS.obj (.text:ti_sysbios_knl_Swi_restoreHwi__E)
                  8035fb40    00000100                  : BIOS.obj (.text:ti_sysbios_timers_timer64_Timer_initDevice__I)
                  8035fc40    00000100     stk6_ppp_pppoe.ae66 : lliin.oe66 (.text:updateRtTable)
                  8035fd40    00000100     ti.targets.rts6000.ae66 : Core-mem.oe66 (.text:xdc_runtime_Core_deleteObject__I)
                  8035fe40    00000100                             : LoggerBuf.oe66 (.text:xdc_runtime_LoggerBuf_getFilterLevel__F)
                  8035ff40    00000100                             : Startup.oe66 (.text:xdc_runtime_Startup_exec__F)
                  80360040    00000100                             : Text.oe66 (.text:xdc_runtime_Text_visitRope2__I)
                  80360140    000000e0     stk6_ppp_pppoe.ae66 : bind6.oe66 (.text:Bind6GetLinkLocalAddress)
                  80360220    000000e0     nettool.ae66 : config.oe66 (.text:CfgGetEntryCnt)
                  80360300    000000e0                  : dhcpmain.oe66 (.text:DHCPClose)
                  803603e0    000000e0     rts6600_elf.lib : trgdrv.obj (.text:HOSTopen)
                  803604c0    000000e0     stk6_ppp_pppoe.ae66 : icmpv6in.oe66 (.text:ICMPv6SocketErrorInterface)
                  803605a0    000000e0                         : igmp.oe66 (.text:IGMPLeave)
                  80360680    000000e0                         : ipv6_frag.oe66 (.text:IPv6FindFragQ)
                  80360760    000000e0                         : ipv6.oe66 (.text:IPv6Layer4ComputeChecksum)
                  80360840    000000e0                         : lli6.oe66 (.text:LLI6Msg)
                  80360920    000000e0                         : lli6.oe66 (.text:LLI6Update)
                  80360a00    000000e0                         : mld.oe66 (.text:MLDFindMulticastNode)
                  80360ae0    000000e0                         : nimu.oe66 (.text:NIMUAllocateIndex)
                  80360bc0    000000e0                         : nimu.oe66 (.text:NIMUAllocateName)
                  80360ca0    000000e0                         : node.oe66 (.text:NodeDeRef)
                  80360d80    000000e0                         : node.oe66 (.text:NodeNew)
                  80360e60    000000e0                         : node.oe66 (.text:NodeTreeNew)
                  80360f40    000000e0                         : pbm.oe66 (.text:PBMQ_enq)
                  80361020    000000e0                         : pbm.oe66 (.text:PBM_copy)
                  80361100    000000e0                         : rawethsock.oe66 (.text:RawEthSockNotify)
                  803611e0    000000e0                         : rawethsock_pcb.oe66 (.text:RawEthSockPcbAttach)
                  803612c0    000000e0                         : rawethsock.oe66 (.text:RawEthSockSend)
                  803613a0    000000e0                         : route6.oe66 (.text:Route6Msg)
                  80361480    000000e0                         : route.oe66 (.text:RtDeRef)
                  80361560    000000e0                         : route.oe66 (.text:RtRemove)
                  80361640    000000e0                         : sb.oe66 (.text:SBReadNC)
                  80361720    000000e0                         : sb.oe66 (.text:SBSetMax)
                  80361800    000000e0                         : sock6int.oe66 (.text:Sock6SpawnAbort)
                  803618e0    000000e0                         : sock6int.oe66 (.text:Sock6ValidateRoute)
                  803619c0    000000e0                         : sock.oe66 (.text:SockDisconnect)
                  80361aa0    000000e0                         : sockint.oe66 (.text:SockSpawnAbort)
                  80361b80    000000e0                         : tcp6prot.oe66 (.text:TCP6PrDetach)
                  80361c60    000000e0                         : tcp6prot.oe66 (.text:TCP6PrDisconnect)
                  80361d40    000000e0                         : tcp6prot.oe66 (.text:TCP6ValidateMetrics)
                  80361e20    000000e0                         : tcpprot.oe66 (.text:TcpPrDetach)
                  80361f00    000000e0                         : tcpprot.oe66 (.text:TcpPrDisconnect)
                  80361fe0    000000e0                         : tcpprot.oe66 (.text:TcpValidateMetrics)
                  803620c0    000000e0                         : timer.oe66 (.text:TimerListInsert)
                  803621a0    000000e0                         : udp.oe66 (.text:UdpChecksum)
                  80362280    000000e0                         : vlan.oe66 (.text:VLANDeinit)
                  80362360    000000e0                         : vlan.oe66 (.text:VLANReceivePacket)
                  80362440    000000e0     nettool.ae66 : config.oe66 (.text:_CfgEntryScan)
                  80362520    000000e0     stk6_ppp_pppoe.ae66 : lli.oe66 (.text:_LLIExpListInsert)
                  80362600    000000e0                         : rtable.oe66 (.text:_RtExpListInsert)
                  803626e0    000000e0     rts6600_elf.lib : divi.obj (.text:__divi)
                  803627c0    000000e0                     : _printfi.obj (.text:_div)
                  803628a0    000000e0                     : atoi.obj (.text:atoi)
                  80362980    000000e0                     : lowlev.obj (.text:close)
                  80362a60    000000e0                     : copy_zero_init.obj (.text:decompress:ZI:__TI_zero_init)
                  80362b40    000000e0     os.ae66 : efs.oe66 (.text:efs_internal_remove)
                  80362c20    000000e0     stk6_ppp_pppoe.ae66 : file.oe66 (.text:fdint_lockfd)
                  80362d00    000000e0     rts6600_elf.lib : fflush.obj (.text:fflush)
                  80362de0    000000e0     nettool.ae66 : httpclie.oe66 (.text:httpGetMimeBits)
                  80362ec0    000000e0     os.ae66 : task.oe66 (.text:llExit)
                  80362fa0    000000e0     rts6600_elf.lib : ltoa.obj (.text:ltoa)
                  80363080    000000e0                     : memset.obj (.text:memset)
                  80363160    000000e0     os.ae66 : mem.oe66 (.text:mmBulkAlloc)
                  80363240    000000e0     stk6_ppp_pppoe.ae66 : nimuppp.oe66 (.text:pppFree)
                  80363320    000000e0     rts6600_elf.lib : printf.obj (.text:printf)
                  80363400    000000e0     helloWorld_pe66.oe66 (.text:ti_sdo_ipc_Notify_Object__create__S)
                  803634e0    000000e0     ipc.lib : Ipc.obj (.text:ti_sdo_ipc_family_c647x_NotifySetup_attach__E)
                  803635c0    000000e0             : Ipc.obj (.text:ti_sdo_ipc_gates_GateHWSem_enter__E)
                  803636a0    000000e0     sysbios.ae66 : BIOS.obj (.text:ti_sysbios_family_c64p_Hwi_Instance_init__F)
                  80363780    000000e0     helloWorld_pe66.oe66 (.text:ti_sysbios_family_c64p_Hwi_Object__create__S)
                  80363860    000000e0     sysbios.ae66 : BIOS.obj (.text:ti_sysbios_knl_Clock_start__E)
                  80363940    000000e0     ti.targets.rts6000.ae66 : Error.oe66 (.text:xdc_runtime_Error_print__F)
                  80363a20    000000e0                             : Memory.oe66 (.text:xdc_runtime_Memory_alloc__F)
                  80363b00    000000c0     rts6600_elf.lib : trgdrv.obj (.text:HOSTread)
                  80363bc0    000000c0                     : trgdrv.obj (.text:HOSTunlink)
                  80363c80    000000c0                     : trgdrv.obj (.text:HOSTwrite)
                  80363d40    000000c0     ipc.lib : Ipc.obj (.text:HeapMemMP_create)
                  80363e00    000000c0     stk6_ppp_pppoe.ae66 : icmpv6in.oe66 (.text:ICMPv6RecvDstUnreachable)
                  80363ec0    000000c0                         : lli.oe66 (.text:LLIGetValidTime)
                  80363f80    000000c0                         : lli.oe66 (.text:LLIMsg)
                  80364040    000000c0     ipc.lib : Ipc.obj (.text:ListMP_create)
                  80364100    000000c0     stk6_ppp_pppoe.ae66 : mld.oe66 (.text:MLDCreateMulticastNode)
                  803641c0    000000c0                         : mld.oe66 (.text:MLDLeaveGroup)
                  80364280    000000c0                         : nimu.oe66 (.text:NIMUFindByName)
                  80364340    000000c0     netctrl.ae66 : netsrv.oe66 (.text:NS_BootTask)
                  80364400    000000c0     stk6_ppp_pppoe.ae66 : node.oe66 (.text:NodeUpdatePL)
                  803644c0    000000c0     nettool.ae66 : ipaddr.oe66 (.text:NtIfIdx2Ip)
                  80364580    000000c0     ti.drv.qmss.ae66 : qmss_drv.oe66 (.text:Qmss_setEoiVector)
                  80364640    000000c0     stk6_ppp_pppoe.ae66 : route6.oe66 (.text:Rt6FindDefaultRouter)
                  80364700    000000c0                         : rtable.oe66 (.text:RtWalkBegin)
                  803647c0    000000c0                         : sb6.oe66 (.text:SB6Flush)
                  80364880    000000c0                         : sb6.oe66 (.text:SB6SetMax)
                  80364940    000000c0                         : sb.oe66 (.text:SBFlush)
                  80364a00    000000c0                         : sock6.oe66 (.text:Sock6IntAbort)
                  80364ac0    000000c0                         : sock6pcb.oe66 (.text:Sock6PcbResolveChain)
                  80364b80    000000c0                         : sock6pcb.oe66 (.text:Sock6PcbRtChange)
                  80364c40    000000c0                         : sock.oe66 (.text:SockIntAbort)
                  80364d00    000000c0                         : sockpcb.oe66 (.text:SockPcbRtChange)
                  80364dc0    000000c0                         : tcp6prot.oe66 (.text:TCP6Close)
                  80364e80    000000c0                         : tcp6time.oe66 (.text:TCP6TimeoutSackRexmt)
                  80364f40    000000c0     os.ae66 : task.oe66 (.text:TaskGetEnv)
                  80365000    000000c0     stk6_ppp_pppoe.ae66 : tcp.oe66 (.text:TcpChecksum)
                  803650c0    000000c0                         : tcpprot.oe66 (.text:TcpClose)
                  80365180    000000c0                         : tcptime.oe66 (.text:TcpTimeoutSackRexmt)
                  80365240    000000c0                         : bind6.oe66 (.text:_Bind6FindByHostInList)
                  80365300    000000c0                         : bind6.oe66 (.text:_Bind6FindByNetInList)
                  803653c0    000000c0     rts6600_elf.lib : dtor_list.obj (.text:_Z11__TI_atexitPFYvPvES_S_)
                  80365480    000000c0                     : dtor_list.obj (.text:__cxa_finalize)
                  80365540    000000c0                     : divu.obj (.text:__divu)
                  80365600    000000c0                     : remi.obj (.text:__remi)
                  803656c0    000000c0                     : fflush.obj (.text:_doflush)
                  80365780    000000c0     ti.drv.cppi.ae66 : cppi_listlib.oe66 (.text:cppi_list_remove_node)
                  80365840    000000c0     nettool.ae66 : dhcptags.oe66 (.text:dhcpOptionsClear)
                  80365900    000000c0     os.ae66 : efs.oe66 (.text:efs_fopen)
                  803659c0    000000c0     rts6600_elf.lib : exit.obj (.text:exit)
                  80365a80    000000c0     nettool.ae66 : httpsend.oe66 (.text:httpSendFullResponse)
                  80365b40    000000c0     os.ae66 : mem.oe66 (.text:mmZeroInit)
                  80365c00    000000c0     stk6_ppp_pppoe.ae66 : nimuppp.oe66 (.text:pppAddIP)
                  80365cc0    000000c0     helloWorld_pe66.oe66 (.text:ti_sdo_ipc_GateMP_Object__create__S)
                  80365d80    000000c0     ipc.lib : Ipc.obj (.text:ti_sdo_ipc_GateMP_getRegion0ReservedSize__F)
                  80365e40    000000c0     helloWorld_pe66.oe66 (.text:ti_sdo_ipc_ListMP_Object__create__S)
                  80365f00    000000c0     ipc.lib : Ipc.obj (.text:ti_sdo_ipc_Notify_execMany__I)
                  80365fc0    000000c0             : Ipc.obj (.text:ti_sdo_ipc_family_c647x_Interrupt_intShmStub__I)
                  80366080    000000c0     helloWorld_pe66.oe66 (.text:ti_sdo_ipc_gates_GatePeterson_Object__create__S)
                  80366140    000000c0     helloWorld_pe66.oe66 (.text:ti_sdo_ipc_heaps_HeapMemMP_Object__create__S)
                  80366200    000000c0     helloWorld_pe66.oe66 (.text:ti_sdo_ipc_notifyDrivers_NotifyDriverShm_Object__create__S)
                  803662c0    000000c0     helloWorld_pe66.oe66 (.text:ti_sdo_ipc_nsremote_NameServerRemoteNotify_Object__create__S)
                  80366380    000000c0     helloWorld_pe66.oe66 (.text:ti_sdo_ipc_transports_TransportShm_Object__create__S)
                  80366440    000000c0     sysbios.ae66 : BIOS.obj (.text:ti_sysbios_BIOS_errorRaiseHook__I)
                  80366500    000000c0                  : BIOS.obj (.text:ti_sysbios_gates_GateAll_leave__E)
                  803665c0    000000c0                  : BIOS.obj (.text:ti_sysbios_heaps_HeapMem_getStats__E)
                  80366680    000000c0                  : BIOS.obj (.text:ti_sysbios_knl_Clock_logTick__E)
                  80366740    000000c0                  : BIOS.obj (.text:ti_sysbios_knl_Swi_Instance_finalize__F)
                  80366800    000000c0     helloWorld_pe66.oe66 (.text:ti_sysbios_knl_Swi_Object__create__S)
                  803668c0    000000c0     helloWorld_pe66.oe66 (.text:ti_sysbios_knl_Task_Object__create__S)
                  80366980    000000c0     sysbios.ae66 : BIOS.obj (.text:ti_sysbios_knl_Task_allBlockedFunction__I)
                  80366a40    000000c0                  : BIOS.obj (.text:ti_sysbios_timers_timer64_Timer_startup__E)
                  80366b00    000000c0     ti.targets.rts6000.ae66 : LoggerBuf.oe66 (.text:xdc_runtime_LoggerBuf_Instance_init__F)
                  80366bc0    000000c0     helloWorld_pe66.oe66 (.text:xdc_runtime_LoggerBuf_Object__create__S)
                  80366c80    000000c0     ti.targets.rts6000.ae66 : System.oe66 (.text:xdc_runtime_System_formatNum__I)
                  80366d40    000000c0     helloWorld_pe66.oe66 (.text:xdc_runtime_knl_GateThread_Object__create__S)
                  80366e00    000000a0     nettool.ae66 : config.oe66 (.text:CfgEntryDeRef)
                  80366ea0    000000a0                  : config.oe66 (.text:CfgEntryGetData)
                  80366f40    000000a0                  : config.oe66 (.text:CfgGetImmediate)
                  80366fe0    000000a0                  : telnetd.oe66 (.text:CmdWriteBytes)
                  80367080    000000a0                  : telnetd.oe66 (.text:CmdWriteCmd)
                  80367120    000000a0     ti.drv.cppi.ae66 : cppi_drv.oe66 (.text:Cppi_channelEnable)
                  803671c0    000000a0     stk6_ppp_pppoe.ae66 : file.oe66 (.text:FdSignalEvent)
                  80367260    000000a0     rts6600_elf.lib : trgdrv.obj (.text:HOSTclose)
                  80367300    000000a0     stk6_ppp_pppoe.ae66 : ipfrag.oe66 (.text:IPReasmFree)
                  803673a0    000000a0                         : ipfrag.oe66 (.text:IPReasmTimeout)
                  80367440    000000a0                         : ipv6.oe66 (.text:IPv6CompareAddress)
                  803674e0    000000a0                         : lliin.oe66 (.text:LLIValidateRoute)
                  80367580    000000a0                         : md5.oe66 (.text:MD5Final)
                  80367620    000000a0                         : nimu.oe66 (.text:NIMUShutdown)
                  803676c0    000000a0                         : nimu.oe66 (.text:NIMUUnregister)
                  80367760    000000a0     nettool.ae66 : ipaddr.oe66 (.text:NtAddNetwork)
                  80367800    000000a0     stk6_ppp_pppoe.ae66 : pbm.oe66 (.text:PBM_open)
                  803678a0    000000a0                         : pipe.oe66 (.text:PipeCheck)
                  80367940    000000a0     ti.drv.qmss.ae66 : qmss_drv.oe66 (.text:Qmss_queueClose)
                  803679e0    000000a0                      : qmss_drv.oe66 (.text:Qmss_startCfg)
                  80367a80    000000a0     stk6_ppp_pppoe.ae66 : rtable.oe66 (.text:RouteMsg)
                  80367b20    000000a0                         : route.oe66 (.text:RtNew)
                  80367bc0    000000a0                         : sb6.oe66 (.text:SB6Free)
                  80367c60    000000a0                         : sb.oe66 (.text:SBFree)
                  80367d00    000000a0     os.ae66 : semaphore.oe66 (.text:SemCreate)
                  80367da0    000000a0             : semaphore.oe66 (.text:SemCreateBinary)
                  80367e40    000000a0     stk6_ppp_pppoe.ae66 : sock6pcb.oe66 (.text:Sock6CleanPcb)
                  80367ee0    000000a0                         : sock6.oe66 (.text:Sock6GetName)
                  80367f80    000000a0                         : sock.oe66 (.text:SockBind)
                  80368020    000000a0                         : sockpcb.oe66 (.text:SockCleanPcb)
                  803680c0    000000a0                         : sockpcb.oe66 (.text:SockPcbResolveChain)
                  80368160    000000a0                         : tcp6prot.oe66 (.text:TCP6Drop)
                  80368200    000000a0                         : tcp6prot.oe66 (.text:TCP6PrCtlError)
                  803682a0    000000a0                         : tcp6prot.oe66 (.text:TCP6PrSend)
                  80368340    000000a0                         : tcp6prot.oe66 (.text:TCP6PrSendOOB)
                  803683e0    000000a0     os.ae66 : task.oe66 (.text:TaskCreate)
                  80368480    000000a0     stk6_ppp_pppoe.ae66 : tcpprot.oe66 (.text:TcpDrop)
                  80368520    000000a0                         : tcpprot.oe66 (.text:TcpPrCtlError)
                  803685c0    000000a0                         : tcpprot.oe66 (.text:TcpPrSend)
                  80368660    000000a0                         : tcpprot.oe66 (.text:TcpPrSendOOB)
                  80368700    000000a0                         : timer.oe66 (.text:TimerNew)
                  803687a0    000000a0     nettool.ae66 : config.oe66 (.text:_CfgRelease)
                  80368840    000000a0     stk6_ppp_pppoe.ae66 : lli.oe66 (.text:_LLITimeoutFlush)
                  803688e0    000000a0     rts6600_elf.lib : remu.obj (.text:__remu)
                  80368980    000000a0     boot.ae66 : boot.oe66 (.text:_c_int00)
                  80368a20    000000a0     rts6600_elf.lib : fopen.obj (.text:_cleanup)
                  80368ac0    000000a0                     : _printfi.obj (.text:_ecpy)
                  80368b60    000000a0                     : _printfi.obj (.text:_fcpy)
                  80368c00    000000a0                     : _printfi.obj (.text:_pconv_f)
                  80368ca0    000000a0     sysbios.ae66 : c64p_Hwi_asm.obj (.text:_ti_sysbios_family_c64p_Hwi_plug__E)
                  80368d40    000000a0     stk6_ppp_pppoe.ae66 : auth.oe66 (.text:authStart)
                  80368de0    000000a0     ti.drv.cppi.ae66 : cppi_heap.oe66 (.text:cppi_internal_heap_malloc)
                  80368e80    000000a0                      : cppi_listlib.oe66 (.text:cppi_list_cat)
                  80368f20    000000a0     nettool.ae66 : dhcpbild.oe66 (.text:dhcpBuildDecline)
                  80368fc0    000000a0                  : dhcpsm.oe66 (.text:dhcpIPRemove)
                  80369060    000000a0     os.ae66 : efs.oe66 (.text:efs_filesend)
                  80369100    000000a0     stk6_ppp_pppoe.ae66 : fileuser.oe66 (.text:fdCloseSession)
                  803691a0    000000a0     rts6600_elf.lib : lowlev.obj (.text:finddevice)
                  80369240    000000a0     stk6_ppp_pppoe.ae66 : lcp.oe66 (.text:lcpInit)
                  803692e0    000000a0                         : lcp.oe66 (.text:lcpSendTerm)
                  80369380    000000a0                         : sock6.oe66 (.text:leaveGroup)
                  80369420    000000a0     hal_timer_bios.ae66 : lltimer.oe66 (.text:llTimerTick)
                  803694c0    000000a0     rts6600_elf.lib : lowlev.obj (.text:lseek)
                  80369560    000000a0                     : memcpy64.obj (.text:memcpy)
                  80369600    000000a0     os.ae66 : mem.oe66 (.text:mmBulkFree)
                  803696a0    000000a0             : mem.oe66 (.text:mmInitPage)
                  80369740    000000a0     ti.drv.pa.ae66 : pa.oe66 (.text:pa_format_fcmd_header)
                  803697e0    000000a0                    : pa.oe66 (.text:pa_pdsp_run)
                  80369880    000000a0     os.ae66 : ossys.oe66 (.text:stricmp)
                  80369920    000000a0     rts6600_elf.lib : strstr.obj (.text:strstr)
                  803699c0    000000a0     ipc.lib : Ipc.obj (.text:ti_sdo_ipc_family_c647x_Interrupt_intUnregister__E)
                  80369a60    000000a0             : Ipc.obj (.text:ti_sdo_ipc_gates_GatePeterson_leave__E)
                  80369b00    000000a0             : Ipc.obj (.text:ti_sdo_ipc_notifyDrivers_NotifyDriverShm_Instance_finalize__F)
                  80369ba0    000000a0     sysbios.ae66 : BIOS.obj (.text:ti_sysbios_family_c64p_Hwi_eventMap__E)
                  80369c40    000000a0                  : BIOS.obj (.text:ti_sysbios_family_c64p_Hwi_getStackInfo__E)
                  80369ce0    000000a0                  : BIOS.obj (.text:ti_sysbios_gates_GateSwi_leave__E)
                  80369d80    000000a0                  : BIOS.obj (.text:ti_sysbios_heaps_HeapMem_init__I)
                  80369e20    000000a0                  : BIOS.obj (.text:ti_sysbios_knl_Idle_run__E)
                  80369ec0    000000a0                  : BIOS.obj (.text:ti_sysbios_knl_Semaphore_pendTimeout__I)
                  80369f60    000000a0                  : BIOS.obj (.text:ti_sysbios_knl_Task_deleteTerminatedTasksFunc__I)
                  8036a000    000000a0                  : BIOS.obj (.text:ti_sysbios_knl_Task_processVitalTaskFlag__I)
                  8036a0a0    000000a0                  : BIOS.obj (.text:ti_sysbios_timers_timer64_Timer_stop__E)
                  8036a140    000000a0     rts6600_elf.lib : lowlev.obj (.text:write)
                  8036a1e0    000000a0     ti.targets.rts6000.ae66 : Assert.oe66 (.text:xdc_runtime_Assert_raise__I)
                  8036a280    000000a0                             : LoggerBuf.oe66 (.text:xdc_runtime_LoggerBuf_Module_startup__F)
                  8036a320    000000a0     helloWorld_pe66.oe66 (.text:xdc_runtime_LoggerBuf_write8__E)
                  8036a3c0    000000a0     ti.targets.rts6000.ae66 : Text.oe66 (.text:xdc_runtime_Text_xprintf__I)
                  8036a460    00000080     ti.drv.cppi.ae66 : cppi_drv.oe66 (.text:Cppi_setCpdmaLoopback)
                  8036a4e0    00000080     stk6_ppp_pppoe.ae66 : md5.oe66 (.text:Decode)
                  8036a560    00000080                         : icmp.oe66 (.text:ICMPChecksum)
                  8036a5e0    00000080                         : icmpv6in.oe66 (.text:ICMPv6RecvParamProblem)
                  8036a660    00000080                         : icmpv6_ndisc.oe66 (.text:ICMPv6RecvRS)
                  8036a6e0    00000080                         : icmpv6in.oe66 (.text:ICMPv6RecvTimeExceeded)
                  8036a760    00000080                         : ipv6out.oe66 (.text:IPv6GetRoute)
                  8036a7e0    00000080                         : lli6.oe66 (.text:LLI6Free)
                  8036a860    00000080                         : lli6.oe66 (.text:LLI6IsRouterStatMachine)
                  8036a8e0    00000080                         : nimu.oe66 (.text:NIMUInit)
                  8036a960    00000080                         : pbm.oe66 (.text:PBMQ_deq)
                  8036a9e0    00000080                         : nimuppp.oe66 (.text:PPPSend)
                  8036aa60    00000080     ti.drv.pa.ae66 : painit.oe66 (.text:Pa_getBufferReq)
                  8036aae0    00000080     stk6_ppp_pppoe.ae66 : pipe.oe66 (.text:PipeClose)
                  8036ab60    00000080     ti.drv.qmss.ae66 : qmss_drv.oe66 (.text:Qmss_getMemRegQueueHandle)
                  8036abe0    00000080                      : qmss_drv.oe66 (.text:Qmss_queueOpen)
                  8036ac60    00000080     stk6_ppp_pppoe.ae66 : rawethsock.oe66 (.text:RawEthSockClose)
                  8036ace0    00000080                         : rawethsock_pcb.oe66 (.text:RawEthSockPcbDetach)
                  8036ad60    00000080                         : route6.oe66 (.text:Rt6Update)
                  8036ade0    00000080                         : route.oe66 (.text:RtSetFailure)
                  8036ae60    00000080                         : route.oe66 (.text:RtSetTimeout)
                  8036aee0    00000080                         : sock6.oe66 (.text:Sock6Bind)
                  8036af60    00000080                         : sock6pcb.oe66 (.text:Sock6PcbCleanup)
                  8036afe0    00000080                         : sock.oe66 (.text:SockGetName)
                  8036b060    00000080                         : sockpcb.oe66 (.text:SockPcbCleanup)
                  8036b0e0    00000080                         : sockpcb.oe66 (.text:SockPcbDetach)
                  8036b160    00000080                         : tcp6prot.oe66 (.text:TCP6PrListen)
                  8036b1e0    00000080     os.ae66 : task.oe66 (.text:TaskSetEnv)
                  8036b260    00000080     stk6_ppp_pppoe.ae66 : tcpprot.oe66 (.text:TcpPrListen)
                  8036b2e0    00000080                         : timer.oe66 (.text:TimerHSTick)
                  8036b360    00000080                         : timer.oe66 (.text:TimerListRemove)
                  8036b3e0    00000080     nettool.ae66 : config.oe66 (.text:_CfgAcquire)
[...]
8038e164   ti_sysbios_family_c64p_Hwi_Module__loggerFxn8__C
8038e168   ti_sysbios_family_c64p_Hwi_Module__loggerObj__C
8038e16c   ti_sysbios_family_c66_Cache_atomicBlockSize__C
8038e170   ti_sysbios_gates_GateMutexPri_A_badContext__C
8038e174   ti_sysbios_gates_GateMutexPri_A_enterTaskDisabled__C
8038e178   ti_sysbios_gates_GateMutexPri_Instance_State_pendQ__O
8038e17c   ti_sysbios_gates_GateMutexPri_Module__diagsEnabled__C
8038e180   ti_sysbios_gates_GateMutexPri_Module__diagsIncluded__C
8038e184   ti_sysbios_gates_GateMutexPri_Module__diagsMask__C
8038e188   ti_sysbios_gates_GateMutex_A_badContext__C
8038e18c   ti_sysbios_gates_GateMutex_Instance_State_sem__O
8038e190   ti_sysbios_gates_GateMutex_Module__diagsEnabled__C
8038e194   ti_sysbios_gates_GateMutex_Module__diagsIncluded__C
8038e198   ti_sysbios_gates_GateMutex_Module__diagsMask__C
8038e19c   ti_sysbios_gates_GateSwi_A_badContext__C
8038e1a0   ti_sysbios_gates_GateSwi_Module__diagsEnabled__C
8038e1a4   ti_sysbios_gates_GateSwi_Module__diagsIncluded__C
8038e1a8   ti_sysbios_gates_GateSwi_Module__diagsMask__C
8038e1ac   ti_sysbios_hal_Hwi_E_stackOverflow__C
8038e1b0   ti_sysbios_heaps_HeapBuf_Instance_State_freeList__O
8038e1b4   ti_sysbios_heaps_HeapBuf_Object__count__C
8038e1b8   ti_sysbios_heaps_HeapBuf_Object__table__C
8038e1bc   ti_sysbios_heaps_HeapBuf_numConstructedHeaps__C
8038e1c0   ti_sysbios_heaps_HeapMem_A_align__C
8038e1c4   ti_sysbios_heaps_HeapMem_A_heapSize__C
8038e1c8   ti_sysbios_heaps_HeapMem_A_invalidFree__C
8038e1cc   ti_sysbios_heaps_HeapMem_A_zeroBlock__C
8038e1d0   ti_sysbios_heaps_HeapMem_E_memory__C
8038e1d4   ti_sysbios_heaps_HeapMem_Module__diagsEnabled__C
8038e1d8   ti_sysbios_heaps_HeapMem_Module__diagsIncluded__C
8038e1dc   ti_sysbios_heaps_HeapMem_Module__diagsMask__C
8038e1e0   ti_sysbios_heaps_HeapMem_Module__gateObj__C
8038e1e4   ti_sysbios_heaps_HeapMem_Object__count__C
8038e1e8   ti_sysbios_heaps_HeapMem_Object__table__C
8038e1ec   ti_sysbios_heaps_HeapMem_reqAlign__C
8038e1f0   ti_sysbios_knl_Clock_A_badThreadType__C
8038e1f4   ti_sysbios_knl_Clock_LM_begin__C
8038e1f8   ti_sysbios_knl_Clock_LM_tick__C
8038e1fc   ti_sysbios_knl_Clock_LW_delayed__C
8038e200   ti_sysbios_knl_Clock_Module_State_clockQ__O
8038e204   ti_sysbios_knl_Clock_Module__diagsEnabled__C
8038e208   ti_sysbios_knl_Clock_Module__diagsIncluded__C
8038e20c   ti_sysbios_knl_Clock_Module__diagsMask__C
8038e210   ti_sysbios_knl_Clock_Module__loggerFxn1__C
8038e214   ti_sysbios_knl_Clock_Module__loggerFxn2__C
8038e218   ti_sysbios_knl_Clock_Module__loggerObj__C
8038e21c   ti_sysbios_knl_Clock_tickMode__C
8038e220   ti_sysbios_knl_Clock_tickSource__C
8038e224   ti_sysbios_knl_Queue_Object__count__C
8038e228   ti_sysbios_knl_Queue_Object__table__C
8038e22c   ti_sysbios_knl_Semaphore_A_badContext__C
8038e230   ti_sysbios_knl_Semaphore_A_noEvents__C
8038e234   ti_sysbios_knl_Semaphore_A_overflow__C
8038e238   ti_sysbios_knl_Semaphore_A_pendTaskDisabled__C
8038e23c   ti_sysbios_knl_Semaphore_Instance_State_pendQ__O
8038e240   ti_sysbios_knl_Semaphore_LM_pend__C
8038e244   ti_sysbios_knl_Semaphore_LM_post__C
8038e248   ti_sysbios_knl_Semaphore_Module__diagsEnabled__C
8038e24c   ti_sysbios_knl_Semaphore_Module__diagsIncluded__C
8038e250   ti_sysbios_knl_Semaphore_Module__diagsMask__C
8038e254   ti_sysbios_knl_Semaphore_Module__loggerFxn2__C
8038e258   ti_sysbios_knl_Semaphore_Module__loggerFxn4__C
8038e25c   ti_sysbios_knl_Semaphore_Module__loggerObj__C
8038e260   ti_sysbios_knl_Swi_A_badPriority__C
8038e264   ti_sysbios_knl_Swi_LD_end__C
8038e268   ti_sysbios_knl_Swi_LM_begin__C
8038e26c   ti_sysbios_knl_Swi_LM_post__C
8038e270   ti_sysbios_knl_Swi_Module__diagsEnabled__C
8038e274   ti_sysbios_knl_Swi_Module__diagsIncluded__C
8038e278   ti_sysbios_knl_Swi_Module__diagsMask__C
8038e27c   ti_sysbios_knl_Swi_Module__loggerFxn1__C
8038e280   ti_sysbios_knl_Swi_Module__loggerFxn4__C
8038e284   ti_sysbios_knl_Swi_Module__loggerObj__C
8038e288   ti_sysbios_knl_Swi_Object__count__C
8038e28c   ti_sysbios_knl_Swi_Object__table__C
8038e290   ti_sysbios_knl_Swi_numPriorities__C
8038e294   ti_sysbios_knl_Task_A_badPriority__C
8038e298   ti_sysbios_knl_Task_A_badTaskState__C
8038e29c   ti_sysbios_knl_Task_A_badThreadType__C
8038e2a0   ti_sysbios_knl_Task_A_badTimeout__C
8038e2a4   ti_sysbios_knl_Task_A_noPendElem__C
8038e2a8   ti_sysbios_knl_Task_A_sleepTaskDisabled__C
8038e2ac   ti_sysbios_knl_Task_E_deleteNotAllowed__C
8038e2b0   ti_sysbios_knl_Task_E_spOutOfBounds__C
8038e2b4   ti_sysbios_knl_Task_E_stackOverflow__C
8038e2b8   ti_sysbios_knl_Task_LD_block__C
8038e2bc   ti_sysbios_knl_Task_LD_exit__C
8038e2c0   ti_sysbios_knl_Task_LD_ready__C
8038e2c4   ti_sysbios_knl_Task_LM_setPri__C
8038e2c8   ti_sysbios_knl_Task_LM_sleep__C
8038e2cc   ti_sysbios_knl_Task_LM_switch__C
8038e2d0   ti_sysbios_knl_Task_LM_yield__C
8038e2d4   ti_sysbios_knl_Task_Module_State_inactiveQ__O
8038e2d8   ti_sysbios_knl_Task_Module_State_terminatedQ__O
8038e2dc   ti_sysbios_knl_Task_Module__diagsEnabled__C
8038e2e0   ti_sysbios_knl_Task_Module__diagsIncluded__C
8038e2e4   ti_sysbios_knl_Task_Module__diagsMask__C
8038e2e8   ti_sysbios_knl_Task_Module__loggerFxn2__C
8038e2ec   ti_sysbios_knl_Task_Module__loggerFxn4__C
8038e2f0   ti_sysbios_knl_Task_Module__loggerObj__C
8038e2f4   ti_sysbios_knl_Task_Object__count__C
8038e2f8   ti_sysbios_knl_Task_Object__heap__C
8038e2fc   ti_sysbios_knl_Task_Object__table__C
8038e300   ti_sysbios_knl_Task_allBlockedFunc__C
8038e304   ti_sysbios_knl_Task_defaultStackHeap__C
8038e308   ti_sysbios_knl_Task_defaultStackSize__C
8038e30c   ti_sysbios_knl_Task_numConstructedTasks__C
8038e310   ti_sysbios_knl_Task_numPriorities__C
8038e314   ti_sysbios_timers_timer64_Timer_A_notAvailable__C
8038e318   ti_sysbios_timers_timer64_Timer_E_cannotSupport__C
8038e31c   ti_sysbios_timers_timer64_Timer_Module__diagsEnabled__C
8038e320   ti_sysbios_timers_timer64_Timer_Module__diagsIncluded__C
8038e324   ti_sysbios_timers_timer64_Timer_Module__diagsMask__C
8038e328   ti_sysbios_timers_timer64_Timer_anyMask__C
8038e32c   ti_sysbios_timers_timer64_Timer_freqDivisor__C
8038e330   ti_sysbios_timers_timer64_Timer_numLocalTimers__C
8038e334   ti_sysbios_timers_timer64_Timer_numTimerDevices__C
8038e338   ti_sysbios_xdcruntime_GateThreadSupport_Instance_State_gate__O
8038e33c   xdc_runtime_Assert_E_assertFailed__C
8038e340   xdc_runtime_Core_A_initializedParams__C
8038e344   xdc_runtime_Core_Module__diagsEnabled__C
8038e348   xdc_runtime_Core_Module__diagsIncluded__C
8038e34c   xdc_runtime_Core_Module__diagsMask__C
8038e350   xdc_runtime_Error_E_memory__C
8038e354   xdc_runtime_Error_Module__diagsEnabled__C
8038e358   xdc_runtime_Error_Module__diagsIncluded__C
8038e35c   xdc_runtime_Error_Module__diagsMask__C
8038e360   xdc_runtime_Error_Module__loggerFxn8__C
8038e364   xdc_runtime_Error_Module__loggerObj__C
8038e368   xdc_runtime_Error_policy__C
8038e36c   xdc_runtime_Error_raiseHook__C
8038e370   xdc_runtime_IFilterLogger_Interface__BASE__C
8038e374   xdc_runtime_IGateProvider_Interface__BASE__C
8038e378   xdc_runtime_IHeap_Interface__BASE__C
8038e37c   xdc_runtime_ILogger_Interface__BASE__C
8038e380   xdc_runtime_IModule_Interface__BASE__C
8038e384   xdc_runtime_Log_L_error__C
8038e388   xdc_runtime_LoggerBuf_E_badLevel__C
8038e38c   xdc_runtime_LoggerBuf_Module__gateObj__C
8038e390   xdc_runtime_LoggerBuf_Object__count__C
8038e394   xdc_runtime_LoggerBuf_Object__table__C
8038e398   xdc_runtime_LoggerBuf_statusLogger__C
8038e39c   xdc_runtime_Memory_defaultHeapInstance__C
8038e3a0   xdc_runtime_Startup_execImpl__C
8038e3a4   xdc_runtime_Startup_maxPasses__C
8038e3a8   xdc_runtime_Startup_sfxnRts__C
8038e3ac   xdc_runtime_Startup_sfxnTab__C
8038e3b0   xdc_runtime_Startup_startModsFxn__C
8038e3b4   xdc_runtime_System_Module__gateObj__C
8038e3b8   xdc_runtime_System_extendFxn__C
8038e3bc   xdc_runtime_System_maxAtexitHandlers__C
8038e3c0   xdc_runtime_Text_charTab__C
8038e3c4   xdc_runtime_Text_nameEmpty__C
8038e3c8   xdc_runtime_Text_nameStatic__C
8038e3cc   xdc_runtime_Text_nameUnknown__C
8038e3d0   xdc_runtime_Text_nodeTab__C
8038e3d4   xdc_runtime_Text_visitRopeFxn__C
8038e3d8   ti_sdo_ipc_family_c647x_Interrupt_enableKick__C
8038e3da   ti_sdo_ipc_family_c647x_MultiProcSetup_Module__id__C
8038e3dc   ti_sdo_ipc_gates_GateHWSem_Module__id__C
8038e3de   ti_sdo_ipc_gates_GateMPSupportNull_Module__id__C
8038e3e0   ti_sdo_ipc_gates_GatePeterson_Module__id__C
8038e3e2   ti_sdo_ipc_heaps_HeapMemMP_Module__id__C
8038e3e4   ti_sdo_ipc_notifyDrivers_NotifyDriverShm_Module__id__C
8038e3e6   ti_sdo_ipc_nsremote_NameServerRemoteNotify_Module__id__C
8038e3e8   ti_sdo_ipc_transports_TransportShm_Module__id__C
8038e3ea   ti_sdo_ipc_transports_TransportShm_notifyEventId__C
8038e3ec   ti_sdo_utils_MultiProc_Module__id__C
8038e3ee   ti_sdo_utils_MultiProc_numProcessors__C
8038e3f0   ti_sdo_utils_MultiProc_numProcsInCluster__C
8038e3f2   ti_sdo_utils_NameServer_Module__id__C
8038e3f4   ti_sysbios_BIOS_Module__id__C
8038e3f6   ti_sysbios_family_c64p_EventCombiner_Module__id__C
8038e3f8   ti_sysbios_family_c64p_Exception_Module__id__C
8038e3fa   ti_sysbios_family_c64p_Exception_enableExternalMPC__C
8038e3fc   ti_sysbios_family_c64p_Exception_enablePrint__C
8038e3fe   ti_sysbios_family_c64p_Exception_useInternalBuffer__C
8038e400   ti_sysbios_family_c64p_Hwi_Module__id__C
8038e402   ti_sysbios_family_c64p_Hwi_Module__loggerDefined__C
8038e404   ti_sysbios_gates_GateMutexPri_Module__id__C
8038e406   ti_sysbios_gates_GateMutex_Module__id__C
8038e408   ti_sysbios_gates_GateSwi_Module__id__C
8038e40a   ti_sysbios_hal_Hwi_Module__id__C
8038e40c   ti_sysbios_heaps_HeapMem_Module__id__C
8038e40e   ti_sysbios_knl_Clock_Module__id__C
8038e410   ti_sysbios_knl_Clock_Module__loggerDefined__C
8038e412   ti_sysbios_knl_Semaphore_Module__id__C
8038e414   ti_sysbios_knl_Semaphore_Module__loggerDefined__C
8038e416   ti_sysbios_knl_Swi_Module__id__C
8038e418   ti_sysbios_knl_Swi_Module__loggerDefined__C
8038e41a   ti_sysbios_knl_Task_Module__id__C
8038e41c   ti_sysbios_knl_Task_Module__loggerDefined__C
8038e41e   ti_sysbios_knl_Task_deleteTerminatedTasks__C
8038e420   ti_sysbios_knl_Task_initStackFlag__C
8038e422   ti_sysbios_timers_timer64_Timer_Module__id__C
8038e424   ti_sysbios_timers_timer64_Timer_startupNeeded__C
8038e426   xdc_runtime_Core_Module__id__C
8038e428   xdc_runtime_Error_Module__loggerDefined__C
8038e42a   xdc_runtime_Error_maxDepth__C
8038e42c   xdc_runtime_LoggerBuf_Module__id__C
8038e42e   xdc_runtime_LoggerBuf_filterByLevel__C
8038e430   xdc_runtime_Memory_Module__id__C
8038e432   xdc_runtime_Text_charCnt__C
8038e434   xdc_runtime_Text_isLoaded__C
8038e436   xdc_runtime_Text_registryModsLastId__C
8038e438   xdc_runtime_Text_unnamedModsLastId__C
8038e480   queueFree
80390480   qmssGObj
80390880   ti_sdo_ipc_GateMP_Module_State_0_remoteCustom1Gates__A
80391080   ti_sdo_ipc_GateMP_Module__root__V
80391088   ti_sdo_ipc_GateMP_Module__state__V
803910d0   ti_sdo_ipc_Ipc_Module__state__V
803910dc   ti_sdo_ipc_ListMP_Module__root__V
803910e4   ti_sdo_ipc_ListMP_Module__state__V
803910e8   ti_sdo_ipc_MessageQ_Module__root__V
803910f0   ti_sdo_ipc_MessageQ_Module__state__V
8039110c   ti_sdo_ipc_Notify_Module__root__V
80391114   ti_sdo_ipc_Notify_Module__state__V
8039111c   ti_sdo_ipc_SharedRegion_Module__state__V
80391120   ti_sdo_ipc_family_c647x_Interrupt_Module__state__V
80391128   ti_sdo_ipc_gates_GateHWSem_Module__root__V
80391130   ti_sdo_ipc_gates_GateMPSupportNull_Module__root__V
80391138   ti_sdo_ipc_gates_GatePeterson_Module__root__V
80391140   ti_sdo_ipc_heaps_HeapMemMP_Module__root__V
80391148   ti_sdo_ipc_heaps_HeapMemMP_Module__state__V
8039114c   ti_sdo_ipc_notifyDrivers_NotifyDriverShm_Module__root__V
80391154   ti_sdo_ipc_nsremote_NameServerRemoteNotify_Module__root__V
8039115c   ti_sdo_ipc_transports_TransportShm_Module__root__V
80391164   ti_sdo_ipc_transports_TransportShmSetup_Module__state__V
80391168   ti_sdo_utils_List_Module__root__V
80391170   ti_sdo_utils_MultiProc_Module__state__V
80391174   ti_sdo_utils_NameServer_Module__root__V
8039117c   ti_sdo_utils_NameServer_Module__state__V
80391184   ti_sdo_utils_NameServerRemoteNull_Module__root__V
8039118c   ti_sysbios_BIOS_Module__state__V
803911ac   ti_sysbios_family_c64p_EventCombiner_Module__state__V
803915ac   ti_sysbios_family_c64p_Exception_Module__state__V
803915dc   ti_sysbios_family_c64p_Hwi_Module__root__V
803915e4   ti_sysbios_family_c64p_Hwi_Module__state__V
8039164c   ti_sysbios_gates_GateAll_Module__root__V
80391654   ti_sysbios_gates_GateHwi_Module__root__V
8039165c   ti_sysbios_gates_GateMutex_Module__root__V
80391664   ti_sysbios_gates_GateMutexPri_Module__root__V
8039166c   ti_sysbios_gates_GateSwi_Module__root__V
80391674   ti_sysbios_hal_Hwi_Module__root__V
8039167c   ti_sysbios_hal_Timer_Module__root__V
80391684   ti_sysbios_heaps_HeapBuf_Module__root__V
8039168c   ti_sysbios_heaps_HeapBuf_Module__state__V
80391690   ti_sysbios_heaps_HeapMem_Module__root__V
80391698   ti_sysbios_knl_Clock_Module__root__V
803916a0   ti_sysbios_knl_Clock_Module__state__V
803916c8   ti_sysbios_knl_Queue_Module__root__V
803916d0   ti_sysbios_knl_Semaphore_Module__root__V
803916d8   ti_sysbios_knl_Swi_Module__root__V
803916e0   ti_sysbios_knl_Swi_Module__state__V
803916fc   ti_sysbios_knl_Task_Module__root__V
80391704   ti_sysbios_knl_Task_Module__state__V
80391748   ti_sysbios_syncs_SyncSem_Module__root__V
80391750   ti_sysbios_timers_timer64_Timer_Module__root__V
80391758   ti_sysbios_timers_timer64_Timer_Module__state__V
8039176c   ti_sysbios_xdcruntime_GateThreadSupport_Module__root__V
80391774   xdc_runtime_Error_Module__state__V
80391778   xdc_runtime_GateNull_Module__root__V
80391780   xdc_runtime_LoggerBuf_Module__root__V
80391788   xdc_runtime_LoggerBuf_Module__state__V
80391790   xdc_runtime_Memory_Module__state__V
80391794   xdc_runtime_Registry_Module__state__V
8039179c   xdc_runtime_Startup_Module__state__V
803917a4   xdc_runtime_System_Module__state__V
803917b0   xdc_runtime_Text_Module__state__V
803917b8   xdc_runtime_knl_GateThread_Module__root__V
803917c0   __xdc__init__addr
803917c4   _ft_end
803917c8   _ftable
803919a8   ti_sysbios_timers_timer64_Timer_Module_State_0_device__A
80391b28   qmssGblCfgParams
80391c48   ti_sysbios_knl_Task_Object__table__V
80391ce8   TSK_idle
80391d38   ti_sdo_utils_NameServer_Object__table__V
80391e18   _ipcfg
80391f70   ti_sdo_ipc_SharedRegion_Module_State_0_regions__A
80392000   ti_sdo_ipc_GateMP_Module_State_0_remoteSystemGates__A
80392080   ti_sysbios_knl_Swi_Module_State_0_readyQ__A
80392100   ti_sysbios_knl_Task_Module_State_0_readyQ__A
80392180   ti_sysbios_timers_timer64_Timer_Module_State_0_gctrl__A
80392200   ti_sysbios_timers_timer64_Timer_Module_State_0_handles__A
80392280   ti_sysbios_timers_timer64_Timer_Module_State_0_intFreqs__A
80392378   cppiGblCfgParams
803923f0   ti_sysbios_family_c64p_Hwi_Object__table__V
80392468   NIMUDeviceTable
80392510   ti_sysbios_timers_timer64_Timer_Object__table__V
8039255c   cppiLObj
80392620   ti_sysbios_gates_GateMutex_Object__table__V
80392694   _cleanup_ptr
80392698   _dtors_ptr
8039269c   __TI_enable_exit_profile_output
803926d4   paLObj
803926d8   ti_sysbios_knl_Swi_Object__table__V
80392708   ti_sdo_ipc_Ipc_Module_State_0_procEntry__A
80392730   _oscfg
80392758   xdc_runtime_LoggerBuf_Object__table__V
80392780   Qmss_highEoiVector
803927a0   pstrMsgName
803927c0   ti_sdo_ipc_MessageQ_Module_State_0_heaps__A
803927e0   xdc_runtime_System_Module_State_0_atexitHandlers__A
80392800   ti_ndk_config_Global_Id2Size
80392838   ti_sysbios_gates_GateMutexPri_Object__table__V
80392850   ti_sysbios_heaps_HeapMem_Object__table__V
80392868   ti_sysbios_knl_Semaphore_Object__table__V
803928c4   _lock
803928c8   _unlock
803928e8   Qmss_lowEoiVector
803928f8   ti_sdo_ipc_MessageQ_Module_State_0_transports__A
80392908   ti_sdo_ipc_family_c647x_Interrupt_Module_State_0_fxnTable__A
80392918   ti_sysbios_gates_GateAll_Object__table__V
80392928   ti_sysbios_gates_GateSwi_Object__table__V
80392938   ti_sdo_ipc_Notify_Module_State_0_notifyHandles__A
80392960   ti_sdo_ipc_transports_TransportShmSetup_Module_State_0_handles__A
80392968   ti_sysbios_hal_Hwi_Object__table__V
80392970   ti_sysbios_hal_Timer_Object__table__V
80392978   ti_sdo_ipc_GateMP_Module_State_0_remoteCustom2Gates__A
80392988   ti_sdo_ipc_Notify_Module_State_0_notifyHandles_0__A
80392998   ti_sdo_ipc_Notify_Module_State_0_notifyHandles_1__A
803929a0   ti_sysbios_gates_GateHwi_Object__table__V
803929a8   ti_sysbios_knl_Task_Module_State_0_idleTask__A
803929b0   xdc_runtime_GateNull_Object__table__V
803929b8   Qmss_cdmaEoiVector
80392a18   gDeviceNandBBlist
80393c44   gDeviceNand
80393c7c   gDeviceNor
80393cb4   gDeviceEeprom0
80393cec   gDeviceEeprom1
80393d28   emac_port_mode
803940ec   __TI_STATIC_BASE
80394104   _IGMPInDiscard
80394108   _IGMPInQuery
8039410c   _IGMPInQueryGroup
80394110   _IGMPInResponse
80394114   _IGMPOutResponse
80394118   rowNum
8039411c   colNum
80394120   completeImage
80394124   gTxCmdReturnQHnd
80394128   gTxCmdFreeQHnd
8039412c   ethSemHandle
80394150   Ipc_sr0MemorySetup
80394168   CONTENT_TYPE_APPLET
8039416c   CONTENT_TYPE_AU
80394170   CONTENT_TYPE_CSS
80394174   CONTENT_TYPE_DOC
80394178   CONTENT_TYPE_GIF
8039417c   CONTENT_TYPE_HTML
80394180   CONTENT_TYPE_JPG
80394184   CONTENT_TYPE_MPEG
80394188   CONTENT_TYPE_PDF
8039418c   CONTENT_TYPE_WAV
80394190   CONTENT_TYPE_ZIP
80394194   CONTENT_TYPE
80394198   CONTENT_LENGTH
8039419c   CRLF
803941a0   DEFAULT_NAME
803941a4   HTTP_VER
803941a8   SPACE
803941ac   PITCount
803941b0   PITUsed
803941b4   PITHigh
803941d0   VerStr
803941d4   HostName
803941d8   LocalIPAddr
803941dc   LocalIPMask
803941e0   GatewayIP
803941e4   DomainName
803941e8   DNSServer
8039425c   _IGMPForceVersion1
80394270   il
80394274   lend
80394280   _ICMPInErrors
80394284   _ICMPOutErrors
80394288   _IPExecuting
80394298   gFragQList
803942b8   tcp_iss
803942bc   ptTimeFirst
803942c0   pt6TimeFirst
803942c4   tcp6_iss
803942d0   platform_errno
803942d4   platform_init_return_code
803942e4   httpErrorResponseHook
803942f0   _IPReasmPtr
803942f8   gMLDNodeList
80394310   qmssLObjIsValid
80394314   IPV6_MAX_MULTICAST_SOLICIT
80394318   IPV6_MAX_UNICAST_SOLICIT
8039431c   IPV6_RETRANS_TIME
80394320   IPV6_DELAY_FIRST_PROBE_TIME
80394324   IPV6_REACHABLE_TIME
80394328   IPV6_MAX_RTR_SOLICITATION_DELAY
8039432c   IPV6_RTR_SOLICITATION_INTERVAL
80394330   IPV6_MAX_RTR_SOLICITATIONS
80394334   INFINITE_LT
80394338   ti_ndk_config_Global_rawPageSize
8039433c   ti_ndk_config_Global_rawPageCount
80394340   ti_ndk_config_Global_smallest
80394344   ti_ndk_config_Global_largest
80394348   heap0
8039434c   mySem0
80394350   ti_ndk_config_Global_numFrameBuf
80394354   ti_ndk_config_Global_sizeFrameBuf
80394380   cppiObject
80394580   __CIOBUF_
80394800   ti_sysbios_family_c64p_Hwi0
80394800   ti_sysbios_family_c64p_Hwi_int0
80394820   ti_sysbios_family_c64p_Hwi_int1
80394840   ti_sysbios_family_c64p_Hwi_int2
80394860   ti_sysbios_family_c64p_Hwi_int3
80394880   ti_sysbios_family_c64p_Hwi_int4
803948a0   ti_sysbios_family_c64p_Hwi_int5
803948c0   ti_sysbios_family_c64p_Hwi_int6
803948e0   ti_sysbios_family_c64p_Hwi_int7
80394900   ti_sysbios_family_c64p_Hwi_int8
80394920   ti_sysbios_family_c64p_Hwi_int9
80394940   ti_sysbios_family_c64p_Hwi_int10
80394960   ti_sysbios_family_c64p_Hwi_int11
80394980   ti_sysbios_family_c64p_Hwi_int12
803949a0   ti_sysbios_family_c64p_Hwi_int13
803949c0   ti_sysbios_family_c64p_Hwi_int14
803949e0   ti_sysbios_family_c64p_Hwi_int15
80395c5c   __TI_Handler_Table_Base
80395c68   __TI_Handler_Table_Limit
80395cc4   __TI_CINIT_Base
80395d44   __TI_CINIT_Limit
ffffffff   __TI_pprof_out_hndl
ffffffff   __TI_prof_data_size
ffffffff   __TI_prof_data_start
ffffffff   __binit__
ffffffff   __c_args__
ffffffff   binit
UNDEFED    __TI_INITARRAY_Base
UNDEFED    __TI_INITARRAY_Limit

[2255 symbols]
