******************************************************************************
               TMS320C6x Linker PC v7.4.6                      
******************************************************************************
>> Linked Thu Jan 23 15:27:34 2014

OUTPUT FILE NAME:   <TestImage.out>
ENTRY POINT SYMBOL: "_c_int00"  address: 80368a60


MEMORY CONFIGURATION

         name            origin    length      used     unused   attr    fill
----------------------  --------  ---------  --------  --------  ----  --------
  L2SRAM                00800000   00080000  0005cf40  000230c0  RW X
  MSMCSRAM              0c000000   00400000  00400000  00000000  RW X
  DDR3                  80000000   20000000  00395c68  1fc6a398  RWIX


SEGMENT ALLOCATION MAP

run origin  load origin   length   init length attrs members
----------  ----------- ---------- ----------- ----- -------
00800000    00800000    0005cb88   00000000    rw-
  00800000    00800000    00052b00   00000000    rw- .far:NDK_PACKETMEM
  00852b00    00852b00    00004000   00000000    rw- .resmgr_memregion
  00856b00    00856b00    00003c00   00000000    rw- .far:taskStackSection
  0085a700    0085a700    00001488   00000000    rw- .resmgr_pa
  0085bb88    0085bb88    00001000   00000000    rw- .stack
0085cc00    0085cc00    00000318   00000318    rw-
  0085cc00    0085cc00    00000318   00000318    rw- .nimu_eth_ll2
0085cf20    0085cf20    000000a0   00000000    rw-
  0085cf20    0085cf20    000000a0   00000000    rw- .resmgr_handles
80000000    80000000    00300000   00000000    rw-
  80000000    80000000    00300000   00000000    rw- systemHeap
80300000    80300000    00074e60   00074e60    r-x
  80300000    80300000    00074e60   00074e60    r-x .text
80374e60    80374e60    0000dae0   00000000    rw-
  80374e60    80374e60    0000dae0   00000000    rw- .far
80382940    80382940    0000bc2e   0000bc2e    r--
  80382940    80382940    0000bc2e   0000bc2e    r-- .const
8038e570    8038e570    00000010   00000010    rw-
  8038e570    8038e570    00000010   00000010    rw- .fardata.1
8038e580    8038e580    00002400   00000000    rw-
  8038e580    8038e580    00002400   00000000    rw- .qmss
80390980    80390980    0000216a   0000216a    rw-
  80390980    80390980    0000216a   0000216a    rw- .fardata.2
80392af0    80392af0    00001370   00001370    rw-
  80392af0    80392af0    00001370   00001370    rw- platform_lib
80393e60    80393e60    000003bc   000003bc    r--
  80393e60    80393e60    000003bc   000003bc    r-- .switch
8039421c    8039421c    0000007c   00000000    rw-
  8039421c    8039421c    0000007c   00000000    rw- .bss
80394298    80394298    000001ad   000001ad    rw-
  80394298    80394298    000001ad   000001ad    rw- .neardata
80394448    80394448    00000044   00000044    r--
  80394448    80394448    00000044   00000044    r-- .rodata
80394500    80394500    00000200   00000000    rw-
  80394500    80394500    00000200   00000000    rw- .cppi
80394800    80394800    00000200   00000200    r-x
  80394800    80394800    00000200   00000200    r-x .vecs
80394a00    80394a00    00000120   00000000    rw-
  80394a00    80394a00    00000120   00000000    rw- .cio
80394b20    80394b20    000012c4   000012c4    r--
  80394b20    80394b20    000012c4   000012c4    r-- .cinit


SECTION ALLOCATION MAP

 output                                  attributes/
section   page    origin      length       input sections
--------  ----  ----------  ----------   ----------------
.init_array 
*          0    80000000    00000000     UNINITIALIZED

.far:NDK_PACKETMEM 
*          0    00800000    00052b00     UNINITIALIZED
                  00800000    00052b00     stk6_ppp_pppoe.ae66 : pbm_data.oe66 (.far:NDK_PACKETMEM)

.resmgr_memregion 
*          0    00852b00    00004000     UNINITIALIZED
                  00852b00    00004000     resourcemgr.obj (.resmgr_memregion)

.far:taskStackSection 
*          0    00856b00    00003c00     UNINITIALIZED
                  00856b00    00003c00     helloWorld_pe66.oe66 (.far:taskStackSection)

.resmgr_pa 
*          0    0085a700    00001488     UNINITIALIZED
                  0085a700    00001488     resourcemgr.obj (.resmgr_pa)

.stack     0    0085bb88    00001000     UNINITIALIZED
                  0085bb88    00000008     boot.ae66 : boot.oe66 (.stack)
                  0085bb90    00000ff8     --HOLE--

.nimu_eth_ll2 
*          0    0085cc00    00000318     
                  0085cc00    00000308     ti.transport.ndk.nimu.ae66 : nimu_eth.obj (.nimu_eth_ll2:uninit) [fill = 0]
                  0085cf08    00000010                                : nimu_eth.obj (.nimu_eth_ll2:init)

.resmgr_handles 
*          0    0085cf20    000000a0     UNINITIALIZED
                  0085cf20    000000a0     resourcemgr.obj (.resmgr_handles)

ti.sdo.ipc.SharedRegion_0 
*          0    0c000000    00200000     NOLOAD SECTION
                  0c000000    00200000     --HOLE--

ti.sdo.ipc.SharedRegion_1 
*          0    0c200000    00200000     NOLOAD SECTION
                  0c200000    00200000     --HOLE--

systemHeap 
*          0    80000000    00300000     UNINITIALIZED
                  80000000    00300000     helloWorld_pe66.oe66 (systemHeap)

xdc.meta   0    80000000    000000e8     COPY SECTION
                  80000000    000000e8     helloWorld_pe66.oe66 (xdc.meta)

.text      0    80300000    00074e60     
                  80300000    00002d80     ti.transport.ndk.nimu.ae66 : nimu_eth.obj (.text)
                  80302d80    00001fe0     ti.platform.evm6678l.ae66 : platform.obj (.text)
                  80304d60    00001b40                               : evmc6678.obj (.text)
                  803068a0    000019e0     stk6_ppp_pppoe.ae66 : tcp6in.oe66 (.text:TCP6Input)
                  80308280    000019e0                         : tcpin.oe66 (.text:TcpInput)
                  80309c60    00001240                         : tcpout.oe66 (.text:TcpOutput)
                  8030aea0    000011c0     ipc.lib : Ipc.obj (.text:ti_sdo_ipc_GateMP_Instance_init__F)
                  8030c060    000011a0     stk6_ppp_pppoe.ae66 : tcp6out.oe66 (.text:TCP6Output)
                  8030d200    00001160     ti.platform.evm6678l.ae66 : evm66x_nand.obj (.text)
                  8030e360    00000d80                               : evmc66x_i2c_eeprom.obj (.text)
                  8030f0e0    00000ce0     resourcemgr.obj (.text)
                  8030fdc0    00000c00     nettool.ae66 : httpclie.oe66 (.text:httpClientProcess)
                  803109c0    00000b80     stk6_ppp_pppoe.ae66 : ipin.oe66 (.text:IPRxPacket)
                  80311540    00000aa0                         : md5.oe66 (.text:MD5Transform)
                  80311fe0    00000a60     ipc.lib : Ipc.obj (.text:ti_sdo_ipc_heaps_HeapMemMP_alloc__E)
                  80312a40    000009e0             : Ipc.obj (.text:ti_sdo_ipc_heaps_HeapMemMP_free__E)
                  80313420    000009c0     stk6_ppp_pppoe.ae66 : ipout.oe66 (.text:IPTxPacket)
                  80313de0    000009a0     ipc.lib : Ipc.obj (.text:Ipc_attach)
                  80314780    000009a0     stk6_ppp_pppoe.ae66 : lcp.oe66 (.text:lcpInput)
                  80315120    00000960     helloWorld.obj (.text)
                  80315a80    00000920     ipc.lib : Ipc.obj (.text:ti_sdo_ipc_transports_TransportShm_Instance_init__F)
                  803163a0    00000900     nettool.ae66 : httpsend.oe66 (.text:SetContentType)
                  80316ca0    000008e0     udpHello.obj (.text)
                  80317580    000008a0     ipc.lib : Ipc.obj (.text:ti_sdo_ipc_ListMP_Instance_init__F)
                  80317e20    000008a0     sysbios.ae66 : BIOS.obj (.text:ti_sysbios_family_c64p_Exception_handler__I)
                  803186c0    000008a0     ti.targets.rts6000.ae66 : System.oe66 (.text:xdc_runtime_System_doPrint__I)
                  80318f60    00000860     ipc.lib : Ipc.obj (.text:ti_sdo_ipc_GateMP_Instance_finalize__F)
                  803197c0    00000840             : Ipc.obj (.text:MessageQ_put)
                  8031a000    000007e0     ti.drv.qmss.ae66 : qmss_drv.oe66 (.text:Qmss_insertMemoryRegion)
                  8031a7e0    000007e0     stk6_ppp_pppoe.ae66 : ipcp.oe66 (.text:ipcpInput)
                  8031afc0    000007c0                         : sock.oe66 (.text:SockSet)
                  8031b780    000007a0                         : fileuser.oe66 (.text:fdPoll)
                  8031bf20    00000780     ipc.lib : Ipc.obj (.text:ti_sdo_ipc_heaps_HeapMemMP_Instance_init__F)
                  8031c6a0    00000720     ti.drv.pa.ae66 : pa.oe66 (.text:Pa_addMac)
                  8031cdc0    00000700     ipc.lib : Ipc.obj (.text:Notify_registerEvent)
                  8031d4c0    000006c0     stk6_ppp_pppoe.ae66 : sock6.oe66 (.text:Sock6Set)
                  8031db80    000006c0     nettool.ae66 : telnetd.oe66 (.text:telnet_netdata)
                  8031e240    000006c0     ipc.lib : Ipc.obj (.text:ti_sdo_ipc_nsremote_NameServerRemoteNotify_Instance_init__F)
                  8031e900    000006a0     stk6_ppp_pppoe.ae66 : icmpv6_ndisc.oe66 (.text:ICMPv6RecvRA)
                  8031efa0    000006a0     ipc.lib : Ipc.obj (.text:NameServer_add)
                  8031f640    00000660     ti.drv.cppi.ae66 : cppi_drv.oe66 (.text:Cppi_configureRxFlow)
                  8031fca0    00000660     stk6_ppp_pppoe.ae66 : route6.oe66 (.text:Rt6Create)
                  80320300    00000620     ipc.lib : Ipc.obj (.text:Notify_sendEvent)
                  80320920    00000620     sysbios.ae66 : BIOS.obj (.text:ti_sysbios_knl_Task_Instance_finalize__F)
                  80320f40    00000600                  : BIOS.obj (.text:ti_sysbios_heaps_HeapMem_alloc__E)
                  80321540    00000600                  : BIOS.obj (.text:ti_sysbios_knl_Semaphore_pend__E)
                  80321b40    000005e0     ipc.lib : Ipc.obj (.text:Notify_registerEventSingle)
                  80322120    000005e0     sysbios.ae66 : BIOS.obj (.text:ti_sysbios_heaps_HeapMem_free__E)
                  80322700    000005c0     stk6_ppp_pppoe.ae66 : ipfrag.oe66 (.text:IPReasm)
                  80322cc0    000005c0     ipc.lib : Ipc.obj (.text:ListMP_getHead)
                  80323280    000005c0             : Ipc.obj (.text:Notify_unregisterEventSingle)
                  80323840    000005c0     rts6600_elf.lib : divd.obj (.text:__c6xabi_divd)
                  80323e00    000005c0                     : _printfi.obj (.text:_getarg_diouxp)
                  803243c0    000005c0     ipc.lib : Ipc.obj (.text:ti_sdo_ipc_SharedRegion_start__F)
                  80324980    000005a0     stk6_ppp_pppoe.ae66 : icmpin.oe66 (.text:ICMPInput)
                  80324f20    000005a0     ti.platform.evm6678l.ae66 : evmc66x_spi.obj (.text)
                  803254c0    000005a0     sysbios.ae66 : BIOS.obj (.text:ti_sysbios_timers_timer64_Timer_Module_startup__F)
                  80325a60    00000580     stk6_ppp_pppoe.ae66 : nimuppp.oe66 (.text:pppEvent)
                  80325fe0    00000580     ipc.lib : Ipc.obj (.text:ti_sdo_ipc_nsremote_NameServerRemoteNotify_get__F)
                  80326560    00000580             : Ipc.obj (.text:ti_sdo_ipc_transports_TransportShm_put__E)
                  80326ae0    00000560     stk6_ppp_pppoe.ae66 : bind6.oe66 (.text:Bind6New)
                  80327040    00000560                         : ipv6.oe66 (.text:IPv6IPAddressToString)
                  803275a0    00000560     ti.platform.evm6678l.ae66 : evmc6678_phy.obj (.text)
                  80327b00    00000540     stk6_ppp_pppoe.ae66 : sock6.oe66 (.text:Sock6Connect)
                  80328040    00000540     ipc.lib : Ipc.obj (.text:ti_sdo_ipc_Ipc_procSyncStart__I)
                  80328580    00000520     stk6_ppp_pppoe.ae66 : sock.oe66 (.text:SockNew)
                  80328aa0    00000520     rts6600_elf.lib : _printfi.obj (.text:_setfield)
                  80328fc0    00000520     nettool.ae66 : httpsend.oe66 (.text:httpSendStatusLine)
                  803294e0    00000520     ti.platform.evm6678l.ae66 : evmc66x_nor.obj (.text)
                  80329a00    000004e0     stk6_ppp_pppoe.ae66 : udp.oe66 (.text:UdpInput)
                  80329ee0    000004e0                         : nimupppoe.oe66 (.text:pppoeInputS)
                  8032a3c0    000004e0     ipc.lib : Ipc.obj (.text:ti_sdo_ipc_notifyDrivers_NotifyDriverShm_Instance_init__F)
                  8032a8a0    000004c0     ti.drv.cppi.ae66 : cppi_drv.oe66 (.text:Cppi_txChannelOpen)
                  8032ad60    000004c0     ti.platform.evm6678l.ae66 : evmc66x_fpga.obj (.text)
                  8032b220    000004a0     stk6_ppp_pppoe.ae66 : lliin.oe66 (.text:LLIRxPacket)
                  8032b6c0    000004a0                         : sock6.oe66 (.text:Sock6Recv)
                  8032bb60    000004a0                         : sock.oe66 (.text:SockRecv)
                  8032c000    000004a0     ipc.lib : Ipc.obj (.text:ti_sdo_ipc_gates_GatePeterson_Instance_init__F)
                  8032c4a0    00000460     rts6600_elf.lib : _printfi.obj (.text:_printfi)
                  8032c900    00000460     stk6_ppp_pppoe.ae66 : nimuppp.oe66 (.text:pppNew)
                  8032cd60    00000460     ipc.lib : Ipc.obj (.text:ti_sdo_ipc_GateMP_setRegion0Reserved__F)
                  8032d1c0    00000460             : Ipc.obj (.text:ti_sdo_ipc_Ipc_procSyncFinish__I)
                  8032d620    00000440     ti.drv.cppi.ae66 : cppi_drv.oe66 (.text:Cppi_rxChannelOpen)
                  8032da60    00000440     ipc.lib : Ipc.obj (.text:ListMP_putTail)
                  8032dea0    00000440     stk6_ppp_pppoe.ae66 : sock6.oe66 (.text:Sock6New)
                  8032e2e0    00000440                         : auth.oe66 (.text:chapInput)
                  8032e720    00000440                         : fileuser.oe66 (.text:fdSelect)
                  8032eb60    00000440                         : nimupppoe.oe66 (.text:pppoeInputC)
                  8032efa0    00000440     ipc.lib : Ipc.obj (.text:ti_sdo_ipc_heaps_HeapMemMP_getStats__E)
                  8032f3e0    00000440             : Ipc.obj (.text:ti_sdo_ipc_heaps_HeapMemMP_postInit__I)
                  8032f820    00000420     nettool.ae66 : daemon.oe66 (.text:daemon)
                  8032fc40    00000420     ti.drv.pa.ae66 : pa.oe66 (.text:pa_conv_routing_info)
                  80330060    00000420     sysbios.ae66 : BIOS.obj (.text:ti_sysbios_gates_GateMutexPri_enter__E)
                  80330480    00000420                  : BIOS.obj (.text:ti_sysbios_knl_Task_sleep__E)
                  803308a0    00000400     stk6_ppp_pppoe.ae66 : sock6.oe66 (.text:Sock6Send)
                  80330ca0    00000400     os.ae66 : efs.oe66 (.text:efs_filecheck)
                  803310a0    00000400     ipc.lib : Ipc.obj (.text:ti_sdo_ipc_Notify_Instance_init__F)
                  803314a0    00000400     sysbios.ae66 : BIOS.obj (.text:ti_sysbios_knl_Task_Instance_init__F)
                  803318a0    000003e0     stk6_ppp_pppoe.ae66 : ipv6_frag.oe66 (.text:IPv6TxFragPacket)
                  80331c80    000003e0     sysbios.ae66 : BIOS.obj (.text:ti_sysbios_knl_Task_setPri__E)
                  80332060    000003c0     ti.drv.cppi.ae66 : cppi_desc.oe66 (.text:Cppi_initDescriptor)
                  80332420    000003c0     stk6_ppp_pppoe.ae66 : ipv6out.oe66 (.text:IPv6TxPacket)
                  803327e0    000003c0                         : lli6.oe66 (.text:LLI6TimerCheck)
                  80332ba0    000003c0                         : sock.oe66 (.text:SockSend)
                  80332f60    000003c0                         : tcp6.oe66 (.text:TCP6TimeoutCheck)
                  80333320    000003c0                         : tcp.oe66 (.text:TcpTimeoutCheck)
                  803336e0    000003c0     ipc.lib : Ipc.obj (.text:ti_sdo_ipc_SharedRegion_reserveMemory__F)
                  80333aa0    000003a0     stk6_ppp_pppoe.ae66 : icmpv6in.oe66 (.text:ICMPv6RxPacket)
                  80333e40    000003a0                         : nimu.oe66 (.text:NIMUIoctl)
                  803341e0    000003a0                         : route.oe66 (.text:RtCreate)
                  80334580    000003a0                         : sb.oe66 (.text:SBRead)
                  80334920    000003a0     rts6600_elf.lib : fputs.obj (.text:fputs)
                  80334cc0    000003a0     stk6_ppp_pppoe.ae66 : auth.oe66 (.text:papInput)
                  80335060    00000380     ipc.lib : Ipc.obj (.text:HeapMemMP_sharedMemReq)
                  803353e0    00000380     stk6_ppp_pppoe.ae66 : sock6int.oe66 (.text:Sock6Notify)
                  80335760    00000380                         : sock.oe66 (.text:SockConnect)
                  80335ae0    00000380                         : sockint.oe66 (.text:SockNotify)
                  80335e60    00000380     nettool.ae66 : dhcppkt.oe66 (.text:dhcpPacketProcess)
                  803361e0    00000360     stk6_ppp_pppoe.ae66 : icmpv6_ndisc.oe66 (.text:ICMPv6RecvRedirect)
                  80336540    00000360                         : icmpv6out.oe66 (.text:ICMPv6SendDstUnreachable)
                  803368a0    00000360                         : igmp.oe66 (.text:IGMPInput)
                  80336c00    00000360                         : ipv6_frag.oe66 (.text:IPv6FragReasm)
                  80336f60    00000360                         : lliout.oe66 (.text:LLITxIpPacket)
                  803372c0    00000360     helloWorld_pe66.oe66 (.text:xdc_runtime_System_printfExtend__I)
                  80337620    00000340     ipc.lib : Ipc.obj (.text:GateMP_sharedMemReq)
                  80337960    00000340     stk6_ppp_pppoe.ae66 : icmpv6_ndisc.oe66 (.text:ICMPv6RecvNS)
                  80337ca0    00000340                         : icmpv6out.oe66 (.text:ICMPv6SendParameterProblem)
                  80337fe0    00000340                         : icmpv6out.oe66 (.text:ICMPv6SendTimeExceeded)
                  80338320    00000340     ti.drv.pa.ae66 : painit.oe66 (.text:Pa_create)
                  80338660    00000340     ti.drv.qmss.ae66 : qmss_drv.oe66 (.text:Qmss_init)
                  803389a0    00000340     os.ae66 : mem.oe66 (.text:mmAlloc)
                  80338ce0    00000340     stk6_ppp_pppoe.ae66 : nimupppoe.oe66 (.text:pppoeSI)
                  80339020    00000340     ipc.lib : Ipc.obj (.text:ti_sdo_ipc_nsremote_NameServerRemoteNotify_swiFxn__I)
                  80339360    00000320     nettool.ae66 : config.oe66 (.text:CfgAddEntry)
                  80339680    00000320     stk6_ppp_pppoe.ae66 : nimupppoe.oe66 (.text:SendServerMsg)
                  803399a0    00000320     rts6600_elf.lib : _printfi.obj (.text:_pproc_fge)
                  80339cc0    00000320     nettool.ae66 : inetaddr.oe66 (.text:inet_aton)
                  80339fe0    00000320                  : telnetd.oe66 (.text:telnet_engine)
                  8033a300    00000320     ti.platform.evm6678l.ae66 : evmc66x_uart.obj (.text)
                  8033a620    00000300     ipc.lib : Ipc.obj (.text:GateMP_openByAddr)
                  8033a920    00000300     stk6_ppp_pppoe.ae66 : sock6pcb.oe66 (.text:Sock6PcbBind)
                  8033ac20    00000300                         : udp6.oe66 (.text:Udp6Input)
                  8033af20    00000300     ipc.lib : Ipc.obj (.text:ti_sdo_ipc_transports_TransportShm_openByAddr__F)
                  8033b220    00000300     sysbios.ae66 : BIOS.obj (.text:ti_sysbios_family_c64p_Hwi_dispatchC__I)
                  8033b520    000002e0     stk6_ppp_pppoe.ae66 : ipv6_frag.oe66 (.text:IPv6FragQEnqueueFrag)
                  8033b800    000002e0                         : ipv6_exthdrs.oe66 (.text:IPv6ParseExtnHeaders)
                  8033bae0    000002e0     netctrl.ae66 : netctrl.oe66 (.text:NetScheduler)
                  8033bdc0    000002e0     ti.drv.pa.ae66 : pa.oe66 (.text:Pa_forwardResult)
                  8033c0a0    000002e0     stk6_ppp_pppoe.ae66 : route6.oe66 (.text:Rt6Find)
                  8033c380    000002e0                         : nimupppoe.oe66 (.text:SendClientMsg)
                  8033c660    000002e0     ipc.lib : Ipc.obj (.text:SharedRegion_getEntry)
                  8033c940    000002e0             : Ipc.obj (.text:SharedRegion_getPtr)
                  8033cc20    000002e0     stk6_ppp_pppoe.ae66 : sock6pcb.oe66 (.text:Sock6PcbFind)
                  8033cf00    000002e0                         : sock6pcb.oe66 (.text:Sock6PcbResolve)
                  8033d1e0    000002e0                         : udp.oe66 (.text:UdpOutput)
                  8033d4c0    000002e0     rts6600_elf.lib : _printfi.obj (.text:_pproc_fwp)
                  8033d7a0    000002e0     sysbios.ae66 : BIOS.obj (.text:ti_sysbios_heaps_HeapMem_Instance_init__F)
                  8033da80    000002c0     stk6_ppp_pppoe.ae66 : bind.oe66 (.text:BindNew)
                  8033dd40    000002c0                         : node.oe66 (.text:NodeAdd)
                  8033e000    000002c0                         : sb6.oe66 (.text:SB6Read)
                  8033e2c0    000002c0                         : nimuppp.oe66 (.text:pppInput)
                  8033e580    000002c0     ipc.lib : Ipc.obj (.text:ti_sdo_ipc_notifyDrivers_NotifyDriverShm_isr__I)
                  8033e840    000002a0     nettool.ae66 : dhcpmain.oe66 (.text:DHCPOpen)
                  8033eae0    000002a0     ipc.lib : Ipc.obj (.text:Ipc_start)
                  8033ed80    000002a0             : Ipc.obj (.text:NameServer_getLocal)
                  8033f020    000002a0     stk6_ppp_pppoe.ae66 : route6.oe66 (.text:Rt6Free)
                  8033f2c0    000002a0                         : rtable.oe66 (.text:RtFind)
                  8033f560    000002a0                         : sock6.oe66 (.text:Sock6Close)
                  8033f800    000002a0                         : sock.oe66 (.text:SockClose)
                  8033faa0    000002a0                         : sockpcb.oe66 (.text:SockPcbResolve)
                  8033fd40    000002a0                         : tcp6prot.oe66 (.text:TCP6PrSetOption)
                  8033ffe0    000002a0                         : tcpprot.oe66 (.text:TcpPrSetOption)
                  80340280    000002a0     rts6600_elf.lib : _printfi.obj (.text:fcvt)
                  80340520    000002a0     sysbios.ae66 : BIOS.obj (.text:ti_sysbios_knl_Clock_Instance_init__F)
                  803407c0    000002a0                  : BIOS.obj (.text:ti_sysbios_knl_Clock_workFunc__E)
                  80340a60    000002a0                  : BIOS.obj (.text:ti_sysbios_timers_timer64_Timer_deviceConfig__I)
                  80340d00    00000280     stk6_ppp_pppoe.ae66 : icmp.oe66 (.text:ICMPGenPacket)
                  80340f80    00000280                         : lli6.oe66 (.text:LLI6NeighUnreachStateMachine)
                  80341200    00000280                         : lli6.oe66 (.text:LLI6TxIPPacket)
                  80341480    00000280     ipc.lib : Ipc.obj (.text:SharedRegion_getSRPtr)
                  80341700    00000280     stk6_ppp_pppoe.ae66 : sock.oe66 (.text:SockRecvNC)
                  80341980    00000280                         : udp6.oe66 (.text:Udp6Output)
                  80341c00    00000280     rts6600_elf.lib : _printfi.obj (.text:ecvt)
                  80341e80    00000280     stk6_ppp_pppoe.ae66 : ipcp.oe66 (.text:ipcpSendCfg)
                  80342100    00000280                         : lcp.oe66 (.text:lcpSendCfg)
                  80342380    00000280     ipc.lib : Ipc.obj (.text:ti_sdo_ipc_notifyDrivers_NotifyDriverShm_sharedMemReq__F)
                  80342600    00000280     ti.targets.rts6000.ae66 : Error.oe66 (.text:xdc_runtime_Error_raiseX__F)
                  80342880    00000260     stk6_ppp_pppoe.ae66 : icmpv6in.oe66 (.text:ICMPv6RecvEchoRequest)
                  80342ae0    00000260                         : ipv6in.oe66 (.text:IPv6RxPacket)
                  80342d40    00000260     ipc.lib : Ipc.obj (.text:ListMP_sharedMemReq)
                  80342fa0    00000260     stk6_ppp_pppoe.ae66 : nimu.oe66 (.text:NIMUReceivePacket)
                  80343200    00000260                         : rawethsock.oe66 (.text:RawEthSockSet)
                  80343460    00000260                         : sb6.oe66 (.text:SB6Write)
                  803436c0    00000260                         : sb.oe66 (.text:SBWrite)
                  80343920    00000260                         : sockpcb.oe66 (.text:SockPcbBind)
                  80343b80    00000260                         : tcp6out.oe66 (.text:TCP6GenPacket)
                  80343de0    00000260     nettool.ae66 : httppars.oe66 (.text:httpParseRecv)
                  80344040    00000260                  : httpsend.oe66 (.text:httpSendErrorHTML)
                  803442a0    00000260     platform_osal.obj (.text)
                  80344500    00000260     ipc.lib : Ipc.obj (.text:ti_sdo_ipc_ListMP_Instance_finalize__F)
                  80344760    00000260             : Ipc.obj (.text:ti_sdo_ipc_heaps_HeapMemMP_Instance_finalize__F)
                  803449c0    00000260             : Ipc.obj (.text:ti_sdo_ipc_notifyDrivers_NotifyDriverShm_disableEvent__E)
                  80344c20    00000260     sysbios.ae66 : BIOS.obj (.text:ti_sysbios_family_c64p_Exception_internalHandler__I)
                  80344e80    00000260                  : BIOS.obj (.text:ti_sysbios_knl_Semaphore_post__E)
                  803450e0    00000260     ti.targets.rts6000.ae66 : Startup.oe66 (.text:xdc_runtime_Startup_startMods__I)
                  80345340    00000240     stk6_ppp_pppoe.ae66 : bind6.oe66 (.text:Bind6Free)
                  80345580    00000240                         : bind6.oe66 (.text:Bind6RunDAD)
                  803457c0    00000240     ti.drv.cppi.ae66 : cppi_drv.oe66 (.text:Cppi_open)
                  80345a00    00000240     nettool.ae66 : daemon.oe66 (.text:DaemonNew)
                  80345c40    00000240     stk6_ppp_pppoe.ae66 : icmpv6_ndisc.oe66 (.text:ICMPv6RecvNA)
                  80345e80    00000240                         : icmpv6_ndisc.oe66 (.text:ICMPv6SendNA)
                  803460c0    00000240                         : icmpv6_ndisc.oe66 (.text:ICMPv6SendNS)
                  80346300    00000240     ti.drv.pa.ae66 : pa.oe66 (.text:Pa_resetControl)
                  80346540    00000240     stk6_ppp_pppoe.ae66 : pipe.oe66 (.text:PipeRecv)
                  80346780    00000240                         : raw.oe66 (.text:RawInput)
                  803469c0    00000240                         : tcpout.oe66 (.text:TcpGenPacket)
                  80346c00    00000240     rts6600_elf.lib : imath64.obj (.text:__c6xabi_divull)
                  80346e40    00000240                     : _printfi.obj (.text:_pconv_e)
                  80347080    00000240                     : _printfi.obj (.text:_pproc_diouxp)
                  803472c0    00000240     nettool.ae66 : dhcpsm.oe66 (.text:dhcpIPAdd)
                  80347500    00000240                  : dhcpsm.oe66 (.text:dhcpState)
                  80347740    00000240     sysbios.ae66 : BIOS.obj (.text:ti_sysbios_family_c64p_Hwi_reconfig__E)
                  80347980    00000240                  : BIOS.obj (.text:ti_sysbios_knl_Task_exit__E)
                  80347bc0    00000240     ti.targets.rts6000.ae66 : LoggerBuf.oe66 (.text:xdc_runtime_LoggerBuf_write8__F)
                  80347e00    00000220     stk6_ppp_pppoe.ae66 : igmp.oe66 (.text:IGMPJoinHostGroup)
                  80348020    00000220                         : ipv6_frag.oe66 (.text:IPv6ParseFragHdr)
                  80348240    00000220                         : raw6.oe66 (.text:Raw6Output)
                  80348460    00000220                         : rawethsock.oe66 (.text:RawEthSockNew)
                  80348680    00000220                         : sockpcb.oe66 (.text:SockPcbFind)
                  803488a0    00000220     rts6600_elf.lib : _printfi.obj (.text:_pproc_str)
                  80348ac0    00000220     nettool.ae66 : dhcppkt.oe66 (.text:dhcpVerifyMessage)
                  80348ce0    00000220     rts6600_elf.lib : fputc.obj (.text:fputc)
                  80348f00    00000220     nettool.ae66 : httpclie.oe66 (.text:httpGetAuthParams)
                  80349120    00000220     sysbios.ae66 : BIOS.obj (.text:ti_sysbios_knl_Swi_run__I)
                  80349340    00000220                  : BIOS.obj (.text:ti_sysbios_knl_Task_schedule__I)
                  80349560    00000220                  : BIOS.obj (.text:ti_sysbios_knl_Task_startCore__E)
                  80349780    00000220     ti.targets.rts6000.ae66 : Core-mem.oe66 (.text:xdc_runtime_Core_createObject__I)
                  803499a0    00000200     ipc.lib : Ipc.obj (.text:GateMP_enter)
                  80349ba0    00000200             : Ipc.obj (.text:GateMP_leave)
                  80349da0    00000200     stk6_ppp_pppoe.ae66 : ipv6_exthdrs.oe66 (.text:IPv6ParseHopOptions)
                  80349fa0    00000200                         : lli6.oe66 (.text:LLI6New)
                  8034a1a0    00000200     ipc.lib : Ipc.obj (.text:ListMP_openByAddr)
                  8034a3a0    00000200     ti.drv.qmss.ae66 : qmss_drv.oe66 (.text:Qmss_internalQueueOpen)
                  8034a5a0    00000200                      : qmss_acc.oe66 (.text:Qmss_programAccumulator)
                  8034a7a0    00000200     stk6_ppp_pppoe.ae66 : rtc.oe66 (.text:RTCReport)
                  8034a9a0    00000200     rts6600_elf.lib : _printfi.obj (.text:_pconv_g)
                  8034aba0    00000200     sysbios.ae66 : c64p_Hwi_disp_always.obj (.text:_ti_sysbios_family_c64p_Hwi_dispatchAlways)
                  8034ada0    00000200     stk6_ppp_pppoe.ae66 : socket.oe66 (.text:accept)
                  8034afa0    00000200     ti.drv.cppi.ae66 : cppi_heap.oe66 (.text:cppi_internal_heap_add)
                  8034b1a0    00000200     stk6_ppp_pppoe.ae66 : nimupppoe.oe66 (.text:pppoeCtrlMsg)
                  8034b3a0    00000200     rts6600_elf.lib : setvbuf.obj (.text:setvbuf)
                  8034b5a0    00000200     ipc.lib : Ipc.obj (.text:ti_sdo_ipc_family_c647x_MultiProcSetup_init__I)
                  8034b7a0    00000200             : Ipc.obj (.text:ti_sdo_ipc_notifyDrivers_NotifyDriverShm_sendEvent__E)
                  8034b9a0    00000200             : Ipc.obj (.text:ti_sdo_ipc_transports_TransportShm_Instance_finalize__F)
                  8034bba0    000001e0     stk6_ppp_pppoe.ae66 : igmp.oe66 (.text:IGMPSendReply)
                  8034bd80    000001e0                         : route6.oe66 (.text:Rt6Modify)
                  8034bf60    000001e0                         : sock6pcb.oe66 (.text:Sock6PcbFindRaw)
                  8034c140    000001e0                         : auth.oe66 (.text:chapSendMsg)
                  8034c320    000001e0     nettool.ae66 : dhcpsock.oe66 (.text:dhcpSocketOpen)
                  8034c500    000001e0     stk6_ppp_pppoe.ae66 : socket.oe66 (.text:sendto)
                  8034c6e0    000001e0     ipc.lib : Ipc.obj (.text:ti_sdo_ipc_GateMP_attach__F)
                  8034c8c0    000001e0             : Ipc.obj (.text:ti_sdo_ipc_GateMP_getFreeResource__I)
                  8034caa0    000001e0     sysbios.ae66 : BIOS.obj (.text:ti_sysbios_family_c64p_Exception_externalHandler__I)
                  8034cc80    000001e0                  : BIOS.obj (.text:ti_sysbios_knl_Swi_Instance_init__F)
                  8034ce60    000001e0                  : BIOS.obj (.text:ti_sysbios_knl_Task_checkStacks__E)
                  8034d040    000001e0                  : BIOS.obj (.text:ti_sysbios_knl_Task_postInit__I)
                  8034d220    000001e0                  : BIOS.obj (.text:ti_sysbios_timers_timer64_Timer_getFreq__E)
                  8034d400    000001c0     nettool.ae66 : config.oe66 (.text:CfgExecute)
                  8034d5c0    000001c0     ti.drv.cppi.ae66 : cppi_drv.oe66 (.text:Cppi_channelClose)
                  8034d780    000001c0                      : cppi_drv.oe66 (.text:Cppi_initCfg)
                  8034d940    000001c0     ipc.lib : Ipc.obj (.text:HeapMemMP_openByAddr)
                  8034db00    000001c0     stk6_ppp_pppoe.ae66 : ip.oe66 (.text:IPGetRoute)
                  8034dcc0    000001c0                         : lliout.oe66 (.text:LLIGenArpPacket)
                  8034de80    000001c0     ti.drv.qmss.ae66 : qmss_drv.oe66 (.text:Qmss_internaldownloadFirmware)
                  8034e040    000001c0     stk6_ppp_pppoe.ae66 : raw6.oe66 (.text:Raw6Input)
                  8034e200    000001c0     netctrl.ae66 : netsrv.oe66 (.text:SPIpNet)
                  8034e3c0    000001c0     stk6_ppp_pppoe.ae66 : tcptime.oe66 (.text:TcpTimeoutRexmt)
                  8034e580    000001c0                         : lli.oe66 (.text:_LLITimeoutCheck)
                  8034e740    000001c0     rts6600_elf.lib : _printfi.obj (.text:_mcpy)
                  8034e900    000001c0     nettool.ae66 : dhcpbild.oe66 (.text:dhcpBuildHeader)
                  8034eac0    000001c0     stk6_ppp_pppoe.ae66 : fileuser.oe66 (.text:fdClose)
                  8034ec80    000001c0                         : socket.oe66 (.text:recvncfrom)
                  8034ee40    000001c0     ipc.lib : Ipc.obj (.text:ti_sdo_ipc_notifyDrivers_NotifyDriverShm_registerEvent__E)
                  8034f000    000001c0     sysbios.ae66 : BIOS.obj (.text:ti_sysbios_family_c64p_Exception_decodeMpfsr__I)
                  8034f1c0    000001c0                  : BIOS.obj (.text:ti_sysbios_gates_GateMutex_enter__E)
                  8034f380    000001c0                  : BIOS.obj (.text:ti_sysbios_timers_timer64_Timer_setPeriodMicroSecs__E)
                  8034f540    000001c0     ti.targets.rts6000.ae66 : Text.oe66 (.text:xdc_runtime_Text_putSite__F)
                  8034f700    000001a0     stk6_ppp_pppoe.ae66 : bind6.oe66 (.text:Bind6Msg)
                  8034f8a0    000001a0     nettool.ae66 : config.oe66 (.text:CfgRemoveEntry)
                  8034fa40    000001a0     rts6600_elf.lib : trgdrv.obj (.text:HOSTrename)
                  8034fbe0    000001a0     stk6_ppp_pppoe.ae66 : icmpin.oe66 (.text:ICMPRevSrcRoute)
                  8034fd80    000001a0                         : ipv6_frag.oe66 (.text:IPv6FragMsg)
                  8034ff20    000001a0                         : ipv6_exthdrs.oe66 (.text:IPv6ParseRoutingHdr)
                  803500c0    000001a0     ImageTable.obj (.text)
                  80350260    000001a0     netctrl.ae66 : netctrl.oe66 (.text:NC_NetStart)
                  80350400    000001a0     stk6_ppp_pppoe.ae66 : node.oe66 (.text:NodeTreeFree)
                  803505a0    000001a0     ti.drv.pa.ae66 : pa.oe66 (.text:Pa_downloadImage)
                  80350740    000001a0     stk6_ppp_pppoe.ae66 : route6.oe66 (.text:Route6LifetimeMgmt)
                  803508e0    000001a0     ipc.lib : Ipc.obj (.text:SharedRegion_getCacheLineSize)
                  80350a80    000001a0             : Ipc.obj (.text:SharedRegion_getHeap)
                  80350c20    000001a0             : Ipc.obj (.text:SharedRegion_isCacheEnabled)
                  80350dc0    000001a0     stk6_ppp_pppoe.ae66 : sockint.oe66 (.text:SockCreatePacket)
                  80350f60    000001a0     nettool.ae66 : dhcpsm.oe66 (.text:StateRenewRebind)
                  80351100    000001a0     stk6_ppp_pppoe.ae66 : tcp6time.oe66 (.text:TCP6TimeoutRexmt)
                  803512a0    000001a0     rts6600_elf.lib : imath40.obj (.text:__c6xabi_divul)
                  80351440    000001a0     nettool.ae66 : dhcptags.oe66 (.text:dhcpBuildOptions)
                  803515e0    000001a0     stk6_ppp_pppoe.ae66 : socket.oe66 (.text:getpeername)
                  80351780    000001a0                         : udp6.oe66 (.text:processMulticast)
                  80351920    000001a0     nettool.ae66 : telnetd.oe66 (.text:telnet_termdata)
                  80351ac0    000001a0     ipc.lib : Ipc.obj (.text:ti_sdo_ipc_GateMP_openRegion0Reserved__F)
                  80351c60    000001a0             : Ipc.obj (.text:ti_sdo_ipc_notifyDrivers_NotifyDriverShm_enableEvent__E)
                  80351e00    000001a0             : Ipc.obj (.text:ti_sdo_ipc_notifyDrivers_NotifyDriverShm_unregisterEvent__E)
                  80351fa0    000001a0             : Ipc.obj (.text:ti_sdo_ipc_nsremote_NameServerRemoteNotify_attach__E)
                  80352140    000001a0     sysbios.ae66 : BIOS.obj (.text:ti_sysbios_family_c66_Cache_block__I)
                  803522e0    000001a0                  : BIOS.obj (.text:ti_sysbios_heaps_HeapBuf_Module_startup__F)
                  80352480    000001a0                  : BIOS.obj (.text:ti_sysbios_timers_timer64_Timer_start__E)
                  80352620    000001a0     ti.targets.rts6000.ae66 : LoggerBuf.oe66 (.text:xdc_runtime_LoggerBuf_write4__F)
                  803527c0    00000180     stk6_ppp_pppoe.ae66 : bind6.oe66 (.text:Bind6GetGlobalAddress)
                  80352940    00000180                         : igmp.oe66 (.text:IGMPMsg)
                  80352ac0    00000180     ipc.lib : Ipc.obj (.text:MultiProc_setLocalId)
                  80352c40    00000180     stk6_ppp_pppoe.ae66 : nimu.oe66 (.text:NIMURegister)
                  80352dc0    00000180     ipc.lib : Ipc.obj (.text:NameServer_getHandle)
                  80352f40    00000180             : Ipc.obj (.text:Notify_intLineRegistered)
                  803530c0    00000180     netctrl.ae66 : netsrv.oe66 (.text:ServiceScan)
                  80353240    00000180                  : netsrv.oe66 (.text:ServiceSpawn)
                  803533c0    00000180     stk6_ppp_pppoe.ae66 : sock6int.oe66 (.text:Sock6CreatePacket)
                  80353540    00000180     nettool.ae66 : dhcpsm.oe66 (.text:StateBound)
                  803536c0    00000180     rts6600_elf.lib : copy_decompress_rle.obj (.text:__TI_decompress_rle_core)
                  80353840    00000180     stk6_ppp_pppoe.ae66 : socket.oe66 (.text:bind)
                  803539c0    00000180     nettool.ae66 : dhcpbild.oe66 (.text:dhcpBuildRequest)
                  80353b40    00000180     os.ae66 : task.oe66 (.text:llEnter)
                  80353cc0    00000180     stk6_ppp_pppoe.ae66 : auth.oe66 (.text:papSendCfg)
                  80353e40    00000180     sysbios.ae66 : c64p_Exception_asm.obj (.text)
                  80353fc0    00000180     ipc.lib : Ipc.obj (.text:ti_sdo_ipc_MessageQ_registerTransport__F)
                  80354140    00000180             : Ipc.obj (.text:ti_sdo_ipc_Notify_Module_startup__F)
                  803542c0    00000180             : Ipc.obj (.text:ti_sdo_ipc_gates_GatePeterson_enter__E)
                  80354440    00000180             : Ipc.obj (.text:ti_sdo_utils_NameServer_Module_startup__F)
                  803545c0    00000180     sysbios.ae66 : BIOS.obj (.text:ti_sysbios_knl_Swi_schedule__I)
                  80354740    00000180                  : BIOS.obj (.text:ti_sysbios_knl_Task_unblockI__E)
                  803548c0    00000160     nettool.ae66 : config.oe66 (.text:CfgGetEntry)
                  80354a20    00000160                  : config.oe66 (.text:CfgGetNextEntry)
                  80354b80    00000160     stk6_ppp_pppoe.ae66 : igmp.oe66 (.text:IGMPDoMCast)
                  80354ce0    00000160                         : nimu.oe66 (.text:NIMUIoctlSpecialCmd)
                  80354e40    00000160                         : nimuppp.oe66 (.text:PPPStop)
                  80354fa0    00000160                         : pipe.oe66 (.text:PipeSend)
                  80355100    00000160                         : raw.oe66 (.text:RawOutput)
                  80355260    00000160                         : rtable.oe66 (.text:RtTimeoutCheck)
                  803553c0    00000160                         : rtable.oe66 (.text:RtWalkNext)
                  80355520    00000160     netctrl.ae66 : netsrv.oe66 (.text:SPRoute)
                  80355680    00000160     stk6_ppp_pppoe.ae66 : sock6.oe66 (.text:Sock6Check)
                  803557e0    00000160                         : sock6pcb.oe66 (.text:Sock6PcbConnect)
                  80355940    00000160                         : sock.oe66 (.text:SockCheck)
                  80355aa0    00000160                         : sockpcb.oe66 (.text:SockPcbConnect)
                  80355c00    00000160     nettool.ae66 : dhcpsm.oe66 (.text:StateRequesting)
                  80355d60    00000160     stk6_ppp_pppoe.ae66 : tcp6time.oe66 (.text:TCP6TimeoutKeep)
                  80355ec0    00000160                         : tcptime.oe66 (.text:TcpTimeoutKeep)
                  80356020    00000160                         : auth.oe66 (.text:authInit)
                  80356180    00000160     nettool.ae66 : httpclie.oe66 (.text:httpExtractTag)
                  803562e0    00000160     stk6_ppp_pppoe.ae66 : sock6.oe66 (.text:joinGroup)
                  80356440    00000160                         : socket.oe66 (.text:setsockopt)
                  803565a0    00000160     nettool.ae66 : telnetd.oe66 (.text:telnetClientProcess)
                  80356700    00000160     ipc.lib : Ipc.obj (.text:ti_sdo_ipc_GateMP_createLocal__F)
                  80356860    00000160             : Ipc.obj (.text:ti_sdo_ipc_MessageQ_unregisterTransport__F)
                  803569c0    00000160             : Ipc.obj (.text:ti_sdo_ipc_gates_GateHWSem_Instance_init__F)
                  80356b20    00000160             : Ipc.obj (.text:ti_sdo_ipc_transports_TransportShm_sharedMemReq__F)
                  80356c80    00000160             : Ipc.obj (.text:ti_sdo_utils_NameServer_isRegistered__E)
                  80356de0    00000160             : Ipc.obj (.text:ti_sdo_utils_NameServer_registerRemoteDriver__E)
                  80356f40    00000160             : Ipc.obj (.text:ti_sdo_utils_NameServer_unregisterRemoteDriver__E)
                  803570a0    00000140     stk6_ppp_pppoe.ae66 : bind6.oe66 (.text:Bind6DADCheck)
                  803571e0    00000140     ti.csl.ae66 : csl_chip.oe66 (.text:CSL_chipReadReg)
                  80357320    00000140     stk6_ppp_pppoe.ae66 : exec.oe66 (.text:ExecOpen)
                  80357460    00000140     ipc.lib : Ipc.obj (.text:GateMP_close)
                  803575a0    00000140     stk6_ppp_pppoe.ae66 : icmp.oe66 (.text:ICMPSendRtAdv)
                  803576e0    00000140                         : igmp.oe66 (.text:IGMPJoin)
                  80357820    00000140                         : ipv6.oe66 (.text:IPv6DisplayIPAddress)
                  80357960    00000140                         : lli6.oe66 (.text:LLI6Find)
                  80357aa0    00000140                         : lli.oe66 (.text:LLINew)
                  80357be0    00000140                         : node.oe66 (.text:NodeFind)
                  80357d20    00000140                         : node.oe66 (.text:NodeWalk)
                  80357e60    00000140     ipc.lib : Ipc.obj (.text:Notify_attach)
                  80357fa0    00000140     stk6_ppp_pppoe.ae66 : pbm.oe66 (.text:PBM_alloc)
                  803580e0    00000140                         : pbm.oe66 (.text:PBM_free)
                  80358220    00000140                         : rtable.oe66 (.text:RtFlush)
                  80358360    00000140                         : sb6.oe66 (.text:SB6New)
                  803584a0    00000140     netctrl.ae66 : netsrv.oe66 (.text:ServiceKill)
                  803585e0    00000140     stk6_ppp_pppoe.ae66 : sock6.oe66 (.text:Sock6Accept)
                  80358720    00000140                         : sock6.oe66 (.text:Sock6Listen)
                  80358860    00000140                         : sock.oe66 (.text:SockAccept)
                  803589a0    00000140                         : sock.oe66 (.text:SockListen)
                  80358ae0    00000140                         : sockpcb.oe66 (.text:SockPcbCtlError)
                  80358c20    00000140     boot.ae66 : autoinit.oe66 (.text:_auto_init_elf)
                  80358d60    00000140     rts6600_elf.lib : _printfi.obj (.text:_pproc_fflags)
                  80358ea0    00000140     stk6_ppp_pppoe.ae66 : auth.oe66 (.text:authGetPassword)
                  80358fe0    00000140     nettool.ae66 : dhcptags.oe66 (.text:dhcpDecodeType)
                  80359120    00000140     rts6600_elf.lib : lowlev.obj (.text:getdevice)
                  80359260    00000140     nettool.ae66 : httpsend.oe66 (.text:httpAuthenticationReq)
                  803593a0    00000140     os.ae66 : mem.oe66 (.text:mmCopy)
                  803594e0    00000140     stk6_ppp_pppoe.ae66 : nimuppp.oe66 (.text:pppAddClient)
                  80359620    00000140                         : socket.oe66 (.text:recv)
                  80359760    00000140                         : socket.oe66 (.text:send)
                  803598a0    00000140     ipc.lib : Ipc.obj (.text:ti_sdo_ipc_Notify_exec__F)
                  803599e0    00000140     sysbios.ae66 : BIOS.obj (.text:ti_sysbios_family_c64p_Exception_Module_startup__F)
                  80359b20    00000140                  : BIOS.obj (.text:ti_sysbios_family_c64p_Hwi_Module_startup__F)
                  80359c60    00000140                  : BIOS.obj (.text:ti_sysbios_family_c66_Cache_Module_startup__F)
                  80359da0    00000140                  : BIOS.obj (.text:ti_sysbios_gates_GateSwi_enter__E)
                  80359ee0    00000140                  : BIOS.obj (.text:ti_sysbios_knl_Semaphore_Instance_init__F)
                  8035a020    00000140                  : BIOS.obj (.text:ti_sysbios_knl_Swi_post__E)
                  8035a160    00000140                  : BIOS.obj (.text:ti_sysbios_knl_Task_Module_startup__F)
                  8035a2a0    00000140                  : BIOS.obj (.text:ti_sysbios_knl_Task_blockI__E)
                  8035a3e0    00000140                  : BIOS.obj (.text:ti_sysbios_knl_Task_yield__E)
                  8035a520    00000140     ti.targets.rts6000.ae66 : Text.oe66 (.text:xdc_runtime_Text_putLab__F)
                  8035a660    00000120     stk6_ppp_pppoe.ae66 : bind6.oe66 (.text:Bind6LifetimeMgmt)
                  8035a780    00000120                         : bind.oe66 (.text:BindFree)
                  8035a8a0    00000120     nettool.ae66 : config.oe66 (.text:CfgFree)
                  8035a9c0    00000120                  : daemon.oe66 (.text:DaemonFree)
                  8035aae0    00000120     stk6_ppp_pppoe.ae66 : file.oe66 (.text:FdWaitEvent)
                  8035ac00    00000120                         : igmp.oe66 (.text:IGMPLeaveHostGroup)
                  8035ad20    00000120                         : ip.oe66 (.text:IPMsg)
                  8035ae40    00000120                         : ipin.oe66 (.text:IPRouteIP)
                  8035af60    00000120                         : ipv6_frag.oe66 (.text:IPv6CreateFragQ)
                  8035b080    00000120                         : ipv6.oe66 (.text:IPv6Init)
                  8035b1a0    00000120                         : icmpv6out.oe66 (.text:IsICMPv6ErrorPkt)
                  8035b2c0    00000120                         : md5.oe66 (.text:MD5Update)
                  8035b3e0    00000120                         : mld.oe66 (.text:MLDJoinGroup)
                  8035b500    00000120     netctrl.ae66 : netctrl.oe66 (.text:NC_SystemOpen)
                  8035b620    00000120     stk6_ppp_pppoe.ae66 : nimu.oe66 (.text:NIMUAddEthernetHeader)
                  8035b740    00000120     ti.drv.qmss.ae66 : qmss_acc.oe66 (.text:Qmss_disableAccumulator)
                  8035b860    00000120     stk6_ppp_pppoe.ae66 : raweth.oe66 (.text:RawEthRxPacket)
                  8035b980    00000120                         : raweth.oe66 (.text:RawEthTxPacket)
                  8035baa0    00000120                         : sb.oe66 (.text:SBNew)
                  8035bbc0    00000120     netctrl.ae66 : netsrv.oe66 (.text:SPConfig)
                  8035bce0    00000120                  : netsrv.oe66 (.text:SPService)
                  8035be00    00000120     stk6_ppp_pppoe.ae66 : sock6.oe66 (.text:Sock6Disconnect)
                  8035bf20    00000120                         : sock6.oe66 (.text:Sock6Shutdown)
                  8035c040    00000120                         : sockpcb.oe66 (.text:SockPcbFindRaw)
                  8035c160    00000120                         : sock.oe66 (.text:SockShutdown)
                  8035c280    00000120                         : tcp6prot.oe66 (.text:TCP6PrAttach)
                  8035c3a0    00000120                         : tcpprot.oe66 (.text:TcpPrAttach)
                  8035c4c0    00000120     nettool.ae66 : telnetd.oe66 (.text:TelnetOpen)
                  8035c5e0    00000120     stk6_ppp_pppoe.ae66 : rtable.oe66 (.text:_RtNodeInsert)
                  8035c700    00000120     rts6600_elf.lib : fclose.obj (.text:_closefile)
                  8035c820    00000120                     : _printfi.obj (.text:_ltostr)
                  8035c940    00000120     os.ae66 : mem.oe66 (.text:_mmInit)
                  8035ca60    00000120     nettool.ae66 : daemon.oe66 (.text:dchild)
                  8035cb80    00000120     stk6_ppp_pppoe.ae66 : fileuser.oe66 (.text:fdOpenSession)
                  8035cca0    00000120     rts6600_elf.lib : fseek.obj (.text:fseek)
                  8035cdc0    00000120     nettool.ae66 : http.oe66 (.text:httpOpen)
                  8035cee0    00000120     stk6_ppp_pppoe.ae66 : lcp.oe66 (.text:lcpOpen)
                  8035d000    00000120                         : lcp.oe66 (.text:lcpReject)
                  8035d120    00000120                         : socket.oe66 (.text:socket)
                  8035d240    00000120     ipc.lib : Ipc.obj (.text:ti_sdo_ipc_MessageQ_Module_startup__F)
                  8035d360    00000120             : Ipc.obj (.text:ti_sdo_ipc_family_c647x_Interrupt_intRegister__E)
                  8035d480    00000120             : Ipc.obj (.text:ti_sdo_ipc_nsremote_NameServerRemoteNotify_Instance_finalize__F)
                  8035d5a0    00000120     sysbios.ae66 : BIOS.obj (.text:ti_sysbios_BIOS_rtsUnlock__I)
                  8035d6c0    00000120                  : BIOS.obj (.text:ti_sysbios_knl_Clock_startI__E)
                  8035d7e0    00000120     ti.targets.rts6000.ae66 : LoggerBuf.oe66 (.text:xdc_runtime_LoggerBuf_setFilterLevel__F)
                  8035d900    00000120                             : Text.oe66 (.text:xdc_runtime_Text_putMod__F)
                  8035da20    00000100     nettool.ae66 : config.oe66 (.text:CfgNew)
                  8035db20    00000100                  : config.oe66 (.text:CfgSetExecuteOrder)
                  8035dc20    00000100     os.ae66 : ossys.oe66 (.text:DbgPrintf)
                  8035dd20    00000100     rts6600_elf.lib : trgdrv.obj (.text:HOSTlseek)
                  8035de20    00000100     stk6_ppp_pppoe.ae66 : igmp.oe66 (.text:IGMPTimer)
                  8035df20    00000100                         : ipv6.oe66 (.text:IPv6GetSubnetMaskFromBits)
                  8035e020    00000100                         : ipv6_frag.oe66 (.text:IPv6ReasmTimeout)
                  8035e120    00000100                         : rtc.oe66 (.text:RTCMsg)
                  8035e220    00000100                         : rawethsock.oe66 (.text:RawEthSockCheck)
                  8035e320    00000100                         : route.oe66 (.text:RtRedirect)
                  8035e420    00000100                         : sockint.oe66 (.text:SockValidateRoute)
                  8035e520    00000100     nettool.ae66 : dhcpsm.oe66 (.text:StateSelecting)
                  8035e620    00000100     stk6_ppp_pppoe.ae66 : tcp6prot.oe66 (.text:TCP6PrInherit)
                  8035e720    00000100                         : tcp6time.oe66 (.text:TCP6XmitTimer)
                  8035e820    00000100                         : tcpprot.oe66 (.text:TcpPrInherit)
                  8035e920    00000100                         : tcptime.oe66 (.text:TcpXmitTimer)
                  8035ea20    00000100                         : rtable.oe66 (.text:_RtNodeRemove)
                  8035eb20    00000100     rts6600_elf.lib : _io_perm.obj (.text:_wrt_ok)
                  8035ec20    00000100     stk6_ppp_pppoe.ae66 : file.oe66 (.text:fdint_unlockfd)
                  8035ed20    00000100                         : socket.oe66 (.text:listen)
                  8035ee20    00000100     os.ae66 : mem.oe66 (.text:mmFree)
                  8035ef20    00000100     ipc.lib : Ipc.obj (.text:ti_sdo_ipc_GateMP_start__F)
                  8035f020    00000100             : Ipc.obj (.text:ti_sdo_ipc_Notify_Instance_finalize__F)
                  8035f120    00000100             : Ipc.obj (.text:ti_sdo_ipc_SharedRegion_attach__F)
                  8035f220    00000100             : Ipc.obj (.text:ti_sdo_ipc_SharedRegion_clearReservedMemory__F)
                  8035f320    00000100             : Ipc.obj (.text:ti_sdo_ipc_family_c647x_Interrupt_Module_startup__F)
                  8035f420    00000100             : Ipc.obj (.text:ti_sdo_ipc_gates_GateHWSem_Module_startup__F)
                  8035f520    00000100             : Ipc.obj (.text:ti_sdo_ipc_gates_GateMPSupportNull_enter__E)
                  8035f620    00000100             : Ipc.obj (.text:ti_sdo_ipc_gates_GateMPSupportNull_leave__E)
                  8035f720    00000100             : Ipc.obj (.text:ti_sdo_ipc_transports_TransportShmSetup_attach__E)
                  8035f820    00000100     sysbios.ae66 : BIOS.obj (.text:ti_sysbios_family_c64p_EventCombiner_dispatch__F)
                  8035f920    00000100                  : BIOS.obj (.text:ti_sysbios_family_c64p_Hwi_Instance_finalize__F)
                  8035fa20    00000100                  : BIOS.obj (.text:ti_sysbios_gates_GateMutexPri_leave__E)
                  8035fb20    00000100                  : BIOS.obj (.text:ti_sysbios_knl_Swi_restoreHwi__E)
                  8035fc20    00000100                  : BIOS.obj (.text:ti_sysbios_timers_timer64_Timer_initDevice__I)
                  8035fd20    00000100     stk6_ppp_pppoe.ae66 : lliin.oe66 (.text:updateRtTable)
                  8035fe20    00000100     ti.targets.rts6000.ae66 : Core-mem.oe66 (.text:xdc_runtime_Core_deleteObject__I)
                  8035ff20    00000100                             : LoggerBuf.oe66 (.text:xdc_runtime_LoggerBuf_getFilterLevel__F)
                  80360020    00000100                             : Startup.oe66 (.text:xdc_runtime_Startup_exec__F)
                  80360120    00000100                             : Text.oe66 (.text:xdc_runtime_Text_visitRope2__I)
                  80360220    000000e0     stk6_ppp_pppoe.ae66 : bind6.oe66 (.text:Bind6GetLinkLocalAddress)
                  80360300    000000e0     nettool.ae66 : config.oe66 (.text:CfgGetEntryCnt)
                  803603e0    000000e0                  : dhcpmain.oe66 (.text:DHCPClose)
                  803604c0    000000e0     rts6600_elf.lib : trgdrv.obj (.text:HOSTopen)
                  803605a0    000000e0     stk6_ppp_pppoe.ae66 : icmpv6in.oe66 (.text:ICMPv6SocketErrorInterface)
                  80360680    000000e0                         : igmp.oe66 (.text:IGMPLeave)
                  80360760    000000e0                         : ipv6_frag.oe66 (.text:IPv6FindFragQ)
                  80360840    000000e0                         : ipv6.oe66 (.text:IPv6Layer4ComputeChecksum)
                  80360920    000000e0                         : lli6.oe66 (.text:LLI6Msg)
                  80360a00    000000e0                         : lli6.oe66 (.text:LLI6Update)
                  80360ae0    000000e0                         : mld.oe66 (.text:MLDFindMulticastNode)
                  80360bc0    000000e0                         : nimu.oe66 (.text:NIMUAllocateIndex)
                  80360ca0    000000e0                         : nimu.oe66 (.text:NIMUAllocateName)
                  80360d80    000000e0                         : node.oe66 (.text:NodeDeRef)
                  80360e60    000000e0                         : node.oe66 (.text:NodeNew)
                  80360f40    000000e0                         : node.oe66 (.text:NodeTreeNew)
                  80361020    000000e0                         : pbm.oe66 (.text:PBMQ_enq)
                  80361100    000000e0                         : pbm.oe66 (.text:PBM_copy)
                  803611e0    000000e0                         : rawethsock.oe66 (.text:RawEthSockNotify)
                  803612c0    000000e0                         : rawethsock_pcb.oe66 (.text:RawEthSockPcbAttach)
                  803613a0    000000e0                         : rawethsock.oe66 (.text:RawEthSockSend)
                  80361480    000000e0                         : route6.oe66 (.text:Route6Msg)
                  80361560    000000e0                         : route.oe66 (.text:RtDeRef)
                  80361640    000000e0                         : route.oe66 (.text:RtRemove)
                  80361720    000000e0                         : sb.oe66 (.text:SBReadNC)
                  80361800    000000e0                         : sb.oe66 (.text:SBSetMax)
                  803618e0    000000e0                         : sock6int.oe66 (.text:Sock6SpawnAbort)
                  803619c0    000000e0                         : sock6int.oe66 (.text:Sock6ValidateRoute)
                  80361aa0    000000e0                         : sock.oe66 (.text:SockDisconnect)
                  80361b80    000000e0                         : sockint.oe66 (.text:SockSpawnAbort)
                  80361c60    000000e0                         : tcp6prot.oe66 (.text:TCP6PrDetach)
                  80361d40    000000e0                         : tcp6prot.oe66 (.text:TCP6PrDisconnect)
                  80361e20    000000e0                         : tcp6prot.oe66 (.text:TCP6ValidateMetrics)
                  80361f00    000000e0                         : tcpprot.oe66 (.text:TcpPrDetach)
                  80361fe0    000000e0                         : tcpprot.oe66 (.text:TcpPrDisconnect)
                  803620c0    000000e0                         : tcpprot.oe66 (.text:TcpValidateMetrics)
                  803621a0    000000e0                         : timer.oe66 (.text:TimerListInsert)
                  80362280    000000e0                         : udp.oe66 (.text:UdpChecksum)
                  80362360    000000e0                         : vlan.oe66 (.text:VLANDeinit)
                  80362440    000000e0                         : vlan.oe66 (.text:VLANReceivePacket)
                  80362520    000000e0     nettool.ae66 : config.oe66 (.text:_CfgEntryScan)
                  80362600    000000e0     stk6_ppp_pppoe.ae66 : lli.oe66 (.text:_LLIExpListInsert)
                  803626e0    000000e0                         : rtable.oe66 (.text:_RtExpListInsert)
                  803627c0    000000e0     rts6600_elf.lib : divi.obj (.text:__divi)
                  803628a0    000000e0                     : _printfi.obj (.text:_div)
                  80362980    000000e0                     : atoi.obj (.text:atoi)
                  80362a60    000000e0                     : lowlev.obj (.text:close)
                  80362b40    000000e0                     : copy_zero_init.obj (.text:decompress:ZI:__TI_zero_init)
                  80362c20    000000e0     os.ae66 : efs.oe66 (.text:efs_internal_remove)
                  80362d00    000000e0     stk6_ppp_pppoe.ae66 : file.oe66 (.text:fdint_lockfd)
                  80362de0    000000e0     rts6600_elf.lib : fflush.obj (.text:fflush)
                  80362ec0    000000e0     nettool.ae66 : httpclie.oe66 (.text:httpGetMimeBits)
                  80362fa0    000000e0     os.ae66 : task.oe66 (.text:llExit)
                  80363080    000000e0     rts6600_elf.lib : ltoa.obj (.text:ltoa)
                  80363160    000000e0                     : memset.obj (.text:memset)
                  80363240    000000e0     os.ae66 : mem.oe66 (.text:mmBulkAlloc)
                  80363320    000000e0     stk6_ppp_pppoe.ae66 : nimuppp.oe66 (.text:pppFree)
                  80363400    000000e0     rts6600_elf.lib : printf.obj (.text:printf)
                  803634e0    000000e0     helloWorld_pe66.oe66 (.text:ti_sdo_ipc_Notify_Object__create__S)
                  803635c0    000000e0     ipc.lib : Ipc.obj (.text:ti_sdo_ipc_family_c647x_NotifySetup_attach__E)
                  803636a0    000000e0             : Ipc.obj (.text:ti_sdo_ipc_gates_GateHWSem_enter__E)
                  80363780    000000e0     sysbios.ae66 : BIOS.obj (.text:ti_sysbios_family_c64p_Hwi_Instance_init__F)
                  80363860    000000e0     helloWorld_pe66.oe66 (.text:ti_sysbios_family_c64p_Hwi_Object__create__S)
                  80363940    000000e0     sysbios.ae66 : BIOS.obj (.text:ti_sysbios_knl_Clock_start__E)
                  80363a20    000000e0     ti.targets.rts6000.ae66 : Error.oe66 (.text:xdc_runtime_Error_print__F)
                  80363b00    000000e0                             : Memory.oe66 (.text:xdc_runtime_Memory_alloc__F)
                  80363be0    000000c0     rts6600_elf.lib : trgdrv.obj (.text:HOSTread)
                  80363ca0    000000c0                     : trgdrv.obj (.text:HOSTunlink)
                  80363d60    000000c0                     : trgdrv.obj (.text:HOSTwrite)
                  80363e20    000000c0     ipc.lib : Ipc.obj (.text:HeapMemMP_create)
                  80363ee0    000000c0     stk6_ppp_pppoe.ae66 : icmpv6in.oe66 (.text:ICMPv6RecvDstUnreachable)
                  80363fa0    000000c0                         : lli.oe66 (.text:LLIGetValidTime)
                  80364060    000000c0                         : lli.oe66 (.text:LLIMsg)
                  80364120    000000c0     ipc.lib : Ipc.obj (.text:ListMP_create)
                  803641e0    000000c0     stk6_ppp_pppoe.ae66 : mld.oe66 (.text:MLDCreateMulticastNode)
                  803642a0    000000c0                         : mld.oe66 (.text:MLDLeaveGroup)
                  80364360    000000c0                         : nimu.oe66 (.text:NIMUFindByName)
                  80364420    000000c0     netctrl.ae66 : netsrv.oe66 (.text:NS_BootTask)
                  803644e0    000000c0     stk6_ppp_pppoe.ae66 : node.oe66 (.text:NodeUpdatePL)
                  803645a0    000000c0     nettool.ae66 : ipaddr.oe66 (.text:NtIfIdx2Ip)
                  80364660    000000c0     ti.drv.qmss.ae66 : qmss_drv.oe66 (.text:Qmss_setEoiVector)
                  80364720    000000c0     stk6_ppp_pppoe.ae66 : route6.oe66 (.text:Rt6FindDefaultRouter)
                  803647e0    000000c0                         : rtable.oe66 (.text:RtWalkBegin)
                  803648a0    000000c0                         : sb6.oe66 (.text:SB6Flush)
                  80364960    000000c0                         : sb6.oe66 (.text:SB6SetMax)
                  80364a20    000000c0                         : sb.oe66 (.text:SBFlush)
                  80364ae0    000000c0                         : sock6.oe66 (.text:Sock6IntAbort)
                  80364ba0    000000c0                         : sock6pcb.oe66 (.text:Sock6PcbResolveChain)
                  80364c60    000000c0                         : sock6pcb.oe66 (.text:Sock6PcbRtChange)
                  80364d20    000000c0                         : sock.oe66 (.text:SockIntAbort)
                  80364de0    000000c0                         : sockpcb.oe66 (.text:SockPcbRtChange)
                  80364ea0    000000c0                         : tcp6prot.oe66 (.text:TCP6Close)
                  80364f60    000000c0                         : tcp6time.oe66 (.text:TCP6TimeoutSackRexmt)
                  80365020    000000c0     os.ae66 : task.oe66 (.text:TaskGetEnv)
                  803650e0    000000c0     stk6_ppp_pppoe.ae66 : tcp.oe66 (.text:TcpChecksum)
                  803651a0    000000c0                         : tcpprot.oe66 (.text:TcpClose)
                  80365260    000000c0                         : tcptime.oe66 (.text:TcpTimeoutSackRexmt)
                  80365320    000000c0                         : bind6.oe66 (.text:_Bind6FindByHostInList)
                  803653e0    000000c0                         : bind6.oe66 (.text:_Bind6FindByNetInList)
                  803654a0    000000c0     rts6600_elf.lib : dtor_list.obj (.text:_Z11__TI_atexitPFYvPvES_S_)
                  80365560    000000c0                     : dtor_list.obj (.text:__cxa_finalize)
                  80365620    000000c0                     : divu.obj (.text:__divu)
                  803656e0    000000c0                     : remi.obj (.text:__remi)
                  803657a0    000000c0                     : fflush.obj (.text:_doflush)
                  80365860    000000c0     ti.drv.cppi.ae66 : cppi_listlib.oe66 (.text:cppi_list_remove_node)
                  80365920    000000c0     nettool.ae66 : dhcptags.oe66 (.text:dhcpOptionsClear)
                  803659e0    000000c0     os.ae66 : efs.oe66 (.text:efs_fopen)
                  80365aa0    000000c0     rts6600_elf.lib : exit.obj (.text:exit)
                  80365b60    000000c0     nettool.ae66 : httpsend.oe66 (.text:httpSendFullResponse)
                  80365c20    000000c0     os.ae66 : mem.oe66 (.text:mmZeroInit)
                  80365ce0    000000c0     stk6_ppp_pppoe.ae66 : nimuppp.oe66 (.text:pppAddIP)
                  80365da0    000000c0     helloWorld_pe66.oe66 (.text:ti_sdo_ipc_GateMP_Object__create__S)
                  80365e60    000000c0     ipc.lib : Ipc.obj (.text:ti_sdo_ipc_GateMP_getRegion0ReservedSize__F)
                  80365f20    000000c0     helloWorld_pe66.oe66 (.text:ti_sdo_ipc_ListMP_Object__create__S)
                  80365fe0    000000c0     ipc.lib : Ipc.obj (.text:ti_sdo_ipc_Notify_execMany__I)
                  803660a0    000000c0             : Ipc.obj (.text:ti_sdo_ipc_family_c647x_Interrupt_intShmStub__I)
                  80366160    000000c0     helloWorld_pe66.oe66 (.text:ti_sdo_ipc_gates_GatePeterson_Object__create__S)
                  80366220    000000c0     helloWorld_pe66.oe66 (.text:ti_sdo_ipc_heaps_HeapMemMP_Object__create__S)
                  803662e0    000000c0     helloWorld_pe66.oe66 (.text:ti_sdo_ipc_notifyDrivers_NotifyDriverShm_Object__create__S)
                  803663a0    000000c0     helloWorld_pe66.oe66 (.text:ti_sdo_ipc_nsremote_NameServerRemoteNotify_Object__create__S)
                  80366460    000000c0     helloWorld_pe66.oe66 (.text:ti_sdo_ipc_transports_TransportShm_Object__create__S)
                  80366520    000000c0     sysbios.ae66 : BIOS.obj (.text:ti_sysbios_BIOS_errorRaiseHook__I)
                  803665e0    000000c0                  : BIOS.obj (.text:ti_sysbios_gates_GateAll_leave__E)
                  803666a0    000000c0                  : BIOS.obj (.text:ti_sysbios_heaps_HeapMem_getStats__E)
                  80366760    000000c0                  : BIOS.obj (.text:ti_sysbios_knl_Clock_logTick__E)
                  80366820    000000c0                  : BIOS.obj (.text:ti_sysbios_knl_Swi_Instance_finalize__F)
                  803668e0    000000c0     helloWorld_pe66.oe66 (.text:ti_sysbios_knl_Swi_Object__create__S)
                  803669a0    000000c0     helloWorld_pe66.oe66 (.text:ti_sysbios_knl_Task_Object__create__S)
                  80366a60    000000c0     sysbios.ae66 : BIOS.obj (.text:ti_sysbios_knl_Task_allBlockedFunction__I)
                  80366b20    000000c0                  : BIOS.obj (.text:ti_sysbios_timers_timer64_Timer_startup__E)
                  80366be0    000000c0     ti.targets.rts6000.ae66 : LoggerBuf.oe66 (.text:xdc_runtime_LoggerBuf_Instance_init__F)
                  80366ca0    000000c0     helloWorld_pe66.oe66 (.text:xdc_runtime_LoggerBuf_Object__create__S)
                  80366d60    000000c0     ti.targets.rts6000.ae66 : System.oe66 (.text:xdc_runtime_System_formatNum__I)
                  80366e20    000000c0     helloWorld_pe66.oe66 (.text:xdc_runtime_knl_GateThread_Object__create__S)
                  80366ee0    000000a0     nettool.ae66 : config.oe66 (.text:CfgEntryDeRef)
                  80366f80    000000a0                  : config.oe66 (.text:CfgEntryGetData)
                  80367020    000000a0                  : config.oe66 (.text:CfgGetImmediate)
                  803670c0    000000a0                  : telnetd.oe66 (.text:CmdWriteBytes)
                  80367160    000000a0                  : telnetd.oe66 (.text:CmdWriteCmd)
                  80367200    000000a0     ti.drv.cppi.ae66 : cppi_drv.oe66 (.text:Cppi_channelEnable)
                  803672a0    000000a0     stk6_ppp_pppoe.ae66 : file.oe66 (.text:FdSignalEvent)
                  80367340    000000a0     rts6600_elf.lib : trgdrv.obj (.text:HOSTclose)
                  803673e0    000000a0     stk6_ppp_pppoe.ae66 : ipfrag.oe66 (.text:IPReasmFree)
                  80367480    000000a0                         : ipfrag.oe66 (.text:IPReasmTimeout)
                  80367520    000000a0                         : ipv6.oe66 (.text:IPv6CompareAddress)
                  803675c0    000000a0                         : lliin.oe66 (.text:LLIValidateRoute)
                  80367660    000000a0                         : md5.oe66 (.text:MD5Final)
                  80367700    000000a0                         : nimu.oe66 (.text:NIMUShutdown)
                  803677a0    000000a0                         : nimu.oe66 (.text:NIMUUnregister)
                  80367840    000000a0     nettool.ae66 : ipaddr.oe66 (.text:NtAddNetwork)
                  803678e0    000000a0     stk6_ppp_pppoe.ae66 : pbm.oe66 (.text:PBM_open)
                  80367980    000000a0                         : pipe.oe66 (.text:PipeCheck)
                  80367a20    000000a0     ti.drv.qmss.ae66 : qmss_drv.oe66 (.text:Qmss_queueClose)
                  80367ac0    000000a0                      : qmss_drv.oe66 (.text:Qmss_startCfg)
                  80367b60    000000a0     stk6_ppp_pppoe.ae66 : rtable.oe66 (.text:RouteMsg)
                  80367c00    000000a0                         : route.oe66 (.text:RtNew)
                  80367ca0    000000a0                         : sb6.oe66 (.text:SB6Free)
                  80367d40    000000a0                         : sb.oe66 (.text:SBFree)
                  80367de0    000000a0     os.ae66 : semaphore.oe66 (.text:SemCreate)
                  80367e80    000000a0             : semaphore.oe66 (.text:SemCreateBinary)
                  80367f20    000000a0     stk6_ppp_pppoe.ae66 : sock6pcb.oe66 (.text:Sock6CleanPcb)
                  80367fc0    000000a0                         : sock6.oe66 (.text:Sock6GetName)
                  80368060    000000a0                         : sock.oe66 (.text:SockBind)
                  80368100    000000a0                         : sockpcb.oe66 (.text:SockCleanPcb)
                  803681a0    000000a0                         : sockpcb.oe66 (.text:SockPcbResolveChain)
                  80368240    000000a0                         : tcp6prot.oe66 (.text:TCP6Drop)
                  803682e0    000000a0                         : tcp6prot.oe66 (.text:TCP6PrCtlError)
                  80368380    000000a0                         : tcp6prot.oe66 (.text:TCP6PrSend)
                  80368420    000000a0                         : tcp6prot.oe66 (.text:TCP6PrSendOOB)
                  803684c0    000000a0     os.ae66 : task.oe66 (.text:TaskCreate)
                  80368560    000000a0     stk6_ppp_pppoe.ae66 : tcpprot.oe66 (.text:TcpDrop)
                  80368600    000000a0                         : tcpprot.oe66 (.text:TcpPrCtlError)
                  803686a0    000000a0                         : tcpprot.oe66 (.text:TcpPrSend)
                  80368740    000000a0                         : tcpprot.oe66 (.text:TcpPrSendOOB)
                  803687e0    000000a0                         : timer.oe66 (.text:TimerNew)
                  80368880    000000a0     nettool.ae66 : config.oe66 (.text:_CfgRelease)
                  80368920    000000a0     stk6_ppp_pppoe.ae66 : lli.oe66 (.text:_LLITimeoutFlush)
                  803689c0    000000a0     rts6600_elf.lib : remu.obj (.text:__remu)
                  80368a60    000000a0     boot.ae66 : boot.oe66 (.text:_c_int00)
                  80368b00    000000a0     rts6600_elf.lib : fopen.obj (.text:_cleanup)
                  80368ba0    000000a0                     : _printfi.obj (.text:_ecpy)
                  80368c40    000000a0                     : _printfi.obj (.text:_fcpy)
                  80368ce0    000000a0                     : _printfi.obj (.text:_pconv_f)
                  80368d80    000000a0     sysbios.ae66 : c64p_Hwi_asm.obj (.text:_ti_sysbios_family_c64p_Hwi_plug__E)
                  80368e20    000000a0     stk6_ppp_pppoe.ae66 : auth.oe66 (.text:authStart)
                  80368ec0    000000a0     ti.drv.cppi.ae66 : cppi_heap.oe66 (.text:cppi_internal_heap_malloc)
                  80368f60    000000a0                      : cppi_listlib.oe66 (.text:cppi_list_cat)
                  80369000    000000a0     nettool.ae66 : dhcpbild.oe66 (.text:dhcpBuildDecline)
                  803690a0    000000a0                  : dhcpsm.oe66 (.text:dhcpIPRemove)
                  80369140    000000a0     os.ae66 : efs.oe66 (.text:efs_filesend)
                  803691e0    000000a0     stk6_ppp_pppoe.ae66 : fileuser.oe66 (.text:fdCloseSession)
                  80369280    000000a0     rts6600_elf.lib : lowlev.obj (.text:finddevice)
                  80369320    000000a0     stk6_ppp_pppoe.ae66 : lcp.oe66 (.text:lcpInit)
                  803693c0    000000a0                         : lcp.oe66 (.text:lcpSendTerm)
                  80369460    000000a0                         : sock6.oe66 (.text:leaveGroup)
                  80369500    000000a0     hal_timer_bios.ae66 : lltimer.oe66 (.text:llTimerTick)
                  803695a0    000000a0     rts6600_elf.lib : lowlev.obj (.text:lseek)
                  80369640    000000a0                     : memcpy64.obj (.text:memcpy)
                  803696e0    000000a0     os.ae66 : mem.oe66 (.text:mmBulkFree)
                  80369780    000000a0             : mem.oe66 (.text:mmInitPage)
                  80369820    000000a0     ti.drv.pa.ae66 : pa.oe66 (.text:pa_format_fcmd_header)
                  803698c0    000000a0                    : pa.oe66 (.text:pa_pdsp_run)
                  80369960    000000a0     os.ae66 : ossys.oe66 (.text:stricmp)
                  80369a00    000000a0     rts6600_elf.lib : strstr.obj (.text:strstr)
                  80369aa0    000000a0     ipc.lib : Ipc.obj (.text:ti_sdo_ipc_family_c647x_Interrupt_intUnregister__E)
                  80369b40    000000a0             : Ipc.obj (.text:ti_sdo_ipc_gates_GatePeterson_leave__E)
                  80369be0    000000a0             : Ipc.obj (.text:ti_sdo_ipc_notifyDrivers_NotifyDriverShm_Instance_finalize__F)
                  80369c80    000000a0     sysbios.ae66 : BIOS.obj (.text:ti_sysbios_family_c64p_Hwi_eventMap__E)
                  80369d20    000000a0                  : BIOS.obj (.text:ti_sysbios_family_c64p_Hwi_getStackInfo__E)
                  80369dc0    000000a0                  : BIOS.obj (.text:ti_sysbios_gates_GateSwi_leave__E)
                  80369e60    000000a0                  : BIOS.obj (.text:ti_sysbios_heaps_HeapMem_init__I)
                  80369f00    000000a0                  : BIOS.obj (.text:ti_sysbios_knl_Idle_run__E)
                  80369fa0    000000a0                  : BIOS.obj (.text:ti_sysbios_knl_Semaphore_pendTimeout__I)
                  8036a040    000000a0                  : BIOS.obj (.text:ti_sysbios_knl_Task_deleteTerminatedTasksFunc__I)
                  8036a0e0    000000a0                  : BIOS.obj (.text:ti_sysbios_knl_Task_processVitalTaskFlag__I)
                  8036a180    000000a0                  : BIOS.obj (.text:ti_sysbios_timers_timer64_Timer_stop__E)
                  8036a220    000000a0     rts6600_elf.lib : lowlev.obj (.text:write)
                  8036a2c0    000000a0     ti.targets.rts6000.ae66 : Assert.oe66 (.text:xdc_runtime_Assert_raise__I)
                  8036a360    000000a0                             : LoggerBuf.oe66 (.text:xdc_runtime_LoggerBuf_Module_startup__F)
                  8036a400    000000a0     helloWorld_pe66.oe66 (.text:xdc_runtime_LoggerBuf_write8__E)
                  8036a4a0    000000a0     ti.targets.rts6000.ae66 : Text.oe66 (.text:xdc_runtime_Text_xprintf__I)
                  8036a540    00000080     ti.drv.cppi.ae66 : cppi_drv.oe66 (.text:Cppi_setCpdmaLoopback)
                  8036a5c0    00000080     stk6_ppp_pppoe.ae66 : md5.oe66 (.text:Decode)
                  8036a640    00000080                         : icmp.oe66 (.text:ICMPChecksum)
                  8036a6c0    00000080                         : icmpv6in.oe66 (.text:ICMPv6RecvParamProblem)
                  8036a740    00000080                         : icmpv6_ndisc.oe66 (.text:ICMPv6RecvRS)
                  8036a7c0    00000080                         : icmpv6in.oe66 (.text:ICMPv6RecvTimeExceeded)
                  8036a840    00000080                         : ipv6out.oe66 (.text:IPv6GetRoute)
                  8036a8c0    00000080                         : lli6.oe66 (.text:LLI6Free)
                  8036a940    00000080                         : lli6.oe66 (.text:LLI6IsRouterStatMachine)
                  8036a9c0    00000080                         : nimu.oe66 (.text:NIMUInit)
                  8036aa40    00000080                         : pbm.oe66 (.text:PBMQ_deq)
                  8036aac0    00000080                         : nimuppp.oe66 (.text:PPPSend)
                  8036ab40    00000080     ti.drv.pa.ae66 : painit.oe66 (.text:Pa_getBufferReq)
                  8036abc0    00000080     stk6_ppp_pppoe.ae66 : pipe.oe66 (.text:PipeClose)
                  8036ac40    00000080     ti.drv.qmss.ae66 : qmss_drv.oe66 (.text:Qmss_getMemRegQueueHandle)
                  8036acc0    00000080                      : qmss_drv.oe66 (.text:Qmss_queueOpen)
                  8036ad40    00000080     stk6_ppp_pppoe.ae66 : rawethsock.oe66 (.text:RawEthSockClose)
                  8036adc0    00000080                         : rawethsock_pcb.oe66 (.text:RawEthSockPcbDetach)
                  8036ae40    00000080                         : route6.oe66 (.text:Rt6Update)
                  8036aec0    00000080                         : route.oe66 (.text:RtSetFailure)
                  8036af40    00000080                         : route.oe66 (.text:RtSetTimeout)
                  8036afc0    00000080                         : sock6.oe66 (.text:Sock6Bind)
                  8036b040    00000080                         : sock6pcb.oe66 (.text:Sock6PcbCleanup)
                  8036b0c0    00000080                         : sock.oe66 (.text:SockGetName)
                  8036b140    00000080                         : sockpcb.oe66 (.text:SockPcbCleanup)
                  8036b1c0    00000080                         : sockpcb.oe66 (.text:SockPcbDetach)
                  8036b240    00000080                         : tcp6prot.oe66 (.text:TCP6PrListen)
                  8036b2c0    00000080     os.ae66 : task.oe66 (.text:TaskSetEnv)
                  8036b340    00000080     stk6_ppp_pppoe.ae66 : tcpprot.oe66 (.text:TcpPrListen)
                  8036b3c0    00000080                         : timer.oe66 (.text:TimerHSTick)
                  8036b440    00000080                         : timer.oe66 (.text:TimerListRemove)
[...]
8038e294   ti_sysbios_family_c64p_Hwi_Module__diagsMask__C
8038e298   ti_sysbios_family_c64p_Hwi_Module__loggerFxn1__C
8038e29c   ti_sysbios_family_c64p_Hwi_Module__loggerFxn8__C
8038e2a0   ti_sysbios_family_c64p_Hwi_Module__loggerObj__C
8038e2a4   ti_sysbios_family_c66_Cache_atomicBlockSize__C
8038e2a8   ti_sysbios_gates_GateMutexPri_A_badContext__C
8038e2ac   ti_sysbios_gates_GateMutexPri_A_enterTaskDisabled__C
8038e2b0   ti_sysbios_gates_GateMutexPri_Instance_State_pendQ__O
8038e2b4   ti_sysbios_gates_GateMutexPri_Module__diagsEnabled__C
8038e2b8   ti_sysbios_gates_GateMutexPri_Module__diagsIncluded__C
8038e2bc   ti_sysbios_gates_GateMutexPri_Module__diagsMask__C
8038e2c0   ti_sysbios_gates_GateMutex_A_badContext__C
8038e2c4   ti_sysbios_gates_GateMutex_Instance_State_sem__O
8038e2c8   ti_sysbios_gates_GateMutex_Module__diagsEnabled__C
8038e2cc   ti_sysbios_gates_GateMutex_Module__diagsIncluded__C
8038e2d0   ti_sysbios_gates_GateMutex_Module__diagsMask__C
8038e2d4   ti_sysbios_gates_GateSwi_A_badContext__C
8038e2d8   ti_sysbios_gates_GateSwi_Module__diagsEnabled__C
8038e2dc   ti_sysbios_gates_GateSwi_Module__diagsIncluded__C
8038e2e0   ti_sysbios_gates_GateSwi_Module__diagsMask__C
8038e2e4   ti_sysbios_hal_Hwi_E_stackOverflow__C
8038e2e8   ti_sysbios_heaps_HeapBuf_Instance_State_freeList__O
8038e2ec   ti_sysbios_heaps_HeapBuf_Object__count__C
8038e2f0   ti_sysbios_heaps_HeapBuf_Object__table__C
8038e2f4   ti_sysbios_heaps_HeapBuf_numConstructedHeaps__C
8038e2f8   ti_sysbios_heaps_HeapMem_A_align__C
8038e2fc   ti_sysbios_heaps_HeapMem_A_heapSize__C
8038e300   ti_sysbios_heaps_HeapMem_A_invalidFree__C
8038e304   ti_sysbios_heaps_HeapMem_A_zeroBlock__C
8038e308   ti_sysbios_heaps_HeapMem_E_memory__C
8038e30c   ti_sysbios_heaps_HeapMem_Module__diagsEnabled__C
8038e310   ti_sysbios_heaps_HeapMem_Module__diagsIncluded__C
8038e314   ti_sysbios_heaps_HeapMem_Module__diagsMask__C
8038e318   ti_sysbios_heaps_HeapMem_Module__gateObj__C
8038e31c   ti_sysbios_heaps_HeapMem_Object__count__C
8038e320   ti_sysbios_heaps_HeapMem_Object__table__C
8038e324   ti_sysbios_heaps_HeapMem_reqAlign__C
8038e328   ti_sysbios_knl_Clock_A_badThreadType__C
8038e32c   ti_sysbios_knl_Clock_LM_begin__C
8038e330   ti_sysbios_knl_Clock_LM_tick__C
8038e334   ti_sysbios_knl_Clock_LW_delayed__C
8038e338   ti_sysbios_knl_Clock_Module_State_clockQ__O
8038e33c   ti_sysbios_knl_Clock_Module__diagsEnabled__C
8038e340   ti_sysbios_knl_Clock_Module__diagsIncluded__C
8038e344   ti_sysbios_knl_Clock_Module__diagsMask__C
8038e348   ti_sysbios_knl_Clock_Module__loggerFxn1__C
8038e34c   ti_sysbios_knl_Clock_Module__loggerFxn2__C
8038e350   ti_sysbios_knl_Clock_Module__loggerObj__C
8038e354   ti_sysbios_knl_Clock_tickMode__C
8038e358   ti_sysbios_knl_Clock_tickSource__C
8038e35c   ti_sysbios_knl_Queue_Object__count__C
8038e360   ti_sysbios_knl_Queue_Object__table__C
8038e364   ti_sysbios_knl_Semaphore_A_badContext__C
8038e368   ti_sysbios_knl_Semaphore_A_noEvents__C
8038e36c   ti_sysbios_knl_Semaphore_A_overflow__C
8038e370   ti_sysbios_knl_Semaphore_A_pendTaskDisabled__C
8038e374   ti_sysbios_knl_Semaphore_Instance_State_pendQ__O
8038e378   ti_sysbios_knl_Semaphore_LM_pend__C
8038e37c   ti_sysbios_knl_Semaphore_LM_post__C
8038e380   ti_sysbios_knl_Semaphore_Module__diagsEnabled__C
8038e384   ti_sysbios_knl_Semaphore_Module__diagsIncluded__C
8038e388   ti_sysbios_knl_Semaphore_Module__diagsMask__C
8038e38c   ti_sysbios_knl_Semaphore_Module__loggerFxn2__C
8038e390   ti_sysbios_knl_Semaphore_Module__loggerFxn4__C
8038e394   ti_sysbios_knl_Semaphore_Module__loggerObj__C
8038e398   ti_sysbios_knl_Swi_A_badPriority__C
8038e39c   ti_sysbios_knl_Swi_LD_end__C
8038e3a0   ti_sysbios_knl_Swi_LM_begin__C
8038e3a4   ti_sysbios_knl_Swi_LM_post__C
8038e3a8   ti_sysbios_knl_Swi_Module__diagsEnabled__C
8038e3ac   ti_sysbios_knl_Swi_Module__diagsIncluded__C
8038e3b0   ti_sysbios_knl_Swi_Module__diagsMask__C
8038e3b4   ti_sysbios_knl_Swi_Module__loggerFxn1__C
8038e3b8   ti_sysbios_knl_Swi_Module__loggerFxn4__C
8038e3bc   ti_sysbios_knl_Swi_Module__loggerObj__C
8038e3c0   ti_sysbios_knl_Swi_Object__count__C
8038e3c4   ti_sysbios_knl_Swi_Object__table__C
8038e3c8   ti_sysbios_knl_Swi_numPriorities__C
8038e3cc   ti_sysbios_knl_Task_A_badPriority__C
8038e3d0   ti_sysbios_knl_Task_A_badTaskState__C
8038e3d4   ti_sysbios_knl_Task_A_badThreadType__C
8038e3d8   ti_sysbios_knl_Task_A_badTimeout__C
8038e3dc   ti_sysbios_knl_Task_A_noPendElem__C
8038e3e0   ti_sysbios_knl_Task_A_sleepTaskDisabled__C
8038e3e4   ti_sysbios_knl_Task_E_deleteNotAllowed__C
8038e3e8   ti_sysbios_knl_Task_E_spOutOfBounds__C
8038e3ec   ti_sysbios_knl_Task_E_stackOverflow__C
8038e3f0   ti_sysbios_knl_Task_LD_block__C
8038e3f4   ti_sysbios_knl_Task_LD_exit__C
8038e3f8   ti_sysbios_knl_Task_LD_ready__C
8038e3fc   ti_sysbios_knl_Task_LM_setPri__C
8038e400   ti_sysbios_knl_Task_LM_sleep__C
8038e404   ti_sysbios_knl_Task_LM_switch__C
8038e408   ti_sysbios_knl_Task_LM_yield__C
8038e40c   ti_sysbios_knl_Task_Module_State_inactiveQ__O
8038e410   ti_sysbios_knl_Task_Module_State_terminatedQ__O
8038e414   ti_sysbios_knl_Task_Module__diagsEnabled__C
8038e418   ti_sysbios_knl_Task_Module__diagsIncluded__C
8038e41c   ti_sysbios_knl_Task_Module__diagsMask__C
8038e420   ti_sysbios_knl_Task_Module__loggerFxn2__C
8038e424   ti_sysbios_knl_Task_Module__loggerFxn4__C
8038e428   ti_sysbios_knl_Task_Module__loggerObj__C
8038e42c   ti_sysbios_knl_Task_Object__count__C
8038e430   ti_sysbios_knl_Task_Object__heap__C
8038e434   ti_sysbios_knl_Task_Object__table__C
8038e438   ti_sysbios_knl_Task_allBlockedFunc__C
8038e43c   ti_sysbios_knl_Task_defaultStackHeap__C
8038e440   ti_sysbios_knl_Task_defaultStackSize__C
8038e444   ti_sysbios_knl_Task_numConstructedTasks__C
8038e448   ti_sysbios_knl_Task_numPriorities__C
8038e44c   ti_sysbios_timers_timer64_Timer_A_notAvailable__C
8038e450   ti_sysbios_timers_timer64_Timer_E_cannotSupport__C
8038e454   ti_sysbios_timers_timer64_Timer_Module__diagsEnabled__C
8038e458   ti_sysbios_timers_timer64_Timer_Module__diagsIncluded__C
8038e45c   ti_sysbios_timers_timer64_Timer_Module__diagsMask__C
8038e460   ti_sysbios_timers_timer64_Timer_anyMask__C
8038e464   ti_sysbios_timers_timer64_Timer_freqDivisor__C
8038e468   ti_sysbios_timers_timer64_Timer_numLocalTimers__C
8038e46c   ti_sysbios_timers_timer64_Timer_numTimerDevices__C
8038e470   ti_sysbios_xdcruntime_GateThreadSupport_Instance_State_gate__O
8038e474   xdc_runtime_Assert_E_assertFailed__C
8038e478   xdc_runtime_Core_A_initializedParams__C
8038e47c   xdc_runtime_Core_Module__diagsEnabled__C
8038e480   xdc_runtime_Core_Module__diagsIncluded__C
8038e484   xdc_runtime_Core_Module__diagsMask__C
8038e488   xdc_runtime_Error_E_memory__C
8038e48c   xdc_runtime_Error_Module__diagsEnabled__C
8038e490   xdc_runtime_Error_Module__diagsIncluded__C
8038e494   xdc_runtime_Error_Module__diagsMask__C
8038e498   xdc_runtime_Error_Module__loggerFxn8__C
8038e49c   xdc_runtime_Error_Module__loggerObj__C
8038e4a0   xdc_runtime_Error_policy__C
8038e4a4   xdc_runtime_Error_raiseHook__C
8038e4a8   xdc_runtime_IFilterLogger_Interface__BASE__C
8038e4ac   xdc_runtime_IGateProvider_Interface__BASE__C
8038e4b0   xdc_runtime_IHeap_Interface__BASE__C
8038e4b4   xdc_runtime_ILogger_Interface__BASE__C
8038e4b8   xdc_runtime_IModule_Interface__BASE__C
8038e4bc   xdc_runtime_Log_L_error__C
8038e4c0   xdc_runtime_LoggerBuf_E_badLevel__C
8038e4c4   xdc_runtime_LoggerBuf_Module__gateObj__C
8038e4c8   xdc_runtime_LoggerBuf_Object__count__C
8038e4cc   xdc_runtime_LoggerBuf_Object__table__C
8038e4d0   xdc_runtime_LoggerBuf_statusLogger__C
8038e4d4   xdc_runtime_Memory_defaultHeapInstance__C
8038e4d8   xdc_runtime_Startup_execImpl__C
8038e4dc   xdc_runtime_Startup_maxPasses__C
8038e4e0   xdc_runtime_Startup_sfxnRts__C
8038e4e4   xdc_runtime_Startup_sfxnTab__C
8038e4e8   xdc_runtime_Startup_startModsFxn__C
8038e4ec   xdc_runtime_System_Module__gateObj__C
8038e4f0   xdc_runtime_System_extendFxn__C
8038e4f4   xdc_runtime_System_maxAtexitHandlers__C
8038e4f8   xdc_runtime_Text_charTab__C
8038e4fc   xdc_runtime_Text_nameEmpty__C
8038e500   xdc_runtime_Text_nameStatic__C
8038e504   xdc_runtime_Text_nameUnknown__C
8038e508   xdc_runtime_Text_nodeTab__C
8038e50c   xdc_runtime_Text_visitRopeFxn__C
8038e510   ti_sdo_ipc_gates_GateHWSem_Module__id__C
8038e512   ti_sdo_ipc_gates_GateMPSupportNull_Module__id__C
8038e514   ti_sdo_ipc_gates_GatePeterson_Module__id__C
8038e516   ti_sdo_ipc_heaps_HeapMemMP_Module__id__C
8038e518   ti_sdo_ipc_notifyDrivers_NotifyDriverShm_Module__id__C
8038e51a   ti_sdo_ipc_nsremote_NameServerRemoteNotify_Module__id__C
8038e51c   ti_sdo_ipc_transports_TransportShm_Module__id__C
8038e51e   ti_sdo_ipc_transports_TransportShm_notifyEventId__C
8038e520   ti_sdo_utils_MultiProc_Module__id__C
8038e522   ti_sdo_utils_MultiProc_numProcessors__C
8038e524   ti_sdo_utils_MultiProc_numProcsInCluster__C
8038e526   ti_sdo_utils_NameServer_Module__id__C
8038e528   ti_sysbios_BIOS_Module__id__C
8038e52a   ti_sysbios_family_c64p_EventCombiner_Module__id__C
8038e52c   ti_sysbios_family_c64p_Exception_Module__id__C
8038e52e   ti_sysbios_family_c64p_Exception_enableExternalMPC__C
8038e530   ti_sysbios_family_c64p_Exception_enablePrint__C
8038e532   ti_sysbios_family_c64p_Exception_useInternalBuffer__C
8038e534   ti_sysbios_family_c64p_Hwi_Module__id__C
8038e536   ti_sysbios_family_c64p_Hwi_Module__loggerDefined__C
8038e538   ti_sysbios_gates_GateMutexPri_Module__id__C
8038e53a   ti_sysbios_gates_GateMutex_Module__id__C
8038e53c   ti_sysbios_gates_GateSwi_Module__id__C
8038e53e   ti_sysbios_hal_Hwi_Module__id__C
8038e540   ti_sysbios_heaps_HeapMem_Module__id__C
8038e542   ti_sysbios_knl_Clock_Module__id__C
8038e544   ti_sysbios_knl_Clock_Module__loggerDefined__C
8038e546   ti_sysbios_knl_Semaphore_Module__id__C
8038e548   ti_sysbios_knl_Semaphore_Module__loggerDefined__C
8038e54a   ti_sysbios_knl_Swi_Module__id__C
8038e54c   ti_sysbios_knl_Swi_Module__loggerDefined__C
8038e54e   ti_sysbios_knl_Task_Module__id__C
8038e550   ti_sysbios_knl_Task_Module__loggerDefined__C
8038e552   ti_sysbios_knl_Task_deleteTerminatedTasks__C
8038e554   ti_sysbios_knl_Task_initStackFlag__C
8038e556   ti_sysbios_timers_timer64_Timer_Module__id__C
8038e558   ti_sysbios_timers_timer64_Timer_startupNeeded__C
8038e55a   xdc_runtime_Core_Module__id__C
8038e55c   xdc_runtime_Error_Module__loggerDefined__C
8038e55e   xdc_runtime_Error_maxDepth__C
8038e560   xdc_runtime_LoggerBuf_Module__id__C
8038e562   xdc_runtime_LoggerBuf_filterByLevel__C
8038e564   xdc_runtime_Memory_Module__id__C
8038e566   xdc_runtime_Text_charCnt__C
8038e568   xdc_runtime_Text_isLoaded__C
8038e56a   xdc_runtime_Text_registryModsLastId__C
8038e56c   xdc_runtime_Text_unnamedModsLastId__C
8038e570   Qmss_lowEoiVector
8038e580   queueFree
80390580   qmssGObj
80390980   ti_sdo_ipc_GateMP_Module_State_0_remoteCustom1Gates__A
80391180   ti_sdo_ipc_GateMP_Module__root__V
80391188   ti_sdo_ipc_GateMP_Module__state__V
803911d0   ti_sdo_ipc_Ipc_Module__state__V
803911dc   ti_sdo_ipc_ListMP_Module__root__V
803911e4   ti_sdo_ipc_ListMP_Module__state__V
803911e8   ti_sdo_ipc_MessageQ_Module__root__V
803911f0   ti_sdo_ipc_MessageQ_Module__state__V
8039120c   ti_sdo_ipc_Notify_Module__root__V
80391214   ti_sdo_ipc_Notify_Module__state__V
8039121c   ti_sdo_ipc_SharedRegion_Module__state__V
80391220   ti_sdo_ipc_family_c647x_Interrupt_Module__state__V
80391228   ti_sdo_ipc_gates_GateHWSem_Module__root__V
80391230   ti_sdo_ipc_gates_GateMPSupportNull_Module__root__V
80391238   ti_sdo_ipc_gates_GatePeterson_Module__root__V
80391240   ti_sdo_ipc_heaps_HeapMemMP_Module__root__V
80391248   ti_sdo_ipc_heaps_HeapMemMP_Module__state__V
8039124c   ti_sdo_ipc_notifyDrivers_NotifyDriverShm_Module__root__V
80391254   ti_sdo_ipc_nsremote_NameServerRemoteNotify_Module__root__V
8039125c   ti_sdo_ipc_transports_TransportShm_Module__root__V
80391264   ti_sdo_ipc_transports_TransportShmSetup_Module__state__V
80391268   ti_sdo_utils_List_Module__root__V
80391270   ti_sdo_utils_MultiProc_Module__state__V
80391274   ti_sdo_utils_NameServer_Module__root__V
8039127c   ti_sdo_utils_NameServer_Module__state__V
80391284   ti_sdo_utils_NameServerRemoteNull_Module__root__V
8039128c   ti_sysbios_BIOS_Module__state__V
803912ac   ti_sysbios_family_c64p_EventCombiner_Module__state__V
803916ac   ti_sysbios_family_c64p_Exception_Module__state__V
803916dc   ti_sysbios_family_c64p_Hwi_Module__root__V
803916e4   ti_sysbios_family_c64p_Hwi_Module__state__V
8039174c   ti_sysbios_gates_GateAll_Module__root__V
80391754   ti_sysbios_gates_GateHwi_Module__root__V
8039175c   ti_sysbios_gates_GateMutex_Module__root__V
80391764   ti_sysbios_gates_GateMutexPri_Module__root__V
8039176c   ti_sysbios_gates_GateSwi_Module__root__V
80391774   ti_sysbios_hal_Hwi_Module__root__V
8039177c   ti_sysbios_hal_Timer_Module__root__V
80391784   ti_sysbios_heaps_HeapBuf_Module__root__V
8039178c   ti_sysbios_heaps_HeapBuf_Module__state__V
80391790   ti_sysbios_heaps_HeapMem_Module__root__V
80391798   ti_sysbios_knl_Clock_Module__root__V
803917a0   ti_sysbios_knl_Clock_Module__state__V
803917c8   ti_sysbios_knl_Queue_Module__root__V
803917d0   ti_sysbios_knl_Semaphore_Module__root__V
803917d8   ti_sysbios_knl_Swi_Module__root__V
803917e0   ti_sysbios_knl_Swi_Module__state__V
803917fc   ti_sysbios_knl_Task_Module__root__V
80391804   ti_sysbios_knl_Task_Module__state__V
80391848   ti_sysbios_syncs_SyncSem_Module__root__V
80391850   ti_sysbios_timers_timer64_Timer_Module__root__V
80391858   ti_sysbios_timers_timer64_Timer_Module__state__V
8039186c   ti_sysbios_xdcruntime_GateThreadSupport_Module__root__V
80391874   xdc_runtime_Error_Module__state__V
80391878   xdc_runtime_GateNull_Module__root__V
80391880   xdc_runtime_LoggerBuf_Module__root__V
80391888   xdc_runtime_LoggerBuf_Module__state__V
80391890   xdc_runtime_Memory_Module__state__V
80391894   xdc_runtime_Registry_Module__state__V
8039189c   xdc_runtime_Startup_Module__state__V
803918a4   xdc_runtime_System_Module__state__V
803918b0   xdc_runtime_Text_Module__state__V
803918b8   xdc_runtime_knl_GateThread_Module__root__V
803918c0   __xdc__init__addr
803918c4   _ft_end
803918c8   _ftable
80391aa8   ti_sysbios_timers_timer64_Timer_Module_State_0_device__A
80391c28   qmssGblCfgParams
80391d48   ti_sysbios_knl_Task_Object__table__V
80391de8   TSK_idle
80391e38   ti_sdo_utils_NameServer_Object__table__V
80391f18   _ipcfg
80392070   ti_sdo_ipc_SharedRegion_Module_State_0_regions__A
80392100   ti_sdo_ipc_GateMP_Module_State_0_remoteSystemGates__A
80392180   ti_sysbios_knl_Swi_Module_State_0_readyQ__A
80392200   ti_sysbios_knl_Task_Module_State_0_readyQ__A
80392280   ti_sysbios_timers_timer64_Timer_Module_State_0_gctrl__A
80392300   ti_sysbios_timers_timer64_Timer_Module_State_0_handles__A
80392380   ti_sysbios_timers_timer64_Timer_Module_State_0_intFreqs__A
80392478   cppiGblCfgParams
803924f0   ti_sysbios_family_c64p_Hwi_Object__table__V
80392568   NIMUDeviceTable
80392610   ti_sysbios_timers_timer64_Timer_Object__table__V
8039265c   cppiLObj
80392760   ti_sysbios_gates_GateMutex_Object__table__V
803927d4   _cleanup_ptr
803927d8   _dtors_ptr
803927dc   __TI_enable_exit_profile_output
80392814   paLObj
80392818   ti_sysbios_knl_Swi_Object__table__V
80392848   ti_sdo_ipc_Ipc_Module_State_0_procEntry__A
80392870   _oscfg
80392898   xdc_runtime_LoggerBuf_Object__table__V
803928c0   Qmss_highEoiVector
803928e0   pstrMsgName
80392900   ti_sdo_ipc_MessageQ_Module_State_0_heaps__A
80392920   xdc_runtime_System_Module_State_0_atexitHandlers__A
80392940   ti_ndk_config_Global_Id2Size
80392978   ti_sysbios_gates_GateMutexPri_Object__table__V
80392990   ti_sysbios_heaps_HeapMem_Object__table__V
803929a8   ti_sysbios_knl_Semaphore_Object__table__V
80392a04   _lock
80392a08   _unlock
80392a28   ti_sdo_ipc_MessageQ_Module_State_0_transports__A
80392a38   ti_sdo_ipc_family_c647x_Interrupt_Module_State_0_fxnTable__A
80392a48   ti_sysbios_gates_GateAll_Object__table__V
80392a58   ti_sysbios_gates_GateSwi_Object__table__V
80392a68   ti_sdo_ipc_Notify_Module_State_0_notifyHandles__A
80392a90   ti_sdo_ipc_transports_TransportShmSetup_Module_State_0_handles__A
80392a98   ti_sysbios_hal_Hwi_Object__table__V
80392aa0   ti_sysbios_hal_Timer_Object__table__V
80392aa8   ti_sdo_ipc_GateMP_Module_State_0_remoteCustom2Gates__A
80392ab8   ti_sdo_ipc_Notify_Module_State_0_notifyHandles_0__A
80392ac8   ti_sdo_ipc_Notify_Module_State_0_notifyHandles_1__A
80392ad0   ti_sysbios_gates_GateHwi_Object__table__V
80392ad8   ti_sysbios_knl_Task_Module_State_0_idleTask__A
80392ae0   xdc_runtime_GateNull_Object__table__V
80392ae8   Qmss_cdmaEoiVector
80392b48   gDeviceNandBBlist
80393d74   gDeviceNand
80393dac   gDeviceNor
80393de4   gDeviceEeprom0
80393e1c   gDeviceEeprom1
80393e58   emac_port_mode
8039421c   __TI_STATIC_BASE
80394234   _IGMPInDiscard
80394238   _IGMPInQuery
8039423c   _IGMPInQueryGroup
80394240   _IGMPInResponse
80394244   _IGMPOutResponse
80394248   rowNum
8039424c   colNum
80394250   completeImage
80394254   gTxCmdReturnQHnd
80394258   gTxCmdFreeQHnd
8039425c   ethSemHandle
80394280   Ipc_sr0MemorySetup
80394298   CONTENT_TYPE_APPLET
8039429c   CONTENT_TYPE_AU
803942a0   CONTENT_TYPE_CSS
803942a4   CONTENT_TYPE_DOC
803942a8   CONTENT_TYPE_GIF
803942ac   CONTENT_TYPE_HTML
803942b0   CONTENT_TYPE_JPG
803942b4   CONTENT_TYPE_MPEG
803942b8   CONTENT_TYPE_PDF
803942bc   CONTENT_TYPE_WAV
803942c0   CONTENT_TYPE_ZIP
803942c4   CONTENT_TYPE
803942c8   CONTENT_LENGTH
803942cc   CRLF
803942d0   DEFAULT_NAME
803942d4   HTTP_VER
803942d8   SPACE
803942dc   PITCount
803942e0   PITUsed
803942e4   PITHigh
80394300   VerStr
80394304   HostName
80394308   LocalIPAddr
8039430c   LocalIPMask
80394310   GatewayIP
80394314   DomainName
80394318   DNSServer
8039438c   _IGMPForceVersion1
803943a0   il
803943a4   lend
803943b0   _ICMPInErrors
803943b4   _ICMPOutErrors
803943b8   _IPExecuting
803943c8   gFragQList
803943e8   tcp_iss
803943ec   ptTimeFirst
803943f0   pt6TimeFirst
803943f4   tcp6_iss
80394400   platform_errno
80394404   platform_init_return_code
80394414   httpErrorResponseHook
80394420   _IPReasmPtr
80394428   gMLDNodeList
8039443c   img_in
80394444   qmssLObjIsValid
80394448   IPV6_MAX_MULTICAST_SOLICIT
8039444c   IPV6_MAX_UNICAST_SOLICIT
80394450   IPV6_RETRANS_TIME
80394454   IPV6_DELAY_FIRST_PROBE_TIME
80394458   IPV6_REACHABLE_TIME
8039445c   IPV6_MAX_RTR_SOLICITATION_DELAY
80394460   IPV6_RTR_SOLICITATION_INTERVAL
80394464   IPV6_MAX_RTR_SOLICITATIONS
80394468   INFINITE_LT
8039446c   ti_ndk_config_Global_rawPageSize
80394470   ti_ndk_config_Global_rawPageCount
80394474   ti_ndk_config_Global_smallest
80394478   ti_ndk_config_Global_largest
8039447c   heap0
80394480   mySem0
80394484   ti_ndk_config_Global_numFrameBuf
80394488   ti_ndk_config_Global_sizeFrameBuf
80394500   cppiObject
80394800   ti_sysbios_family_c64p_Hwi0
80394800   ti_sysbios_family_c64p_Hwi_int0
80394820   ti_sysbios_family_c64p_Hwi_int1
80394840   ti_sysbios_family_c64p_Hwi_int2
80394860   ti_sysbios_family_c64p_Hwi_int3
80394880   ti_sysbios_family_c64p_Hwi_int4
803948a0   ti_sysbios_family_c64p_Hwi_int5
803948c0   ti_sysbios_family_c64p_Hwi_int6
803948e0   ti_sysbios_family_c64p_Hwi_int7
80394900   ti_sysbios_family_c64p_Hwi_int8
80394920   ti_sysbios_family_c64p_Hwi_int9
80394940   ti_sysbios_family_c64p_Hwi_int10
80394960   ti_sysbios_family_c64p_Hwi_int11
80394980   ti_sysbios_family_c64p_Hwi_int12
803949a0   ti_sysbios_family_c64p_Hwi_int13
803949c0   ti_sysbios_family_c64p_Hwi_int14
803949e0   ti_sysbios_family_c64p_Hwi_int15
80394a00   __CIOBUF_
80395cfc   __TI_Handler_Table_Base
80395d08   __TI_Handler_Table_Limit
80395d64   __TI_CINIT_Base
80395de4   __TI_CINIT_Limit
ffffffff   __TI_pprof_out_hndl
ffffffff   __TI_prof_data_size
ffffffff   __TI_prof_data_start
ffffffff   __binit__
ffffffff   __c_args__
ffffffff   binit
UNDEFED    __TI_INITARRAY_Base
UNDEFED    __TI_INITARRAY_Limit

[2255 symbols]
