******************************************************************************
               TMS320C6x Linker PC v7.4.6                      
******************************************************************************
>> Linked Tue Mar 04 10:58:33 2014

OUTPUT FILE NAME:   <Disparity.out>
ENTRY POINT SYMBOL: "_c_int00"  address: 80353800


MEMORY CONFIGURATION

         name            origin    length      used     unused   attr    fill
----------------------  --------  ---------  --------  --------  ----  --------
  L2SRAM                00800000   00080000  0005cf40  000230c0  RW X
  MSMCSRAM              0c000000   00400000  00000000  00400000  RW X
  DDR3                  80000000   20000000  0037b992  1fc8466e  RWIX


SEGMENT ALLOCATION MAP

run origin  load origin   length   init length attrs members
----------  ----------- ---------- ----------- ----- -------
00000000    00000000    0000000a   00000000    rw-
  00000000    00000000    00000007   00000007    rw- .tdata
00800000    00800000    0005cb88   00000000    rw-
  00800000    00800000    00052b00   00000000    rw- .far:NDK_PACKETMEM
  00852b00    00852b00    00004000   00000000    rw- .resmgr_memregion
  00856b00    00856b00    00003c00   00000000    rw- .far:taskStackSection
  0085a700    0085a700    00001488   00000000    rw- .resmgr_pa
  0085bb88    0085bb88    00001000   00000000    rw- .stack
0085cc00    0085cc00    00000318   00000318    rw-
  0085cc00    0085cc00    00000318   00000318    rw- .nimu_eth_ll2
0085cf20    0085cf20    000000a0   00000000    rw-
  0085cf20    0085cf20    000000a0   00000000    rw- .resmgr_handles
80000000    80000000    00300000   00000000    rw-
  80000000    80000000    00300000   00000000    rw- systemHeap
80300000    80300000    0005d580   0005d580    r-x
  80300000    80300000    0005d580   0005d580    r-x .text
8035d580    8035d580    0000db0c   00000000    rw-
  8035d580    8035d580    0000db0c   00000000    rw- .far.1
8036b08c    8036b08c    00000004   00000004    rw-
  8036b08c    8036b08c    00000004   00000004    rw- .tdata
8036b090    8036b090    000000b8   00000000    rw-
  8036b090    8036b090    000000b8   00000000    rw- .far.2
8036b150    8036b150    00000060   00000000    rw-
  8036b150    8036b150    00000060   00000000    rw- .far.3
8036b1b0    8036b1b0    00009ecc   00009ecc    r--
  8036b1b0    8036b1b0    00009ecc   00009ecc    r-- .const
80375080    80375080    00002400   00000000    rw-
  80375080    80375080    00002400   00000000    rw- .qmss
80377480    80377480    0000158a   0000158a    rw-
  80377480    80377480    0000158a   0000158a    rw- .fardata
80378a10    80378a10    00001370   00001370    rw-
  80378a10    80378a10    00001370   00001370    rw- platform_lib
80379d80    80379d80    000003ac   000003ac    r--
  80379d80    80379d80    000003ac   000003ac    r-- .switch
8037a12c    8037a12c    00000080   00000000    rw-
  8037a12c    8037a12c    00000080   00000000    rw- .bss
8037a1ac    8037a1ac    000001a5   000001a5    rw-
  8037a1ac    8037a1ac    000001a5   000001a5    rw- .neardata
8037a354    8037a354    0000003c   0000003c    r--
  8037a354    8037a354    0000003c   0000003c    r-- .rodata
8037a390    8037a390    00000014   00000014    r--
  8037a390    8037a390    00000014   00000014    r-- .TI.tls_init
8037a400    8037a400    00000320   00000000    rw-
  8037a400    8037a400    00000200   00000000    rw- .cppi
  8037a600    8037a600    00000120   00000000    rw- .cio
8037a800    8037a800    000012e0   000012e0    r-x
  8037a800    8037a800    00000200   00000200    r-x .vecs
  8037aa00    8037aa00    000010e0   000010e0    r-- .cinit


SECTION ALLOCATION MAP

 output                                  attributes/
section   page    origin      length       input sections
--------  ----  ----------  ----------   ----------------
.init_array 
*          0    80000000    00000000     UNINITIALIZED

.far:NDK_PACKETMEM 
*          0    00800000    00052b00     UNINITIALIZED
                  00800000    00052b00     stk6_ppp_pppoe.ae66 : pbm_data.oe66 (.far:NDK_PACKETMEM)

.resmgr_memregion 
*          0    00852b00    00004000     UNINITIALIZED
                  00852b00    00004000     resourcemgr.obj (.resmgr_memregion)

.far:taskStackSection 
*          0    00856b00    00003c00     UNINITIALIZED
                  00856b00    00003c00     Disparity_pe66.oe66 (.far:taskStackSection)

.resmgr_pa 
*          0    0085a700    00001488     UNINITIALIZED
                  0085a700    00001488     resourcemgr.obj (.resmgr_pa)

.stack     0    0085bb88    00001000     UNINITIALIZED
                  0085bb88    00000008     boot.ae66 : boot.oe66 (.stack)
                  0085bb90    00000ff8     --HOLE--

.nimu_eth_ll2 
*          0    0085cc00    00000318     
                  0085cc00    00000308     ti.transport.ndk.nimu.ae66 : nimu_eth.obj (.nimu_eth_ll2:uninit) [fill = 0]
                  0085cf08    00000010                                : nimu_eth.obj (.nimu_eth_ll2:init)

.resmgr_handles 
*          0    0085cf20    000000a0     UNINITIALIZED
                  0085cf20    000000a0     resourcemgr.obj (.resmgr_handles)

systemHeap 
*          0    80000000    00300000     UNINITIALIZED
                  80000000    00300000     Disparity_pe66.oe66 (systemHeap)

xdc.meta   0    80000000    00000138     COPY SECTION
                  80000000    00000138     Disparity_pe66.oe66 (xdc.meta)

.text      0    80300000    0005d580     
                  80300000    00002d80     ti.transport.ndk.nimu.ae66 : nimu_eth.obj (.text)
                  80302d80    00001fe0     ti.platform.evm6678l.ae66 : platform.obj (.text)
                  80304d60    00001b40                               : evmc6678.obj (.text)
                  803068a0    000019e0     stk6_ppp_pppoe.ae66 : tcp6in.oe66 (.text:TCP6Input)
                  80308280    000019e0                         : tcpin.oe66 (.text:TcpInput)
                  80309c60    00001240                         : tcpout.oe66 (.text:TcpOutput)
                  8030aea0    000011a0                         : tcp6out.oe66 (.text:TCP6Output)
                  8030c040    00001160     ti.platform.evm6678l.ae66 : evm66x_nand.obj (.text)
                  8030d1a0    00000d80                               : evmc66x_i2c_eeprom.obj (.text)
                  8030df20    00000ce0     resourcemgr.obj (.text)
                  8030ec00    00000c00     nettool.ae66 : httpclie.oe66 (.text:httpClientProcess)
                  8030f800    00000b80     stk6_ppp_pppoe.ae66 : ipin.oe66 (.text:IPRxPacket)
                  80310380    00000aa0                         : md5.oe66 (.text:MD5Transform)
                  80310e20    000009c0                         : ipout.oe66 (.text:IPTxPacket)
                  803117e0    000009a0                         : lcp.oe66 (.text:lcpInput)
                  80312180    00000900     nettool.ae66 : httpsend.oe66 (.text:SetContentType)
                  80312a80    000008a0     sysbios.ae66 : BIOS.obj (.text:ti_sysbios_family_c64p_Exception_handler__I)
                  80313320    000008a0     ti.targets.rts6000.ae66 : System.oe66 (.text:xdc_runtime_System_doPrint__I)
                  80313bc0    000007e0     ti.drv.qmss.ae66 : qmss_drv.oe66 (.text:Qmss_insertMemoryRegion)
                  803143a0    000007e0     stk6_ppp_pppoe.ae66 : ipcp.oe66 (.text:ipcpInput)
                  80314b80    000007c0                         : sock.oe66 (.text:SockSet)
                  80315340    000007a0     Initialise.obj (.text)
                  80315ae0    000007a0     stk6_ppp_pppoe.ae66 : fileuser.oe66 (.text:fdPoll)
                  80316280    00000720     ti.drv.pa.ae66 : pa.oe66 (.text:Pa_addMac)
                  803169a0    000006c0     stk6_ppp_pppoe.ae66 : sock6.oe66 (.text:Sock6Set)
                  80317060    000006c0     nettool.ae66 : telnetd.oe66 (.text:telnet_netdata)
                  80317720    000006a0     stk6_ppp_pppoe.ae66 : icmpv6_ndisc.oe66 (.text:ICMPv6RecvRA)
                  80317dc0    00000660     ti.drv.cppi.ae66 : cppi_drv.oe66 (.text:Cppi_configureRxFlow)
                  80318420    00000660     stk6_ppp_pppoe.ae66 : route6.oe66 (.text:Rt6Create)
                  80318a80    00000620     sysbios.ae66 : BIOS.obj (.text:ti_sysbios_knl_Task_Instance_finalize__F)
                  803190a0    00000600                  : BIOS.obj (.text:ti_sysbios_heaps_HeapMem_alloc__E)
                  803196a0    00000600                  : BIOS.obj (.text:ti_sysbios_knl_Semaphore_pend__E)
                  80319ca0    000005e0                  : BIOS.obj (.text:ti_sysbios_heaps_HeapMem_free__E)
                  8031a280    000005c0     stk6_ppp_pppoe.ae66 : ipfrag.oe66 (.text:IPReasm)
                  8031a840    000005c0     rts6600_elf_mt.lib : divd.obj (.text:__c6xabi_divd)
                  8031ae00    000005c0                        : _printfi.obj (.text:_getarg_diouxp)
                  8031b3c0    000005a0     stk6_ppp_pppoe.ae66 : icmpin.oe66 (.text:ICMPInput)
                  8031b960    000005a0     RecieveImage.obj (.text)
                  8031bf00    000005a0     ti.platform.evm6678l.ae66 : evmc66x_spi.obj (.text)
                  8031c4a0    000005a0     sysbios.ae66 : BIOS.obj (.text:ti_sysbios_timers_timer64_Timer_Module_startup__F)
                  8031ca40    00000580     stk6_ppp_pppoe.ae66 : nimuppp.oe66 (.text:pppEvent)
                  8031cfc0    00000560                         : bind6.oe66 (.text:Bind6New)
                  8031d520    00000560                         : ipv6.oe66 (.text:IPv6IPAddressToString)
                  8031da80    00000560     ti.platform.evm6678l.ae66 : evmc6678_phy.obj (.text)
                  8031dfe0    00000540     Disparity.obj (.text)
                  8031e520    00000540     stk6_ppp_pppoe.ae66 : sock6.oe66 (.text:Sock6Connect)
                  8031ea60    00000520                         : sock.oe66 (.text:SockNew)
                  8031ef80    00000520     rts6600_elf_mt.lib : _printfi.obj (.text:_setfield)
                  8031f4a0    00000520     nettool.ae66 : httpsend.oe66 (.text:httpSendStatusLine)
                  8031f9c0    00000520     ti.platform.evm6678l.ae66 : evmc66x_nor.obj (.text)
                  8031fee0    000004e0     stk6_ppp_pppoe.ae66 : udp.oe66 (.text:UdpInput)
                  803203c0    000004e0                         : nimupppoe.oe66 (.text:pppoeInputS)
                  803208a0    000004c0     ti.drv.cppi.ae66 : cppi_drv.oe66 (.text:Cppi_txChannelOpen)
                  80320d60    000004c0     ti.platform.evm6678l.ae66 : evmc66x_fpga.obj (.text)
                  80321220    000004a0     stk6_ppp_pppoe.ae66 : lliin.oe66 (.text:LLIRxPacket)
                  803216c0    000004a0                         : sock6.oe66 (.text:Sock6Recv)
                  80321b60    000004a0                         : sock.oe66 (.text:SockRecv)
                  80322000    00000460     rts6600_elf_mt.lib : _printfi.obj (.text:_printfi)
                  80322460    00000460     stk6_ppp_pppoe.ae66 : nimuppp.oe66 (.text:pppNew)
                  803228c0    00000440     ti.drv.cppi.ae66 : cppi_drv.oe66 (.text:Cppi_rxChannelOpen)
                  80322d00    00000440     stk6_ppp_pppoe.ae66 : sock6.oe66 (.text:Sock6New)
                  80323140    00000440                         : auth.oe66 (.text:chapInput)
                  80323580    00000440                         : fileuser.oe66 (.text:fdSelect)
                  803239c0    00000440                         : nimupppoe.oe66 (.text:pppoeInputC)
                  80323e00    00000420     nettool.ae66 : daemon.oe66 (.text:daemon)
                  80324220    00000420     ti.drv.pa.ae66 : pa.oe66 (.text:pa_conv_routing_info)
                  80324640    00000420     sysbios.ae66 : BIOS.obj (.text:ti_sysbios_knl_Task_sleep__E)
                  80324a60    00000400     stk6_ppp_pppoe.ae66 : sock6.oe66 (.text:Sock6Send)
                  80324e60    00000400     os.ae66 : efs.oe66 (.text:efs_filecheck)
                  80325260    00000400     sysbios.ae66 : BIOS.obj (.text:ti_sysbios_knl_Task_Instance_init__F)
                  80325660    000003e0     stk6_ppp_pppoe.ae66 : ipv6_frag.oe66 (.text:IPv6TxFragPacket)
                  80325a40    000003e0     sysbios.ae66 : BIOS.obj (.text:ti_sysbios_knl_Task_setPri__E)
                  80325e20    000003c0     ti.drv.cppi.ae66 : cppi_desc.oe66 (.text:Cppi_initDescriptor)
                  803261e0    000003c0     stk6_ppp_pppoe.ae66 : ipv6out.oe66 (.text:IPv6TxPacket)
                  803265a0    000003c0                         : lli6.oe66 (.text:LLI6TimerCheck)
                  80326960    000003c0                         : sock.oe66 (.text:SockSend)
                  80326d20    000003c0                         : tcp6.oe66 (.text:TCP6TimeoutCheck)
                  803270e0    000003c0                         : tcp.oe66 (.text:TcpTimeoutCheck)
                  803274a0    000003c0     rts6600_elf_mt.lib : fputs.obj (.text:fputs)
                  80327860    000003a0     stk6_ppp_pppoe.ae66 : icmpv6in.oe66 (.text:ICMPv6RxPacket)
                  80327c00    000003a0                         : nimu.oe66 (.text:NIMUIoctl)
                  80327fa0    000003a0                         : route.oe66 (.text:RtCreate)
                  80328340    000003a0                         : sb.oe66 (.text:SBRead)
                  803286e0    000003a0                         : auth.oe66 (.text:papInput)
                  80328a80    00000380                         : sock6int.oe66 (.text:Sock6Notify)
                  80328e00    00000380                         : sock.oe66 (.text:SockConnect)
                  80329180    00000380                         : sockint.oe66 (.text:SockNotify)
                  80329500    00000380     nettool.ae66 : dhcppkt.oe66 (.text:dhcpPacketProcess)
                  80329880    00000360     stk6_ppp_pppoe.ae66 : icmpv6_ndisc.oe66 (.text:ICMPv6RecvRedirect)
                  80329be0    00000360                         : icmpv6out.oe66 (.text:ICMPv6SendDstUnreachable)
                  80329f40    00000360                         : igmp.oe66 (.text:IGMPInput)
                  8032a2a0    00000360                         : ipv6_frag.oe66 (.text:IPv6FragReasm)
                  8032a600    00000360                         : lliout.oe66 (.text:LLITxIpPacket)
                  8032a960    00000360     Disparity_pe66.oe66 (.text:xdc_runtime_System_printfExtend__I)
                  8032acc0    00000340     stk6_ppp_pppoe.ae66 : icmpv6_ndisc.oe66 (.text:ICMPv6RecvNS)
                  8032b000    00000340                         : icmpv6out.oe66 (.text:ICMPv6SendParameterProblem)
                  8032b340    00000340                         : icmpv6out.oe66 (.text:ICMPv6SendTimeExceeded)
                  8032b680    00000340     ti.drv.pa.ae66 : painit.oe66 (.text:Pa_create)
                  8032b9c0    00000340     ti.drv.qmss.ae66 : qmss_drv.oe66 (.text:Qmss_init)
                  8032bd00    00000340     os.ae66 : mem.oe66 (.text:mmAlloc)
                  8032c040    00000340     stk6_ppp_pppoe.ae66 : nimupppoe.oe66 (.text:pppoeSI)
                  8032c380    00000320     nettool.ae66 : config.oe66 (.text:CfgAddEntry)
                  8032c6a0    00000320     stk6_ppp_pppoe.ae66 : nimupppoe.oe66 (.text:SendServerMsg)
                  8032c9c0    00000320     rts6600_elf_mt.lib : _printfi.obj (.text:_pproc_fge)
                  8032cce0    00000320     nettool.ae66 : inetaddr.oe66 (.text:inet_aton)
                  8032d000    00000320                  : telnetd.oe66 (.text:telnet_engine)
                  8032d320    00000320     ti.platform.evm6678l.ae66 : evmc66x_uart.obj (.text)
                  8032d640    00000300     stk6_ppp_pppoe.ae66 : sock6pcb.oe66 (.text:Sock6PcbBind)
                  8032d940    00000300                         : udp6.oe66 (.text:Udp6Input)
                  8032dc40    00000300     sysbios.ae66 : BIOS.obj (.text:ti_sysbios_family_c64p_Hwi_dispatchC__I)
                  8032df40    000002e0     stk6_ppp_pppoe.ae66 : ipv6_frag.oe66 (.text:IPv6FragQEnqueueFrag)
                  8032e220    000002e0                         : ipv6_exthdrs.oe66 (.text:IPv6ParseExtnHeaders)
                  8032e500    000002e0     netctrl.ae66 : netctrl.oe66 (.text:NetScheduler)
                  8032e7e0    000002e0     ti.drv.pa.ae66 : pa.oe66 (.text:Pa_forwardResult)
                  8032eac0    000002e0     stk6_ppp_pppoe.ae66 : route6.oe66 (.text:Rt6Find)
                  8032eda0    000002e0                         : nimupppoe.oe66 (.text:SendClientMsg)
                  8032f080    000002e0                         : sock6pcb.oe66 (.text:Sock6PcbFind)
                  8032f360    000002e0                         : sock6pcb.oe66 (.text:Sock6PcbResolve)
                  8032f640    000002e0                         : udp.oe66 (.text:UdpOutput)
                  8032f920    000002e0     rts6600_elf_mt.lib : _printfi.obj (.text:_pproc_fwp)
                  8032fc00    000002e0     sysbios.ae66 : BIOS.obj (.text:ti_sysbios_heaps_HeapMem_Instance_init__F)
                  8032fee0    000002c0     stk6_ppp_pppoe.ae66 : bind.oe66 (.text:BindNew)
                  803301a0    000002c0                         : node.oe66 (.text:NodeAdd)
                  80330460    000002c0                         : sb6.oe66 (.text:SB6Read)
                  80330720    000002c0                         : nimuppp.oe66 (.text:pppInput)
                  803309e0    000002a0     nettool.ae66 : dhcpmain.oe66 (.text:DHCPOpen)
                  80330c80    000002a0     stk6_ppp_pppoe.ae66 : route6.oe66 (.text:Rt6Free)
                  80330f20    000002a0                         : rtable.oe66 (.text:RtFind)
                  803311c0    000002a0                         : sock6.oe66 (.text:Sock6Close)
                  80331460    000002a0                         : sock.oe66 (.text:SockClose)
                  80331700    000002a0                         : sockpcb.oe66 (.text:SockPcbResolve)
                  803319a0    000002a0                         : tcp6prot.oe66 (.text:TCP6PrSetOption)
                  80331c40    000002a0                         : tcpprot.oe66 (.text:TcpPrSetOption)
                  80331ee0    000002a0     rts6600_elf_mt.lib : _printfi.obj (.text:fcvt)
                  80332180    000002a0     sysbios.ae66 : BIOS.obj (.text:ti_sysbios_knl_Clock_Instance_init__F)
                  80332420    000002a0                  : BIOS.obj (.text:ti_sysbios_knl_Clock_workFunc__E)
                  803326c0    000002a0                  : BIOS.obj (.text:ti_sysbios_timers_timer64_Timer_deviceConfig__I)
                  80332960    00000280     stk6_ppp_pppoe.ae66 : icmp.oe66 (.text:ICMPGenPacket)
                  80332be0    00000280                         : lli6.oe66 (.text:LLI6NeighUnreachStateMachine)
                  80332e60    00000280                         : lli6.oe66 (.text:LLI6TxIPPacket)
                  803330e0    00000280                         : udp6.oe66 (.text:Udp6Output)
                  80333360    00000280     rts6600_elf_mt.lib : _printfi.obj (.text:ecvt)
                  803335e0    00000280     stk6_ppp_pppoe.ae66 : ipcp.oe66 (.text:ipcpSendCfg)
                  80333860    00000280                         : lcp.oe66 (.text:lcpSendCfg)
                  80333ae0    00000280     ti.targets.rts6000.ae66 : Error.oe66 (.text:xdc_runtime_Error_raiseX__F)
                  80333d60    00000260     stk6_ppp_pppoe.ae66 : icmpv6in.oe66 (.text:ICMPv6RecvEchoRequest)
                  80333fc0    00000260                         : ipv6in.oe66 (.text:IPv6RxPacket)
                  80334220    00000260                         : nimu.oe66 (.text:NIMUReceivePacket)
                  80334480    00000260                         : rawethsock.oe66 (.text:RawEthSockSet)
                  803346e0    00000260                         : sb6.oe66 (.text:SB6Write)
                  80334940    00000260                         : sb.oe66 (.text:SBWrite)
                  80334ba0    00000260                         : sockpcb.oe66 (.text:SockPcbBind)
                  80334e00    00000260                         : tcp6out.oe66 (.text:TCP6GenPacket)
                  80335060    00000260     nettool.ae66 : httppars.oe66 (.text:httpParseRecv)
                  803352c0    00000260                  : httpsend.oe66 (.text:httpSendErrorHTML)
                  80335520    00000260     platform_osal.obj (.text)
                  80335780    00000260     sysbios.ae66 : BIOS.obj (.text:ti_sysbios_family_c64p_Exception_internalHandler__I)
                  803359e0    00000260                  : BIOS.obj (.text:ti_sysbios_knl_Semaphore_post__E)
                  80335c40    00000260     ti.targets.rts6000.ae66 : Startup.oe66 (.text:xdc_runtime_Startup_startMods__I)
                  80335ea0    00000240     stk6_ppp_pppoe.ae66 : bind6.oe66 (.text:Bind6Free)
                  803360e0    00000240                         : bind6.oe66 (.text:Bind6RunDAD)
                  80336320    00000240     ti.drv.cppi.ae66 : cppi_drv.oe66 (.text:Cppi_open)
                  80336560    00000240     nettool.ae66 : daemon.oe66 (.text:DaemonNew)
                  803367a0    00000240     stk6_ppp_pppoe.ae66 : icmpv6_ndisc.oe66 (.text:ICMPv6RecvNA)
                  803369e0    00000240                         : icmpv6_ndisc.oe66 (.text:ICMPv6SendNA)
                  80336c20    00000240                         : icmpv6_ndisc.oe66 (.text:ICMPv6SendNS)
                  80336e60    00000240     ti.drv.pa.ae66 : pa.oe66 (.text:Pa_resetControl)
                  803370a0    00000240     stk6_ppp_pppoe.ae66 : pipe.oe66 (.text:PipeRecv)
                  803372e0    00000240                         : raw.oe66 (.text:RawInput)
                  80337520    00000240                         : tcpout.oe66 (.text:TcpGenPacket)
                  80337760    00000240     rts6600_elf_mt.lib : imath64.obj (.text:__c6xabi_divull)
                  803379a0    00000240                        : _printfi.obj (.text:_pconv_e)
                  80337be0    00000240                        : _printfi.obj (.text:_pproc_diouxp)
                  80337e20    00000240     nettool.ae66 : dhcpsm.oe66 (.text:dhcpIPAdd)
                  80338060    00000240                  : dhcpsm.oe66 (.text:dhcpState)
                  803382a0    00000240     rts6600_elf_mt.lib : fputc.obj (.text:fputc)
                  803384e0    00000240     sysbios.ae66 : BIOS.obj (.text:ti_sysbios_knl_Task_exit__E)
                  80338720    00000240     ti.targets.rts6000.ae66 : LoggerBuf.oe66 (.text:xdc_runtime_LoggerBuf_write8__F)
                  80338960    00000220     stk6_ppp_pppoe.ae66 : igmp.oe66 (.text:IGMPJoinHostGroup)
                  80338b80    00000220                         : ipv6_frag.oe66 (.text:IPv6ParseFragHdr)
                  80338da0    00000220                         : raw6.oe66 (.text:Raw6Output)
                  80338fc0    00000220                         : rawethsock.oe66 (.text:RawEthSockNew)
                  803391e0    00000220                         : sockpcb.oe66 (.text:SockPcbFind)
                  80339400    00000220     rts6600_elf_mt.lib : _printfi.obj (.text:_pproc_str)
                  80339620    00000220     nettool.ae66 : dhcppkt.oe66 (.text:dhcpVerifyMessage)
                  80339840    00000220                  : httpclie.oe66 (.text:httpGetAuthParams)
                  80339a60    00000220     rts6600_elf_mt.lib : setvbuf.obj (.text:setvbuf)
                  80339c80    00000220     sysbios.ae66 : BIOS.obj (.text:ti_sysbios_knl_Swi_run__I)
                  80339ea0    00000220                  : BIOS.obj (.text:ti_sysbios_knl_Task_schedule__I)
                  8033a0c0    00000220                  : BIOS.obj (.text:ti_sysbios_knl_Task_startCore__E)
                  8033a2e0    00000220     ti.targets.rts6000.ae66 : Core-mem.oe66 (.text:xdc_runtime_Core_createObject__I)
                  8033a500    00000200     stk6_ppp_pppoe.ae66 : ipv6_exthdrs.oe66 (.text:IPv6ParseHopOptions)
                  8033a700    00000200                         : lli6.oe66 (.text:LLI6New)
                  8033a900    00000200     ti.drv.qmss.ae66 : qmss_drv.oe66 (.text:Qmss_internalQueueOpen)
                  8033ab00    00000200                      : qmss_acc.oe66 (.text:Qmss_programAccumulator)
                  8033ad00    00000200     stk6_ppp_pppoe.ae66 : rtc.oe66 (.text:RTCReport)
                  8033af00    00000200     rts6600_elf_mt.lib : _printfi.obj (.text:_pconv_g)
                  8033b100    00000200     sysbios.ae66 : c64p_Hwi_disp_always.obj (.text:_ti_sysbios_family_c64p_Hwi_dispatchAlways)
                  8033b300    00000200     stk6_ppp_pppoe.ae66 : socket.oe66 (.text:accept)
                  8033b500    00000200     ti.drv.cppi.ae66 : cppi_heap.oe66 (.text:cppi_internal_heap_add)
                  8033b700    00000200     stk6_ppp_pppoe.ae66 : nimupppoe.oe66 (.text:pppoeCtrlMsg)
                  8033b900    000001e0                         : igmp.oe66 (.text:IGMPSendReply)
                  8033bae0    000001e0                         : route6.oe66 (.text:Rt6Modify)
                  8033bcc0    000001e0                         : sock6pcb.oe66 (.text:Sock6PcbFindRaw)
                  8033bea0    000001e0                         : auth.oe66 (.text:chapSendMsg)
                  8033c080    000001e0     nettool.ae66 : dhcpsock.oe66 (.text:dhcpSocketOpen)
                  8033c260    000001e0     stk6_ppp_pppoe.ae66 : socket.oe66 (.text:sendto)
                  8033c440    000001e0     sysbios.ae66 : BIOS.obj (.text:ti_sysbios_family_c64p_Exception_externalHandler__I)
                  8033c620    000001e0                  : BIOS.obj (.text:ti_sysbios_knl_Task_checkStacks__E)
                  8033c800    000001e0                  : BIOS.obj (.text:ti_sysbios_knl_Task_postInit__I)
                  8033c9e0    000001e0                  : BIOS.obj (.text:ti_sysbios_timers_timer64_Timer_getFreq__E)
                  8033cbc0    000001c0     nettool.ae66 : config.oe66 (.text:CfgExecute)
                  8033cd80    000001c0     ti.drv.cppi.ae66 : cppi_drv.oe66 (.text:Cppi_channelClose)
                  8033cf40    000001c0                      : cppi_drv.oe66 (.text:Cppi_initCfg)
                  8033d100    000001c0     stk6_ppp_pppoe.ae66 : ip.oe66 (.text:IPGetRoute)
                  8033d2c0    000001c0                         : lliout.oe66 (.text:LLIGenArpPacket)
                  8033d480    000001c0     ti.drv.qmss.ae66 : qmss_drv.oe66 (.text:Qmss_internaldownloadFirmware)
                  8033d640    000001c0     stk6_ppp_pppoe.ae66 : raw6.oe66 (.text:Raw6Input)
                  8033d800    000001c0     netctrl.ae66 : netsrv.oe66 (.text:SPIpNet)
                  8033d9c0    000001c0     stk6_ppp_pppoe.ae66 : tcptime.oe66 (.text:TcpTimeoutRexmt)
                  8033db80    000001c0                         : lli.oe66 (.text:_LLITimeoutCheck)
                  8033dd40    000001c0     rts6600_elf_mt.lib : _printfi.obj (.text:_mcpy)
                  8033df00    000001c0     nettool.ae66 : dhcpbild.oe66 (.text:dhcpBuildHeader)
                  8033e0c0    000001c0     stk6_ppp_pppoe.ae66 : fileuser.oe66 (.text:fdClose)
                  8033e280    000001c0     sysbios.ae66 : BIOS.obj (.text:ti_sysbios_family_c64p_Exception_decodeMpfsr__I)
                  8033e440    000001c0                  : BIOS.obj (.text:ti_sysbios_gates_GateMutex_enter__E)
                  8033e600    000001c0                  : BIOS.obj (.text:ti_sysbios_timers_timer64_Timer_setPeriodMicroSecs__E)
                  8033e7c0    000001c0     ti.targets.rts6000.ae66 : Text.oe66 (.text:xdc_runtime_Text_putSite__F)
                  8033e980    000001a0     stk6_ppp_pppoe.ae66 : bind6.oe66 (.text:Bind6Msg)
                  8033eb20    000001a0     nettool.ae66 : config.oe66 (.text:CfgRemoveEntry)
                  8033ecc0    000001a0     stk6_ppp_pppoe.ae66 : icmpin.oe66 (.text:ICMPRevSrcRoute)
                  8033ee60    000001a0                         : ipv6_frag.oe66 (.text:IPv6FragMsg)
                  8033f000    000001a0                         : ipv6_exthdrs.oe66 (.text:IPv6ParseRoutingHdr)
                  8033f1a0    000001a0     netctrl.ae66 : netctrl.oe66 (.text:NC_NetStart)
                  8033f340    000001a0     stk6_ppp_pppoe.ae66 : node.oe66 (.text:NodeTreeFree)
                  8033f4e0    000001a0     ti.drv.pa.ae66 : pa.oe66 (.text:Pa_downloadImage)
                  8033f680    000001a0     stk6_ppp_pppoe.ae66 : route6.oe66 (.text:Route6LifetimeMgmt)
                  8033f820    000001a0                         : sockint.oe66 (.text:SockCreatePacket)
                  8033f9c0    000001a0     nettool.ae66 : dhcpsm.oe66 (.text:StateRenewRebind)
                  8033fb60    000001a0     stk6_ppp_pppoe.ae66 : tcp6time.oe66 (.text:TCP6TimeoutRexmt)
                  8033fd00    000001a0     rts6600_elf_mt.lib : imath40.obj (.text:__c6xabi_divul)
                  8033fea0    000001a0     nettool.ae66 : dhcptags.oe66 (.text:dhcpBuildOptions)
                  80340040    000001a0     stk6_ppp_pppoe.ae66 : socket.oe66 (.text:getpeername)
                  803401e0    000001a0                         : udp6.oe66 (.text:processMulticast)
                  80340380    000001a0     nettool.ae66 : telnetd.oe66 (.text:telnet_termdata)
                  80340520    000001a0     sysbios.ae66 : BIOS.obj (.text:ti_sysbios_family_c66_Cache_block__I)
                  803406c0    000001a0                  : BIOS.obj (.text:ti_sysbios_heaps_HeapBuf_Module_startup__F)
                  80340860    000001a0                  : BIOS.obj (.text:ti_sysbios_timers_timer64_Timer_start__E)
                  80340a00    000001a0     ti.targets.rts6000.ae66 : LoggerBuf.oe66 (.text:xdc_runtime_LoggerBuf_write4__F)
                  80340ba0    00000180     stk6_ppp_pppoe.ae66 : bind6.oe66 (.text:Bind6GetGlobalAddress)
                  80340d20    00000180     rts6600_elf_mt.lib : trgdrv.obj (.text:HOSTrename)
                  80340ea0    00000180     stk6_ppp_pppoe.ae66 : igmp.oe66 (.text:IGMPMsg)
                  80341020    00000180                         : nimu.oe66 (.text:NIMURegister)
                  803411a0    00000180     netctrl.ae66 : netsrv.oe66 (.text:ServiceScan)
                  80341320    00000180                  : netsrv.oe66 (.text:ServiceSpawn)
                  803414a0    00000180     stk6_ppp_pppoe.ae66 : sock6int.oe66 (.text:Sock6CreatePacket)
                  80341620    00000180     nettool.ae66 : dhcpsm.oe66 (.text:StateBound)
                  803417a0    00000180     rts6600_elf_mt.lib : copy_decompress_rle.obj (.text:__TI_decompress_rle_core)
                  80341920    00000180     stk6_ppp_pppoe.ae66 : socket.oe66 (.text:bind)
                  80341aa0    00000180     nettool.ae66 : dhcpbild.oe66 (.text:dhcpBuildRequest)
                  80341c20    00000180     os.ae66 : task.oe66 (.text:llEnter)
                  80341da0    00000180     stk6_ppp_pppoe.ae66 : auth.oe66 (.text:papSendCfg)
                  80341f20    00000180     sysbios.ae66 : c64p_Exception_asm.obj (.text)
                  803420a0    00000180                  : BIOS.obj (.text:ti_sysbios_knl_Swi_schedule__I)
                  80342220    00000180                  : BIOS.obj (.text:ti_sysbios_knl_Task_unblockI__E)
                  803423a0    00000160     nettool.ae66 : config.oe66 (.text:CfgGetEntry)
                  80342500    00000160                  : config.oe66 (.text:CfgGetNextEntry)
                  80342660    00000160     stk6_ppp_pppoe.ae66 : igmp.oe66 (.text:IGMPDoMCast)
                  803427c0    00000160                         : nimu.oe66 (.text:NIMUIoctlSpecialCmd)
                  80342920    00000160                         : nimuppp.oe66 (.text:PPPStop)
                  80342a80    00000160                         : pipe.oe66 (.text:PipeSend)
                  80342be0    00000160                         : raw.oe66 (.text:RawOutput)
                  80342d40    00000160                         : rtable.oe66 (.text:RtTimeoutCheck)
                  80342ea0    00000160                         : rtable.oe66 (.text:RtWalkNext)
                  80343000    00000160     netctrl.ae66 : netsrv.oe66 (.text:SPRoute)
                  80343160    00000160     stk6_ppp_pppoe.ae66 : sock6.oe66 (.text:Sock6Check)
                  803432c0    00000160                         : sock6pcb.oe66 (.text:Sock6PcbConnect)
                  80343420    00000160                         : sock.oe66 (.text:SockCheck)
                  80343580    00000160                         : sockpcb.oe66 (.text:SockPcbConnect)
                  803436e0    00000160     nettool.ae66 : dhcpsm.oe66 (.text:StateRequesting)
                  80343840    00000160     stk6_ppp_pppoe.ae66 : tcp6time.oe66 (.text:TCP6TimeoutKeep)
                  803439a0    00000160                         : tcptime.oe66 (.text:TcpTimeoutKeep)
                  80343b00    00000160                         : auth.oe66 (.text:authInit)
                  80343c60    00000160     nettool.ae66 : httpclie.oe66 (.text:httpExtractTag)
                  80343dc0    00000160     stk6_ppp_pppoe.ae66 : sock6.oe66 (.text:joinGroup)
                  80343f20    00000160                         : socket.oe66 (.text:setsockopt)
                  80344080    00000160     nettool.ae66 : telnetd.oe66 (.text:telnetClientProcess)
                  803441e0    00000140     stk6_ppp_pppoe.ae66 : bind6.oe66 (.text:Bind6DADCheck)
                  80344320    00000140     ti.csl.ae66 : csl_chip.oe66 (.text:CSL_chipReadReg)
                  80344460    00000140     stk6_ppp_pppoe.ae66 : exec.oe66 (.text:ExecOpen)
                  803445a0    00000140                         : icmp.oe66 (.text:ICMPSendRtAdv)
                  803446e0    00000140                         : igmp.oe66 (.text:IGMPJoin)
                  80344820    00000140                         : ipv6.oe66 (.text:IPv6DisplayIPAddress)
                  80344960    00000140                         : lli6.oe66 (.text:LLI6Find)
                  80344aa0    00000140                         : lli.oe66 (.text:LLINew)
                  80344be0    00000140                         : node.oe66 (.text:NodeFind)
                  80344d20    00000140                         : node.oe66 (.text:NodeWalk)
                  80344e60    00000140                         : pbm.oe66 (.text:PBM_alloc)
                  80344fa0    00000140                         : pbm.oe66 (.text:PBM_free)
                  803450e0    00000140                         : rtable.oe66 (.text:RtFlush)
                  80345220    00000140                         : sb6.oe66 (.text:SB6New)
                  80345360    00000140     netctrl.ae66 : netsrv.oe66 (.text:ServiceKill)
                  803454a0    00000140     stk6_ppp_pppoe.ae66 : sock6.oe66 (.text:Sock6Accept)
                  803455e0    00000140                         : sock6.oe66 (.text:Sock6Listen)
                  80345720    00000140                         : sock.oe66 (.text:SockAccept)
                  80345860    00000140                         : sock.oe66 (.text:SockListen)
                  803459a0    00000140                         : sockpcb.oe66 (.text:SockPcbCtlError)
                  80345ae0    00000140     boot.ae66 : autoinit.oe66 (.text:_auto_init_elf)
                  80345c20    00000140     rts6600_elf_mt.lib : _printfi.obj (.text:_pproc_fflags)
                  80345d60    00000140     stk6_ppp_pppoe.ae66 : auth.oe66 (.text:authGetPassword)
                  80345ea0    00000140     nettool.ae66 : dhcptags.oe66 (.text:dhcpDecodeType)
                  80345fe0    00000140     rts6600_elf_mt.lib : fseek.obj (.text:fseek)
                  80346120    00000140                        : lowlev.obj (.text:getdevice)
                  80346260    00000140     nettool.ae66 : httpsend.oe66 (.text:httpAuthenticationReq)
                  803463a0    00000140     os.ae66 : mem.oe66 (.text:mmCopy)
                  803464e0    00000140     stk6_ppp_pppoe.ae66 : nimuppp.oe66 (.text:pppAddClient)
                  80346620    00000140                         : socket.oe66 (.text:recv)
                  80346760    00000140                         : socket.oe66 (.text:send)
                  803468a0    00000140     sysbios.ae66 : BIOS.obj (.text:ti_sysbios_family_c64p_Exception_Module_startup__F)
                  803469e0    00000140                  : BIOS.obj (.text:ti_sysbios_family_c64p_Hwi_Module_startup__F)
                  80346b20    00000140                  : BIOS.obj (.text:ti_sysbios_family_c66_Cache_Module_startup__F)
                  80346c60    00000140                  : BIOS.obj (.text:ti_sysbios_knl_Semaphore_Instance_init__F)
                  80346da0    00000140                  : BIOS.obj (.text:ti_sysbios_knl_Swi_post__E)
                  80346ee0    00000140                  : BIOS.obj (.text:ti_sysbios_knl_Task_Module_startup__F)
                  80347020    00000140                  : BIOS.obj (.text:ti_sysbios_knl_Task_blockI__E)
                  80347160    00000140     ti.targets.rts6000.ae66 : Text.oe66 (.text:xdc_runtime_Text_putLab__F)
                  803472a0    00000120     stk6_ppp_pppoe.ae66 : bind6.oe66 (.text:Bind6LifetimeMgmt)
                  803473c0    00000120                         : bind.oe66 (.text:BindFree)
                  803474e0    00000120     nettool.ae66 : config.oe66 (.text:CfgFree)
                  80347600    00000120                  : daemon.oe66 (.text:DaemonFree)
                  80347720    00000120     stk6_ppp_pppoe.ae66 : file.oe66 (.text:FdWaitEvent)
                  80347840    00000120                         : igmp.oe66 (.text:IGMPLeaveHostGroup)
                  80347960    00000120                         : ip.oe66 (.text:IPMsg)
                  80347a80    00000120                         : ipin.oe66 (.text:IPRouteIP)
                  80347ba0    00000120                         : ipv6_frag.oe66 (.text:IPv6CreateFragQ)
                  80347cc0    00000120                         : ipv6.oe66 (.text:IPv6Init)
                  80347de0    00000120                         : icmpv6out.oe66 (.text:IsICMPv6ErrorPkt)
                  80347f00    00000120                         : md5.oe66 (.text:MD5Update)
                  80348020    00000120                         : mld.oe66 (.text:MLDJoinGroup)
                  80348140    00000120     netctrl.ae66 : netctrl.oe66 (.text:NC_SystemOpen)
                  80348260    00000120     stk6_ppp_pppoe.ae66 : nimu.oe66 (.text:NIMUAddEthernetHeader)
                  80348380    00000120     ti.drv.qmss.ae66 : qmss_acc.oe66 (.text:Qmss_disableAccumulator)
                  803484a0    00000120     stk6_ppp_pppoe.ae66 : raweth.oe66 (.text:RawEthRxPacket)
                  803485c0    00000120                         : raweth.oe66 (.text:RawEthTxPacket)
                  803486e0    00000120                         : sb.oe66 (.text:SBNew)
                  80348800    00000120     netctrl.ae66 : netsrv.oe66 (.text:SPConfig)
                  80348920    00000120                  : netsrv.oe66 (.text:SPService)
                  80348a40    00000120     stk6_ppp_pppoe.ae66 : sock6.oe66 (.text:Sock6Disconnect)
                  80348b60    00000120                         : sock6.oe66 (.text:Sock6Shutdown)
                  80348c80    00000120                         : sockpcb.oe66 (.text:SockPcbFindRaw)
                  80348da0    00000120                         : sock.oe66 (.text:SockShutdown)
                  80348ec0    00000120                         : tcp6prot.oe66 (.text:TCP6PrAttach)
                  80348fe0    00000120                         : tcpprot.oe66 (.text:TcpPrAttach)
                  80349100    00000120     nettool.ae66 : telnetd.oe66 (.text:TelnetOpen)
                  80349220    00000120     stk6_ppp_pppoe.ae66 : rtable.oe66 (.text:_RtNodeInsert)
                  80349340    00000120     rts6600_elf_mt.lib : fclose.obj (.text:_closefile)
                  80349460    00000120                        : _printfi.obj (.text:_ltostr)
                  80349580    00000120     os.ae66 : mem.oe66 (.text:_mmInit)
                  803496a0    00000120     nettool.ae66 : daemon.oe66 (.text:dchild)
                  803497c0    00000120     stk6_ppp_pppoe.ae66 : fileuser.oe66 (.text:fdOpenSession)
                  803498e0    00000120     nettool.ae66 : http.oe66 (.text:httpOpen)
                  80349a00    00000120     stk6_ppp_pppoe.ae66 : lcp.oe66 (.text:lcpOpen)
                  80349b20    00000120                         : lcp.oe66 (.text:lcpReject)
                  80349c40    00000120                         : socket.oe66 (.text:socket)
                  80349d60    00000120     sysbios.ae66 : BIOS.obj (.text:ti_sysbios_BIOS_rtsUnlock__I)
                  80349e80    00000120                  : BIOS.obj (.text:ti_sysbios_knl_Clock_startI__E)
                  80349fa0    00000120     ti.targets.rts6000.ae66 : LoggerBuf.oe66 (.text:xdc_runtime_LoggerBuf_setFilterLevel__F)
                  8034a0c0    00000120                             : Text.oe66 (.text:xdc_runtime_Text_putMod__F)
                  8034a1e0    00000100     nettool.ae66 : config.oe66 (.text:CfgNew)
                  8034a2e0    00000100                  : config.oe66 (.text:CfgSetExecuteOrder)
                  8034a3e0    00000100     os.ae66 : ossys.oe66 (.text:DbgPrintf)
                  8034a4e0    00000100     stk6_ppp_pppoe.ae66 : igmp.oe66 (.text:IGMPTimer)
                  8034a5e0    00000100                         : ipv6.oe66 (.text:IPv6GetSubnetMaskFromBits)
                  8034a6e0    00000100                         : ipv6_frag.oe66 (.text:IPv6ReasmTimeout)
                  8034a7e0    00000100                         : rtc.oe66 (.text:RTCMsg)
                  8034a8e0    00000100                         : rawethsock.oe66 (.text:RawEthSockCheck)
                  8034a9e0    00000100                         : route.oe66 (.text:RtRedirect)
                  8034aae0    00000100                         : sockint.oe66 (.text:SockValidateRoute)
                  8034abe0    00000100     nettool.ae66 : dhcpsm.oe66 (.text:StateSelecting)
                  8034ace0    00000100     stk6_ppp_pppoe.ae66 : tcp6prot.oe66 (.text:TCP6PrInherit)
                  8034ade0    00000100                         : tcp6time.oe66 (.text:TCP6XmitTimer)
                  8034aee0    00000100                         : tcpprot.oe66 (.text:TcpPrInherit)
                  8034afe0    00000100                         : tcptime.oe66 (.text:TcpXmitTimer)
                  8034b0e0    00000100                         : rtable.oe66 (.text:_RtNodeRemove)
                  8034b1e0    00000100     rts6600_elf_mt.lib : _io_perm.obj (.text:_wrt_ok)
                  8034b2e0    00000100     stk6_ppp_pppoe.ae66 : file.oe66 (.text:fdint_unlockfd)
                  8034b3e0    00000100                         : socket.oe66 (.text:listen)
                  8034b4e0    00000100     os.ae66 : mem.oe66 (.text:mmFree)
                  8034b5e0    00000100     sysbios.ae66 : BIOS.obj (.text:ti_sysbios_family_c64p_EventCombiner_dispatch__F)
                  8034b6e0    00000100                  : BIOS.obj (.text:ti_sysbios_knl_Swi_restoreHwi__E)
                  8034b7e0    00000100                  : BIOS.obj (.text:ti_sysbios_timers_timer64_Timer_initDevice__I)
                  8034b8e0    00000100     stk6_ppp_pppoe.ae66 : lliin.oe66 (.text:updateRtTable)
                  8034b9e0    00000100     ti.targets.rts6000.ae66 : Core-mem.oe66 (.text:xdc_runtime_Core_deleteObject__I)
                  8034bae0    00000100                             : LoggerBuf.oe66 (.text:xdc_runtime_LoggerBuf_getFilterLevel__F)
                  8034bbe0    00000100                             : Startup.oe66 (.text:xdc_runtime_Startup_exec__F)
                  8034bce0    00000100                             : Text.oe66 (.text:xdc_runtime_Text_visitRope2__I)
                  8034bde0    000000e0     stk6_ppp_pppoe.ae66 : bind6.oe66 (.text:Bind6GetLinkLocalAddress)
                  8034bec0    000000e0     nettool.ae66 : config.oe66 (.text:CfgGetEntryCnt)
                  8034bfa0    000000e0                  : dhcpmain.oe66 (.text:DHCPClose)
                  8034c080    000000e0     rts6600_elf_mt.lib : trgdrv.obj (.text:HOSTlseek)
                  8034c160    000000e0                        : trgdrv.obj (.text:HOSTopen)
                  8034c240    000000e0     stk6_ppp_pppoe.ae66 : icmpv6in.oe66 (.text:ICMPv6SocketErrorInterface)
                  8034c320    000000e0                         : igmp.oe66 (.text:IGMPLeave)
                  8034c400    000000e0                         : ipv6_frag.oe66 (.text:IPv6FindFragQ)
                  8034c4e0    000000e0                         : ipv6.oe66 (.text:IPv6Layer4ComputeChecksum)
                  8034c5c0    000000e0                         : lli6.oe66 (.text:LLI6Msg)
                  8034c6a0    000000e0                         : lli6.oe66 (.text:LLI6Update)
                  8034c780    000000e0                         : mld.oe66 (.text:MLDFindMulticastNode)
                  8034c860    000000e0                         : nimu.oe66 (.text:NIMUAllocateIndex)
                  8034c940    000000e0                         : nimu.oe66 (.text:NIMUAllocateName)
                  8034ca20    000000e0                         : node.oe66 (.text:NodeDeRef)
                  8034cb00    000000e0                         : node.oe66 (.text:NodeNew)
                  8034cbe0    000000e0                         : node.oe66 (.text:NodeTreeNew)
                  8034ccc0    000000e0                         : pbm.oe66 (.text:PBMQ_enq)
                  8034cda0    000000e0                         : pbm.oe66 (.text:PBM_copy)
                  8034ce80    000000e0                         : rawethsock.oe66 (.text:RawEthSockNotify)
                  8034cf60    000000e0                         : rawethsock_pcb.oe66 (.text:RawEthSockPcbAttach)
                  8034d040    000000e0                         : rawethsock.oe66 (.text:RawEthSockSend)
                  8034d120    000000e0                         : route6.oe66 (.text:Route6Msg)
                  8034d200    000000e0                         : route.oe66 (.text:RtDeRef)
                  8034d2e0    000000e0                         : route.oe66 (.text:RtRemove)
                  8034d3c0    000000e0                         : sb.oe66 (.text:SBSetMax)
                  8034d4a0    000000e0                         : sock6int.oe66 (.text:Sock6SpawnAbort)
                  8034d580    000000e0                         : sock6int.oe66 (.text:Sock6ValidateRoute)
                  8034d660    000000e0                         : sock.oe66 (.text:SockDisconnect)
                  8034d740    000000e0                         : sockint.oe66 (.text:SockSpawnAbort)
                  8034d820    000000e0                         : tcp6prot.oe66 (.text:TCP6PrDetach)
                  8034d900    000000e0                         : tcp6prot.oe66 (.text:TCP6PrDisconnect)
                  8034d9e0    000000e0                         : tcp6prot.oe66 (.text:TCP6ValidateMetrics)
                  8034dac0    000000e0                         : tcpprot.oe66 (.text:TcpPrDetach)
                  8034dba0    000000e0                         : tcpprot.oe66 (.text:TcpPrDisconnect)
                  8034dc80    000000e0                         : tcpprot.oe66 (.text:TcpValidateMetrics)
                  8034dd60    000000e0                         : timer.oe66 (.text:TimerListInsert)
                  8034de40    000000e0                         : udp.oe66 (.text:UdpChecksum)
                  8034df20    000000e0                         : vlan.oe66 (.text:VLANDeinit)
                  8034e000    000000e0                         : vlan.oe66 (.text:VLANReceivePacket)
                  8034e0e0    000000e0     nettool.ae66 : config.oe66 (.text:_CfgEntryScan)
                  8034e1c0    000000e0     stk6_ppp_pppoe.ae66 : lli.oe66 (.text:_LLIExpListInsert)
                  8034e2a0    000000e0                         : rtable.oe66 (.text:_RtExpListInsert)
                  8034e380    000000e0     rts6600_elf_mt.lib : divi.obj (.text:__divi)
                  8034e460    000000e0                        : _printfi.obj (.text:_div)
                  8034e540    000000e0                        : atoi.obj (.text:atoi)
                  8034e620    000000e0                        : lowlev.obj (.text:close)
                  8034e700    000000e0                        : copy_zero_init.obj (.text:decompress:ZI:__TI_zero_init)
                  8034e7e0    000000e0     os.ae66 : efs.oe66 (.text:efs_internal_remove)
                  8034e8c0    000000e0     rts6600_elf_mt.lib : exit.obj (.text:exit)
                  8034e9a0    000000e0     stk6_ppp_pppoe.ae66 : file.oe66 (.text:fdint_lockfd)
                  8034ea80    000000e0     rts6600_elf_mt.lib : fflush.obj (.text:fflush)
                  8034eb60    000000e0     nettool.ae66 : httpclie.oe66 (.text:httpGetMimeBits)
                  8034ec40    000000e0     os.ae66 : task.oe66 (.text:llExit)
                  8034ed20    000000e0     rts6600_elf_mt.lib : ltoa.obj (.text:ltoa)
                  8034ee00    000000e0                        : memset.obj (.text:memset)
                  8034eee0    000000e0     os.ae66 : mem.oe66 (.text:mmBulkAlloc)
                  8034efc0    000000e0     stk6_ppp_pppoe.ae66 : nimuppp.oe66 (.text:pppFree)
                  8034f0a0    000000e0     rts6600_elf_mt.lib : printf.obj (.text:printf)
                  8034f180    000000e0     sysbios.ae66 : BIOS.obj (.text:ti_sysbios_knl_Clock_start__E)
                  8034f260    000000e0     ti.targets.rts6000.ae66 : Error.oe66 (.text:xdc_runtime_Error_print__F)
                  8034f340    000000e0                             : Memory.oe66 (.text:xdc_runtime_Memory_alloc__F)
                  8034f420    000000c0     rts6600_elf_mt.lib : trgdrv.obj (.text:HOSTread)
                  8034f4e0    000000c0                        : trgdrv.obj (.text:HOSTwrite)
                  8034f5a0    000000c0     stk6_ppp_pppoe.ae66 : icmpv6in.oe66 (.text:ICMPv6RecvDstUnreachable)
                  8034f660    000000c0                         : lli.oe66 (.text:LLIGetValidTime)
                  8034f720    000000c0                         : lli.oe66 (.text:LLIMsg)
                  8034f7e0    000000c0                         : mld.oe66 (.text:MLDCreateMulticastNode)
                  8034f8a0    000000c0                         : mld.oe66 (.text:MLDLeaveGroup)
                  8034f960    000000c0                         : nimu.oe66 (.text:NIMUFindByName)
                  8034fa20    000000c0     netctrl.ae66 : netsrv.oe66 (.text:NS_BootTask)
                  8034fae0    000000c0     stk6_ppp_pppoe.ae66 : node.oe66 (.text:NodeUpdatePL)
                  8034fba0    000000c0     nettool.ae66 : ipaddr.oe66 (.text:NtIfIdx2Ip)
                  8034fc60    000000c0     ti.drv.qmss.ae66 : qmss_drv.oe66 (.text:Qmss_setEoiVector)
                  8034fd20    000000c0     stk6_ppp_pppoe.ae66 : route6.oe66 (.text:Rt6FindDefaultRouter)
                  8034fde0    000000c0                         : rtable.oe66 (.text:RtWalkBegin)
                  8034fea0    000000c0                         : sb6.oe66 (.text:SB6Flush)
                  8034ff60    000000c0                         : sb6.oe66 (.text:SB6SetMax)
                  80350020    000000c0                         : sb.oe66 (.text:SBFlush)
                  803500e0    000000c0                         : sock6.oe66 (.text:Sock6IntAbort)
                  803501a0    000000c0                         : sock6pcb.oe66 (.text:Sock6PcbResolveChain)
                  80350260    000000c0                         : sock6pcb.oe66 (.text:Sock6PcbRtChange)
                  80350320    000000c0                         : sock.oe66 (.text:SockIntAbort)
                  803503e0    000000c0                         : sockpcb.oe66 (.text:SockPcbRtChange)
                  803504a0    000000c0                         : tcp6prot.oe66 (.text:TCP6Close)
                  80350560    000000c0                         : tcp6time.oe66 (.text:TCP6TimeoutSackRexmt)
                  80350620    000000c0     os.ae66 : task.oe66 (.text:TaskGetEnv)
                  803506e0    000000c0     stk6_ppp_pppoe.ae66 : tcp.oe66 (.text:TcpChecksum)
                  803507a0    000000c0                         : tcpprot.oe66 (.text:TcpClose)
                  80350860    000000c0                         : tcptime.oe66 (.text:TcpTimeoutSackRexmt)
                  80350920    000000c0                         : bind6.oe66 (.text:_Bind6FindByHostInList)
                  803509e0    000000c0                         : bind6.oe66 (.text:_Bind6FindByNetInList)
                  80350aa0    000000c0     rts6600_elf_mt.lib : dtor_list.obj (.text:__cxa_finalize)
                  80350b60    000000c0                        : divu.obj (.text:__divu)
                  80350c20    000000c0                        : remi.obj (.text:__remi)
                  80350ce0    000000c0                        : fflush.obj (.text:_doflush)
                  80350da0    000000c0     ti.drv.cppi.ae66 : cppi_listlib.oe66 (.text:cppi_list_remove_node)
                  80350e60    000000c0     nettool.ae66 : dhcptags.oe66 (.text:dhcpOptionsClear)
                  80350f20    000000c0     os.ae66 : efs.oe66 (.text:efs_fopen)
                  80350fe0    000000c0     nettool.ae66 : httpsend.oe66 (.text:httpSendFullResponse)
                  803510a0    000000c0     os.ae66 : mem.oe66 (.text:mmZeroInit)
                  80351160    000000c0     rts6600_elf_mt.lib : _mutex.obj (.text:mutex_init)
                  80351220    000000c0     stk6_ppp_pppoe.ae66 : nimuppp.oe66 (.text:pppAddIP)
                  803512e0    000000c0     rts6600_elf_mt.lib : _pthread.obj (.text:pthread_mutex_lock)
                  803513a0    000000c0                        : _pthread.obj (.text:pthread_mutex_unlock)
                  80351460    000000c0                        : _pthread.obj (.text:pthread_once)
                  80351520    000000c0     sysbios.ae66 : BIOS.obj (.text:ti_sysbios_BIOS_errorRaiseHook__I)
                  803515e0    000000c0                  : BIOS.obj (.text:ti_sysbios_heaps_HeapMem_getStats__E)
                  803516a0    000000c0                  : BIOS.obj (.text:ti_sysbios_knl_Clock_logTick__E)
                  80351760    000000c0     Disparity_pe66.oe66 (.text:ti_sysbios_knl_Task_Object__create__S)
                  80351820    000000c0     sysbios.ae66 : BIOS.obj (.text:ti_sysbios_knl_Task_allBlockedFunction__I)
                  803518e0    000000c0                  : BIOS.obj (.text:ti_sysbios_timers_timer64_Timer_startup__E)
                  803519a0    000000c0     ti.targets.rts6000.ae66 : LoggerBuf.oe66 (.text:xdc_runtime_LoggerBuf_Instance_init__F)
                  80351a60    000000c0     Disparity_pe66.oe66 (.text:xdc_runtime_LoggerBuf_Object__create__S)
                  80351b20    000000c0     ti.targets.rts6000.ae66 : System.oe66 (.text:xdc_runtime_System_formatNum__I)
                  80351be0    000000a0     nettool.ae66 : config.oe66 (.text:CfgEntryDeRef)
                  80351c80    000000a0                  : config.oe66 (.text:CfgEntryGetData)
                  80351d20    000000a0                  : config.oe66 (.text:CfgGetImmediate)
                  80351dc0    000000a0                  : telnetd.oe66 (.text:CmdWriteBytes)
                  80351e60    000000a0                  : telnetd.oe66 (.text:CmdWriteCmd)
                  80351f00    000000a0     ti.drv.cppi.ae66 : cppi_drv.oe66 (.text:Cppi_channelEnable)
                  80351fa0    000000a0     stk6_ppp_pppoe.ae66 : file.oe66 (.text:FdSignalEvent)
                  80352040    000000a0     rts6600_elf_mt.lib : trgdrv.obj (.text:HOSTunlink)
                  803520e0    000000a0     stk6_ppp_pppoe.ae66 : ipfrag.oe66 (.text:IPReasmFree)
                  80352180    000000a0                         : ipfrag.oe66 (.text:IPReasmTimeout)
                  80352220    000000a0                         : ipv6.oe66 (.text:IPv6CompareAddress)
                  803522c0    000000a0                         : lliin.oe66 (.text:LLIValidateRoute)
                  80352360    000000a0                         : md5.oe66 (.text:MD5Final)
                  80352400    000000a0                         : nimu.oe66 (.text:NIMUShutdown)
                  803524a0    000000a0                         : nimu.oe66 (.text:NIMUUnregister)
                  80352540    000000a0     nettool.ae66 : ipaddr.oe66 (.text:NtAddNetwork)
                  803525e0    000000a0     stk6_ppp_pppoe.ae66 : pbm.oe66 (.text:PBM_open)
                  80352680    000000a0                         : pipe.oe66 (.text:PipeCheck)
                  80352720    000000a0     ti.drv.qmss.ae66 : qmss_drv.oe66 (.text:Qmss_queueClose)
                  803527c0    000000a0                      : qmss_drv.oe66 (.text:Qmss_startCfg)
                  80352860    000000a0     stk6_ppp_pppoe.ae66 : rtable.oe66 (.text:RouteMsg)
                  80352900    000000a0                         : route.oe66 (.text:RtNew)
                  803529a0    000000a0                         : sb6.oe66 (.text:SB6Free)
                  80352a40    000000a0                         : sb.oe66 (.text:SBFree)
                  80352ae0    000000a0     os.ae66 : semaphore.oe66 (.text:SemCreate)
                  80352b80    000000a0             : semaphore.oe66 (.text:SemCreateBinary)
                  80352c20    000000a0     stk6_ppp_pppoe.ae66 : sock6pcb.oe66 (.text:Sock6CleanPcb)
                  80352cc0    000000a0                         : sock6.oe66 (.text:Sock6GetName)
                  80352d60    000000a0                         : sock.oe66 (.text:SockBind)
                  80352e00    000000a0                         : sockpcb.oe66 (.text:SockCleanPcb)
                  80352ea0    000000a0                         : sockpcb.oe66 (.text:SockPcbResolveChain)
                  80352f40    000000a0                         : tcp6prot.oe66 (.text:TCP6Drop)
                  80352fe0    000000a0                         : tcp6prot.oe66 (.text:TCP6PrCtlError)
                  80353080    000000a0                         : tcp6prot.oe66 (.text:TCP6PrSend)
                  80353120    000000a0                         : tcp6prot.oe66 (.text:TCP6PrSendOOB)
                  803531c0    000000a0     os.ae66 : task.oe66 (.text:TaskCreate)
                  80353260    000000a0     stk6_ppp_pppoe.ae66 : tcpprot.oe66 (.text:TcpDrop)
                  80353300    000000a0                         : tcpprot.oe66 (.text:TcpPrCtlError)
                  803533a0    000000a0                         : tcpprot.oe66 (.text:TcpPrSend)
                  80353440    000000a0                         : tcpprot.oe66 (.text:TcpPrSendOOB)
                  803534e0    000000a0                         : timer.oe66 (.text:TimerNew)
                  80353580    000000a0     nettool.ae66 : config.oe66 (.text:_CfgRelease)
                  80353620    000000a0     stk6_ppp_pppoe.ae66 : lli.oe66 (.text:_LLITimeoutFlush)
                  803536c0    000000a0     rts6600_elf_mt.lib : dtor_list.obj (.text:_Z11__TI_atexitPFYvPvES_S_)
                  80353760    000000a0                        : remu.obj (.text:__remu)
                  80353800    000000a0     boot.ae66 : boot.oe66 (.text:_c_int00)
                  803538a0    000000a0     rts6600_elf_mt.lib : fopen.obj (.text:_cleanup)
                  80353940    000000a0                        : _printfi.obj (.text:_ecpy)
                  803539e0    000000a0                        : _printfi.obj (.text:_fcpy)
                  80353a80    000000a0                        : _printfi.obj (.text:_pconv_f)
                  80353b20    000000a0     stk6_ppp_pppoe.ae66 : auth.oe66 (.text:authStart)
                  80353bc0    000000a0     ti.drv.cppi.ae66 : cppi_heap.oe66 (.text:cppi_internal_heap_malloc)
                  80353c60    000000a0                      : cppi_listlib.oe66 (.text:cppi_list_cat)
                  80353d00    000000a0     nettool.ae66 : dhcpbild.oe66 (.text:dhcpBuildDecline)
                  80353da0    000000a0                  : dhcpsm.oe66 (.text:dhcpIPRemove)
                  80353e40    000000a0     os.ae66 : efs.oe66 (.text:efs_filesend)
                  80353ee0    000000a0     stk6_ppp_pppoe.ae66 : fileuser.oe66 (.text:fdCloseSession)
                  80353f80    000000a0     rts6600_elf_mt.lib : lowlev.obj (.text:finddevice)
                  80354020    000000a0     stk6_ppp_pppoe.ae66 : lcp.oe66 (.text:lcpInit)
                  803540c0    000000a0                         : lcp.oe66 (.text:lcpSendTerm)
                  80354160    000000a0                         : sock6.oe66 (.text:leaveGroup)
                  80354200    000000a0     hal_timer_bios.ae66 : lltimer.oe66 (.text:llTimerTick)
                  803542a0    000000a0     rts6600_elf_mt.lib : lowlev.obj (.text:lseek)
                  80354340    000000a0                        : memcpy64.obj (.text:memcpy)
                  803543e0    000000a0     os.ae66 : mem.oe66 (.text:mmBulkFree)
                  80354480    000000a0             : mem.oe66 (.text:mmInitPage)
                  80354520    000000a0     rts6600_elf_mt.lib : _mutex.obj (.text:mutex_unlock)
                  803545c0    000000a0     mathlib.ae66 : sqrtsp.obj (.text:optasm)
                  80354660    000000a0     ti.drv.pa.ae66 : pa.oe66 (.text:pa_format_fcmd_header)
                  80354700    000000a0                    : pa.oe66 (.text:pa_pdsp_run)
                  803547a0    000000a0     os.ae66 : ossys.oe66 (.text:stricmp)
                  80354840    000000a0     rts6600_elf_mt.lib : strstr.obj (.text:strstr)
                  803548e0    000000a0     sysbios.ae66 : BIOS.obj (.text:ti_sysbios_family_c64p_Hwi_eventMap__E)
                  80354980    000000a0                  : BIOS.obj (.text:ti_sysbios_family_c64p_Hwi_getStackInfo__E)
                  80354a20    000000a0                  : BIOS.obj (.text:ti_sysbios_heaps_HeapMem_init__I)
                  80354ac0    000000a0                  : BIOS.obj (.text:ti_sysbios_knl_Idle_run__E)
                  80354b60    000000a0                  : BIOS.obj (.text:ti_sysbios_knl_Semaphore_pendTimeout__I)
                  80354c00    000000a0                  : BIOS.obj (.text:ti_sysbios_knl_Task_deleteTerminatedTasksFunc__I)
                  80354ca0    000000a0                  : BIOS.obj (.text:ti_sysbios_knl_Task_processVitalTaskFlag__I)
                  80354d40    000000a0                  : BIOS.obj (.text:ti_sysbios_timers_timer64_Timer_stop__E)
                  80354de0    000000a0     rts6600_elf_mt.lib : lowlev.obj (.text:write)
                  80354e80    000000a0     ti.targets.rts6000.ae66 : Assert.oe66 (.text:xdc_runtime_Assert_raise__I)
                  80354f20    000000a0                             : LoggerBuf.oe66 (.text:xdc_runtime_LoggerBuf_Module_startup__F)
                  80354fc0    000000a0     Disparity_pe66.oe66 (.text:xdc_runtime_LoggerBuf_write8__E)
                  80355060    000000a0     ti.targets.rts6000.ae66 : Text.oe66 (.text:xdc_runtime_Text_xprintf__I)
                  80355100    00000080     ti.drv.cppi.ae66 : cppi_drv.oe66 (.text:Cppi_setCpdmaLoopback)
                  80355180    00000080     stk6_ppp_pppoe.ae66 : md5.oe66 (.text:Decode)
                  80355200    00000080     rts6600_elf_mt.lib : trgdrv.obj (.text:HOSTclose)
                  80355280    00000080     stk6_ppp_pppoe.ae66 : icmp.oe66 (.text:ICMPChecksum)
                  80355300    00000080                         : icmpv6in.oe66 (.text:ICMPv6RecvParamProblem)
                  80355380    00000080                         : icmpv6_ndisc.oe66 (.text:ICMPv6RecvRS)
                  80355400    00000080                         : icmpv6in.oe66 (.text:ICMPv6RecvTimeExceeded)
                  80355480    00000080                         : ipv6out.oe66 (.text:IPv6GetRoute)
                  80355500    00000080                         : lli6.oe66 (.text:LLI6Free)
                  80355580    00000080                         : lli6.oe66 (.text:LLI6IsRouterStatMachine)
                  80355600    00000080                         : nimu.oe66 (.text:NIMUInit)
                  80355680    00000080                         : pbm.oe66 (.text:PBMQ_deq)
                  80355700    00000080                         : nimuppp.oe66 (.text:PPPSend)
                  80355780    00000080     ti.drv.pa.ae66 : painit.oe66 (.text:Pa_getBufferReq)
                  80355800    00000080     stk6_ppp_pppoe.ae66 : pipe.oe66 (.text:PipeClose)
                  80355880    00000080     ti.drv.qmss.ae66 : qmss_drv.oe66 (.text:Qmss_getMemRegQueueHandle)
                  80355900    00000080                      : qmss_drv.oe66 (.text:Qmss_queueOpen)
                  80355980    00000080     stk6_ppp_pppoe.ae66 : rawethsock.oe66 (.text:RawEthSockClose)
                  80355a00    00000080                         : rawethsock_pcb.oe66 (.text:RawEthSockPcbDetach)
                  80355a80    00000080                         : route6.oe66 (.text:Rt6Update)
                  80355b00    00000080                         : route.oe66 (.text:RtSetFailure)
                  80355b80    00000080                         : route.oe66 (.text:RtSetTimeout)
                  80355c00    00000080                         : sock6.oe66 (.text:Sock6Bind)
                  80355c80    00000080                         : sock6pcb.oe66 (.text:Sock6PcbCleanup)
                  80355d00    00000080                         : sock.oe66 (.text:SockGetName)
                  80355d80    00000080                         : sockpcb.oe66 (.text:SockPcbCleanup)
                  80355e00    00000080                         : sockpcb.oe66 (.text:SockPcbDetach)
                  80355e80    00000080                         : tcp6prot.oe66 (.text:TCP6PrListen)
                  80355f00    00000080     os.ae66 : task.oe66 (.text:TaskSetEnv)
                  80355f80    00000080     stk6_ppp_pppoe.ae66 : tcpprot.oe66 (.text:TcpPrListen)
                  80356000    00000080                         : timer.oe66 (.text:TimerHSTick)
                  80356080    00000080                         : timer.oe66 (.text:TimerListRemove)
                  80356100    00000080     nettool.ae66 : config.oe66 (.text:_CfgAcquire)
                  80356180    00000080     stk6_ppp_pppoe.ae66 : lli.oe66 (.text:_LLIExpListRemove)
                  80356200    00000080                         : rtc.oe66 (.text:_RTCSendRtAdv)
                  80356280    00000080                         : rtable.oe66 (.text:_RtExpListRemove)
                  80356300    00000080     rts6600_elf_mt.lib : _mutex.obj (.text:__TI_resource_lock)
                  80356380    00000080                        : llshift.obj (.text:__c6xabi_llshl)
                  80356400    00000080     sysbios.ae66 : c62_TaskSupport_asm.obj (.text:_ti_sysbios_family_c62_TaskSupport_swap__E)
                  80356480    00000080     ti.drv.cppi.ae66 : cppi_heap.oe66 (.text:cppi_internal_heap_cache_begin)
                  80356500    00000080                      : cppi_listlib.oe66 (.text:cppi_list_remove)
                  80356580    00000080     nettool.ae66 : dhcpsock.oe66 (.text:dhcpSocketClose)
                  80356600    00000080     os.ae66 : efs.oe66 (.text:efs_fclose)
                  80356680    00000080             : efs.oe66 (.text:efs_findfile)
                  80356700    00000080     stk6_ppp_pppoe.ae66 : file.oe66 (.text:fdint_waitevent)
                  80356780    00000080     nettool.ae66 : httpsend.oe66 (.text:httpSendEntityLength)
                  80356800    00000080                  : httpsend.oe66 (.text:httpSendErrorResponse)
                  80356880    00000080     hal_timer_bios.ae66 : lltimer.oe66 (.text:llTimerGetTime)
                  80356900    00000080     Disparity_pe66.oe66 (.text:malloc)
                  80356980    00000080     rts6600_elf_mt.lib : _mutex.obj (.text:mutex_lock)
                  80356a00    00000080     ti.drv.pa.ae66 : pa.oe66 (.text:pa_uint8_match)
                  80356a80    00000080     rts6600_elf_mt.lib : _pthread.obj (.text:pthread_mutex_init)
                  80356b00    00000080                        : trgmsg.obj (.text:readmsg)
                  80356b80    00000080     nettool.ae66 : httpsend.oe66 (.text:strcat)
                  80356c00    00000080     rts6600_elf_mt.lib : strncpy.obj (.text:strncpy)
                  80356c80    00000080     ti.drv.pa.ae66 : pa.oe66 (.text:swizFcmd)
                  80356d00    00000080     ti.platform.evm6678l.ae66 : evm66x_i2c.obj (.text)
                  80356d80    00000080     sysbios.ae66 : BIOS.obj (.text:ti_sysbios_BIOS_registerRTSLock__I)
                  80356e00    00000080     Disparity_pe66.oe66 (.text:ti_sysbios_gates_GateHwi_Object__create__S)
                  80356e80    00000080     Disparity_pe66.oe66 (.text:ti_sysbios_gates_GateMutex_Object__create__S)
                  80356f00    00000080     sysbios.ae66 : BIOS.obj (.text:ti_sysbios_hal_Hwi_checkStack:ti_sysbios_hal_Hwi_checkStack)
                  80356f80    00000080                  : BIOS.obj (.text:ti_sysbios_hal_Hwi_initStack:ti_sysbios_hal_Hwi_initStack)
                  80357000    00000080     Disparity_pe66.oe66 (.text:ti_sysbios_heaps_HeapMem_Object__create__S)
                  80357080    00000080     sysbios.ae66 : BIOS.obj (.text:ti_sysbios_knl_Clock_Module_startup__F)
                  80357100    00000080     Disparity_pe66.oe66 (.text:ti_sysbios_knl_Clock_Object__create__S)
                  80357180    00000080     sysbios.ae66 : BIOS.obj (.text:ti_sysbios_knl_Clock_getTicks__E)
                  80357200    00000080     Disparity_pe66.oe66 (.text:ti_sysbios_knl_Queue_Object__create__S)
                  80357280    00000080     Disparity_pe66.oe66 (.text:ti_sysbios_knl_Semaphore_Object__create__S)
                  80357300    00000080     sysbios.ae66 : BIOS.obj (.text:ti_sysbios_knl_Swi_startup__E)
                  80357380    00000080                  : BIOS.obj (.text:ti_sysbios_knl_Task_restore__E)
                  80357400    00000080                  : BIOS.obj (.text:ti_sysbios_timers_timer64_Timer_getCount__E)
                  80357480    00000080                  : BIOS.obj (.text:ti_sysbios_timers_timer64_Timer_getPeriod__E)
                  80357500    00000080     rts6600_elf_mt.lib : trgmsg.obj (.text:writemsg)
                  80357580    00000080     ti.targets.rts6000.ae66 : Core-label.oe66 (.text:xdc_runtime_Core_assignLabel__I)
                  80357600    00000080                             : Core-params.oe66 (.text:xdc_runtime_Core_assignParams__I)
                  80357680    00000080                             : LoggerBuf.oe66 (.text:xdc_runtime_LoggerBuf_filterOutEvent__I)
                  80357700    00000080                             : System.oe66 (.text:xdc_runtime_System_atexit__F)
                  80357780    00000080                             : System.oe66 (.text:xdc_runtime_System_putchar__I)
                  80357800    00000080                             : System.oe66 (.text:xdc_runtime_System_rtsExit__I)
                  80357880    00000080                             : Text.oe66 (.text:xdc_runtime_Text_printVisFxn__I)
                  80357900    00000060     stk6_ppp_pppoe.ae66 : bind6.oe66 (.text:Bind6FindByIF)
                  80357960    00000060                         : bind6.oe66 (.text:Bind6IF2IPHost)
                  803579c0    00000060                         : bind.oe66 (.text:BindFindByHost)
                  80357a20    00000060                         : bind.oe66 (.text:BindFindByIF)
                  80357a80    00000060                         : bind.oe66 (.text:BindFindByNet)
                  80357ae0    00000060                         : bind.oe66 (.text:BindGetIFByDBCast)
                  80357b40    00000060                         : bind.oe66 (.text:BindIF2IPHost)
                  80357ba0    00000060     nettool.ae66 : config.oe66 (.text:CfgEntryInfo)
                  80357c00    00000060                  : config.oe66 (.text:CfgSetService)
                  80357c60    00000060     stk6_ppp_pppoe.ae66 : md5.oe66 (.text:Encode)
                  80357cc0    00000060                         : exec.oe66 (.text:ExecBroadcast)
                  80357d20    00000060                         : igmp.oe66 (.text:IGMPTestGroup)
                  80357d80    00000060                         : ip.oe66 (.text:IPChecksum)
                  80357de0    00000060                         : lli.oe66 (.text:LLIFree)
                  80357e40    00000060     netctrl.ae66 : netctrl.oe66 (.text:NC_SystemClose)
                  80357ea0    00000060     stk6_ppp_pppoe.ae66 : nimu.oe66 (.text:NIMUAddHeader)
                  80357f00    00000060                         : nimu.oe66 (.text:NIMUCreatePacket)
                  80357f60    00000060                         : nimu.oe66 (.text:NIMUFindByIndex)
                  80357fc0    00000060                         : nimu.oe66 (.text:NIMUPacketService)
                  80358020    00000060                         : nimu.oe66 (.text:NIMUPacketServiceCheck)
                  80358080    00000060                         : nimu.oe66 (.text:NIMUSendPacket)
                  803580e0    00000060     netctrl.ae66 : netsrv.oe66 (.text:NS_PreBoot)
                  80358140    00000060     stk6_ppp_pppoe.ae66 : node.oe66 (.text:NodeGetRt)
                  803581a0    00000060                         : nimuppp.oe66 (.text:PPPStart)
                  80358200    00000060                         : rtc.oe66 (.text:RTCAddHook)
                  80358260    00000060                         : rtc.oe66 (.text:RTCRemoveHook)
                  803582c0    00000060                         : rawethsock_pcb.oe66 (.text:RawEthSockPcbCleanup)
                  80358320    00000060                         : rawethsock_pcb.oe66 (.text:RawEthSockPcbFind)
                  80358380    00000060                         : route6.oe66 (.text:Rt6GetNetworkAddr)
                  803583e0    00000060                         : rtable.oe66 (.text:RtWalkEnd)
                  80358440    00000060     netctrl.ae66 : netsrv.oe66 (.text:ServiceCallback)
                  803584a0    00000060     stk6_ppp_pppoe.ae66 : sock6pcb.oe66 (.text:Sock6PcbDetach)
                  80358500    00000060                         : sock6prot.oe66 (.text:Sock6PrCtlError)
                  80358560    00000060                         : sock6prot.oe66 (.text:Sock6PrDetach)
                  803585c0    00000060                         : sockprot.oe66 (.text:SockPrCtlError)
                  80358620    00000060                         : sockprot.oe66 (.text:SockPrDetach)
                  80358680    00000060                         : tcp6prot.oe66 (.text:TCP6PrConnect)
                  803586e0    00000060                         : tcp6time.oe66 (.text:TCP6SetPersist)
                  80358740    00000060                         : tcp6time.oe66 (.text:TCP6TimeoutPersist)
                  803587a0    00000060                         : tcpprot.oe66 (.text:TcpPrConnect)
                  80358800    00000060                         : tcptime.oe66 (.text:TcpSetPersist)
                  80358860    00000060                         : tcptime.oe66 (.text:TcpTimeoutPersist)
                  803588c0    00000060                         : vlan.oe66 (.text:VLANFindNode)
                  80358920    00000060                         : vlan.oe66 (.text:VLANFindSourceInterface)
                  80358980    00000060                         : vlan.oe66 (.text:VLANInit)
                  803589e0    00000060     nettool.ae66 : config.oe66 (.text:_CfgEntryProcess)
                  80358a40    00000060     rts6600_elf_mt.lib : frcmpyd_div.obj (.text:__c6xabi_frcmpyd_div)
                  80358aa0    00000060                        : llshift.obj (.text:__c6xabi_llshru)
                  80358b00    00000060                        : imath64.obj (.text:_subcull)
                  80358b60    00000060     ti.drv.cppi.ae66 : cppi_listlib.oe66 (.text:cppi_list_add)
                  80358bc0    00000060                      : cppi_listlib.oe66 (.text:cppi_list_cache_invalidate)
                  80358c20    00000060     rts6600_elf_mt.lib : _mutex.obj (.text:create_resource_mutexes)
                  80358c80    00000060                        : _mutex.obj (.text:destroy_resource_mutexes)
                  80358ce0    00000060     nettool.ae66 : dhcpbild.oe66 (.text:dhcpBuildDiscover)
                  80358d40    00000060                  : dhcpsock.oe66 (.text:dhcpPacketReceive)
                  80358da0    00000060                  : dhcpsock.oe66 (.text:dhcpPacketSend)
                  80358e00    00000060     stk6_ppp_pppoe.ae66 : fileuser.oe66 (.text:fdSelectAbort)
                  80358e60    00000060                         : file.oe66 (.text:fdint_clearevent)
                  80358ec0    00000060                         : file.oe66 (.text:fdint_getfdt)
                  80358f20    00000060                         : file.oe66 (.text:fdint_setevent)
                  80358f80    00000060                         : fileuser.oe66 (.text:fdsetTestEntry)
                  80358fe0    00000060     nettool.ae66 : httpsend.oe66 (.text:httpSendClientStr)
                  80359040    00000060     stk6_ppp_pppoe.ae66 : ipcp.oe66 (.text:ipcpInit)
                  803590a0    00000060                         : ipcp.oe66 (.text:ipcpStart)
                  80359100    00000060                         : lcp.oe66 (.text:lcpClose)
                  80359160    00000060                         : listlib.oe66 (.text:list_cat)
                  803591c0    00000060                         : listlib.oe66 (.text:list_remove_node)
                  80359220    00000060     rts6600_elf_mt.lib : memccpy.obj (.text:memccpy)
                  80359280    00000060     os.ae66 : mem.oe66 (.text:mmUnInitPage)
                  803592e0    00000060     ti.drv.pa.ae66 : painit.oe66 (.text:pa_init_global_cfg)
                  80359340    00000060                    : pa.oe66 (.text:pa_uint8_zero)
                  803593a0    00000060     stk6_ppp_pppoe.ae66 : nimupppoe.oe66 (.text:pppoeInput)
                  80359400    00000060     rts6600_elf_mt.lib : _pthread.obj (.text:pthread_mutex_destroy)
                  80359460    00000060                        : strcpy.obj (.text:strcpy)
                  803594c0    00000060     Disparity_pe66.oe66 (.text:ti_ndk_config_Global_stackThread)
                  80359520    00000060     Disparity_pe66.oe66 (.text:ti_sysbios_BIOS_exitFunc__I)
                  80359580    00000060     sysbios.ae66 : BIOS.obj (.text:ti_sysbios_BIOS_rtsLock__I)
[...]
8035d500   xdc_runtime_Timestamp_SupportProxy_get32__E
8035d500   xdc_runtime_Timestamp_get32__F
8035d520   xdc_runtime_Timestamp_SupportProxy_getFreq__E
8035d520   xdc_runtime_Timestamp_getFreq__F
8035d540   xdc_runtime_Timestamp_get32__E
8035d560   xdc_runtime_Timestamp_getFreq__E
8035d580   ti_ndk_config_Global_pit
8035d740   ti_ndk_config_Global_pitBuffer
80369740   ti_sysbios_knl_Task_Instance_State_0_hookEnv__A
80369748   ti_sysbios_knl_Task_Instance_State_1_hookEnv__A
80369750   ti_sysbios_knl_Task_Instance_State_2_hookEnv__A
80369758   xdc_runtime_LoggerBuf_Instance_State_0_entryArr__A
8036a710   _tmpnams
8036a850   qmssLObj
8036ab58   IPV6_LINKLOCALMASK
8036ab68   IPV6_MULTICASTMASK
8036ab78   IPV6_UNSPECIFIED_ADDRESS
8036ab88   IPV6_LOOPBACK_ADDRESS
8036ab98   IPV6_HOST_MASK
8036aba8   IPV6_ALL_NODES_ADDRESS
8036abb8   IPV6_ALL_ROUTER_ADDRESS
8036abc8   ipv6mcb
8036ac20   tcps
8036acd8   tpseudo
8036ace4   tcp6_stats
8036ad9c   raweth_pcb
8036ada0   _ICMPIn
8036adf0   _ICMPOut
8036ae3c   gPlatformInfo
8036aed0   BlockMax
8036aef0   BlockCount
8036af10   PageMax
8036af30   PageCount
8036af4c   ips
8036afb4   nimu_mcb
8036b018   gI2cBlock
8036b05c   udps
8036b080   upseudo
8036b08c   __errno
8036b08c   errno
8036b090   nimuGlobalConfigParams
8036b0a0   coreKey
8036b0c0   vlan_mcb
8036b0e8   udp6_stats
8036b110   gCppiCfg
8036b130   icmp6stats
8036b164   stkEvent
8036b174   raws
8036b184   raw6_stats
8036b194   raweths
8036b1a4   PBMQ_free
8036b1b0   c1
8036cf78   m
8036e828   xdc_runtime_Text_charTab__A
8036fe20   c2
80371e08   acc48_le
80372438   ti_sysbios_family_c66_Cache_marvalues__C
803737ca   ti_sysbios_BIOS_Module__id__C
803737cc   ti_sysbios_BIOS_Module__diagsEnabled__C
803737d0   _ctypes_
803738d2   ti_sysbios_family_c64p_EventCombiner_Module__id__C
803738d4   ti_sysbios_BIOS_Module__diagsIncluded__C
803738d8   xdc_runtime_Text_nodeTab__A
8037411e   ti_sysbios_family_c64p_Exception_Module__id__C
80374244   ti_sysbios_BIOS_Module__diagsMask__C
80374248   pap_pdsp_const_reg_map
8037440a   ti_sysbios_family_c64p_Exception_enableExternalMPC__C
80374520   Code2Err
80374712   ti_sysbios_family_c64p_Exception_enablePrint__C
80374714   ti_sysbios_knl_Task_Object__PARAMS__C
80374750   xdc_runtime_LoggerBuf_Module__FXNS__C
8037478c   ti_sysbios_BIOS_installedErrorHook__C
80374790   xdc_runtime_Startup_sfxnTab__A
80374862   ti_sysbios_family_c64p_Exception_useInternalBuffer__C
80374864   ti_sysbios_family_c62_TaskSupport_stackAlignment__C
80374868   ti_sysbios_knl_Task_hooks__A
8037491c   ti_sysbios_heaps_HeapMem_Module__FXNS__C
80374944   xdc_runtime_LoggerBuf_Object__PARAMS__C
80374994   ti_sysbios_gates_GateHwi_Module__FXNS__C
803749b8   ti_sysbios_gates_GateMutex_Module__FXNS__C
803749dc   ti_sysbios_heaps_HeapMem_Object__PARAMS__C
80374a00   ti_sysbios_knl_Clock_Object__PARAMS__C
80374a24   ti_sysbios_knl_Semaphore_Object__PARAMS__C
80374a6c   ti_sysbios_gates_GateHwi_Object__DESC__C
80374a8c   ti_sysbios_gates_GateMutex_Object__DESC__C
80374aac   ti_sysbios_heaps_HeapMem_Object__DESC__C
80374acc   ti_sysbios_knl_Clock_Object__DESC__C
80374aec   ti_sysbios_knl_Queue_Object__DESC__C
80374b0c   ti_sysbios_knl_Semaphore_Object__DESC__C
80374b2c   ti_sysbios_knl_Task_Object__DESC__C
80374b4c   xdc_runtime_LoggerBuf_Object__DESC__C
80374b6c   ti_sysbios_family_c64p_EventCombiner_E_unpluggedEvent__C
80374bca   ti_sysbios_family_c64p_Hwi_Module__id__C
80374bcc   ti_sysbios_family_c64p_Exception_E_exceptionMax__C
80374bd0   xdc_runtime_Startup_sfxnRts__A
80374bec   ti_sysbios_family_c64p_Exception_E_exceptionMin__C
80374c50   ti_sysbios_gates_GateHwi_Object__PARAMS__C
80374c68   ti_sysbios_gates_GateMutex_Object__PARAMS__C
80374c80   ti_sysbios_knl_Queue_Object__PARAMS__C
80374cfa   ti_sysbios_family_c64p_Hwi_Module__loggerDefined__C
80374cfc   ti_sysbios_family_c64p_Exception_exceptionHook__C
80374d12   ti_sysbios_gates_GateMutex_Module__id__C
80374d14   ti_sysbios_family_c64p_Exception_externalHook__C
80374d18   paMemAligns
80374d28   ti_sysbios_family_c64p_EventCombiner_EVTMASK__C
80374d52   ti_sysbios_hal_Hwi_Module__id__C
80374d54   ti_sysbios_family_c66_Cache_initSize__C
80374d6c   ti_sysbios_family_c64p_Exception_internalHook__C
80374d7a   ti_sysbios_heaps_HeapMem_Module__id__C
80374d7c   ti_sysbios_family_c64p_Exception_nmiHook__C
80374d8a   ti_sysbios_knl_Clock_Module__id__C
80374d8c   ti_sysbios_family_c64p_Hwi_LD_end__C
80374da8   ti_sysbios_knl_Idle_coreList__A
80374db0   ti_sysbios_knl_Idle_coreList__C
80374db8   ti_sysbios_knl_Idle_funcList__A
80374dc0   ti_sysbios_knl_Idle_funcList__C
80374dc8   ti_sysbios_knl_Task_hooks__C
80374dd0   xdc_runtime_Startup_firstFxns__A
80374dd8   xdc_runtime_Startup_firstFxns__C
80374de0   xdc_runtime_Startup_lastFxns__A
80374de8   xdc_runtime_Startup_lastFxns__C
80374df6   ti_sysbios_knl_Clock_Module__loggerDefined__C
80374dfe   ti_sysbios_knl_Semaphore_Module__id__C
80374e06   ti_sysbios_knl_Semaphore_Module__loggerDefined__C
80374e08   ti_sysbios_family_c64p_Hwi_LM_begin__C
80374e0c   ti_sysbios_family_c64p_Hwi_Module__diagsEnabled__C
80374e10   ti_sysbios_family_c64p_Hwi_Module__diagsIncluded__C
80374e14   ti_sysbios_family_c64p_Hwi_Module__diagsMask__C
80374e18   ti_sysbios_family_c64p_Hwi_Module__loggerFxn1__C
80374e1c   ti_sysbios_family_c64p_Hwi_Module__loggerFxn8__C
80374e20   ti_sysbios_family_c64p_Hwi_Module__loggerObj__C
80374e24   ti_sysbios_family_c66_Cache_atomicBlockSize__C
80374e28   ti_sysbios_gates_GateMutex_A_badContext__C
80374e2c   ti_sysbios_gates_GateMutex_Instance_State_sem__O
80374e30   ti_sysbios_gates_GateMutex_Module__diagsEnabled__C
80374e34   ti_sysbios_gates_GateMutex_Module__diagsIncluded__C
80374e38   ti_sysbios_gates_GateMutex_Module__diagsMask__C
80374e3c   ti_sysbios_hal_Hwi_E_stackOverflow__C
80374e40   ti_sysbios_heaps_HeapBuf_Instance_State_freeList__O
80374e44   ti_sysbios_heaps_HeapBuf_Object__count__C
80374e48   ti_sysbios_heaps_HeapBuf_Object__table__C
80374e4c   ti_sysbios_heaps_HeapBuf_numConstructedHeaps__C
80374e50   ti_sysbios_heaps_HeapMem_A_align__C
80374e54   ti_sysbios_heaps_HeapMem_A_heapSize__C
80374e58   ti_sysbios_heaps_HeapMem_A_invalidFree__C
80374e5c   ti_sysbios_heaps_HeapMem_A_zeroBlock__C
80374e60   ti_sysbios_heaps_HeapMem_E_memory__C
80374e64   ti_sysbios_heaps_HeapMem_Module__diagsEnabled__C
80374e68   ti_sysbios_heaps_HeapMem_Module__diagsIncluded__C
80374e6c   ti_sysbios_heaps_HeapMem_Module__diagsMask__C
80374e70   ti_sysbios_heaps_HeapMem_Module__gateObj__C
80374e74   ti_sysbios_heaps_HeapMem_Object__count__C
80374e78   ti_sysbios_heaps_HeapMem_Object__table__C
80374e7c   ti_sysbios_heaps_HeapMem_reqAlign__C
80374e80   ti_sysbios_knl_Clock_A_badThreadType__C
80374e84   ti_sysbios_knl_Clock_LM_begin__C
80374e88   ti_sysbios_knl_Clock_LM_tick__C
80374e8c   ti_sysbios_knl_Clock_LW_delayed__C
80374e90   ti_sysbios_knl_Clock_Module_State_clockQ__O
80374e94   ti_sysbios_knl_Clock_Module__diagsEnabled__C
80374e98   ti_sysbios_knl_Clock_Module__diagsIncluded__C
80374e9c   ti_sysbios_knl_Clock_Module__diagsMask__C
80374ea0   ti_sysbios_knl_Clock_Module__loggerFxn1__C
80374ea4   ti_sysbios_knl_Clock_Module__loggerFxn2__C
80374ea8   ti_sysbios_knl_Clock_Module__loggerObj__C
80374eac   ti_sysbios_knl_Clock_tickMode__C
80374eb0   ti_sysbios_knl_Clock_tickSource__C
80374eb4   ti_sysbios_knl_Queue_Object__count__C
80374eb8   ti_sysbios_knl_Queue_Object__table__C
80374ebc   ti_sysbios_knl_Semaphore_A_badContext__C
80374ec0   ti_sysbios_knl_Semaphore_A_noEvents__C
80374ec4   ti_sysbios_knl_Semaphore_A_overflow__C
80374ec8   ti_sysbios_knl_Semaphore_A_pendTaskDisabled__C
80374ecc   ti_sysbios_knl_Semaphore_Instance_State_pendQ__O
80374ed0   ti_sysbios_knl_Semaphore_LM_pend__C
80374ed4   ti_sysbios_knl_Semaphore_LM_post__C
80374ed8   ti_sysbios_knl_Semaphore_Module__diagsEnabled__C
80374edc   ti_sysbios_knl_Semaphore_Module__diagsIncluded__C
80374ee0   ti_sysbios_knl_Semaphore_Module__diagsMask__C
80374ee4   ti_sysbios_knl_Semaphore_Module__loggerFxn2__C
80374ee8   ti_sysbios_knl_Semaphore_Module__loggerFxn4__C
80374eec   ti_sysbios_knl_Semaphore_Module__loggerObj__C
80374ef0   ti_sysbios_knl_Swi_LD_end__C
80374ef4   ti_sysbios_knl_Swi_LM_begin__C
80374ef8   ti_sysbios_knl_Swi_LM_post__C
80374efc   ti_sysbios_knl_Swi_Module__diagsEnabled__C
80374f00   ti_sysbios_knl_Swi_Module__diagsIncluded__C
80374f04   ti_sysbios_knl_Swi_Module__diagsMask__C
80374f08   ti_sysbios_knl_Swi_Module__loggerFxn1__C
80374f0c   ti_sysbios_knl_Swi_Module__loggerFxn4__C
80374f10   ti_sysbios_knl_Swi_Module__loggerObj__C
80374f14   ti_sysbios_knl_Swi_Object__count__C
80374f18   ti_sysbios_knl_Swi_Object__table__C
80374f1c   ti_sysbios_knl_Task_A_badPriority__C
80374f20   ti_sysbios_knl_Task_A_badTaskState__C
80374f24   ti_sysbios_knl_Task_A_badThreadType__C
80374f28   ti_sysbios_knl_Task_A_badTimeout__C
80374f2c   ti_sysbios_knl_Task_A_noPendElem__C
80374f30   ti_sysbios_knl_Task_A_sleepTaskDisabled__C
80374f34   ti_sysbios_knl_Task_E_deleteNotAllowed__C
80374f38   ti_sysbios_knl_Task_E_spOutOfBounds__C
80374f3c   ti_sysbios_knl_Task_E_stackOverflow__C
80374f40   ti_sysbios_knl_Task_LD_block__C
80374f44   ti_sysbios_knl_Task_LD_exit__C
80374f48   ti_sysbios_knl_Task_LD_ready__C
80374f4c   ti_sysbios_knl_Task_LM_setPri__C
80374f50   ti_sysbios_knl_Task_LM_sleep__C
80374f54   ti_sysbios_knl_Task_LM_switch__C
80374f58   ti_sysbios_knl_Task_Module_State_inactiveQ__O
80374f5c   ti_sysbios_knl_Task_Module_State_terminatedQ__O
80374f60   ti_sysbios_knl_Task_Module__diagsEnabled__C
80374f64   ti_sysbios_knl_Task_Module__diagsIncluded__C
80374f68   ti_sysbios_knl_Task_Module__diagsMask__C
80374f6c   ti_sysbios_knl_Task_Module__loggerFxn2__C
80374f70   ti_sysbios_knl_Task_Module__loggerFxn4__C
80374f74   ti_sysbios_knl_Task_Module__loggerObj__C
80374f78   ti_sysbios_knl_Task_Object__count__C
80374f7c   ti_sysbios_knl_Task_Object__heap__C
80374f80   ti_sysbios_knl_Task_Object__table__C
80374f84   ti_sysbios_knl_Task_allBlockedFunc__C
80374f88   ti_sysbios_knl_Task_defaultStackHeap__C
80374f8c   ti_sysbios_knl_Task_defaultStackSize__C
80374f90   ti_sysbios_knl_Task_numConstructedTasks__C
80374f94   ti_sysbios_knl_Task_numPriorities__C
80374f98   ti_sysbios_timers_timer64_Timer_A_notAvailable__C
80374f9c   ti_sysbios_timers_timer64_Timer_E_cannotSupport__C
80374fa0   ti_sysbios_timers_timer64_Timer_Module__diagsEnabled__C
80374fa4   ti_sysbios_timers_timer64_Timer_Module__diagsIncluded__C
80374fa8   ti_sysbios_timers_timer64_Timer_Module__diagsMask__C
80374fac   ti_sysbios_timers_timer64_Timer_anyMask__C
80374fb0   ti_sysbios_timers_timer64_Timer_freqDivisor__C
80374fb4   ti_sysbios_timers_timer64_Timer_numLocalTimers__C
80374fb8   ti_sysbios_timers_timer64_Timer_numTimerDevices__C
80374fbc   xdc_runtime_Assert_E_assertFailed__C
80374fc0   xdc_runtime_Core_A_initializedParams__C
80374fc4   xdc_runtime_Core_Module__diagsEnabled__C
80374fc8   xdc_runtime_Core_Module__diagsIncluded__C
80374fcc   xdc_runtime_Core_Module__diagsMask__C
80374fd0   xdc_runtime_Error_E_memory__C
80374fd4   xdc_runtime_Error_Module__diagsEnabled__C
80374fd8   xdc_runtime_Error_Module__diagsIncluded__C
80374fdc   xdc_runtime_Error_Module__diagsMask__C
80374fe0   xdc_runtime_Error_Module__loggerFxn8__C
80374fe4   xdc_runtime_Error_Module__loggerObj__C
80374fe8   xdc_runtime_Error_policy__C
80374fec   xdc_runtime_Error_raiseHook__C
80374ff0   xdc_runtime_IFilterLogger_Interface__BASE__C
80374ff4   xdc_runtime_IGateProvider_Interface__BASE__C
80374ff8   xdc_runtime_IHeap_Interface__BASE__C
80374ffc   xdc_runtime_ILogger_Interface__BASE__C
80375000   xdc_runtime_IModule_Interface__BASE__C
80375004   xdc_runtime_Log_L_error__C
80375008   xdc_runtime_LoggerBuf_E_badLevel__C
8037500c   xdc_runtime_LoggerBuf_Module__gateObj__C
80375010   xdc_runtime_LoggerBuf_Object__count__C
80375014   xdc_runtime_LoggerBuf_Object__table__C
80375018   xdc_runtime_LoggerBuf_statusLogger__C
8037501c   xdc_runtime_Memory_defaultHeapInstance__C
80375020   xdc_runtime_Startup_execImpl__C
80375024   xdc_runtime_Startup_maxPasses__C
80375028   xdc_runtime_Startup_sfxnRts__C
8037502c   xdc_runtime_Startup_sfxnTab__C
80375030   xdc_runtime_Startup_startModsFxn__C
80375034   xdc_runtime_System_Module__gateObj__C
80375038   xdc_runtime_System_extendFxn__C
8037503c   xdc_runtime_System_maxAtexitHandlers__C
80375040   xdc_runtime_Text_charTab__C
80375044   xdc_runtime_Text_nameEmpty__C
80375048   xdc_runtime_Text_nameStatic__C
8037504c   xdc_runtime_Text_nameUnknown__C
80375050   xdc_runtime_Text_nodeTab__C
80375054   xdc_runtime_Text_visitRopeFxn__C
80375058   ti_sysbios_knl_Swi_Module__id__C
8037505a   ti_sysbios_knl_Swi_Module__loggerDefined__C
8037505c   ti_sysbios_knl_Task_Module__id__C
8037505e   ti_sysbios_knl_Task_Module__loggerDefined__C
80375060   ti_sysbios_knl_Task_deleteTerminatedTasks__C
80375062   ti_sysbios_knl_Task_initStackFlag__C
80375064   ti_sysbios_timers_timer64_Timer_Module__id__C
80375066   ti_sysbios_timers_timer64_Timer_startupNeeded__C
80375068   xdc_runtime_Core_Module__id__C
8037506a   xdc_runtime_Error_Module__loggerDefined__C
8037506c   xdc_runtime_Error_maxDepth__C
8037506e   xdc_runtime_LoggerBuf_Module__id__C
80375070   xdc_runtime_LoggerBuf_filterByLevel__C
80375072   xdc_runtime_Memory_Module__id__C
80375074   xdc_runtime_Text_charCnt__C
80375076   xdc_runtime_Text_isLoaded__C
80375078   xdc_runtime_Text_registryModsLastId__C
8037507a   xdc_runtime_Text_unnamedModsLastId__C
80375080   queueFree
80377080   qmssGObj
80377480   ti_sysbios_BIOS_Module__state__V
803774a0   ti_sysbios_family_c64p_EventCombiner_Module__state__V
803778a0   ti_sysbios_family_c64p_Exception_Module__state__V
803778d0   ti_sysbios_family_c64p_Hwi_Module__root__V
803778d8   ti_sysbios_family_c64p_Hwi_Module__state__V
80377940   ti_sysbios_gates_GateHwi_Module__root__V
80377948   ti_sysbios_gates_GateMutex_Module__root__V
80377950   ti_sysbios_hal_Hwi_Module__root__V
80377958   ti_sysbios_hal_Timer_Module__root__V
80377960   ti_sysbios_heaps_HeapBuf_Module__root__V
80377968   ti_sysbios_heaps_HeapBuf_Module__state__V
8037796c   ti_sysbios_heaps_HeapMem_Module__root__V
80377974   ti_sysbios_knl_Clock_Module__root__V
8037797c   ti_sysbios_knl_Clock_Module__state__V
803779a4   ti_sysbios_knl_Queue_Module__root__V
803779ac   ti_sysbios_knl_Semaphore_Module__root__V
803779b4   ti_sysbios_knl_Swi_Module__root__V
803779bc   ti_sysbios_knl_Swi_Module__state__V
803779d8   ti_sysbios_knl_Task_Module__root__V
803779e0   ti_sysbios_knl_Task_Module__state__V
80377a24   ti_sysbios_timers_timer64_Timer_Module__root__V
80377a2c   ti_sysbios_timers_timer64_Timer_Module__state__V
80377a40   xdc_runtime_Error_Module__state__V
80377a44   xdc_runtime_LoggerBuf_Module__root__V
80377a4c   xdc_runtime_LoggerBuf_Module__state__V
80377a54   xdc_runtime_Memory_Module__state__V
80377a58   xdc_runtime_Registry_Module__state__V
80377a60   xdc_runtime_Startup_Module__state__V
80377a68   xdc_runtime_System_Module__state__V
80377a74   xdc_runtime_Text_Module__state__V
80377a7c   __xdc__init__addr
80377a80   _ftable
80377c60   ti_sysbios_timers_timer64_Timer_Module_State_0_device__A
80377de0   qmssGblCfgParams
80377f00   ti_sysbios_knl_Task_Object__table__V
80377fa0   TSK_idle
80377ff0   _ipcfg
803780a4   _ft_end
80378148   ti_sysbios_knl_Swi_Module_State_0_readyQ__A
803781c8   ti_sysbios_knl_Task_Module_State_0_readyQ__A
80378248   ti_sysbios_timers_timer64_Timer_Module_State_0_gctrl__A
803782c8   ti_sysbios_timers_timer64_Timer_Module_State_0_handles__A
80378348   ti_sysbios_timers_timer64_Timer_Module_State_0_intFreqs__A
80378440   cppiGblCfgParams
803784b8   ti_sysbios_family_c64p_Hwi_Object__table__V
803785d0   ti_sysbios_timers_timer64_Timer_Object__table__V
80378720   ti_sysbios_gates_GateMutex_Object__table__V
803787d4   cppiLObj
803787d8   ti_sysbios_knl_Swi_Object__table__V
80378808   _oscfg
8037882c   paLObj
80378830   xdc_runtime_LoggerBuf_Object__table__V
80378858   Qmss_highEoiVector
80378878   NIMUDeviceTable
80378880   pstrMsgName
803788a0   xdc_runtime_System_Module_State_0_atexitHandlers__A
803788c0   ti_ndk_config_Global_Id2Size
80378910   ti_sysbios_heaps_HeapMem_Object__table__V
80378954   _lock
80378958   _unlock
80378998   Qmss_lowEoiVector
803789a8   _delete_mutexes_ptr
803789ac   _cleanup_ptr
803789b0   _dtors_ptr
803789b4   __TI_enable_exit_profile_output
803789b8   ti_sysbios_hal_Hwi_Object__table__V
803789e0   ti_sysbios_hal_Timer_Object__table__V
803789e8   ti_sysbios_gates_GateHwi_Object__table__V
803789f8   ti_sysbios_knl_Task_Module_State_0_idleTask__A
80378a08   Qmss_cdmaEoiVector
80378a68   gDeviceNandBBlist
80379c94   gDeviceNand
80379ccc   gDeviceNor
80379d04   gDeviceEeprom0
80379d3c   gDeviceEeprom1
80379d78   emac_port_mode
8037a12c   __TI_STATIC_BASE
8037a144   g_winx
8037a148   g_winy
8037a14c   g_max_disp
8037a150   g_width
8037a154   g_height
8037a158   _IGMPInDiscard
8037a15c   _IGMPInQuery
8037a160   _IGMPInQueryGroup
8037a164   _IGMPInResponse
8037a168   _IGMPOutResponse
8037a16c   gTxCmdReturnQHnd
8037a170   gTxCmdFreeQHnd
8037a174   ethSemHandle
8037a1ac   CONTENT_TYPE_APPLET
8037a1b0   CONTENT_TYPE_AU
8037a1b4   CONTENT_TYPE_CSS
8037a1b8   CONTENT_TYPE_DOC
8037a1bc   CONTENT_TYPE_GIF
8037a1c0   CONTENT_TYPE_HTML
8037a1c4   CONTENT_TYPE_JPG
8037a1c8   CONTENT_TYPE_MPEG
8037a1cc   CONTENT_TYPE_PDF
8037a1d0   CONTENT_TYPE_WAV
8037a1d4   CONTENT_TYPE_ZIP
8037a1d8   CONTENT_TYPE
8037a1dc   CONTENT_LENGTH
8037a1e0   CRLF
8037a1e4   DEFAULT_NAME
8037a1e8   HTTP_VER
8037a1ec   SPACE
8037a1f0   PITCount
8037a1f4   PITUsed
8037a1f8   PITHigh
8037a214   VerStr
8037a218   HostName
8037a21c   LocalIPAddr
8037a220   LocalIPMask
8037a224   GatewayIP
8037a228   DomainName
8037a22c   DNSServer
8037a2a0   _IGMPForceVersion1
8037a2bc   _ICMPInErrors
8037a2c0   _ICMPOutErrors
8037a2c4   _IPExecuting
8037a2d4   gFragQList
8037a2f4   tcp_iss
8037a2f8   ptTimeFirst
8037a2fc   pt6TimeFirst
8037a300   tcp6_iss
8037a30c   platform_errno
8037a310   platform_init_return_code
8037a314   g_transmissionError
8037a324   httpErrorResponseHook
8037a330   _IPReasmPtr
8037a338   gMLDNodeList
8037a350   qmssLObjIsValid
8037a354   IPV6_MAX_MULTICAST_SOLICIT
8037a358   IPV6_MAX_UNICAST_SOLICIT
8037a35c   IPV6_RETRANS_TIME
8037a360   IPV6_DELAY_FIRST_PROBE_TIME
8037a364   IPV6_REACHABLE_TIME
8037a368   IPV6_MAX_RTR_SOLICITATION_DELAY
8037a36c   IPV6_RTR_SOLICITATION_INTERVAL
8037a370   IPV6_MAX_RTR_SOLICITATIONS
8037a374   INFINITE_LT
8037a378   ti_ndk_config_Global_rawPageSize
8037a37c   ti_ndk_config_Global_rawPageCount
8037a380   ti_ndk_config_Global_smallest
8037a384   ti_ndk_config_Global_largest
8037a388   ti_ndk_config_Global_numFrameBuf
8037a38c   ti_ndk_config_Global_sizeFrameBuf
8037a39c   __TI_TLS_INIT_Base
8037a3a4   __TI_TLS_INIT_Limit
8037a400   cppiObject
8037a600   __CIOBUF_
8037a800   ti_sysbios_family_c64p_Hwi0
8037a800   ti_sysbios_family_c64p_Hwi_int0
8037a820   ti_sysbios_family_c64p_Hwi_int1
8037a840   ti_sysbios_family_c64p_Hwi_int2
8037a860   ti_sysbios_family_c64p_Hwi_int3
8037a880   ti_sysbios_family_c64p_Hwi_int4
8037a8a0   ti_sysbios_family_c64p_Hwi_int5
8037a8c0   ti_sysbios_family_c64p_Hwi_int6
8037a8e0   ti_sysbios_family_c64p_Hwi_int7
8037a900   ti_sysbios_family_c64p_Hwi_int8
8037a920   ti_sysbios_family_c64p_Hwi_int9
8037a940   ti_sysbios_family_c64p_Hwi_int10
8037a960   ti_sysbios_family_c64p_Hwi_int11
8037a980   ti_sysbios_family_c64p_Hwi_int12
8037a9a0   ti_sysbios_family_c64p_Hwi_int13
8037a9c0   ti_sysbios_family_c64p_Hwi_int14
8037a9e0   ti_sysbios_family_c64p_Hwi_int15
8037b9e0   __TI_Handler_Table_Base
8037b9ec   __TI_Handler_Table_Limit
8037ba58   __TI_CINIT_Base
8037bae0   __TI_CINIT_Limit
ffffffff   __TI_TLS_BLOCK_SIZE
ffffffff   __TI_TLS_MAIN_THREAD_Base
ffffffff   __TI_pprof_out_hndl
ffffffff   __TI_prof_data_size
ffffffff   __TI_prof_data_start
ffffffff   __binit__
ffffffff   __c_args__
ffffffff   binit
UNDEFED    __TI_INITARRAY_Base
UNDEFED    __TI_INITARRAY_Limit

[1634 symbols]
