******************************************************************************
               TMS320C6x Linker PC v7.4.7                      
******************************************************************************
>> Linked Mon Mar 24 15:14:43 2014

OUTPUT FILE NAME:   <Disparity.out>
ENTRY POINT SYMBOL: "_c_int00"  address: 803540e0


MEMORY CONFIGURATION

         name            origin    length      used     unused   attr    fill
----------------------  --------  ---------  --------  --------  ----  --------
  L2SRAM                00800000   00080000  0005cf40  000230c0  RW X
  MSMCSRAM              0c000000   00400000  00000000  00400000  RW X
  DDR3                  80000000   20000000  0037c11e  1fc83ee2  RWIX


SEGMENT ALLOCATION MAP

run origin  load origin   length   init length attrs members
----------  ----------- ---------- ----------- ----- -------
00800000    00800000    0005cb88   00000000    rw-
  00800000    00800000    00052b00   00000000    rw- .far:NDK_PACKETMEM
  00852b00    00852b00    00004000   00000000    rw- .resmgr_memregion
  00856b00    00856b00    00003c00   00000000    rw- .far:taskStackSection
  0085a700    0085a700    00001488   00000000    rw- .resmgr_pa
  0085bb88    0085bb88    00001000   00000000    rw- .stack
0085cc00    0085cc00    00000318   00000318    rw-
  0085cc00    0085cc00    00000318   00000318    rw- .nimu_eth_ll2
0085cf20    0085cf20    000000a0   00000000    rw-
  0085cf20    0085cf20    000000a0   00000000    rw- .resmgr_handles
80000000    80000000    00300000   00000000    rw-
  80000000    80000000    00300000   00000000    rw- systemHeap
80300000    80300000    0005ddc0   0005ddc0    r-x
  80300000    80300000    0005ddc0   0005ddc0    r-x .text
8035ddc0    8035ddc0    0000dbc8   00000000    rw-
  8035ddc0    8035ddc0    0000dbc8   00000000    rw- .far.1
8036b990    8036b990    00000060   00000000    rw-
  8036b990    8036b990    00000060   00000000    rw- .far.2
8036b9f0    8036b9f0    00009e48   00009e48    r--
  8036b9f0    8036b9f0    00009e48   00009e48    r-- .const
80375840    80375840    00000040   00000040    rw-
  80375840    80375840    00000040   00000040    rw- .fardata.1
80375880    80375880    00002400   00000000    rw-
  80375880    80375880    00002400   00000000    rw- .qmss
80377c80    80377c80    0000154a   0000154a    rw-
  80377c80    80377c80    0000154a   0000154a    rw- .fardata.2
803791d0    803791d0    00001370   00001370    rw-
  803791d0    803791d0    00001370   00001370    rw- platform_lib
8037a540    8037a540    000003ac   000003ac    r--
  8037a540    8037a540    000003ac   000003ac    r-- .switch
8037a8ec    8037a8ec    0000006c   00000000    rw-
  8037a8ec    8037a8ec    0000006c   00000000    rw- .bss
8037a958    8037a958    000001a5   000001a5    rw-
  8037a958    8037a958    000001a5   000001a5    rw- .neardata
8037ab00    8037ab00    0000003c   0000003c    r--
  8037ab00    8037ab00    0000003c   0000003c    r-- .rodata
8037ab80    8037ab80    00000320   00000000    rw-
  8037ab80    8037ab80    00000200   00000000    rw- .cppi
  8037ad80    8037ad80    00000120   00000000    rw- .cio
8037b000    8037b000    000012d8   000012d8    r-x
  8037b000    8037b000    00000200   00000200    r-x .vecs
  8037b200    8037b200    000010d8   000010d8    r-- .cinit


SECTION ALLOCATION MAP

 output                                  attributes/
section   page    origin      length       input sections
--------  ----  ----------  ----------   ----------------
.init_array 
*          0    80000000    00000000     UNINITIALIZED

.far:NDK_PACKETMEM 
*          0    00800000    00052b00     UNINITIALIZED
                  00800000    00052b00     stk6_ppp_pppoe.ae66 : pbm_data.oe66 (.far:NDK_PACKETMEM)

.resmgr_memregion 
*          0    00852b00    00004000     UNINITIALIZED
                  00852b00    00004000     resourcemgr.obj (.resmgr_memregion)

.far:taskStackSection 
*          0    00856b00    00003c00     UNINITIALIZED
                  00856b00    00003c00     Disparity_pe66.oe66 (.far:taskStackSection)

.resmgr_pa 
*          0    0085a700    00001488     UNINITIALIZED
                  0085a700    00001488     resourcemgr.obj (.resmgr_pa)

.stack     0    0085bb88    00001000     UNINITIALIZED
                  0085bb88    00000008     boot.ae66 : boot.oe66 (.stack)
                  0085bb90    00000ff8     --HOLE--

.nimu_eth_ll2 
*          0    0085cc00    00000318     
                  0085cc00    00000308     ti.transport.ndk.nimu.ae66 : nimu_eth.obj (.nimu_eth_ll2:uninit) [fill = 0]
                  0085cf08    00000010                                : nimu_eth.obj (.nimu_eth_ll2:init)

.resmgr_handles 
*          0    0085cf20    000000a0     UNINITIALIZED
                  0085cf20    000000a0     resourcemgr.obj (.resmgr_handles)

systemHeap 
*          0    80000000    00300000     UNINITIALIZED
                  80000000    00300000     Disparity_pe66.oe66 (systemHeap)

xdc.meta   0    80000000    00000100     COPY SECTION
                  80000000    00000100     Disparity_pe66.oe66 (xdc.meta)

.text      0    80300000    0005ddc0     
                  80300000    00002d80     ti.transport.ndk.nimu.ae66 : nimu_eth.obj (.text)
                  80302d80    00001fe0     ti.platform.evm6678l.ae66 : platform.obj (.text)
                  80304d60    00001b40                               : evmc6678.obj (.text)
                  803068a0    000019e0     stk6_ppp_pppoe.ae66 : tcp6in.oe66 (.text:TCP6Input)
                  80308280    000019e0                         : tcpin.oe66 (.text:TcpInput)
                  80309c60    00001240                         : tcpout.oe66 (.text:TcpOutput)
                  8030aea0    000011a0                         : tcp6out.oe66 (.text:TCP6Output)
                  8030c040    00001160     ti.platform.evm6678l.ae66 : evm66x_nand.obj (.text)
                  8030d1a0    00000ea0     resourcemgr.obj (.text)
                  8030e040    00000d80     ti.platform.evm6678l.ae66 : evmc66x_i2c_eeprom.obj (.text)
                  8030edc0    00000c00     nettool.ae66 : httpclie.oe66 (.text:httpClientProcess)
                  8030f9c0    00000ba0     DisparityInline.obj (.text)
                  80310560    00000b80     stk6_ppp_pppoe.ae66 : ipin.oe66 (.text:IPRxPacket)
                  803110e0    00000aa0                         : md5.oe66 (.text:MD5Transform)
                  80311b80    000009c0                         : ipout.oe66 (.text:IPTxPacket)
                  80312540    000009a0                         : lcp.oe66 (.text:lcpInput)
                  80312ee0    00000900     nettool.ae66 : httpsend.oe66 (.text:SetContentType)
                  803137e0    000008a0     sysbios.ae66 : BIOS.obj (.text:ti_sysbios_family_c64p_Exception_handler__I)
                  80314080    000008a0     ti.targets.rts6000.ae66 : System.oe66 (.text:xdc_runtime_System_doPrint__I)
                  80314920    00000840     Initialise.obj (.text)
                  80315160    000007e0     ti.drv.qmss.ae66 : qmss_drv.oe66 (.text:Qmss_insertMemoryRegion)
                  80315940    000007e0     stk6_ppp_pppoe.ae66 : ipcp.oe66 (.text:ipcpInput)
                  80316120    000007c0                         : sock.oe66 (.text:SockSet)
                  803168e0    000007a0                         : fileuser.oe66 (.text:fdPoll)
                  80317080    00000720     ti.drv.pa.ae66 : pa.oe66 (.text:Pa_addMac)
                  803177a0    000006c0     stk6_ppp_pppoe.ae66 : sock6.oe66 (.text:Sock6Set)
                  80317e60    000006c0     nettool.ae66 : telnetd.oe66 (.text:telnet_netdata)
                  80318520    000006a0     stk6_ppp_pppoe.ae66 : icmpv6_ndisc.oe66 (.text:ICMPv6RecvRA)
                  80318bc0    00000660     ti.drv.cppi.ae66 : cppi_drv.oe66 (.text:Cppi_configureRxFlow)
                  80319220    00000660     stk6_ppp_pppoe.ae66 : route6.oe66 (.text:Rt6Create)
                  80319880    00000620     sysbios.ae66 : BIOS.obj (.text:ti_sysbios_knl_Task_Instance_finalize__F)
                  80319ea0    00000600                  : BIOS.obj (.text:ti_sysbios_heaps_HeapMem_alloc__E)
                  8031a4a0    00000600                  : BIOS.obj (.text:ti_sysbios_knl_Semaphore_pend__E)
                  8031aaa0    000005e0                  : BIOS.obj (.text:ti_sysbios_heaps_HeapMem_free__E)
                  8031b080    000005c0     stk6_ppp_pppoe.ae66 : ipfrag.oe66 (.text:IPReasm)
                  8031b640    000005c0     rts6600_elf_mt.lib : divd.obj (.text:__c6xabi_divd)
                  8031bc00    000005c0                        : _printfi.obj (.text:_getarg_diouxp)
                  8031c1c0    000005a0     stk6_ppp_pppoe.ae66 : icmpin.oe66 (.text:ICMPInput)
                  8031c760    000005a0     ti.platform.evm6678l.ae66 : evmc66x_spi.obj (.text)
                  8031cd00    000005a0     sysbios.ae66 : BIOS.obj (.text:ti_sysbios_timers_timer64_Timer_Module_startup__F)
                  8031d2a0    00000580     stk6_ppp_pppoe.ae66 : nimuppp.oe66 (.text:pppEvent)
                  8031d820    00000560                         : bind6.oe66 (.text:Bind6New)
                  8031dd80    00000560                         : ipv6.oe66 (.text:IPv6IPAddressToString)
                  8031e2e0    00000560     ti.platform.evm6678l.ae66 : evmc6678_phy.obj (.text)
                  8031e840    00000540     stk6_ppp_pppoe.ae66 : sock6.oe66 (.text:Sock6Connect)
                  8031ed80    00000520                         : sock.oe66 (.text:SockNew)
                  8031f2a0    00000520     rts6600_elf_mt.lib : _printfi.obj (.text:_setfield)
                  8031f7c0    00000520     nettool.ae66 : httpsend.oe66 (.text:httpSendStatusLine)
                  8031fce0    00000520     ti.platform.evm6678l.ae66 : evmc66x_nor.obj (.text)
                  80320200    00000500     RecieveImage.obj (.text)
                  80320700    000004e0     stk6_ppp_pppoe.ae66 : udp.oe66 (.text:UdpInput)
                  80320be0    000004e0                         : nimupppoe.oe66 (.text:pppoeInputS)
                  803210c0    000004c0     ti.drv.cppi.ae66 : cppi_drv.oe66 (.text:Cppi_txChannelOpen)
                  80321580    000004c0     ti.platform.evm6678l.ae66 : evmc66x_fpga.obj (.text)
                  80321a40    000004a0     stk6_ppp_pppoe.ae66 : lliin.oe66 (.text:LLIRxPacket)
                  80321ee0    000004a0                         : sock6.oe66 (.text:Sock6Recv)
                  80322380    000004a0                         : sock.oe66 (.text:SockRecv)
                  80322820    00000460     rts6600_elf_mt.lib : _printfi.obj (.text:_printfi)
                  80322c80    00000460     stk6_ppp_pppoe.ae66 : nimuppp.oe66 (.text:pppNew)
                  803230e0    00000440     ti.drv.cppi.ae66 : cppi_drv.oe66 (.text:Cppi_rxChannelOpen)
                  80323520    00000440     stk6_ppp_pppoe.ae66 : sock6.oe66 (.text:Sock6New)
                  80323960    00000440                         : auth.oe66 (.text:chapInput)
                  80323da0    00000440                         : fileuser.oe66 (.text:fdSelect)
                  803241e0    00000440                         : nimupppoe.oe66 (.text:pppoeInputC)
                  80324620    00000420     nettool.ae66 : daemon.oe66 (.text:daemon)
                  80324a40    00000420     ti.drv.pa.ae66 : pa.oe66 (.text:pa_conv_routing_info)
                  80324e60    00000420     sysbios.ae66 : BIOS.obj (.text:ti_sysbios_knl_Task_sleep__E)
                  80325280    00000400     stk6_ppp_pppoe.ae66 : sock6.oe66 (.text:Sock6Send)
                  80325680    00000400     os.ae66 : efs.oe66 (.text:efs_filecheck)
                  80325a80    00000400     sysbios.ae66 : BIOS.obj (.text:ti_sysbios_knl_Task_Instance_init__F)
                  80325e80    000003e0     stk6_ppp_pppoe.ae66 : ipv6_frag.oe66 (.text:IPv6TxFragPacket)
                  80326260    000003e0     sysbios.ae66 : BIOS.obj (.text:ti_sysbios_knl_Task_setPri__E)
                  80326640    000003c0     ti.drv.cppi.ae66 : cppi_desc.oe66 (.text:Cppi_initDescriptor)
                  80326a00    000003c0     stk6_ppp_pppoe.ae66 : ipv6out.oe66 (.text:IPv6TxPacket)
                  80326dc0    000003c0                         : lli6.oe66 (.text:LLI6TimerCheck)
                  80327180    000003c0                         : sock.oe66 (.text:SockSend)
                  80327540    000003c0                         : tcp6.oe66 (.text:TCP6TimeoutCheck)
                  80327900    000003c0                         : tcp.oe66 (.text:TcpTimeoutCheck)
                  80327cc0    000003c0     rts6600_elf_mt.lib : fputs.obj (.text:fputs)
                  80328080    000003a0     stk6_ppp_pppoe.ae66 : icmpv6in.oe66 (.text:ICMPv6RxPacket)
                  80328420    000003a0                         : nimu.oe66 (.text:NIMUIoctl)
                  803287c0    000003a0                         : route.oe66 (.text:RtCreate)
                  80328b60    000003a0                         : sb.oe66 (.text:SBRead)
                  80328f00    000003a0                         : auth.oe66 (.text:papInput)
                  803292a0    00000380                         : sock6int.oe66 (.text:Sock6Notify)
                  80329620    00000380                         : sock.oe66 (.text:SockConnect)
                  803299a0    00000380                         : sockint.oe66 (.text:SockNotify)
                  80329d20    00000380     nettool.ae66 : dhcppkt.oe66 (.text:dhcpPacketProcess)
                  8032a0a0    00000360     stk6_ppp_pppoe.ae66 : icmpv6_ndisc.oe66 (.text:ICMPv6RecvRedirect)
                  8032a400    00000360                         : icmpv6out.oe66 (.text:ICMPv6SendDstUnreachable)
                  8032a760    00000360                         : igmp.oe66 (.text:IGMPInput)
                  8032aac0    00000360                         : ipv6_frag.oe66 (.text:IPv6FragReasm)
                  8032ae20    00000360                         : lliout.oe66 (.text:LLITxIpPacket)
                  8032b180    00000360     Disparity_pe66.oe66 (.text:xdc_runtime_System_printfExtend__I)
                  8032b4e0    00000340     stk6_ppp_pppoe.ae66 : icmpv6_ndisc.oe66 (.text:ICMPv6RecvNS)
                  8032b820    00000340                         : icmpv6out.oe66 (.text:ICMPv6SendParameterProblem)
                  8032bb60    00000340                         : icmpv6out.oe66 (.text:ICMPv6SendTimeExceeded)
                  8032bea0    00000340     ti.drv.pa.ae66 : painit.oe66 (.text:Pa_create)
                  8032c1e0    00000340     ti.drv.qmss.ae66 : qmss_drv.oe66 (.text:Qmss_init)
                  8032c520    00000340     os.ae66 : mem.oe66 (.text:mmAlloc)
                  8032c860    00000340     stk6_ppp_pppoe.ae66 : nimupppoe.oe66 (.text:pppoeSI)
                  8032cba0    00000320     nettool.ae66 : config.oe66 (.text:CfgAddEntry)
                  8032cec0    00000320     stk6_ppp_pppoe.ae66 : nimupppoe.oe66 (.text:SendServerMsg)
                  8032d1e0    00000320     rts6600_elf_mt.lib : _printfi.obj (.text:_pproc_fge)
                  8032d500    00000320     nettool.ae66 : inetaddr.oe66 (.text:inet_aton)
                  8032d820    00000320                  : telnetd.oe66 (.text:telnet_engine)
                  8032db40    00000320     ti.platform.evm6678l.ae66 : evmc66x_uart.obj (.text)
                  8032de60    00000300     stk6_ppp_pppoe.ae66 : sock6pcb.oe66 (.text:Sock6PcbBind)
                  8032e160    00000300                         : udp6.oe66 (.text:Udp6Input)
                  8032e460    00000300     sysbios.ae66 : BIOS.obj (.text:ti_sysbios_family_c64p_Hwi_dispatchC__I)
                  8032e760    000002e0     stk6_ppp_pppoe.ae66 : ipv6_frag.oe66 (.text:IPv6FragQEnqueueFrag)
                  8032ea40    000002e0                         : ipv6_exthdrs.oe66 (.text:IPv6ParseExtnHeaders)
                  8032ed20    000002e0     netctrl.ae66 : netctrl.oe66 (.text:NetScheduler)
                  8032f000    000002e0     ti.drv.pa.ae66 : pa.oe66 (.text:Pa_forwardResult)
                  8032f2e0    000002e0     stk6_ppp_pppoe.ae66 : route6.oe66 (.text:Rt6Find)
                  8032f5c0    000002e0                         : nimupppoe.oe66 (.text:SendClientMsg)
                  8032f8a0    000002e0                         : sock6pcb.oe66 (.text:Sock6PcbFind)
                  8032fb80    000002e0                         : sock6pcb.oe66 (.text:Sock6PcbResolve)
                  8032fe60    000002e0                         : udp.oe66 (.text:UdpOutput)
                  80330140    000002e0     rts6600_elf_mt.lib : _printfi.obj (.text:_pproc_fwp)
                  80330420    000002e0     sysbios.ae66 : BIOS.obj (.text:ti_sysbios_heaps_HeapMem_Instance_init__F)
                  80330700    000002c0     stk6_ppp_pppoe.ae66 : bind.oe66 (.text:BindNew)
                  803309c0    000002c0                         : node.oe66 (.text:NodeAdd)
                  80330c80    000002c0                         : sb6.oe66 (.text:SB6Read)
                  80330f40    000002c0                         : nimuppp.oe66 (.text:pppInput)
                  80331200    000002a0     nettool.ae66 : dhcpmain.oe66 (.text:DHCPOpen)
                  803314a0    000002a0     stk6_ppp_pppoe.ae66 : route6.oe66 (.text:Rt6Free)
                  80331740    000002a0                         : rtable.oe66 (.text:RtFind)
                  803319e0    000002a0                         : sock6.oe66 (.text:Sock6Close)
                  80331c80    000002a0                         : sock.oe66 (.text:SockClose)
                  80331f20    000002a0                         : sockpcb.oe66 (.text:SockPcbResolve)
                  803321c0    000002a0                         : tcp6prot.oe66 (.text:TCP6PrSetOption)
                  80332460    000002a0                         : tcpprot.oe66 (.text:TcpPrSetOption)
                  80332700    000002a0     rts6600_elf_mt.lib : _printfi.obj (.text:fcvt)
                  803329a0    000002a0     sysbios.ae66 : BIOS.obj (.text:ti_sysbios_knl_Clock_Instance_init__F)
                  80332c40    000002a0                  : BIOS.obj (.text:ti_sysbios_knl_Clock_workFunc__E)
                  80332ee0    000002a0                  : BIOS.obj (.text:ti_sysbios_timers_timer64_Timer_deviceConfig__I)
                  80333180    00000280     stk6_ppp_pppoe.ae66 : icmp.oe66 (.text:ICMPGenPacket)
                  80333400    00000280                         : lli6.oe66 (.text:LLI6NeighUnreachStateMachine)
                  80333680    00000280                         : lli6.oe66 (.text:LLI6TxIPPacket)
                  80333900    00000280                         : udp6.oe66 (.text:Udp6Output)
                  80333b80    00000280     rts6600_elf_mt.lib : _printfi.obj (.text:ecvt)
                  80333e00    00000280     stk6_ppp_pppoe.ae66 : ipcp.oe66 (.text:ipcpSendCfg)
                  80334080    00000280                         : lcp.oe66 (.text:lcpSendCfg)
                  80334300    00000280     platform_osal.obj (.text)
                  80334580    00000280     ti.targets.rts6000.ae66 : Error.oe66 (.text:xdc_runtime_Error_raiseX__F)
                  80334800    00000260     stk6_ppp_pppoe.ae66 : icmpv6in.oe66 (.text:ICMPv6RecvEchoRequest)
                  80334a60    00000260                         : ipv6in.oe66 (.text:IPv6RxPacket)
                  80334cc0    00000260                         : nimu.oe66 (.text:NIMUReceivePacket)
                  80334f20    00000260                         : rawethsock.oe66 (.text:RawEthSockSet)
                  80335180    00000260                         : sb6.oe66 (.text:SB6Write)
                  803353e0    00000260                         : sb.oe66 (.text:SBWrite)
                  80335640    00000260                         : sockpcb.oe66 (.text:SockPcbBind)
                  803358a0    00000260                         : tcp6out.oe66 (.text:TCP6GenPacket)
                  80335b00    00000260     nettool.ae66 : httppars.oe66 (.text:httpParseRecv)
                  80335d60    00000260                  : httpsend.oe66 (.text:httpSendErrorHTML)
                  80335fc0    00000260     sysbios.ae66 : BIOS.obj (.text:ti_sysbios_family_c64p_Exception_internalHandler__I)
                  80336220    00000260                  : BIOS.obj (.text:ti_sysbios_knl_Semaphore_post__E)
                  80336480    00000260     ti.targets.rts6000.ae66 : Startup.oe66 (.text:xdc_runtime_Startup_startMods__I)
                  803366e0    00000240     stk6_ppp_pppoe.ae66 : bind6.oe66 (.text:Bind6Free)
                  80336920    00000240                         : bind6.oe66 (.text:Bind6RunDAD)
                  80336b60    00000240     ti.drv.cppi.ae66 : cppi_drv.oe66 (.text:Cppi_open)
                  80336da0    00000240     nettool.ae66 : daemon.oe66 (.text:DaemonNew)
                  80336fe0    00000240     stk6_ppp_pppoe.ae66 : icmpv6_ndisc.oe66 (.text:ICMPv6RecvNA)
                  80337220    00000240                         : icmpv6_ndisc.oe66 (.text:ICMPv6SendNA)
                  80337460    00000240                         : icmpv6_ndisc.oe66 (.text:ICMPv6SendNS)
                  803376a0    00000240     ti.drv.pa.ae66 : pa.oe66 (.text:Pa_resetControl)
                  803378e0    00000240     stk6_ppp_pppoe.ae66 : pipe.oe66 (.text:PipeRecv)
                  80337b20    00000240                         : raw.oe66 (.text:RawInput)
                  80337d60    00000240                         : tcpout.oe66 (.text:TcpGenPacket)
                  80337fa0    00000240     rts6600_elf_mt.lib : imath64.obj (.text:__c6xabi_divull)
                  803381e0    00000240                        : _printfi.obj (.text:_pconv_e)
                  80338420    00000240                        : _printfi.obj (.text:_pproc_diouxp)
                  80338660    00000240     nettool.ae66 : dhcpsm.oe66 (.text:dhcpIPAdd)
                  803388a0    00000240                  : dhcpsm.oe66 (.text:dhcpState)
                  80338ae0    00000240     rts6600_elf_mt.lib : fputc.obj (.text:fputc)
                  80338d20    00000240     sysbios.ae66 : BIOS.obj (.text:ti_sysbios_knl_Task_exit__E)
                  80338f60    00000240     ti.targets.rts6000.ae66 : LoggerBuf.oe66 (.text:xdc_runtime_LoggerBuf_write8__F)
                  803391a0    00000220     stk6_ppp_pppoe.ae66 : igmp.oe66 (.text:IGMPJoinHostGroup)
                  803393c0    00000220                         : ipv6_frag.oe66 (.text:IPv6ParseFragHdr)
                  803395e0    00000220                         : raw6.oe66 (.text:Raw6Output)
                  80339800    00000220                         : rawethsock.oe66 (.text:RawEthSockNew)
                  80339a20    00000220                         : sockpcb.oe66 (.text:SockPcbFind)
                  80339c40    00000220     rts6600_elf_mt.lib : _printfi.obj (.text:_pproc_str)
                  80339e60    00000220     nettool.ae66 : dhcppkt.oe66 (.text:dhcpVerifyMessage)
                  8033a080    00000220                  : httpclie.oe66 (.text:httpGetAuthParams)
                  8033a2a0    00000220     rts6600_elf_mt.lib : setvbuf.obj (.text:setvbuf)
                  8033a4c0    00000220     sysbios.ae66 : BIOS.obj (.text:ti_sysbios_knl_Swi_run__I)
                  8033a6e0    00000220                  : BIOS.obj (.text:ti_sysbios_knl_Task_schedule__I)
                  8033a900    00000220                  : BIOS.obj (.text:ti_sysbios_knl_Task_startCore__E)
                  8033ab20    00000220     ti.targets.rts6000.ae66 : Core-mem.oe66 (.text:xdc_runtime_Core_createObject__I)
                  8033ad40    00000200     stk6_ppp_pppoe.ae66 : ipv6_exthdrs.oe66 (.text:IPv6ParseHopOptions)
                  8033af40    00000200                         : lli6.oe66 (.text:LLI6New)
                  8033b140    00000200     ti.drv.qmss.ae66 : qmss_drv.oe66 (.text:Qmss_internalQueueOpen)
                  8033b340    00000200                      : qmss_acc.oe66 (.text:Qmss_programAccumulator)
                  8033b540    00000200     stk6_ppp_pppoe.ae66 : rtc.oe66 (.text:RTCReport)
                  8033b740    00000200     rts6600_elf_mt.lib : _printfi.obj (.text:_pconv_g)
                  8033b940    00000200     sysbios.ae66 : c64p_Hwi_disp_always.obj (.text:_ti_sysbios_family_c64p_Hwi_dispatchAlways)
                  8033bb40    00000200     stk6_ppp_pppoe.ae66 : socket.oe66 (.text:accept)
                  8033bd40    00000200     ti.drv.cppi.ae66 : cppi_heap.oe66 (.text:cppi_internal_heap_add)
                  8033bf40    00000200     stk6_ppp_pppoe.ae66 : nimupppoe.oe66 (.text:pppoeCtrlMsg)
                  8033c140    000001e0                         : igmp.oe66 (.text:IGMPSendReply)
                  8033c320    000001e0                         : route6.oe66 (.text:Rt6Modify)
                  8033c500    000001e0                         : sock6pcb.oe66 (.text:Sock6PcbFindRaw)
                  8033c6e0    000001e0                         : auth.oe66 (.text:chapSendMsg)
                  8033c8c0    000001e0     nettool.ae66 : dhcpsock.oe66 (.text:dhcpSocketOpen)
                  8033caa0    000001e0     stk6_ppp_pppoe.ae66 : socket.oe66 (.text:sendto)
                  8033cc80    000001e0     sysbios.ae66 : BIOS.obj (.text:ti_sysbios_family_c64p_Exception_externalHandler__I)
                  8033ce60    000001e0                  : BIOS.obj (.text:ti_sysbios_knl_Task_checkStacks__E)
                  8033d040    000001e0                  : BIOS.obj (.text:ti_sysbios_knl_Task_postInit__I)
                  8033d220    000001e0                  : BIOS.obj (.text:ti_sysbios_timers_timer64_Timer_getFreq__E)
                  8033d400    000001c0     nettool.ae66 : config.oe66 (.text:CfgExecute)
                  8033d5c0    000001c0     ti.drv.cppi.ae66 : cppi_drv.oe66 (.text:Cppi_channelClose)
                  8033d780    000001c0                      : cppi_drv.oe66 (.text:Cppi_initCfg)
                  8033d940    000001c0     stk6_ppp_pppoe.ae66 : ip.oe66 (.text:IPGetRoute)
                  8033db00    000001c0                         : lliout.oe66 (.text:LLIGenArpPacket)
                  8033dcc0    000001c0     ti.drv.qmss.ae66 : qmss_drv.oe66 (.text:Qmss_internaldownloadFirmware)
                  8033de80    000001c0     stk6_ppp_pppoe.ae66 : raw6.oe66 (.text:Raw6Input)
                  8033e040    000001c0     netctrl.ae66 : netsrv.oe66 (.text:SPIpNet)
                  8033e200    000001c0     stk6_ppp_pppoe.ae66 : tcptime.oe66 (.text:TcpTimeoutRexmt)
                  8033e3c0    000001c0                         : lli.oe66 (.text:_LLITimeoutCheck)
                  8033e580    000001c0     rts6600_elf_mt.lib : _printfi.obj (.text:_mcpy)
                  8033e740    000001c0     nettool.ae66 : dhcpbild.oe66 (.text:dhcpBuildHeader)
                  8033e900    000001c0     stk6_ppp_pppoe.ae66 : fileuser.oe66 (.text:fdClose)
                  8033eac0    000001c0     sysbios.ae66 : BIOS.obj (.text:ti_sysbios_family_c64p_Exception_decodeMpfsr__I)
                  8033ec80    000001c0                  : BIOS.obj (.text:ti_sysbios_gates_GateMutex_enter__E)
                  8033ee40    000001c0                  : BIOS.obj (.text:ti_sysbios_timers_timer64_Timer_setPeriodMicroSecs__E)
                  8033f000    000001c0     ti.targets.rts6000.ae66 : Text.oe66 (.text:xdc_runtime_Text_putSite__F)
                  8033f1c0    000001a0     stk6_ppp_pppoe.ae66 : bind6.oe66 (.text:Bind6Msg)
                  8033f360    000001a0     nettool.ae66 : config.oe66 (.text:CfgRemoveEntry)
                  8033f500    000001a0     stk6_ppp_pppoe.ae66 : icmpin.oe66 (.text:ICMPRevSrcRoute)
                  8033f6a0    000001a0                         : ipv6_frag.oe66 (.text:IPv6FragMsg)
                  8033f840    000001a0                         : ipv6_exthdrs.oe66 (.text:IPv6ParseRoutingHdr)
                  8033f9e0    000001a0     netctrl.ae66 : netctrl.oe66 (.text:NC_NetStart)
                  8033fb80    000001a0     stk6_ppp_pppoe.ae66 : node.oe66 (.text:NodeTreeFree)
                  8033fd20    000001a0     ti.drv.pa.ae66 : pa.oe66 (.text:Pa_downloadImage)
                  8033fec0    000001a0     stk6_ppp_pppoe.ae66 : route6.oe66 (.text:Route6LifetimeMgmt)
                  80340060    000001a0                         : sockint.oe66 (.text:SockCreatePacket)
                  80340200    000001a0     nettool.ae66 : dhcpsm.oe66 (.text:StateRenewRebind)
                  803403a0    000001a0     stk6_ppp_pppoe.ae66 : tcp6time.oe66 (.text:TCP6TimeoutRexmt)
                  80340540    000001a0     rts6600_elf_mt.lib : imath40.obj (.text:__c6xabi_divul)
                  803406e0    000001a0     nettool.ae66 : dhcptags.oe66 (.text:dhcpBuildOptions)
                  80340880    000001a0     stk6_ppp_pppoe.ae66 : socket.oe66 (.text:getpeername)
                  80340a20    000001a0                         : udp6.oe66 (.text:processMulticast)
                  80340bc0    000001a0     nettool.ae66 : telnetd.oe66 (.text:telnet_termdata)
                  80340d60    000001a0     sysbios.ae66 : BIOS.obj (.text:ti_sysbios_family_c66_Cache_block__I)
                  80340f00    000001a0                  : BIOS.obj (.text:ti_sysbios_heaps_HeapBuf_Module_startup__F)
                  803410a0    000001a0                  : BIOS.obj (.text:ti_sysbios_timers_timer64_Timer_start__E)
                  80341240    000001a0     ti.targets.rts6000.ae66 : LoggerBuf.oe66 (.text:xdc_runtime_LoggerBuf_write4__F)
                  803413e0    00000180     stk6_ppp_pppoe.ae66 : bind6.oe66 (.text:Bind6GetGlobalAddress)
                  80341560    00000180     rts6600_elf_mt.lib : trgdrv.obj (.text:HOSTrename)
                  803416e0    00000180     stk6_ppp_pppoe.ae66 : igmp.oe66 (.text:IGMPMsg)
                  80341860    00000180                         : nimu.oe66 (.text:NIMURegister)
                  803419e0    00000180     netctrl.ae66 : netsrv.oe66 (.text:ServiceScan)
                  80341b60    00000180                  : netsrv.oe66 (.text:ServiceSpawn)
                  80341ce0    00000180     stk6_ppp_pppoe.ae66 : sock6int.oe66 (.text:Sock6CreatePacket)
                  80341e60    00000180     nettool.ae66 : dhcpsm.oe66 (.text:StateBound)
                  80341fe0    00000180     rts6600_elf_mt.lib : copy_decompress_rle.obj (.text:__TI_decompress_rle_core)
                  80342160    00000180     stk6_ppp_pppoe.ae66 : socket.oe66 (.text:bind)
                  803422e0    00000180     nettool.ae66 : dhcpbild.oe66 (.text:dhcpBuildRequest)
                  80342460    00000180     os.ae66 : task.oe66 (.text:llEnter)
                  803425e0    00000180     stk6_ppp_pppoe.ae66 : auth.oe66 (.text:papSendCfg)
                  80342760    00000180     sysbios.ae66 : c64p_Exception_asm.obj (.text)
                  803428e0    00000180                  : BIOS.obj (.text:ti_sysbios_knl_Swi_schedule__I)
                  80342a60    00000180                  : BIOS.obj (.text:ti_sysbios_knl_Task_unblockI__E)
                  80342be0    00000160     nettool.ae66 : config.oe66 (.text:CfgGetEntry)
                  80342d40    00000160                  : config.oe66 (.text:CfgGetNextEntry)
                  80342ea0    00000160     stk6_ppp_pppoe.ae66 : igmp.oe66 (.text:IGMPDoMCast)
                  80343000    00000160                         : nimu.oe66 (.text:NIMUIoctlSpecialCmd)
                  80343160    00000160                         : nimuppp.oe66 (.text:PPPStop)
                  803432c0    00000160                         : pipe.oe66 (.text:PipeSend)
                  80343420    00000160                         : raw.oe66 (.text:RawOutput)
                  80343580    00000160                         : rtable.oe66 (.text:RtTimeoutCheck)
                  803436e0    00000160                         : rtable.oe66 (.text:RtWalkNext)
                  80343840    00000160     netctrl.ae66 : netsrv.oe66 (.text:SPRoute)
                  803439a0    00000160     stk6_ppp_pppoe.ae66 : sock6.oe66 (.text:Sock6Check)
                  80343b00    00000160                         : sock6pcb.oe66 (.text:Sock6PcbConnect)
                  80343c60    00000160                         : sock.oe66 (.text:SockCheck)
                  80343dc0    00000160                         : sockpcb.oe66 (.text:SockPcbConnect)
                  80343f20    00000160     nettool.ae66 : dhcpsm.oe66 (.text:StateRequesting)
                  80344080    00000160     stk6_ppp_pppoe.ae66 : tcp6time.oe66 (.text:TCP6TimeoutKeep)
                  803441e0    00000160                         : tcptime.oe66 (.text:TcpTimeoutKeep)
                  80344340    00000160                         : auth.oe66 (.text:authInit)
                  803444a0    00000160     nettool.ae66 : httpclie.oe66 (.text:httpExtractTag)
                  80344600    00000160     stk6_ppp_pppoe.ae66 : sock6.oe66 (.text:joinGroup)
                  80344760    00000160                         : socket.oe66 (.text:setsockopt)
                  803448c0    00000160     nettool.ae66 : telnetd.oe66 (.text:telnetClientProcess)
                  80344a20    00000140     stk6_ppp_pppoe.ae66 : bind6.oe66 (.text:Bind6DADCheck)
                  80344b60    00000140     ti.csl.ae66 : csl_chip.oe66 (.text:CSL_chipReadReg)
                  80344ca0    00000140     stk6_ppp_pppoe.ae66 : exec.oe66 (.text:ExecOpen)
                  80344de0    00000140                         : icmp.oe66 (.text:ICMPSendRtAdv)
                  80344f20    00000140                         : igmp.oe66 (.text:IGMPJoin)
                  80345060    00000140                         : ipv6.oe66 (.text:IPv6DisplayIPAddress)
                  803451a0    00000140                         : lli6.oe66 (.text:LLI6Find)
                  803452e0    00000140                         : lli.oe66 (.text:LLINew)
                  80345420    00000140                         : node.oe66 (.text:NodeFind)
                  80345560    00000140                         : node.oe66 (.text:NodeWalk)
                  803456a0    00000140                         : pbm.oe66 (.text:PBM_alloc)
                  803457e0    00000140                         : pbm.oe66 (.text:PBM_free)
                  80345920    00000140                         : rtable.oe66 (.text:RtFlush)
                  80345a60    00000140                         : sb6.oe66 (.text:SB6New)
                  80345ba0    00000140     netctrl.ae66 : netsrv.oe66 (.text:ServiceKill)
                  80345ce0    00000140     stk6_ppp_pppoe.ae66 : sock6.oe66 (.text:Sock6Accept)
                  80345e20    00000140                         : sock6.oe66 (.text:Sock6Listen)
                  80345f60    00000140                         : sock.oe66 (.text:SockAccept)
                  803460a0    00000140                         : sock.oe66 (.text:SockListen)
                  803461e0    00000140                         : sockpcb.oe66 (.text:SockPcbCtlError)
                  80346320    00000140     boot.ae66 : autoinit.oe66 (.text:_auto_init_elf)
                  80346460    00000140     rts6600_elf_mt.lib : _printfi.obj (.text:_pproc_fflags)
                  803465a0    00000140     stk6_ppp_pppoe.ae66 : auth.oe66 (.text:authGetPassword)
                  803466e0    00000140     nettool.ae66 : dhcptags.oe66 (.text:dhcpDecodeType)
                  80346820    00000140     rts6600_elf_mt.lib : fseek.obj (.text:fseek)
                  80346960    00000140                        : lowlev.obj (.text:getdevice)
                  80346aa0    00000140     nettool.ae66 : httpsend.oe66 (.text:httpAuthenticationReq)
                  80346be0    00000140     os.ae66 : mem.oe66 (.text:mmCopy)
                  80346d20    00000140     stk6_ppp_pppoe.ae66 : nimuppp.oe66 (.text:pppAddClient)
                  80346e60    00000140                         : socket.oe66 (.text:recv)
                  80346fa0    00000140                         : socket.oe66 (.text:send)
                  803470e0    00000140     sysbios.ae66 : BIOS.obj (.text:ti_sysbios_family_c64p_Exception_Module_startup__F)
                  80347220    00000140                  : BIOS.obj (.text:ti_sysbios_family_c64p_Hwi_Module_startup__F)
                  80347360    00000140                  : BIOS.obj (.text:ti_sysbios_family_c66_Cache_Module_startup__F)
                  803474a0    00000140                  : BIOS.obj (.text:ti_sysbios_knl_Semaphore_Instance_init__F)
                  803475e0    00000140                  : BIOS.obj (.text:ti_sysbios_knl_Swi_post__E)
                  80347720    00000140                  : BIOS.obj (.text:ti_sysbios_knl_Task_Module_startup__F)
                  80347860    00000140                  : BIOS.obj (.text:ti_sysbios_knl_Task_blockI__E)
                  803479a0    00000140     ti.targets.rts6000.ae66 : Text.oe66 (.text:xdc_runtime_Text_putLab__F)
                  80347ae0    00000120     stk6_ppp_pppoe.ae66 : bind6.oe66 (.text:Bind6LifetimeMgmt)
                  80347c00    00000120                         : bind.oe66 (.text:BindFree)
                  80347d20    00000120     nettool.ae66 : config.oe66 (.text:CfgFree)
                  80347e40    00000120                  : daemon.oe66 (.text:DaemonFree)
                  80347f60    00000120     stk6_ppp_pppoe.ae66 : file.oe66 (.text:FdWaitEvent)
                  80348080    00000120                         : igmp.oe66 (.text:IGMPLeaveHostGroup)
                  803481a0    00000120                         : ip.oe66 (.text:IPMsg)
                  803482c0    00000120                         : ipin.oe66 (.text:IPRouteIP)
                  803483e0    00000120                         : ipv6_frag.oe66 (.text:IPv6CreateFragQ)
                  80348500    00000120                         : ipv6.oe66 (.text:IPv6Init)
                  80348620    00000120                         : icmpv6out.oe66 (.text:IsICMPv6ErrorPkt)
                  80348740    00000120                         : md5.oe66 (.text:MD5Update)
                  80348860    00000120                         : mld.oe66 (.text:MLDJoinGroup)
                  80348980    00000120     netctrl.ae66 : netctrl.oe66 (.text:NC_SystemOpen)
                  80348aa0    00000120     stk6_ppp_pppoe.ae66 : nimu.oe66 (.text:NIMUAddEthernetHeader)
                  80348bc0    00000120     ti.drv.qmss.ae66 : qmss_acc.oe66 (.text:Qmss_disableAccumulator)
                  80348ce0    00000120     stk6_ppp_pppoe.ae66 : raweth.oe66 (.text:RawEthRxPacket)
                  80348e00    00000120                         : raweth.oe66 (.text:RawEthTxPacket)
                  80348f20    00000120                         : sb.oe66 (.text:SBNew)
                  80349040    00000120     netctrl.ae66 : netsrv.oe66 (.text:SPConfig)
                  80349160    00000120                  : netsrv.oe66 (.text:SPService)
                  80349280    00000120     stk6_ppp_pppoe.ae66 : sock6.oe66 (.text:Sock6Disconnect)
                  803493a0    00000120                         : sock6.oe66 (.text:Sock6Shutdown)
                  803494c0    00000120                         : sockpcb.oe66 (.text:SockPcbFindRaw)
                  803495e0    00000120                         : sock.oe66 (.text:SockShutdown)
                  80349700    00000120                         : tcp6prot.oe66 (.text:TCP6PrAttach)
                  80349820    00000120                         : tcpprot.oe66 (.text:TcpPrAttach)
                  80349940    00000120     nettool.ae66 : telnetd.oe66 (.text:TelnetOpen)
                  80349a60    00000120     stk6_ppp_pppoe.ae66 : rtable.oe66 (.text:_RtNodeInsert)
                  80349b80    00000120     rts6600_elf_mt.lib : fclose.obj (.text:_closefile)
                  80349ca0    00000120                        : _printfi.obj (.text:_ltostr)
                  80349dc0    00000120     os.ae66 : mem.oe66 (.text:_mmInit)
                  80349ee0    00000120     nettool.ae66 : daemon.oe66 (.text:dchild)
                  8034a000    00000120     stk6_ppp_pppoe.ae66 : fileuser.oe66 (.text:fdOpenSession)
                  8034a120    00000120     nettool.ae66 : http.oe66 (.text:httpOpen)
                  8034a240    00000120     stk6_ppp_pppoe.ae66 : lcp.oe66 (.text:lcpOpen)
                  8034a360    00000120                         : lcp.oe66 (.text:lcpReject)
                  8034a480    00000120                         : socket.oe66 (.text:socket)
                  8034a5a0    00000120     sysbios.ae66 : BIOS.obj (.text:ti_sysbios_BIOS_rtsUnlock__I)
                  8034a6c0    00000120                  : BIOS.obj (.text:ti_sysbios_knl_Clock_startI__E)
                  8034a7e0    00000120     ti.targets.rts6000.ae66 : LoggerBuf.oe66 (.text:xdc_runtime_LoggerBuf_setFilterLevel__F)
                  8034a900    00000120                             : Text.oe66 (.text:xdc_runtime_Text_putMod__F)
                  8034aa20    00000100     nettool.ae66 : config.oe66 (.text:CfgNew)
                  8034ab20    00000100                  : config.oe66 (.text:CfgSetExecuteOrder)
                  8034ac20    00000100     os.ae66 : ossys.oe66 (.text:DbgPrintf)
                  8034ad20    00000100     stk6_ppp_pppoe.ae66 : igmp.oe66 (.text:IGMPTimer)
                  8034ae20    00000100                         : ipv6.oe66 (.text:IPv6GetSubnetMaskFromBits)
                  8034af20    00000100                         : ipv6_frag.oe66 (.text:IPv6ReasmTimeout)
                  8034b020    00000100                         : rtc.oe66 (.text:RTCMsg)
                  8034b120    00000100                         : rawethsock.oe66 (.text:RawEthSockCheck)
                  8034b220    00000100                         : route.oe66 (.text:RtRedirect)
                  8034b320    00000100                         : sockint.oe66 (.text:SockValidateRoute)
                  8034b420    00000100     nettool.ae66 : dhcpsm.oe66 (.text:StateSelecting)
                  8034b520    00000100     stk6_ppp_pppoe.ae66 : tcp6prot.oe66 (.text:TCP6PrInherit)
                  8034b620    00000100                         : tcp6time.oe66 (.text:TCP6XmitTimer)
                  8034b720    00000100                         : tcpprot.oe66 (.text:TcpPrInherit)
                  8034b820    00000100                         : tcptime.oe66 (.text:TcpXmitTimer)
                  8034b920    00000100                         : rtable.oe66 (.text:_RtNodeRemove)
                  8034ba20    00000100     rts6600_elf_mt.lib : _io_perm.obj (.text:_wrt_ok)
                  8034bb20    00000100     stk6_ppp_pppoe.ae66 : file.oe66 (.text:fdint_unlockfd)
                  8034bc20    00000100                         : socket.oe66 (.text:listen)
                  8034bd20    00000100     os.ae66 : mem.oe66 (.text:mmFree)
                  8034be20    00000100     sysbios.ae66 : BIOS.obj (.text:ti_sysbios_family_c64p_EventCombiner_dispatch__F)
                  8034bf20    00000100                  : BIOS.obj (.text:ti_sysbios_knl_Swi_restoreHwi__E)
                  8034c020    00000100                  : BIOS.obj (.text:ti_sysbios_timers_timer64_Timer_initDevice__I)
                  8034c120    00000100     stk6_ppp_pppoe.ae66 : lliin.oe66 (.text:updateRtTable)
                  8034c220    00000100     ti.targets.rts6000.ae66 : Core-mem.oe66 (.text:xdc_runtime_Core_deleteObject__I)
                  8034c320    00000100                             : LoggerBuf.oe66 (.text:xdc_runtime_LoggerBuf_getFilterLevel__F)
                  8034c420    00000100                             : Startup.oe66 (.text:xdc_runtime_Startup_exec__F)
                  8034c520    00000100                             : Text.oe66 (.text:xdc_runtime_Text_visitRope2__I)
                  8034c620    000000e0     stk6_ppp_pppoe.ae66 : bind6.oe66 (.text:Bind6GetLinkLocalAddress)
                  8034c700    000000e0     nettool.ae66 : config.oe66 (.text:CfgGetEntryCnt)
                  8034c7e0    000000e0                  : dhcpmain.oe66 (.text:DHCPClose)
                  8034c8c0    000000e0     rts6600_elf_mt.lib : trgdrv.obj (.text:HOSTlseek)
                  8034c9a0    000000e0                        : trgdrv.obj (.text:HOSTopen)
                  8034ca80    000000e0     stk6_ppp_pppoe.ae66 : icmpv6in.oe66 (.text:ICMPv6SocketErrorInterface)
                  8034cb60    000000e0                         : igmp.oe66 (.text:IGMPLeave)
                  8034cc40    000000e0                         : ipv6_frag.oe66 (.text:IPv6FindFragQ)
                  8034cd20    000000e0                         : ipv6.oe66 (.text:IPv6Layer4ComputeChecksum)
                  8034ce00    000000e0                         : lli6.oe66 (.text:LLI6Msg)
                  8034cee0    000000e0                         : lli6.oe66 (.text:LLI6Update)
                  8034cfc0    000000e0                         : mld.oe66 (.text:MLDFindMulticastNode)
                  8034d0a0    000000e0                         : nimu.oe66 (.text:NIMUAllocateIndex)
                  8034d180    000000e0                         : nimu.oe66 (.text:NIMUAllocateName)
                  8034d260    000000e0                         : node.oe66 (.text:NodeDeRef)
                  8034d340    000000e0                         : node.oe66 (.text:NodeNew)
                  8034d420    000000e0                         : node.oe66 (.text:NodeTreeNew)
                  8034d500    000000e0                         : pbm.oe66 (.text:PBMQ_enq)
                  8034d5e0    000000e0                         : pbm.oe66 (.text:PBM_copy)
                  8034d6c0    000000e0                         : rawethsock.oe66 (.text:RawEthSockNotify)
                  8034d7a0    000000e0                         : rawethsock_pcb.oe66 (.text:RawEthSockPcbAttach)
                  8034d880    000000e0                         : rawethsock.oe66 (.text:RawEthSockSend)
                  8034d960    000000e0                         : route6.oe66 (.text:Route6Msg)
                  8034da40    000000e0                         : route.oe66 (.text:RtDeRef)
                  8034db20    000000e0                         : route.oe66 (.text:RtRemove)
                  8034dc00    000000e0                         : sb.oe66 (.text:SBSetMax)
                  8034dce0    000000e0                         : sock6int.oe66 (.text:Sock6SpawnAbort)
                  8034ddc0    000000e0                         : sock6int.oe66 (.text:Sock6ValidateRoute)
                  8034dea0    000000e0                         : sock.oe66 (.text:SockDisconnect)
                  8034df80    000000e0                         : sockint.oe66 (.text:SockSpawnAbort)
                  8034e060    000000e0                         : tcp6prot.oe66 (.text:TCP6PrDetach)
                  8034e140    000000e0                         : tcp6prot.oe66 (.text:TCP6PrDisconnect)
                  8034e220    000000e0                         : tcp6prot.oe66 (.text:TCP6ValidateMetrics)
                  8034e300    000000e0                         : tcpprot.oe66 (.text:TcpPrDetach)
                  8034e3e0    000000e0                         : tcpprot.oe66 (.text:TcpPrDisconnect)
                  8034e4c0    000000e0                         : tcpprot.oe66 (.text:TcpValidateMetrics)
                  8034e5a0    000000e0                         : timer.oe66 (.text:TimerListInsert)
                  8034e680    000000e0                         : udp.oe66 (.text:UdpChecksum)
                  8034e760    000000e0                         : vlan.oe66 (.text:VLANDeinit)
                  8034e840    000000e0                         : vlan.oe66 (.text:VLANReceivePacket)
                  8034e920    000000e0     nettool.ae66 : config.oe66 (.text:_CfgEntryScan)
                  8034ea00    000000e0     stk6_ppp_pppoe.ae66 : lli.oe66 (.text:_LLIExpListInsert)
                  8034eae0    000000e0                         : rtable.oe66 (.text:_RtExpListInsert)
                  8034ebc0    000000e0     rts6600_elf_mt.lib : divi.obj (.text:__divi)
                  8034eca0    000000e0                        : _printfi.obj (.text:_div)
                  8034ed80    000000e0                        : atoi.obj (.text:atoi)
                  8034ee60    000000e0                        : lowlev.obj (.text:close)
                  8034ef40    000000e0                        : copy_zero_init.obj (.text:decompress:ZI:__TI_zero_init)
                  8034f020    000000e0     os.ae66 : efs.oe66 (.text:efs_internal_remove)
                  8034f100    000000e0     rts6600_elf_mt.lib : exit.obj (.text:exit)
                  8034f1e0    000000e0     stk6_ppp_pppoe.ae66 : file.oe66 (.text:fdint_lockfd)
                  8034f2c0    000000e0     rts6600_elf_mt.lib : fflush.obj (.text:fflush)
                  8034f3a0    000000e0     nettool.ae66 : httpclie.oe66 (.text:httpGetMimeBits)
                  8034f480    000000e0     os.ae66 : task.oe66 (.text:llExit)
                  8034f560    000000e0     rts6600_elf_mt.lib : ltoa.obj (.text:ltoa)
                  8034f640    000000e0                        : memset.obj (.text:memset)
                  8034f720    000000e0     os.ae66 : mem.oe66 (.text:mmBulkAlloc)
                  8034f800    000000e0     stk6_ppp_pppoe.ae66 : nimuppp.oe66 (.text:pppFree)
                  8034f8e0    000000e0     rts6600_elf_mt.lib : printf.obj (.text:printf)
                  8034f9c0    000000e0     sysbios.ae66 : BIOS.obj (.text:ti_sysbios_knl_Clock_start__E)
                  8034faa0    000000e0     ti.targets.rts6000.ae66 : Error.oe66 (.text:xdc_runtime_Error_print__F)
                  8034fb80    000000e0                             : Memory.oe66 (.text:xdc_runtime_Memory_alloc__F)
                  8034fc60    000000c0     rts6600_elf_mt.lib : trgdrv.obj (.text:HOSTread)
                  8034fd20    000000c0                        : trgdrv.obj (.text:HOSTwrite)
                  8034fde0    000000c0     stk6_ppp_pppoe.ae66 : icmpv6in.oe66 (.text:ICMPv6RecvDstUnreachable)
                  8034fea0    000000c0                         : lli.oe66 (.text:LLIGetValidTime)
                  8034ff60    000000c0                         : lli.oe66 (.text:LLIMsg)
                  80350020    000000c0                         : mld.oe66 (.text:MLDCreateMulticastNode)
                  803500e0    000000c0                         : mld.oe66 (.text:MLDLeaveGroup)
                  803501a0    000000c0                         : nimu.oe66 (.text:NIMUFindByName)
                  80350260    000000c0     netctrl.ae66 : netsrv.oe66 (.text:NS_BootTask)
                  80350320    000000c0     stk6_ppp_pppoe.ae66 : node.oe66 (.text:NodeUpdatePL)
                  803503e0    000000c0     nettool.ae66 : ipaddr.oe66 (.text:NtIfIdx2Ip)
                  803504a0    000000c0     ti.drv.qmss.ae66 : qmss_drv.oe66 (.text:Qmss_setEoiVector)
                  80350560    000000c0     stk6_ppp_pppoe.ae66 : route6.oe66 (.text:Rt6FindDefaultRouter)
                  80350620    000000c0                         : rtable.oe66 (.text:RtWalkBegin)
                  803506e0    000000c0                         : sb6.oe66 (.text:SB6Flush)
                  803507a0    000000c0                         : sb6.oe66 (.text:SB6SetMax)
                  80350860    000000c0                         : sb.oe66 (.text:SBFlush)
                  80350920    000000c0                         : sock6.oe66 (.text:Sock6IntAbort)
                  803509e0    000000c0                         : sock6pcb.oe66 (.text:Sock6PcbResolveChain)
                  80350aa0    000000c0                         : sock6pcb.oe66 (.text:Sock6PcbRtChange)
                  80350b60    000000c0                         : sock.oe66 (.text:SockIntAbort)
                  80350c20    000000c0                         : sockpcb.oe66 (.text:SockPcbRtChange)
                  80350ce0    000000c0                         : tcp6prot.oe66 (.text:TCP6Close)
                  80350da0    000000c0                         : tcp6time.oe66 (.text:TCP6TimeoutSackRexmt)
                  80350e60    000000c0     os.ae66 : task.oe66 (.text:TaskGetEnv)
                  80350f20    000000c0     stk6_ppp_pppoe.ae66 : tcp.oe66 (.text:TcpChecksum)
                  80350fe0    000000c0                         : tcpprot.oe66 (.text:TcpClose)
                  803510a0    000000c0                         : tcptime.oe66 (.text:TcpTimeoutSackRexmt)
                  80351160    000000c0                         : bind6.oe66 (.text:_Bind6FindByHostInList)
                  80351220    000000c0                         : bind6.oe66 (.text:_Bind6FindByNetInList)
                  803512e0    000000c0     rts6600_elf_mt.lib : dtor_list.obj (.text:__cxa_finalize)
                  803513a0    000000c0                        : divu.obj (.text:__divu)
                  80351460    000000c0                        : remi.obj (.text:__remi)
                  80351520    000000c0                        : fflush.obj (.text:_doflush)
                  803515e0    000000c0     ti.drv.cppi.ae66 : cppi_listlib.oe66 (.text:cppi_list_remove_node)
                  803516a0    000000c0     nettool.ae66 : dhcptags.oe66 (.text:dhcpOptionsClear)
                  80351760    000000c0     os.ae66 : efs.oe66 (.text:efs_fopen)
                  80351820    000000c0     nettool.ae66 : httpsend.oe66 (.text:httpSendFullResponse)
                  803518e0    000000c0     os.ae66 : mem.oe66 (.text:mmZeroInit)
                  803519a0    000000c0     rts6600_elf_mt.lib : _mutex.obj (.text:mutex_init)
                  80351a60    000000c0     stk6_ppp_pppoe.ae66 : nimuppp.oe66 (.text:pppAddIP)
                  80351b20    000000c0     rts6600_elf_mt.lib : _pthread.obj (.text:pthread_mutex_lock)
                  80351be0    000000c0                        : _pthread.obj (.text:pthread_mutex_unlock)
                  80351ca0    000000c0                        : _pthread.obj (.text:pthread_once)
                  80351d60    000000c0     sysbios.ae66 : BIOS.obj (.text:ti_sysbios_BIOS_errorRaiseHook__I)
                  80351e20    000000c0                  : BIOS.obj (.text:ti_sysbios_heaps_HeapMem_getStats__E)
                  80351ee0    000000c0                  : BIOS.obj (.text:ti_sysbios_knl_Clock_logTick__E)
                  80351fa0    000000c0     Disparity_pe66.oe66 (.text:ti_sysbios_knl_Task_Object__create__S)
                  80352060    000000c0     sysbios.ae66 : BIOS.obj (.text:ti_sysbios_knl_Task_allBlockedFunction__I)
                  80352120    000000c0                  : BIOS.obj (.text:ti_sysbios_timers_timer64_Timer_startup__E)
                  803521e0    000000c0     ti.targets.rts6000.ae66 : LoggerBuf.oe66 (.text:xdc_runtime_LoggerBuf_Instance_init__F)
                  803522a0    000000c0     Disparity_pe66.oe66 (.text:xdc_runtime_LoggerBuf_Object__create__S)
                  80352360    000000c0     ti.targets.rts6000.ae66 : System.oe66 (.text:xdc_runtime_System_formatNum__I)
                  80352420    000000a0     nettool.ae66 : config.oe66 (.text:CfgEntryDeRef)
                  803524c0    000000a0                  : config.oe66 (.text:CfgEntryGetData)
                  80352560    000000a0                  : config.oe66 (.text:CfgGetImmediate)
                  80352600    000000a0                  : telnetd.oe66 (.text:CmdWriteBytes)
                  803526a0    000000a0                  : telnetd.oe66 (.text:CmdWriteCmd)
                  80352740    000000a0     ti.drv.cppi.ae66 : cppi_drv.oe66 (.text:Cppi_channelEnable)
                  803527e0    000000a0     stk6_ppp_pppoe.ae66 : file.oe66 (.text:FdSignalEvent)
                  80352880    000000a0     rts6600_elf_mt.lib : trgdrv.obj (.text:HOSTunlink)
                  80352920    000000a0     stk6_ppp_pppoe.ae66 : ipfrag.oe66 (.text:IPReasmFree)
                  803529c0    000000a0                         : ipfrag.oe66 (.text:IPReasmTimeout)
                  80352a60    000000a0                         : ipv6.oe66 (.text:IPv6CompareAddress)
                  80352b00    000000a0                         : lliin.oe66 (.text:LLIValidateRoute)
                  80352ba0    000000a0                         : md5.oe66 (.text:MD5Final)
                  80352c40    000000a0                         : nimu.oe66 (.text:NIMUShutdown)
                  80352ce0    000000a0                         : nimu.oe66 (.text:NIMUUnregister)
                  80352d80    000000a0     nettool.ae66 : ipaddr.oe66 (.text:NtAddNetwork)
                  80352e20    000000a0     stk6_ppp_pppoe.ae66 : pbm.oe66 (.text:PBM_open)
                  80352ec0    000000a0                         : pipe.oe66 (.text:PipeCheck)
                  80352f60    000000a0     ti.drv.qmss.ae66 : qmss_drv.oe66 (.text:Qmss_queueClose)
                  80353000    000000a0                      : qmss_drv.oe66 (.text:Qmss_startCfg)
                  803530a0    000000a0     stk6_ppp_pppoe.ae66 : rtable.oe66 (.text:RouteMsg)
                  80353140    000000a0                         : route.oe66 (.text:RtNew)
                  803531e0    000000a0                         : sb6.oe66 (.text:SB6Free)
                  80353280    000000a0                         : sb.oe66 (.text:SBFree)
                  80353320    000000a0     os.ae66 : semaphore.oe66 (.text:SemCreate)
                  803533c0    000000a0             : semaphore.oe66 (.text:SemCreateBinary)
                  80353460    000000a0     stk6_ppp_pppoe.ae66 : sock6pcb.oe66 (.text:Sock6CleanPcb)
                  80353500    000000a0                         : sock6.oe66 (.text:Sock6GetName)
                  803535a0    000000a0                         : sock.oe66 (.text:SockBind)
                  80353640    000000a0                         : sockpcb.oe66 (.text:SockCleanPcb)
                  803536e0    000000a0                         : sockpcb.oe66 (.text:SockPcbResolveChain)
                  80353780    000000a0                         : tcp6prot.oe66 (.text:TCP6Drop)
                  80353820    000000a0                         : tcp6prot.oe66 (.text:TCP6PrCtlError)
                  803538c0    000000a0                         : tcp6prot.oe66 (.text:TCP6PrSend)
                  80353960    000000a0                         : tcp6prot.oe66 (.text:TCP6PrSendOOB)
                  80353a00    000000a0     os.ae66 : task.oe66 (.text:TaskCreate)
                  80353aa0    000000a0     stk6_ppp_pppoe.ae66 : tcpprot.oe66 (.text:TcpDrop)
                  80353b40    000000a0                         : tcpprot.oe66 (.text:TcpPrCtlError)
                  80353be0    000000a0                         : tcpprot.oe66 (.text:TcpPrSend)
                  80353c80    000000a0                         : tcpprot.oe66 (.text:TcpPrSendOOB)
                  80353d20    000000a0                         : timer.oe66 (.text:TimerNew)
                  80353dc0    000000a0     nettool.ae66 : config.oe66 (.text:_CfgRelease)
                  80353e60    000000a0     stk6_ppp_pppoe.ae66 : lli.oe66 (.text:_LLITimeoutFlush)
                  80353f00    000000a0     rts6600_elf_mt.lib : dtor_list.obj (.text:_Z11__TI_atexitPFYvPvES_S_)
                  80353fa0    000000a0                        : fltullf.obj (.text:__c6xabi_fltullf)
                  80354040    000000a0                        : remu.obj (.text:__remu)
                  803540e0    000000a0     boot.ae66 : boot.oe66 (.text:_c_int00)
                  80354180    000000a0     rts6600_elf_mt.lib : fopen.obj (.text:_cleanup)
                  80354220    000000a0                        : _printfi.obj (.text:_ecpy)
                  803542c0    000000a0                        : _printfi.obj (.text:_fcpy)
                  80354360    000000a0                        : _printfi.obj (.text:_pconv_f)
                  80354400    000000a0     stk6_ppp_pppoe.ae66 : auth.oe66 (.text:authStart)
                  803544a0    000000a0     ti.drv.cppi.ae66 : cppi_heap.oe66 (.text:cppi_internal_heap_malloc)
                  80354540    000000a0                      : cppi_listlib.oe66 (.text:cppi_list_cat)
                  803545e0    000000a0     nettool.ae66 : dhcpbild.oe66 (.text:dhcpBuildDecline)
                  80354680    000000a0                  : dhcpsm.oe66 (.text:dhcpIPRemove)
                  80354720    000000a0     os.ae66 : efs.oe66 (.text:efs_filesend)
                  803547c0    000000a0     stk6_ppp_pppoe.ae66 : fileuser.oe66 (.text:fdCloseSession)
                  80354860    000000a0     rts6600_elf_mt.lib : lowlev.obj (.text:finddevice)
                  80354900    000000a0     stk6_ppp_pppoe.ae66 : lcp.oe66 (.text:lcpInit)
                  803549a0    000000a0                         : lcp.oe66 (.text:lcpSendTerm)
                  80354a40    000000a0                         : sock6.oe66 (.text:leaveGroup)
                  80354ae0    000000a0     hal_timer_bios.ae66 : lltimer.oe66 (.text:llTimerTick)
                  80354b80    000000a0     rts6600_elf_mt.lib : lowlev.obj (.text:lseek)
                  80354c20    000000a0                        : memcpy64.obj (.text:memcpy)
                  80354cc0    000000a0     os.ae66 : mem.oe66 (.text:mmBulkFree)
                  80354d60    000000a0             : mem.oe66 (.text:mmInitPage)
                  80354e00    000000a0     rts6600_elf_mt.lib : _mutex.obj (.text:mutex_unlock)
                  80354ea0    000000a0     ti.drv.pa.ae66 : pa.oe66 (.text:pa_format_fcmd_header)
                  80354f40    000000a0                    : pa.oe66 (.text:pa_pdsp_run)
                  80354fe0    000000a0     os.ae66 : ossys.oe66 (.text:stricmp)
                  80355080    000000a0     rts6600_elf_mt.lib : strstr.obj (.text:strstr)
                  80355120    000000a0     sysbios.ae66 : BIOS.obj (.text:ti_sysbios_family_c64p_Hwi_eventMap__E)
                  803551c0    000000a0                  : BIOS.obj (.text:ti_sysbios_family_c64p_Hwi_getStackInfo__E)
                  80355260    000000a0                  : BIOS.obj (.text:ti_sysbios_heaps_HeapMem_init__I)
                  80355300    000000a0                  : BIOS.obj (.text:ti_sysbios_knl_Idle_run__E)
                  803553a0    000000a0                  : BIOS.obj (.text:ti_sysbios_knl_Semaphore_pendTimeout__I)
                  80355440    000000a0                  : BIOS.obj (.text:ti_sysbios_knl_Task_deleteTerminatedTasksFunc__I)
                  803554e0    000000a0                  : BIOS.obj (.text:ti_sysbios_knl_Task_processVitalTaskFlag__I)
                  80355580    000000a0                  : BIOS.obj (.text:ti_sysbios_timers_timer64_Timer_stop__E)
                  80355620    000000a0     rts6600_elf_mt.lib : lowlev.obj (.text:write)
                  803556c0    000000a0     ti.targets.rts6000.ae66 : Assert.oe66 (.text:xdc_runtime_Assert_raise__I)
                  80355760    000000a0                             : LoggerBuf.oe66 (.text:xdc_runtime_LoggerBuf_Module_startup__F)
                  80355800    000000a0     Disparity_pe66.oe66 (.text:xdc_runtime_LoggerBuf_write8__E)
                  803558a0    000000a0     ti.targets.rts6000.ae66 : Text.oe66 (.text:xdc_runtime_Text_xprintf__I)
                  80355940    00000080     ti.drv.cppi.ae66 : cppi_drv.oe66 (.text:Cppi_setCpdmaLoopback)
                  803559c0    00000080     stk6_ppp_pppoe.ae66 : md5.oe66 (.text:Decode)
                  80355a40    00000080     rts6600_elf_mt.lib : trgdrv.obj (.text:HOSTclose)
                  80355ac0    00000080     stk6_ppp_pppoe.ae66 : icmp.oe66 (.text:ICMPChecksum)
                  80355b40    00000080                         : icmpv6in.oe66 (.text:ICMPv6RecvParamProblem)
                  80355bc0    00000080                         : icmpv6_ndisc.oe66 (.text:ICMPv6RecvRS)
                  80355c40    00000080                         : icmpv6in.oe66 (.text:ICMPv6RecvTimeExceeded)
                  80355cc0    00000080                         : ipv6out.oe66 (.text:IPv6GetRoute)
                  80355d40    00000080                         : lli6.oe66 (.text:LLI6Free)
                  80355dc0    00000080                         : lli6.oe66 (.text:LLI6IsRouterStatMachine)
                  80355e40    00000080                         : nimu.oe66 (.text:NIMUInit)
                  80355ec0    00000080                         : pbm.oe66 (.text:PBMQ_deq)
                  80355f40    00000080                         : nimuppp.oe66 (.text:PPPSend)
                  80355fc0    00000080     ti.drv.pa.ae66 : painit.oe66 (.text:Pa_getBufferReq)
                  80356040    00000080     stk6_ppp_pppoe.ae66 : pipe.oe66 (.text:PipeClose)
                  803560c0    00000080     ti.drv.qmss.ae66 : qmss_drv.oe66 (.text:Qmss_getMemRegQueueHandle)
                  80356140    00000080                      : qmss_drv.oe66 (.text:Qmss_queueOpen)
                  803561c0    00000080     stk6_ppp_pppoe.ae66 : rawethsock.oe66 (.text:RawEthSockClose)
                  80356240    00000080                         : rawethsock_pcb.oe66 (.text:RawEthSockPcbDetach)
                  803562c0    00000080                         : route6.oe66 (.text:Rt6Update)
                  80356340    00000080                         : route.oe66 (.text:RtSetFailure)
                  803563c0    00000080                         : route.oe66 (.text:RtSetTimeout)
                  80356440    00000080                         : sock6.oe66 (.text:Sock6Bind)
                  803564c0    00000080                         : sock6pcb.oe66 (.text:Sock6PcbCleanup)
                  80356540    00000080                         : sock.oe66 (.text:SockGetName)
                  803565c0    00000080                         : sockpcb.oe66 (.text:SockPcbCleanup)
                  80356640    00000080                         : sockpcb.oe66 (.text:SockPcbDetach)
                  803566c0    00000080                         : tcp6prot.oe66 (.text:TCP6PrListen)
                  80356740    00000080     os.ae66 : task.oe66 (.text:TaskSetEnv)
                  803567c0    00000080     stk6_ppp_pppoe.ae66 : tcpprot.oe66 (.text:TcpPrListen)
                  80356840    00000080                         : timer.oe66 (.text:TimerHSTick)
                  803568c0    00000080                         : timer.oe66 (.text:TimerListRemove)
                  80356940    00000080     nettool.ae66 : config.oe66 (.text:_CfgAcquire)
                  803569c0    00000080     stk6_ppp_pppoe.ae66 : lli.oe66 (.text:_LLIExpListRemove)
                  80356a40    00000080                         : rtc.oe66 (.text:_RTCSendRtAdv)
                  80356ac0    00000080                         : rtable.oe66 (.text:_RtExpListRemove)
                  80356b40    00000080     rts6600_elf_mt.lib : _mutex.obj (.text:__TI_resource_lock)
                  80356bc0    00000080                        : llshift.obj (.text:__c6xabi_llshl)
                  80356c40    00000080     sysbios.ae66 : c62_TaskSupport_asm.obj (.text:_ti_sysbios_family_c62_TaskSupport_swap__E)
                  80356cc0    00000080     ti.drv.cppi.ae66 : cppi_heap.oe66 (.text:cppi_internal_heap_cache_begin)
                  80356d40    00000080                      : cppi_listlib.oe66 (.text:cppi_list_remove)
                  80356dc0    00000080     nettool.ae66 : dhcpsock.oe66 (.text:dhcpSocketClose)
                  80356e40    00000080     os.ae66 : efs.oe66 (.text:efs_fclose)
                  80356ec0    00000080             : efs.oe66 (.text:efs_findfile)
                  80356f40    00000080     stk6_ppp_pppoe.ae66 : file.oe66 (.text:fdint_waitevent)
                  80356fc0    00000080     nettool.ae66 : httpsend.oe66 (.text:httpSendEntityLength)
                  80357040    00000080                  : httpsend.oe66 (.text:httpSendErrorResponse)
                  803570c0    00000080     hal_timer_bios.ae66 : lltimer.oe66 (.text:llTimerGetTime)
                  80357140    00000080     Disparity_pe66.oe66 (.text:malloc)
                  803571c0    00000080     rts6600_elf_mt.lib : _mutex.obj (.text:mutex_lock)
                  80357240    00000080     ti.drv.pa.ae66 : pa.oe66 (.text:pa_uint8_match)
                  803572c0    00000080     rts6600_elf_mt.lib : _pthread.obj (.text:pthread_mutex_init)
                  80357340    00000080                        : trgmsg.obj (.text:readmsg)
                  803573c0    00000080     nettool.ae66 : httpsend.oe66 (.text:strcat)
                  80357440    00000080     rts6600_elf_mt.lib : strncpy.obj (.text:strncpy)
                  803574c0    00000080     ti.drv.pa.ae66 : pa.oe66 (.text:swizFcmd)
                  80357540    00000080     ti.platform.evm6678l.ae66 : evm66x_i2c.obj (.text)
                  803575c0    00000080     sysbios.ae66 : BIOS.obj (.text:ti_sysbios_BIOS_registerRTSLock__I)
                  80357640    00000080     Disparity_pe66.oe66 (.text:ti_sysbios_gates_GateHwi_Object__create__S)
                  803576c0    00000080     Disparity_pe66.oe66 (.text:ti_sysbios_gates_GateMutex_Object__create__S)
                  80357740    00000080     sysbios.ae66 : BIOS.obj (.text:ti_sysbios_hal_Hwi_checkStack:ti_sysbios_hal_Hwi_checkStack)
                  803577c0    00000080                  : BIOS.obj (.text:ti_sysbios_hal_Hwi_initStack:ti_sysbios_hal_Hwi_initStack)
                  80357840    00000080     Disparity_pe66.oe66 (.text:ti_sysbios_heaps_HeapMem_Object__create__S)
                  803578c0    00000080     sysbios.ae66 : BIOS.obj (.text:ti_sysbios_knl_Clock_Module_startup__F)
                  80357940    00000080     Disparity_pe66.oe66 (.text:ti_sysbios_knl_Clock_Object__create__S)
                  803579c0    00000080     sysbios.ae66 : BIOS.obj (.text:ti_sysbios_knl_Clock_getTicks__E)
                  80357a40    00000080     Disparity_pe66.oe66 (.text:ti_sysbios_knl_Queue_Object__create__S)
                  80357ac0    00000080     Disparity_pe66.oe66 (.text:ti_sysbios_knl_Semaphore_Object__create__S)
                  80357b40    00000080     sysbios.ae66 : BIOS.obj (.text:ti_sysbios_knl_Swi_startup__E)
                  80357bc0    00000080                  : BIOS.obj (.text:ti_sysbios_knl_Task_restore__E)
                  80357c40    00000080                  : BIOS.obj (.text:ti_sysbios_timers_timer64_Timer_getCount__E)
                  80357cc0    00000080                  : BIOS.obj (.text:ti_sysbios_timers_timer64_Timer_getPeriod__E)
                  80357d40    00000080     rts6600_elf_mt.lib : trgmsg.obj (.text:writemsg)
                  80357dc0    00000080     ti.targets.rts6000.ae66 : Core-label.oe66 (.text:xdc_runtime_Core_assignLabel__I)
                  80357e40    00000080                             : Core-params.oe66 (.text:xdc_runtime_Core_assignParams__I)
                  80357ec0    00000080                             : LoggerBuf.oe66 (.text:xdc_runtime_LoggerBuf_filterOutEvent__I)
                  80357f40    00000080                             : System.oe66 (.text:xdc_runtime_System_atexit__F)
                  80357fc0    00000080                             : System.oe66 (.text:xdc_runtime_System_putchar__I)
                  80358040    00000080                             : System.oe66 (.text:xdc_runtime_System_rtsExit__I)
                  803580c0    00000080                             : Text.oe66 (.text:xdc_runtime_Text_printVisFxn__I)
                  80358140    00000060     stk6_ppp_pppoe.ae66 : bind6.oe66 (.text:Bind6FindByIF)
                  803581a0    00000060                         : bind6.oe66 (.text:Bind6IF2IPHost)
                  80358200    00000060                         : bind.oe66 (.text:BindFindByHost)
                  80358260    00000060                         : bind.oe66 (.text:BindFindByIF)
                  803582c0    00000060                         : bind.oe66 (.text:BindFindByNet)
                  80358320    00000060                         : bind.oe66 (.text:BindGetIFByDBCast)
                  80358380    00000060                         : bind.oe66 (.text:BindIF2IPHost)
                  803583e0    00000060     nettool.ae66 : config.oe66 (.text:CfgEntryInfo)
                  80358440    00000060                  : config.oe66 (.text:CfgSetService)
                  803584a0    00000060     stk6_ppp_pppoe.ae66 : md5.oe66 (.text:Encode)
                  80358500    00000060                         : exec.oe66 (.text:ExecBroadcast)
                  80358560    00000060                         : igmp.oe66 (.text:IGMPTestGroup)
                  803585c0    00000060                         : ip.oe66 (.text:IPChecksum)
                  80358620    00000060                         : lli.oe66 (.text:LLIFree)
                  80358680    00000060     netctrl.ae66 : netctrl.oe66 (.text:NC_SystemClose)
                  803586e0    00000060     stk6_ppp_pppoe.ae66 : nimu.oe66 (.text:NIMUAddHeader)
                  80358740    00000060                         : nimu.oe66 (.text:NIMUCreatePacket)
                  803587a0    00000060                         : nimu.oe66 (.text:NIMUFindByIndex)
                  80358800    00000060                         : nimu.oe66 (.text:NIMUPacketService)
                  80358860    00000060                         : nimu.oe66 (.text:NIMUPacketServiceCheck)
                  803588c0    00000060                         : nimu.oe66 (.text:NIMUSendPacket)
                  80358920    00000060     netctrl.ae66 : netsrv.oe66 (.text:NS_PreBoot)
                  80358980    00000060     stk6_ppp_pppoe.ae66 : node.oe66 (.text:NodeGetRt)
                  803589e0    00000060                         : nimuppp.oe66 (.text:PPPStart)
                  80358a40    00000060                         : rtc.oe66 (.text:RTCAddHook)
                  80358aa0    00000060                         : rtc.oe66 (.text:RTCRemoveHook)
                  80358b00    00000060                         : rawethsock_pcb.oe66 (.text:RawEthSockPcbCleanup)
                  80358b60    00000060                         : rawethsock_pcb.oe66 (.text:RawEthSockPcbFind)
                  80358bc0    00000060                         : route6.oe66 (.text:Rt6GetNetworkAddr)
                  80358c20    00000060                         : rtable.oe66 (.text:RtWalkEnd)
                  80358c80    00000060     netctrl.ae66 : netsrv.oe66 (.text:ServiceCallback)
                  80358ce0    00000060     stk6_ppp_pppoe.ae66 : sock6pcb.oe66 (.text:Sock6PcbDetach)
                  80358d40    00000060                         : sock6prot.oe66 (.text:Sock6PrCtlError)
                  80358da0    00000060                         : sock6prot.oe66 (.text:Sock6PrDetach)
                  80358e00    00000060                         : sockprot.oe66 (.text:SockPrCtlError)
                  80358e60    00000060                         : sockprot.oe66 (.text:SockPrDetach)
                  80358ec0    00000060                         : tcp6prot.oe66 (.text:TCP6PrConnect)
                  80358f20    00000060                         : tcp6time.oe66 (.text:TCP6SetPersist)
                  80358f80    00000060                         : tcp6time.oe66 (.text:TCP6TimeoutPersist)
                  80358fe0    00000060                         : tcpprot.oe66 (.text:TcpPrConnect)
                  80359040    00000060                         : tcptime.oe66 (.text:TcpSetPersist)
                  803590a0    00000060                         : tcptime.oe66 (.text:TcpTimeoutPersist)
                  80359100    00000060                         : vlan.oe66 (.text:VLANFindNode)
                  80359160    00000060                         : vlan.oe66 (.text:VLANFindSourceInterface)
                  803591c0    00000060                         : vlan.oe66 (.text:VLANInit)
                  80359220    00000060     nettool.ae66 : config.oe66 (.text:_CfgEntryProcess)
                  80359280    00000060     rts6600_elf_mt.lib : frcmpyd_div.obj (.text:__c6xabi_frcmpyd_div)
                  803592e0    00000060                        : llshift.obj (.text:__c6xabi_llshru)
                  80359340    00000060                        : imath64.obj (.text:_subcull)
                  803593a0    00000060     ti.drv.cppi.ae66 : cppi_listlib.oe66 (.text:cppi_list_add)
                  80359400    00000060                      : cppi_listlib.oe66 (.text:cppi_list_cache_invalidate)
                  80359460    00000060     rts6600_elf_mt.lib : _mutex.obj (.text:create_resource_mutexes)
                  803594c0    00000060                        : _mutex.obj (.text:destroy_resource_mutexes)
                  80359520    00000060     nettool.ae66 : dhcpbild.oe66 (.text:dhcpBuildDiscover)
                  80359580    00000060                  : dhcpsock.oe66 (.text:dhcpPacketReceive)
                  803595e0    00000060                  : dhcpsock.oe66 (.text:dhcpPacketSend)
                  80359640    00000060     stk6_ppp_pppoe.ae66 : fileuser.oe66 (.text:fdSelectAbort)
                  803596a0    00000060                         : file.oe66 (.text:fdint_clearevent)
                  80359700    00000060                         : file.oe66 (.text:fdint_getfdt)
                  80359760    00000060                         : file.oe66 (.text:fdint_setevent)
                  803597c0    00000060                         : fileuser.oe66 (.text:fdsetTestEntry)
                  80359820    00000060     nettool.ae66 : httpsend.oe66 (.text:httpSendClientStr)
                  80359880    00000060     stk6_ppp_pppoe.ae66 : ipcp.oe66 (.text:ipcpInit)
                  803598e0    00000060                         : ipcp.oe66 (.text:ipcpStart)
                  80359940    00000060                         : lcp.oe66 (.text:lcpClose)
                  803599a0    00000060                         : listlib.oe66 (.text:list_cat)
                  80359a00    00000060                         : listlib.oe66 (.text:list_remove_node)
                  80359a60    00000060     rts6600_elf_mt.lib : memccpy.obj (.text:memccpy)
                  80359ac0    00000060     os.ae66 : mem.oe66 (.text:mmUnInitPage)
                  80359b20    00000060     ti.drv.pa.ae66 : painit.oe66 (.text:pa_init_global_cfg)
                  80359b80    00000060                    : pa.oe66 (.text:pa_uint8_zero)
                  80359be0    00000060     stk6_ppp_pppoe.ae66 : nimupppoe.oe66 (.text:pppoeInput)
                  80359c40    00000060     rts6600_elf_mt.lib : _pthread.obj (.text:pthread_mutex_destroy)
                  80359ca0    00000060                        : strcpy.obj (.text:strcpy)
                  80359d00    00000060     Disparity_pe66.oe66 (.text:ti_ndk_config_Global_stackThread)
                  80359d60    00000060     Disparity_pe66.oe66 (.text:ti_sysbios_BIOS_exitFunc__I)
                  80359dc0    00000060     sysbios.ae66 : BIOS.obj (.text:ti_sysbios_BIOS_rtsLock__I)
                  80359e20    00000060                  : BIOS.obj (.text:ti_sysbios_family_c62_TaskSupport_start__E)
                  80359e80    00000060                  : BIOS.obj (.text:ti_sysbios_family_c64p_EventCombiner_Module_startup__F)
[...]
8035dc80   xdc_runtime_System_vsnprintf__F
8035dca0   NDK_vsprintf
8035dca0   xdc_runtime_System_vsprintf__E
8035dcc0   xdc_runtime_Text_cordText__E
8035dce0   xdc_runtime_Text_putLab__E
8035dd00   xdc_runtime_Text_putSite__E
8035dd20   xdc_runtime_Text_ropeText__E
8035dd40   xdc_runtime_Timestamp_SupportProxy_get32__E
8035dd40   xdc_runtime_Timestamp_get32__F
8035dd60   xdc_runtime_Timestamp_SupportProxy_getFreq__E
8035dd60   xdc_runtime_Timestamp_getFreq__F
8035dd80   xdc_runtime_Timestamp_get32__E
8035dda0   xdc_runtime_Timestamp_getFreq__E
8035ddc0   ti_ndk_config_Global_pit
8035df80   ti_ndk_config_Global_pitBuffer
80369f80   ti_sysbios_knl_Task_Instance_State_0_hookEnv__A
80369f88   ti_sysbios_knl_Task_Instance_State_1_hookEnv__A
80369f90   ti_sysbios_knl_Task_Instance_State_2_hookEnv__A
80369f98   xdc_runtime_LoggerBuf_Instance_State_0_entryArr__A
8036af50   _tmpnams
8036b090   qmssLObj
8036b398   IPV6_LINKLOCALMASK
8036b3a8   IPV6_MULTICASTMASK
8036b3b8   IPV6_UNSPECIFIED_ADDRESS
8036b3c8   IPV6_LOOPBACK_ADDRESS
8036b3d8   IPV6_HOST_MASK
8036b3e8   IPV6_ALL_NODES_ADDRESS
8036b3f8   IPV6_ALL_ROUTER_ADDRESS
8036b408   ipv6mcb
8036b460   tcps
8036b518   tpseudo
8036b524   tcp6_stats
8036b5dc   raweth_pcb
8036b5e0   _ICMPIn
8036b630   _ICMPOut
8036b67c   gPlatformInfo
8036b710   BlockMax
8036b730   BlockCount
8036b750   PageMax
8036b770   PageCount
8036b78c   ips
8036b7f4   nimu_mcb
8036b858   gI2cBlock
8036b89c   udps
8036b8c0   upseudo
8036b8d0   nimuGlobalConfigParams
8036b8e0   coreKey
8036b900   vlan_mcb
8036b928   udp6_stats
8036b950   gCppiCfg
8036b970   icmp6stats
8036b9a4   stkEvent
8036b9b4   raws
8036b9c4   raw6_stats
8036b9d4   raweths
8036b9e4   PBMQ_free
8036b9f0   c1
8036d7b8   m
8036f068   xdc_runtime_Text_charTab__A
80370660   c2
80372648   acc48_le
80372c78   ti_sysbios_family_c66_Cache_marvalues__C
80373f86   ti_sysbios_BIOS_Module__id__C
80373f88   _ctypes_
8037408a   ti_sysbios_family_c64p_EventCombiner_Module__id__C
8037408c   ti_sysbios_BIOS_Module__diagsEnabled__C
80374090   xdc_runtime_Text_nodeTab__A
803748d6   ti_sysbios_family_c64p_Exception_Module__id__C
803749fc   ti_sysbios_BIOS_Module__diagsIncluded__C
80374a00   pap_pdsp_const_reg_map
80374bc2   ti_sysbios_family_c64p_Exception_enableExternalMPC__C
80374cca   ti_sysbios_family_c64p_Exception_enablePrint__C
80374ccc   ti_sysbios_BIOS_Module__diagsMask__C
80374cd0   Code2Err
80374ec2   ti_sysbios_family_c64p_Exception_useInternalBuffer__C
80374ec4   ti_sysbios_knl_Task_Object__PARAMS__C
80374f00   xdc_runtime_LoggerBuf_Module__FXNS__C
80374f3c   ti_sysbios_BIOS_installedErrorHook__C
80374f40   xdc_runtime_Startup_sfxnTab__A
80375012   ti_sysbios_family_c64p_Hwi_Module__id__C
80375014   ti_sysbios_family_c62_TaskSupport_stackAlignment__C
80375018   ti_sysbios_knl_Task_hooks__A
803750cc   ti_sysbios_heaps_HeapMem_Module__FXNS__C
803750f4   xdc_runtime_LoggerBuf_Object__PARAMS__C
80375144   ti_sysbios_gates_GateHwi_Module__FXNS__C
80375168   ti_sysbios_gates_GateMutex_Module__FXNS__C
8037518c   ti_sysbios_heaps_HeapMem_Object__PARAMS__C
803751b0   ti_sysbios_knl_Clock_Object__PARAMS__C
803751d4   ti_sysbios_knl_Semaphore_Object__PARAMS__C
8037521c   ti_sysbios_gates_GateHwi_Object__DESC__C
8037523c   ti_sysbios_gates_GateMutex_Object__DESC__C
8037525c   ti_sysbios_heaps_HeapMem_Object__DESC__C
8037527c   ti_sysbios_knl_Clock_Object__DESC__C
8037529c   ti_sysbios_knl_Queue_Object__DESC__C
803752bc   ti_sysbios_knl_Semaphore_Object__DESC__C
803752dc   ti_sysbios_knl_Task_Object__DESC__C
803752fc   xdc_runtime_LoggerBuf_Object__DESC__C
8037531c   ti_sysbios_family_c64p_EventCombiner_E_unpluggedEvent__C
8037537a   ti_sysbios_family_c64p_Hwi_Module__loggerDefined__C
8037537c   ti_sysbios_family_c64p_Exception_E_exceptionMax__C
80375380   xdc_runtime_Startup_sfxnRts__A
8037539c   ti_sysbios_family_c64p_Exception_E_exceptionMin__C
80375400   ti_sysbios_gates_GateHwi_Object__PARAMS__C
80375418   ti_sysbios_gates_GateMutex_Object__PARAMS__C
80375430   ti_sysbios_knl_Queue_Object__PARAMS__C
803754aa   ti_sysbios_gates_GateMutex_Module__id__C
803754ac   ti_sysbios_family_c64p_Exception_exceptionHook__C
803754c2   ti_sysbios_hal_Hwi_Module__id__C
803754c4   ti_sysbios_family_c64p_Exception_externalHook__C
803754c8   paMemAligns
803754d8   ti_sysbios_family_c64p_EventCombiner_EVTMASK__C
80375510   ti_sysbios_family_c66_Cache_initSize__C
80375532   ti_sysbios_heaps_HeapMem_Module__id__C
80375534   ti_sysbios_family_c64p_Exception_internalHook__C
80375542   ti_sysbios_knl_Clock_Module__id__C
80375544   ti_sysbios_family_c64p_Exception_nmiHook__C
80375560   ti_sysbios_knl_Idle_coreList__A
80375568   ti_sysbios_knl_Idle_coreList__C
80375570   ti_sysbios_knl_Idle_funcList__A
80375578   ti_sysbios_knl_Idle_funcList__C
80375580   ti_sysbios_knl_Task_hooks__C
80375588   xdc_runtime_Startup_firstFxns__A
80375590   xdc_runtime_Startup_firstFxns__C
80375598   xdc_runtime_Startup_lastFxns__A
803755a0   xdc_runtime_Startup_lastFxns__C
803755ae   ti_sysbios_knl_Clock_Module__loggerDefined__C
803755b6   ti_sysbios_knl_Semaphore_Module__id__C
803755be   ti_sysbios_knl_Semaphore_Module__loggerDefined__C
803755c0   ti_sysbios_family_c64p_Hwi_LD_end__C
803755c4   ti_sysbios_family_c64p_Hwi_LM_begin__C
803755c8   ti_sysbios_family_c64p_Hwi_Module__diagsEnabled__C
803755cc   ti_sysbios_family_c64p_Hwi_Module__diagsIncluded__C
803755d0   ti_sysbios_family_c64p_Hwi_Module__diagsMask__C
803755d4   ti_sysbios_family_c64p_Hwi_Module__loggerFxn1__C
803755d8   ti_sysbios_family_c64p_Hwi_Module__loggerFxn8__C
803755dc   ti_sysbios_family_c64p_Hwi_Module__loggerObj__C
803755e0   ti_sysbios_family_c66_Cache_atomicBlockSize__C
803755e4   ti_sysbios_gates_GateMutex_A_badContext__C
803755e8   ti_sysbios_gates_GateMutex_Instance_State_sem__O
803755ec   ti_sysbios_gates_GateMutex_Module__diagsEnabled__C
803755f0   ti_sysbios_gates_GateMutex_Module__diagsIncluded__C
803755f4   ti_sysbios_gates_GateMutex_Module__diagsMask__C
803755f8   ti_sysbios_hal_Hwi_E_stackOverflow__C
803755fc   ti_sysbios_heaps_HeapBuf_Instance_State_freeList__O
80375600   ti_sysbios_heaps_HeapBuf_Object__count__C
80375604   ti_sysbios_heaps_HeapBuf_Object__table__C
80375608   ti_sysbios_heaps_HeapBuf_numConstructedHeaps__C
8037560c   ti_sysbios_heaps_HeapMem_A_align__C
80375610   ti_sysbios_heaps_HeapMem_A_heapSize__C
80375614   ti_sysbios_heaps_HeapMem_A_invalidFree__C
80375618   ti_sysbios_heaps_HeapMem_A_zeroBlock__C
8037561c   ti_sysbios_heaps_HeapMem_E_memory__C
80375620   ti_sysbios_heaps_HeapMem_Module__diagsEnabled__C
80375624   ti_sysbios_heaps_HeapMem_Module__diagsIncluded__C
80375628   ti_sysbios_heaps_HeapMem_Module__diagsMask__C
8037562c   ti_sysbios_heaps_HeapMem_Module__gateObj__C
80375630   ti_sysbios_heaps_HeapMem_Object__count__C
80375634   ti_sysbios_heaps_HeapMem_Object__table__C
80375638   ti_sysbios_heaps_HeapMem_reqAlign__C
8037563c   ti_sysbios_knl_Clock_A_badThreadType__C
80375640   ti_sysbios_knl_Clock_LM_begin__C
80375644   ti_sysbios_knl_Clock_LM_tick__C
80375648   ti_sysbios_knl_Clock_LW_delayed__C
8037564c   ti_sysbios_knl_Clock_Module_State_clockQ__O
80375650   ti_sysbios_knl_Clock_Module__diagsEnabled__C
80375654   ti_sysbios_knl_Clock_Module__diagsIncluded__C
80375658   ti_sysbios_knl_Clock_Module__diagsMask__C
8037565c   ti_sysbios_knl_Clock_Module__loggerFxn1__C
80375660   ti_sysbios_knl_Clock_Module__loggerFxn2__C
80375664   ti_sysbios_knl_Clock_Module__loggerObj__C
80375668   ti_sysbios_knl_Clock_tickMode__C
8037566c   ti_sysbios_knl_Clock_tickSource__C
80375670   ti_sysbios_knl_Queue_Object__count__C
80375674   ti_sysbios_knl_Queue_Object__table__C
80375678   ti_sysbios_knl_Semaphore_A_badContext__C
8037567c   ti_sysbios_knl_Semaphore_A_noEvents__C
80375680   ti_sysbios_knl_Semaphore_A_overflow__C
80375684   ti_sysbios_knl_Semaphore_A_pendTaskDisabled__C
80375688   ti_sysbios_knl_Semaphore_Instance_State_pendQ__O
8037568c   ti_sysbios_knl_Semaphore_LM_pend__C
80375690   ti_sysbios_knl_Semaphore_LM_post__C
80375694   ti_sysbios_knl_Semaphore_Module__diagsEnabled__C
80375698   ti_sysbios_knl_Semaphore_Module__diagsIncluded__C
8037569c   ti_sysbios_knl_Semaphore_Module__diagsMask__C
803756a0   ti_sysbios_knl_Semaphore_Module__loggerFxn2__C
803756a4   ti_sysbios_knl_Semaphore_Module__loggerFxn4__C
803756a8   ti_sysbios_knl_Semaphore_Module__loggerObj__C
803756ac   ti_sysbios_knl_Swi_LD_end__C
803756b0   ti_sysbios_knl_Swi_LM_begin__C
803756b4   ti_sysbios_knl_Swi_LM_post__C
803756b8   ti_sysbios_knl_Swi_Module__diagsEnabled__C
803756bc   ti_sysbios_knl_Swi_Module__diagsIncluded__C
803756c0   ti_sysbios_knl_Swi_Module__diagsMask__C
803756c4   ti_sysbios_knl_Swi_Module__loggerFxn1__C
803756c8   ti_sysbios_knl_Swi_Module__loggerFxn4__C
803756cc   ti_sysbios_knl_Swi_Module__loggerObj__C
803756d0   ti_sysbios_knl_Swi_Object__count__C
803756d4   ti_sysbios_knl_Swi_Object__table__C
803756d8   ti_sysbios_knl_Task_A_badPriority__C
803756dc   ti_sysbios_knl_Task_A_badTaskState__C
803756e0   ti_sysbios_knl_Task_A_badThreadType__C
803756e4   ti_sysbios_knl_Task_A_badTimeout__C
803756e8   ti_sysbios_knl_Task_A_noPendElem__C
803756ec   ti_sysbios_knl_Task_A_sleepTaskDisabled__C
803756f0   ti_sysbios_knl_Task_E_deleteNotAllowed__C
803756f4   ti_sysbios_knl_Task_E_spOutOfBounds__C
803756f8   ti_sysbios_knl_Task_E_stackOverflow__C
803756fc   ti_sysbios_knl_Task_LD_block__C
80375700   ti_sysbios_knl_Task_LD_exit__C
80375704   ti_sysbios_knl_Task_LD_ready__C
80375708   ti_sysbios_knl_Task_LM_setPri__C
8037570c   ti_sysbios_knl_Task_LM_sleep__C
80375710   ti_sysbios_knl_Task_LM_switch__C
80375714   ti_sysbios_knl_Task_Module_State_inactiveQ__O
80375718   ti_sysbios_knl_Task_Module_State_terminatedQ__O
8037571c   ti_sysbios_knl_Task_Module__diagsEnabled__C
80375720   ti_sysbios_knl_Task_Module__diagsIncluded__C
80375724   ti_sysbios_knl_Task_Module__diagsMask__C
80375728   ti_sysbios_knl_Task_Module__loggerFxn2__C
8037572c   ti_sysbios_knl_Task_Module__loggerFxn4__C
80375730   ti_sysbios_knl_Task_Module__loggerObj__C
80375734   ti_sysbios_knl_Task_Object__count__C
80375738   ti_sysbios_knl_Task_Object__heap__C
8037573c   ti_sysbios_knl_Task_Object__table__C
80375740   ti_sysbios_knl_Task_allBlockedFunc__C
80375744   ti_sysbios_knl_Task_defaultStackHeap__C
80375748   ti_sysbios_knl_Task_defaultStackSize__C
8037574c   ti_sysbios_knl_Task_numConstructedTasks__C
80375750   ti_sysbios_knl_Task_numPriorities__C
80375754   ti_sysbios_timers_timer64_Timer_A_notAvailable__C
80375758   ti_sysbios_timers_timer64_Timer_E_cannotSupport__C
8037575c   ti_sysbios_timers_timer64_Timer_Module__diagsEnabled__C
80375760   ti_sysbios_timers_timer64_Timer_Module__diagsIncluded__C
80375764   ti_sysbios_timers_timer64_Timer_Module__diagsMask__C
80375768   ti_sysbios_timers_timer64_Timer_anyMask__C
8037576c   ti_sysbios_timers_timer64_Timer_freqDivisor__C
80375770   ti_sysbios_timers_timer64_Timer_numLocalTimers__C
80375774   ti_sysbios_timers_timer64_Timer_numTimerDevices__C
80375778   xdc_runtime_Assert_E_assertFailed__C
8037577c   xdc_runtime_Core_A_initializedParams__C
80375780   xdc_runtime_Core_Module__diagsEnabled__C
80375784   xdc_runtime_Core_Module__diagsIncluded__C
80375788   xdc_runtime_Core_Module__diagsMask__C
8037578c   xdc_runtime_Error_E_memory__C
80375790   xdc_runtime_Error_Module__diagsEnabled__C
80375794   xdc_runtime_Error_Module__diagsIncluded__C
80375798   xdc_runtime_Error_Module__diagsMask__C
8037579c   xdc_runtime_Error_Module__loggerFxn8__C
803757a0   xdc_runtime_Error_Module__loggerObj__C
803757a4   xdc_runtime_Error_policy__C
803757a8   xdc_runtime_Error_raiseHook__C
803757ac   xdc_runtime_IFilterLogger_Interface__BASE__C
803757b0   xdc_runtime_IGateProvider_Interface__BASE__C
803757b4   xdc_runtime_IHeap_Interface__BASE__C
803757b8   xdc_runtime_ILogger_Interface__BASE__C
803757bc   xdc_runtime_IModule_Interface__BASE__C
803757c0   xdc_runtime_Log_L_error__C
803757c4   xdc_runtime_LoggerBuf_E_badLevel__C
803757c8   xdc_runtime_LoggerBuf_Module__gateObj__C
803757cc   xdc_runtime_LoggerBuf_Object__count__C
803757d0   xdc_runtime_LoggerBuf_Object__table__C
803757d4   xdc_runtime_LoggerBuf_statusLogger__C
803757d8   xdc_runtime_Memory_defaultHeapInstance__C
803757dc   xdc_runtime_Startup_execImpl__C
803757e0   xdc_runtime_Startup_maxPasses__C
803757e4   xdc_runtime_Startup_sfxnRts__C
803757e8   xdc_runtime_Startup_sfxnTab__C
803757ec   xdc_runtime_Startup_startModsFxn__C
803757f0   xdc_runtime_System_Module__gateObj__C
803757f4   xdc_runtime_System_extendFxn__C
803757f8   xdc_runtime_System_maxAtexitHandlers__C
803757fc   xdc_runtime_Text_charTab__C
80375800   xdc_runtime_Text_nameEmpty__C
80375804   xdc_runtime_Text_nameStatic__C
80375808   xdc_runtime_Text_nameUnknown__C
8037580c   xdc_runtime_Text_nodeTab__C
80375810   xdc_runtime_Text_visitRopeFxn__C
80375814   ti_sysbios_knl_Swi_Module__id__C
80375816   ti_sysbios_knl_Swi_Module__loggerDefined__C
80375818   ti_sysbios_knl_Task_Module__id__C
8037581a   ti_sysbios_knl_Task_Module__loggerDefined__C
8037581c   ti_sysbios_knl_Task_deleteTerminatedTasks__C
8037581e   ti_sysbios_knl_Task_initStackFlag__C
80375820   ti_sysbios_timers_timer64_Timer_Module__id__C
80375822   ti_sysbios_timers_timer64_Timer_startupNeeded__C
80375824   xdc_runtime_Core_Module__id__C
80375826   xdc_runtime_Error_Module__loggerDefined__C
80375828   xdc_runtime_Error_maxDepth__C
8037582a   xdc_runtime_LoggerBuf_Module__id__C
8037582c   xdc_runtime_LoggerBuf_filterByLevel__C
8037582e   xdc_runtime_Memory_Module__id__C
80375830   xdc_runtime_Text_charCnt__C
80375832   xdc_runtime_Text_isLoaded__C
80375834   xdc_runtime_Text_registryModsLastId__C
80375836   xdc_runtime_Text_unnamedModsLastId__C
80375880   queueFree
80377880   qmssGObj
80377c80   ti_sysbios_BIOS_Module__state__V
80377ca0   ti_sysbios_family_c64p_EventCombiner_Module__state__V
803780a0   ti_sysbios_family_c64p_Exception_Module__state__V
803780d0   ti_sysbios_family_c64p_Hwi_Module__root__V
803780d8   ti_sysbios_family_c64p_Hwi_Module__state__V
80378140   ti_sysbios_gates_GateHwi_Module__root__V
80378148   ti_sysbios_gates_GateMutex_Module__root__V
80378150   ti_sysbios_hal_Hwi_Module__root__V
80378158   ti_sysbios_hal_Timer_Module__root__V
80378160   ti_sysbios_heaps_HeapBuf_Module__root__V
80378168   ti_sysbios_heaps_HeapBuf_Module__state__V
8037816c   ti_sysbios_heaps_HeapMem_Module__root__V
80378174   ti_sysbios_knl_Clock_Module__root__V
8037817c   ti_sysbios_knl_Clock_Module__state__V
803781a4   ti_sysbios_knl_Queue_Module__root__V
803781ac   ti_sysbios_knl_Semaphore_Module__root__V
803781b4   ti_sysbios_knl_Swi_Module__root__V
803781bc   ti_sysbios_knl_Swi_Module__state__V
803781d8   ti_sysbios_knl_Task_Module__root__V
803781e0   ti_sysbios_knl_Task_Module__state__V
80378224   ti_sysbios_timers_timer64_Timer_Module__root__V
8037822c   ti_sysbios_timers_timer64_Timer_Module__state__V
80378240   xdc_runtime_Error_Module__state__V
80378244   xdc_runtime_LoggerBuf_Module__root__V
8037824c   xdc_runtime_LoggerBuf_Module__state__V
80378254   xdc_runtime_Memory_Module__state__V
80378258   xdc_runtime_Registry_Module__state__V
80378260   xdc_runtime_Startup_Module__state__V
80378268   xdc_runtime_System_Module__state__V
80378274   xdc_runtime_Text_Module__state__V
8037827c   __xdc__init__addr
80378280   _ftable
80378460   ti_sysbios_timers_timer64_Timer_Module_State_0_device__A
803785e0   qmssGblCfgParams
80378700   ti_sysbios_knl_Task_Object__table__V
803787a0   TSK_idle
803787f0   _ipcfg
803788a4   _ft_end
80378948   ti_sysbios_knl_Swi_Module_State_0_readyQ__A
803789c8   ti_sysbios_knl_Task_Module_State_0_readyQ__A
80378a48   ti_sysbios_timers_timer64_Timer_Module_State_0_gctrl__A
80378ac8   ti_sysbios_timers_timer64_Timer_Module_State_0_handles__A
80378b48   ti_sysbios_timers_timer64_Timer_Module_State_0_intFreqs__A
80378c40   cppiGblCfgParams
80378cb8   ti_sysbios_family_c64p_Hwi_Object__table__V
80378dd0   ti_sysbios_timers_timer64_Timer_Object__table__V
80378ee0   ti_sysbios_gates_GateMutex_Object__table__V
80378f94   cppiLObj
80378f98   ti_sysbios_knl_Swi_Object__table__V
80378fc8   _oscfg
80378fec   paLObj
80378ff0   xdc_runtime_LoggerBuf_Object__table__V
80379018   Qmss_highEoiVector
80379038   NIMUDeviceTable
80379040   pstrMsgName
80379060   xdc_runtime_System_Module_State_0_atexitHandlers__A
80379080   ti_ndk_config_Global_Id2Size
803790d0   ti_sysbios_heaps_HeapMem_Object__table__V
80379114   _lock
80379118   _unlock
80379158   Qmss_lowEoiVector
80379168   _delete_mutexes_ptr
8037916c   _cleanup_ptr
80379170   _dtors_ptr
80379174   __TI_enable_exit_profile_output
80379178   ti_sysbios_hal_Hwi_Object__table__V
803791a0   ti_sysbios_hal_Timer_Object__table__V
803791a8   ti_sysbios_gates_GateHwi_Object__table__V
803791b8   ti_sysbios_knl_Task_Module_State_0_idleTask__A
803791c8   Qmss_cdmaEoiVector
80379228   gDeviceNandBBlist
8037a454   gDeviceNand
8037a48c   gDeviceNor
8037a4c4   gDeviceEeprom0
8037a4fc   gDeviceEeprom1
8037a538   emac_port_mode
8037a8ec   __TI_STATIC_BASE
8037a904   _IGMPInDiscard
8037a908   _IGMPInQuery
8037a90c   _IGMPInQueryGroup
8037a910   _IGMPInResponse
8037a914   _IGMPOutResponse
8037a918   gTxCmdReturnQHnd
8037a91c   gTxCmdFreeQHnd
8037a920   ethSemHandle
8037a958   CONTENT_TYPE_APPLET
8037a95c   CONTENT_TYPE_AU
8037a960   CONTENT_TYPE_CSS
8037a964   CONTENT_TYPE_DOC
8037a968   CONTENT_TYPE_GIF
8037a96c   CONTENT_TYPE_HTML
8037a970   CONTENT_TYPE_JPG
8037a974   CONTENT_TYPE_MPEG
8037a978   CONTENT_TYPE_PDF
8037a97c   CONTENT_TYPE_WAV
8037a980   CONTENT_TYPE_ZIP
8037a984   CONTENT_TYPE
8037a988   CONTENT_LENGTH
8037a98c   CRLF
8037a990   DEFAULT_NAME
8037a994   HTTP_VER
8037a998   SPACE
8037a99c   PITCount
8037a9a0   PITUsed
8037a9a4   PITHigh
8037a9c0   VerStr
8037a9c4   HostName
8037a9c8   LocalIPAddr
8037a9cc   LocalIPMask
8037a9d0   GatewayIP
8037a9d4   DomainName
8037a9d8   DNSServer
8037aa4c   _IGMPForceVersion1
8037aa68   _ICMPInErrors
8037aa6c   _ICMPOutErrors
8037aa70   _IPExecuting
8037aa80   gFragQList
8037aaa0   tcp_iss
8037aaa4   ptTimeFirst
8037aaa8   pt6TimeFirst
8037aaac   tcp6_iss
8037aab8   platform_errno
8037aabc   platform_init_return_code
8037aac0   g_transmissionError
8037aad0   httpErrorResponseHook
8037aadc   _IPReasmPtr
8037aae4   gMLDNodeList
8037aafc   qmssLObjIsValid
8037ab00   IPV6_MAX_MULTICAST_SOLICIT
8037ab04   IPV6_MAX_UNICAST_SOLICIT
8037ab08   IPV6_RETRANS_TIME
8037ab0c   IPV6_DELAY_FIRST_PROBE_TIME
8037ab10   IPV6_REACHABLE_TIME
8037ab14   IPV6_MAX_RTR_SOLICITATION_DELAY
8037ab18   IPV6_RTR_SOLICITATION_INTERVAL
8037ab1c   IPV6_MAX_RTR_SOLICITATIONS
8037ab20   INFINITE_LT
8037ab24   ti_ndk_config_Global_rawPageSize
8037ab28   ti_ndk_config_Global_rawPageCount
8037ab2c   ti_ndk_config_Global_smallest
8037ab30   ti_ndk_config_Global_largest
8037ab34   ti_ndk_config_Global_numFrameBuf
8037ab38   ti_ndk_config_Global_sizeFrameBuf
8037ab80   cppiObject
8037ad80   __CIOBUF_
8037b000   ti_sysbios_family_c64p_Hwi0
8037b000   ti_sysbios_family_c64p_Hwi_int0
8037b020   ti_sysbios_family_c64p_Hwi_int1
8037b040   ti_sysbios_family_c64p_Hwi_int2
8037b060   ti_sysbios_family_c64p_Hwi_int3
8037b080   ti_sysbios_family_c64p_Hwi_int4
8037b0a0   ti_sysbios_family_c64p_Hwi_int5
8037b0c0   ti_sysbios_family_c64p_Hwi_int6
8037b0e0   ti_sysbios_family_c64p_Hwi_int7
8037b100   ti_sysbios_family_c64p_Hwi_int8
8037b120   ti_sysbios_family_c64p_Hwi_int9
8037b140   ti_sysbios_family_c64p_Hwi_int10
8037b160   ti_sysbios_family_c64p_Hwi_int11
8037b180   ti_sysbios_family_c64p_Hwi_int12
8037b1a0   ti_sysbios_family_c64p_Hwi_int13
8037b1c0   ti_sysbios_family_c64p_Hwi_int14
8037b1e0   ti_sysbios_family_c64p_Hwi_int15
8037c1e0   __TI_Handler_Table_Base
8037c1ec   __TI_Handler_Table_Limit
8037c250   __TI_CINIT_Base
8037c2d8   __TI_CINIT_Limit
ffffffff   __TI_pprof_out_hndl
ffffffff   __TI_prof_data_size
ffffffff   __TI_prof_data_start
ffffffff   __binit__
ffffffff   __c_args__
ffffffff   binit
UNDEFED    __TI_INITARRAY_Base
UNDEFED    __TI_INITARRAY_Limit

[1621 symbols]
