******************************************************************************
               TMS320C6x Linker PC v7.4.7                      
******************************************************************************
>> Linked Tue Mar 18 12:51:59 2014

OUTPUT FILE NAME:   <Disparity.out>
ENTRY POINT SYMBOL: "_c_int00"  address: 803540c0


MEMORY CONFIGURATION

         name            origin    length      used     unused   attr    fill
----------------------  --------  ---------  --------  --------  ----  --------
  L2SRAM                00800000   00080000  0005cf40  000230c0  RW X
  MSMCSRAM              0c000000   00400000  00000000  00400000  RW X
  DDR3                  80000000   20000000  0037c114  1fc83eec  RWIX


SEGMENT ALLOCATION MAP

run origin  load origin   length   init length attrs members
----------  ----------- ---------- ----------- ----- -------
00800000    00800000    0005cb88   00000000    rw-
  00800000    00800000    00052b00   00000000    rw- .far:NDK_PACKETMEM
  00852b00    00852b00    00004000   00000000    rw- .resmgr_memregion
  00856b00    00856b00    00003c00   00000000    rw- .far:taskStackSection
  0085a700    0085a700    00001488   00000000    rw- .resmgr_pa
  0085bb88    0085bb88    00001000   00000000    rw- .stack
0085cc00    0085cc00    00000318   00000318    rw-
  0085cc00    0085cc00    00000318   00000318    rw- .nimu_eth_ll2
0085cf20    0085cf20    000000a0   00000000    rw-
  0085cf20    0085cf20    000000a0   00000000    rw- .resmgr_handles
80000000    80000000    00300000   00000000    rw-
  80000000    80000000    00300000   00000000    rw- systemHeap
80300000    80300000    0005dda0   0005dda0    r-x
  80300000    80300000    0005dda0   0005dda0    r-x .text
8035dda0    8035dda0    0000dbc8   00000000    rw-
  8035dda0    8035dda0    0000dbc8   00000000    rw- .far.1
8036b970    8036b970    00000060   00000000    rw-
  8036b970    8036b970    00000060   00000000    rw- .far.2
8036b9d0    8036b9d0    00009e5a   00009e5a    r--
  8036b9d0    8036b9d0    00009e5a   00009e5a    r-- .const
80375830    80375830    00000050   00000050    rw-
  80375830    80375830    00000050   00000050    rw- .fardata.1
80375880    80375880    00002400   00000000    rw-
  80375880    80375880    00002400   00000000    rw- .qmss
80377c80    80377c80    0000153a   0000153a    rw-
  80377c80    80377c80    0000153a   0000153a    rw- .fardata.2
803791c0    803791c0    00001370   00001370    rw-
  803791c0    803791c0    00001370   00001370    rw- platform_lib
8037a530    8037a530    000003ac   000003ac    r--
  8037a530    8037a530    000003ac   000003ac    r-- .switch
8037a8dc    8037a8dc    0000006c   00000000    rw-
  8037a8dc    8037a8dc    0000006c   00000000    rw- .bss
8037a948    8037a948    000001a5   000001a5    rw-
  8037a948    8037a948    000001a5   000001a5    rw- .neardata
8037aaf0    8037aaf0    0000003c   0000003c    r--
  8037aaf0    8037aaf0    0000003c   0000003c    r-- .rodata
8037ab80    8037ab80    00000320   00000000    rw-
  8037ab80    8037ab80    00000200   00000000    rw- .cppi
  8037ad80    8037ad80    00000120   00000000    rw- .cio
8037b000    8037b000    000012dc   000012dc    r-x
  8037b000    8037b000    00000200   00000200    r-x .vecs
  8037b200    8037b200    000010dc   000010dc    r-- .cinit


SECTION ALLOCATION MAP

 output                                  attributes/
section   page    origin      length       input sections
--------  ----  ----------  ----------   ----------------
.init_array 
*          0    80000000    00000000     UNINITIALIZED

.far:NDK_PACKETMEM 
*          0    00800000    00052b00     UNINITIALIZED
                  00800000    00052b00     stk6_ppp_pppoe.ae66 : pbm_data.oe66 (.far:NDK_PACKETMEM)

.resmgr_memregion 
*          0    00852b00    00004000     UNINITIALIZED
                  00852b00    00004000     resourcemgr.obj (.resmgr_memregion)

.far:taskStackSection 
*          0    00856b00    00003c00     UNINITIALIZED
                  00856b00    00003c00     Disparity_pe66.oe66 (.far:taskStackSection)

.resmgr_pa 
*          0    0085a700    00001488     UNINITIALIZED
                  0085a700    00001488     resourcemgr.obj (.resmgr_pa)

.stack     0    0085bb88    00001000     UNINITIALIZED
                  0085bb88    00000008     boot.ae66 : boot.oe66 (.stack)
                  0085bb90    00000ff8     --HOLE--

.nimu_eth_ll2 
*          0    0085cc00    00000318     
                  0085cc00    00000308     ti.transport.ndk.nimu.ae66 : nimu_eth.obj (.nimu_eth_ll2:uninit) [fill = 0]
                  0085cf08    00000010                                : nimu_eth.obj (.nimu_eth_ll2:init)

.resmgr_handles 
*          0    0085cf20    000000a0     UNINITIALIZED
                  0085cf20    000000a0     resourcemgr.obj (.resmgr_handles)

systemHeap 
*          0    80000000    00300000     UNINITIALIZED
                  80000000    00300000     Disparity_pe66.oe66 (systemHeap)

xdc.meta   0    80000000    00000138     COPY SECTION
                  80000000    00000138     Disparity_pe66.oe66 (xdc.meta)

.text      0    80300000    0005dda0     
                  80300000    00002d80     ti.transport.ndk.nimu.ae66 : nimu_eth.obj (.text)
                  80302d80    00001fe0     ti.platform.evm6678l.ae66 : platform.obj (.text)
                  80304d60    00001b40                               : evmc6678.obj (.text)
                  803068a0    000019e0     stk6_ppp_pppoe.ae66 : tcp6in.oe66 (.text:TCP6Input)
                  80308280    000019e0                         : tcpin.oe66 (.text:TcpInput)
                  80309c60    00001240                         : tcpout.oe66 (.text:TcpOutput)
                  8030aea0    000011a0                         : tcp6out.oe66 (.text:TCP6Output)
                  8030c040    00001160     ti.platform.evm6678l.ae66 : evm66x_nand.obj (.text)
                  8030d1a0    00000ea0     resourcemgr.obj (.text)
                  8030e040    00000d80     ti.platform.evm6678l.ae66 : evmc66x_i2c_eeprom.obj (.text)
                  8030edc0    00000c00     nettool.ae66 : httpclie.oe66 (.text:httpClientProcess)
                  8030f9c0    00000b80     stk6_ppp_pppoe.ae66 : ipin.oe66 (.text:IPRxPacket)
                  80310540    00000aa0                         : md5.oe66 (.text:MD5Transform)
                  80310fe0    000009c0                         : ipout.oe66 (.text:IPTxPacket)
                  803119a0    000009a0                         : lcp.oe66 (.text:lcpInput)
                  80312340    00000900     nettool.ae66 : httpsend.oe66 (.text:SetContentType)
                  80312c40    000008a0     sysbios.ae66 : BIOS.obj (.text:ti_sysbios_family_c64p_Exception_handler__I)
                  803134e0    000008a0     ti.targets.rts6000.ae66 : System.oe66 (.text:xdc_runtime_System_doPrint__I)
                  80313d80    00000840     Initialise.obj (.text)
                  803145c0    000007e0     ti.drv.qmss.ae66 : qmss_drv.oe66 (.text:Qmss_insertMemoryRegion)
                  80314da0    000007e0     stk6_ppp_pppoe.ae66 : ipcp.oe66 (.text:ipcpInput)
                  80315580    000007c0                         : sock.oe66 (.text:SockSet)
                  80315d40    000007a0                         : fileuser.oe66 (.text:fdPoll)
                  803164e0    00000720     ti.drv.pa.ae66 : pa.oe66 (.text:Pa_addMac)
                  80316c00    000006c0     stk6_ppp_pppoe.ae66 : sock6.oe66 (.text:Sock6Set)
                  803172c0    000006c0     nettool.ae66 : telnetd.oe66 (.text:telnet_netdata)
                  80317980    000006a0     stk6_ppp_pppoe.ae66 : icmpv6_ndisc.oe66 (.text:ICMPv6RecvRA)
                  80318020    00000660     ti.drv.cppi.ae66 : cppi_drv.oe66 (.text:Cppi_configureRxFlow)
                  80318680    00000660     stk6_ppp_pppoe.ae66 : route6.oe66 (.text:Rt6Create)
                  80318ce0    00000620     sysbios.ae66 : BIOS.obj (.text:ti_sysbios_knl_Task_Instance_finalize__F)
                  80319300    00000600                  : BIOS.obj (.text:ti_sysbios_heaps_HeapMem_alloc__E)
                  80319900    00000600                  : BIOS.obj (.text:ti_sysbios_knl_Semaphore_pend__E)
                  80319f00    000005e0                  : BIOS.obj (.text:ti_sysbios_heaps_HeapMem_free__E)
                  8031a4e0    000005c0     stk6_ppp_pppoe.ae66 : ipfrag.oe66 (.text:IPReasm)
                  8031aaa0    000005c0     rts6600_elf_mt.lib : divd.obj (.text:__c6xabi_divd)
                  8031b060    000005c0                        : _printfi.obj (.text:_getarg_diouxp)
                  8031b620    000005a0     stk6_ppp_pppoe.ae66 : icmpin.oe66 (.text:ICMPInput)
                  8031bbc0    000005a0     ti.platform.evm6678l.ae66 : evmc66x_spi.obj (.text)
                  8031c160    000005a0     sysbios.ae66 : BIOS.obj (.text:ti_sysbios_timers_timer64_Timer_Module_startup__F)
                  8031c700    00000580     stk6_ppp_pppoe.ae66 : nimuppp.oe66 (.text:pppEvent)
                  8031cc80    00000560                         : bind6.oe66 (.text:Bind6New)
                  8031d1e0    00000560                         : ipv6.oe66 (.text:IPv6IPAddressToString)
                  8031d740    00000560     RecieveImage.obj (.text)
                  8031dca0    00000560     ti.platform.evm6678l.ae66 : evmc6678_phy.obj (.text)
                  8031e200    00000540     stk6_ppp_pppoe.ae66 : sock6.oe66 (.text:Sock6Connect)
                  8031e740    00000520     NccCore.obj (.text)
                  8031ec60    00000520     stk6_ppp_pppoe.ae66 : sock.oe66 (.text:SockNew)
                  8031f180    00000520     rts6600_elf_mt.lib : _printfi.obj (.text:_setfield)
                  8031f6a0    00000520     nettool.ae66 : httpsend.oe66 (.text:httpSendStatusLine)
                  8031fbc0    00000520     ti.platform.evm6678l.ae66 : evmc66x_nor.obj (.text)
                  803200e0    000004e0     stk6_ppp_pppoe.ae66 : udp.oe66 (.text:UdpInput)
                  803205c0    000004e0                         : nimupppoe.oe66 (.text:pppoeInputS)
                  80320aa0    000004c0     ti.drv.cppi.ae66 : cppi_drv.oe66 (.text:Cppi_txChannelOpen)
                  80320f60    000004c0     ti.platform.evm6678l.ae66 : evmc66x_fpga.obj (.text)
                  80321420    000004a0     stk6_ppp_pppoe.ae66 : lliin.oe66 (.text:LLIRxPacket)
                  803218c0    000004a0                         : sock6.oe66 (.text:Sock6Recv)
                  80321d60    000004a0                         : sock.oe66 (.text:SockRecv)
                  80322200    00000460     rts6600_elf_mt.lib : _printfi.obj (.text:_printfi)
                  80322660    00000460     stk6_ppp_pppoe.ae66 : nimuppp.oe66 (.text:pppNew)
                  80322ac0    00000440     ti.drv.cppi.ae66 : cppi_drv.oe66 (.text:Cppi_rxChannelOpen)
                  80322f00    00000440     stk6_ppp_pppoe.ae66 : sock6.oe66 (.text:Sock6New)
                  80323340    00000440                         : auth.oe66 (.text:chapInput)
                  80323780    00000440                         : fileuser.oe66 (.text:fdSelect)
                  80323bc0    00000440                         : nimupppoe.oe66 (.text:pppoeInputC)
                  80324000    00000420     Disparity.obj (.text)
                  80324420    00000420     nettool.ae66 : daemon.oe66 (.text:daemon)
                  80324840    00000420     ti.drv.pa.ae66 : pa.oe66 (.text:pa_conv_routing_info)
                  80324c60    00000420     sysbios.ae66 : BIOS.obj (.text:ti_sysbios_knl_Task_sleep__E)
                  80325080    00000400     stk6_ppp_pppoe.ae66 : sock6.oe66 (.text:Sock6Send)
                  80325480    00000400     os.ae66 : efs.oe66 (.text:efs_filecheck)
                  80325880    00000400     sysbios.ae66 : BIOS.obj (.text:ti_sysbios_knl_Task_Instance_init__F)
                  80325c80    000003e0     stk6_ppp_pppoe.ae66 : ipv6_frag.oe66 (.text:IPv6TxFragPacket)
                  80326060    000003e0     sysbios.ae66 : BIOS.obj (.text:ti_sysbios_knl_Task_setPri__E)
                  80326440    000003c0     ti.drv.cppi.ae66 : cppi_desc.oe66 (.text:Cppi_initDescriptor)
                  80326800    000003c0     stk6_ppp_pppoe.ae66 : ipv6out.oe66 (.text:IPv6TxPacket)
                  80326bc0    000003c0                         : lli6.oe66 (.text:LLI6TimerCheck)
                  80326f80    000003c0                         : sock.oe66 (.text:SockSend)
                  80327340    000003c0                         : tcp6.oe66 (.text:TCP6TimeoutCheck)
                  80327700    000003c0                         : tcp.oe66 (.text:TcpTimeoutCheck)
                  80327ac0    000003c0     rts6600_elf_mt.lib : fputs.obj (.text:fputs)
                  80327e80    000003a0     stk6_ppp_pppoe.ae66 : icmpv6in.oe66 (.text:ICMPv6RxPacket)
                  80328220    000003a0                         : nimu.oe66 (.text:NIMUIoctl)
                  803285c0    000003a0                         : route.oe66 (.text:RtCreate)
                  80328960    000003a0                         : sb.oe66 (.text:SBRead)
                  80328d00    000003a0                         : auth.oe66 (.text:papInput)
                  803290a0    00000380                         : sock6int.oe66 (.text:Sock6Notify)
                  80329420    00000380                         : sock.oe66 (.text:SockConnect)
                  803297a0    00000380                         : sockint.oe66 (.text:SockNotify)
                  80329b20    00000380     nettool.ae66 : dhcppkt.oe66 (.text:dhcpPacketProcess)
                  80329ea0    00000360     stk6_ppp_pppoe.ae66 : icmpv6_ndisc.oe66 (.text:ICMPv6RecvRedirect)
                  8032a200    00000360                         : icmpv6out.oe66 (.text:ICMPv6SendDstUnreachable)
                  8032a560    00000360                         : igmp.oe66 (.text:IGMPInput)
                  8032a8c0    00000360                         : ipv6_frag.oe66 (.text:IPv6FragReasm)
                  8032ac20    00000360                         : lliout.oe66 (.text:LLITxIpPacket)
                  8032af80    00000360     Disparity_pe66.oe66 (.text:xdc_runtime_System_printfExtend__I)
                  8032b2e0    00000340     stk6_ppp_pppoe.ae66 : icmpv6_ndisc.oe66 (.text:ICMPv6RecvNS)
                  8032b620    00000340                         : icmpv6out.oe66 (.text:ICMPv6SendParameterProblem)
                  8032b960    00000340                         : icmpv6out.oe66 (.text:ICMPv6SendTimeExceeded)
                  8032bca0    00000340     ti.drv.pa.ae66 : painit.oe66 (.text:Pa_create)
                  8032bfe0    00000340     ti.drv.qmss.ae66 : qmss_drv.oe66 (.text:Qmss_init)
                  8032c320    00000340     os.ae66 : mem.oe66 (.text:mmAlloc)
                  8032c660    00000340     stk6_ppp_pppoe.ae66 : nimupppoe.oe66 (.text:pppoeSI)
                  8032c9a0    00000320     nettool.ae66 : config.oe66 (.text:CfgAddEntry)
                  8032ccc0    00000320     stk6_ppp_pppoe.ae66 : nimupppoe.oe66 (.text:SendServerMsg)
                  8032cfe0    00000320     rts6600_elf_mt.lib : _printfi.obj (.text:_pproc_fge)
                  8032d300    00000320     nettool.ae66 : inetaddr.oe66 (.text:inet_aton)
                  8032d620    00000320                  : telnetd.oe66 (.text:telnet_engine)
                  8032d940    00000320     ti.platform.evm6678l.ae66 : evmc66x_uart.obj (.text)
                  8032dc60    00000300     stk6_ppp_pppoe.ae66 : sock6pcb.oe66 (.text:Sock6PcbBind)
                  8032df60    00000300                         : udp6.oe66 (.text:Udp6Input)
                  8032e260    00000300     sysbios.ae66 : BIOS.obj (.text:ti_sysbios_family_c64p_Hwi_dispatchC__I)
                  8032e560    000002e0     stk6_ppp_pppoe.ae66 : ipv6_frag.oe66 (.text:IPv6FragQEnqueueFrag)
                  8032e840    000002e0                         : ipv6_exthdrs.oe66 (.text:IPv6ParseExtnHeaders)
                  8032eb20    000002e0     netctrl.ae66 : netctrl.oe66 (.text:NetScheduler)
                  8032ee00    000002e0     ti.drv.pa.ae66 : pa.oe66 (.text:Pa_forwardResult)
                  8032f0e0    000002e0     stk6_ppp_pppoe.ae66 : route6.oe66 (.text:Rt6Find)
                  8032f3c0    000002e0                         : nimupppoe.oe66 (.text:SendClientMsg)
                  8032f6a0    000002e0                         : sock6pcb.oe66 (.text:Sock6PcbFind)
                  8032f980    000002e0                         : sock6pcb.oe66 (.text:Sock6PcbResolve)
                  8032fc60    000002e0                         : udp.oe66 (.text:UdpOutput)
                  8032ff40    000002e0     rts6600_elf_mt.lib : _printfi.obj (.text:_pproc_fwp)
                  80330220    000002e0     sysbios.ae66 : BIOS.obj (.text:ti_sysbios_heaps_HeapMem_Instance_init__F)
                  80330500    000002c0     stk6_ppp_pppoe.ae66 : bind.oe66 (.text:BindNew)
                  803307c0    000002c0                         : node.oe66 (.text:NodeAdd)
                  80330a80    000002c0                         : sb6.oe66 (.text:SB6Read)
                  80330d40    000002c0                         : nimuppp.oe66 (.text:pppInput)
                  80331000    000002a0     nettool.ae66 : dhcpmain.oe66 (.text:DHCPOpen)
                  803312a0    000002a0     stk6_ppp_pppoe.ae66 : route6.oe66 (.text:Rt6Free)
                  80331540    000002a0                         : rtable.oe66 (.text:RtFind)
                  803317e0    000002a0                         : sock6.oe66 (.text:Sock6Close)
                  80331a80    000002a0                         : sock.oe66 (.text:SockClose)
                  80331d20    000002a0                         : sockpcb.oe66 (.text:SockPcbResolve)
                  80331fc0    000002a0                         : tcp6prot.oe66 (.text:TCP6PrSetOption)
                  80332260    000002a0                         : tcpprot.oe66 (.text:TcpPrSetOption)
                  80332500    000002a0     rts6600_elf_mt.lib : _printfi.obj (.text:fcvt)
                  803327a0    000002a0     sysbios.ae66 : BIOS.obj (.text:ti_sysbios_knl_Clock_Instance_init__F)
                  80332a40    000002a0                  : BIOS.obj (.text:ti_sysbios_knl_Clock_workFunc__E)
                  80332ce0    000002a0                  : BIOS.obj (.text:ti_sysbios_timers_timer64_Timer_deviceConfig__I)
                  80332f80    00000280     stk6_ppp_pppoe.ae66 : icmp.oe66 (.text:ICMPGenPacket)
                  80333200    00000280                         : lli6.oe66 (.text:LLI6NeighUnreachStateMachine)
                  80333480    00000280                         : lli6.oe66 (.text:LLI6TxIPPacket)
                  80333700    00000280                         : udp6.oe66 (.text:Udp6Output)
                  80333980    00000280     rts6600_elf_mt.lib : divf.obj (.text:__c6xabi_divf)
                  80333c00    00000280                        : _printfi.obj (.text:ecvt)
                  80333e80    00000280     stk6_ppp_pppoe.ae66 : ipcp.oe66 (.text:ipcpSendCfg)
                  80334100    00000280                         : lcp.oe66 (.text:lcpSendCfg)
                  80334380    00000280     platform_osal.obj (.text)
                  80334600    00000280     ti.targets.rts6000.ae66 : Error.oe66 (.text:xdc_runtime_Error_raiseX__F)
                  80334880    00000260     stk6_ppp_pppoe.ae66 : icmpv6in.oe66 (.text:ICMPv6RecvEchoRequest)
                  80334ae0    00000260                         : ipv6in.oe66 (.text:IPv6RxPacket)
                  80334d40    00000260                         : nimu.oe66 (.text:NIMUReceivePacket)
                  80334fa0    00000260                         : rawethsock.oe66 (.text:RawEthSockSet)
                  80335200    00000260                         : sb6.oe66 (.text:SB6Write)
                  80335460    00000260                         : sb.oe66 (.text:SBWrite)
                  803356c0    00000260                         : sockpcb.oe66 (.text:SockPcbBind)
                  80335920    00000260                         : tcp6out.oe66 (.text:TCP6GenPacket)
                  80335b80    00000260     nettool.ae66 : httppars.oe66 (.text:httpParseRecv)
                  80335de0    00000260                  : httpsend.oe66 (.text:httpSendErrorHTML)
                  80336040    00000260     sysbios.ae66 : BIOS.obj (.text:ti_sysbios_family_c64p_Exception_internalHandler__I)
                  803362a0    00000260                  : BIOS.obj (.text:ti_sysbios_knl_Semaphore_post__E)
                  80336500    00000260     ti.targets.rts6000.ae66 : Startup.oe66 (.text:xdc_runtime_Startup_startMods__I)
                  80336760    00000240     stk6_ppp_pppoe.ae66 : bind6.oe66 (.text:Bind6Free)
                  803369a0    00000240                         : bind6.oe66 (.text:Bind6RunDAD)
                  80336be0    00000240     ti.drv.cppi.ae66 : cppi_drv.oe66 (.text:Cppi_open)
                  80336e20    00000240     nettool.ae66 : daemon.oe66 (.text:DaemonNew)
                  80337060    00000240     stk6_ppp_pppoe.ae66 : icmpv6_ndisc.oe66 (.text:ICMPv6RecvNA)
                  803372a0    00000240                         : icmpv6_ndisc.oe66 (.text:ICMPv6SendNA)
                  803374e0    00000240                         : icmpv6_ndisc.oe66 (.text:ICMPv6SendNS)
                  80337720    00000240     ti.drv.pa.ae66 : pa.oe66 (.text:Pa_resetControl)
                  80337960    00000240     stk6_ppp_pppoe.ae66 : pipe.oe66 (.text:PipeRecv)
                  80337ba0    00000240                         : raw.oe66 (.text:RawInput)
                  80337de0    00000240                         : tcpout.oe66 (.text:TcpGenPacket)
                  80338020    00000240     rts6600_elf_mt.lib : imath64.obj (.text:__c6xabi_divull)
                  80338260    00000240                        : _printfi.obj (.text:_pconv_e)
                  803384a0    00000240                        : _printfi.obj (.text:_pproc_diouxp)
                  803386e0    00000240     nettool.ae66 : dhcpsm.oe66 (.text:dhcpIPAdd)
                  80338920    00000240                  : dhcpsm.oe66 (.text:dhcpState)
                  80338b60    00000240     rts6600_elf_mt.lib : fputc.obj (.text:fputc)
                  80338da0    00000240     sysbios.ae66 : BIOS.obj (.text:ti_sysbios_knl_Task_exit__E)
                  80338fe0    00000240     ti.targets.rts6000.ae66 : LoggerBuf.oe66 (.text:xdc_runtime_LoggerBuf_write8__F)
                  80339220    00000220     stk6_ppp_pppoe.ae66 : igmp.oe66 (.text:IGMPJoinHostGroup)
                  80339440    00000220                         : ipv6_frag.oe66 (.text:IPv6ParseFragHdr)
                  80339660    00000220                         : raw6.oe66 (.text:Raw6Output)
                  80339880    00000220                         : rawethsock.oe66 (.text:RawEthSockNew)
                  80339aa0    00000220                         : sockpcb.oe66 (.text:SockPcbFind)
                  80339cc0    00000220     rts6600_elf_mt.lib : _printfi.obj (.text:_pproc_str)
                  80339ee0    00000220     nettool.ae66 : dhcppkt.oe66 (.text:dhcpVerifyMessage)
                  8033a100    00000220                  : httpclie.oe66 (.text:httpGetAuthParams)
                  8033a320    00000220     rts6600_elf_mt.lib : setvbuf.obj (.text:setvbuf)
                  8033a540    00000220     sysbios.ae66 : BIOS.obj (.text:ti_sysbios_knl_Swi_run__I)
                  8033a760    00000220                  : BIOS.obj (.text:ti_sysbios_knl_Task_schedule__I)
                  8033a980    00000220                  : BIOS.obj (.text:ti_sysbios_knl_Task_startCore__E)
                  8033aba0    00000220     ti.targets.rts6000.ae66 : Core-mem.oe66 (.text:xdc_runtime_Core_createObject__I)
                  8033adc0    00000200     stk6_ppp_pppoe.ae66 : ipv6_exthdrs.oe66 (.text:IPv6ParseHopOptions)
                  8033afc0    00000200                         : lli6.oe66 (.text:LLI6New)
                  8033b1c0    00000200     ti.drv.qmss.ae66 : qmss_drv.oe66 (.text:Qmss_internalQueueOpen)
                  8033b3c0    00000200                      : qmss_acc.oe66 (.text:Qmss_programAccumulator)
                  8033b5c0    00000200     stk6_ppp_pppoe.ae66 : rtc.oe66 (.text:RTCReport)
                  8033b7c0    00000200     rts6600_elf_mt.lib : _printfi.obj (.text:_pconv_g)
                  8033b9c0    00000200     sysbios.ae66 : c64p_Hwi_disp_always.obj (.text:_ti_sysbios_family_c64p_Hwi_dispatchAlways)
                  8033bbc0    00000200     stk6_ppp_pppoe.ae66 : socket.oe66 (.text:accept)
                  8033bdc0    00000200     ti.drv.cppi.ae66 : cppi_heap.oe66 (.text:cppi_internal_heap_add)
                  8033bfc0    00000200     stk6_ppp_pppoe.ae66 : nimupppoe.oe66 (.text:pppoeCtrlMsg)
                  8033c1c0    000001e0                         : igmp.oe66 (.text:IGMPSendReply)
                  8033c3a0    000001e0                         : route6.oe66 (.text:Rt6Modify)
                  8033c580    000001e0                         : sock6pcb.oe66 (.text:Sock6PcbFindRaw)
                  8033c760    000001e0                         : auth.oe66 (.text:chapSendMsg)
                  8033c940    000001e0     nettool.ae66 : dhcpsock.oe66 (.text:dhcpSocketOpen)
                  8033cb20    000001e0     stk6_ppp_pppoe.ae66 : socket.oe66 (.text:sendto)
                  8033cd00    000001e0     sysbios.ae66 : BIOS.obj (.text:ti_sysbios_family_c64p_Exception_externalHandler__I)
                  8033cee0    000001e0                  : BIOS.obj (.text:ti_sysbios_knl_Task_checkStacks__E)
                  8033d0c0    000001e0                  : BIOS.obj (.text:ti_sysbios_knl_Task_postInit__I)
                  8033d2a0    000001e0                  : BIOS.obj (.text:ti_sysbios_timers_timer64_Timer_getFreq__E)
                  8033d480    000001c0     nettool.ae66 : config.oe66 (.text:CfgExecute)
                  8033d640    000001c0     ti.drv.cppi.ae66 : cppi_drv.oe66 (.text:Cppi_channelClose)
                  8033d800    000001c0                      : cppi_drv.oe66 (.text:Cppi_initCfg)
                  8033d9c0    000001c0     stk6_ppp_pppoe.ae66 : ip.oe66 (.text:IPGetRoute)
                  8033db80    000001c0                         : lliout.oe66 (.text:LLIGenArpPacket)
                  8033dd40    000001c0     ti.drv.qmss.ae66 : qmss_drv.oe66 (.text:Qmss_internaldownloadFirmware)
                  8033df00    000001c0     stk6_ppp_pppoe.ae66 : raw6.oe66 (.text:Raw6Input)
                  8033e0c0    000001c0     netctrl.ae66 : netsrv.oe66 (.text:SPIpNet)
                  8033e280    000001c0     stk6_ppp_pppoe.ae66 : tcptime.oe66 (.text:TcpTimeoutRexmt)
                  8033e440    000001c0                         : lli.oe66 (.text:_LLITimeoutCheck)
                  8033e600    000001c0     rts6600_elf_mt.lib : _printfi.obj (.text:_mcpy)
                  8033e7c0    000001c0     nettool.ae66 : dhcpbild.oe66 (.text:dhcpBuildHeader)
                  8033e980    000001c0     stk6_ppp_pppoe.ae66 : fileuser.oe66 (.text:fdClose)
                  8033eb40    000001c0     sysbios.ae66 : BIOS.obj (.text:ti_sysbios_family_c64p_Exception_decodeMpfsr__I)
                  8033ed00    000001c0                  : BIOS.obj (.text:ti_sysbios_gates_GateMutex_enter__E)
                  8033eec0    000001c0                  : BIOS.obj (.text:ti_sysbios_timers_timer64_Timer_setPeriodMicroSecs__E)
                  8033f080    000001c0     ti.targets.rts6000.ae66 : Text.oe66 (.text:xdc_runtime_Text_putSite__F)
                  8033f240    000001a0     stk6_ppp_pppoe.ae66 : bind6.oe66 (.text:Bind6Msg)
                  8033f3e0    000001a0     nettool.ae66 : config.oe66 (.text:CfgRemoveEntry)
                  8033f580    000001a0     stk6_ppp_pppoe.ae66 : icmpin.oe66 (.text:ICMPRevSrcRoute)
                  8033f720    000001a0                         : ipv6_frag.oe66 (.text:IPv6FragMsg)
                  8033f8c0    000001a0                         : ipv6_exthdrs.oe66 (.text:IPv6ParseRoutingHdr)
                  8033fa60    000001a0     netctrl.ae66 : netctrl.oe66 (.text:NC_NetStart)
                  8033fc00    000001a0     stk6_ppp_pppoe.ae66 : node.oe66 (.text:NodeTreeFree)
                  8033fda0    000001a0     ti.drv.pa.ae66 : pa.oe66 (.text:Pa_downloadImage)
                  8033ff40    000001a0     stk6_ppp_pppoe.ae66 : route6.oe66 (.text:Route6LifetimeMgmt)
                  803400e0    000001a0                         : sockint.oe66 (.text:SockCreatePacket)
                  80340280    000001a0     nettool.ae66 : dhcpsm.oe66 (.text:StateRenewRebind)
                  80340420    000001a0     stk6_ppp_pppoe.ae66 : tcp6time.oe66 (.text:TCP6TimeoutRexmt)
                  803405c0    000001a0     rts6600_elf_mt.lib : imath40.obj (.text:__c6xabi_divul)
                  80340760    000001a0     nettool.ae66 : dhcptags.oe66 (.text:dhcpBuildOptions)
                  80340900    000001a0     stk6_ppp_pppoe.ae66 : socket.oe66 (.text:getpeername)
                  80340aa0    000001a0                         : udp6.oe66 (.text:processMulticast)
                  80340c40    000001a0     nettool.ae66 : telnetd.oe66 (.text:telnet_termdata)
                  80340de0    000001a0     sysbios.ae66 : BIOS.obj (.text:ti_sysbios_family_c66_Cache_block__I)
                  80340f80    000001a0                  : BIOS.obj (.text:ti_sysbios_heaps_HeapBuf_Module_startup__F)
                  80341120    000001a0                  : BIOS.obj (.text:ti_sysbios_timers_timer64_Timer_start__E)
                  803412c0    000001a0     ti.targets.rts6000.ae66 : LoggerBuf.oe66 (.text:xdc_runtime_LoggerBuf_write4__F)
                  80341460    00000180     stk6_ppp_pppoe.ae66 : bind6.oe66 (.text:Bind6GetGlobalAddress)
                  803415e0    00000180     rts6600_elf_mt.lib : trgdrv.obj (.text:HOSTrename)
                  80341760    00000180     stk6_ppp_pppoe.ae66 : igmp.oe66 (.text:IGMPMsg)
                  803418e0    00000180                         : nimu.oe66 (.text:NIMURegister)
                  80341a60    00000180     netctrl.ae66 : netsrv.oe66 (.text:ServiceScan)
                  80341be0    00000180                  : netsrv.oe66 (.text:ServiceSpawn)
                  80341d60    00000180     stk6_ppp_pppoe.ae66 : sock6int.oe66 (.text:Sock6CreatePacket)
                  80341ee0    00000180     nettool.ae66 : dhcpsm.oe66 (.text:StateBound)
                  80342060    00000180     rts6600_elf_mt.lib : copy_decompress_rle.obj (.text:__TI_decompress_rle_core)
                  803421e0    00000180     stk6_ppp_pppoe.ae66 : socket.oe66 (.text:bind)
                  80342360    00000180     nettool.ae66 : dhcpbild.oe66 (.text:dhcpBuildRequest)
                  803424e0    00000180     os.ae66 : task.oe66 (.text:llEnter)
                  80342660    00000180     stk6_ppp_pppoe.ae66 : auth.oe66 (.text:papSendCfg)
                  803427e0    00000180     sysbios.ae66 : c64p_Exception_asm.obj (.text)
                  80342960    00000180                  : BIOS.obj (.text:ti_sysbios_knl_Swi_schedule__I)
                  80342ae0    00000180                  : BIOS.obj (.text:ti_sysbios_knl_Task_unblockI__E)
                  80342c60    00000160     nettool.ae66 : config.oe66 (.text:CfgGetEntry)
                  80342dc0    00000160                  : config.oe66 (.text:CfgGetNextEntry)
                  80342f20    00000160     stk6_ppp_pppoe.ae66 : igmp.oe66 (.text:IGMPDoMCast)
                  80343080    00000160                         : nimu.oe66 (.text:NIMUIoctlSpecialCmd)
                  803431e0    00000160                         : nimuppp.oe66 (.text:PPPStop)
                  80343340    00000160                         : pipe.oe66 (.text:PipeSend)
                  803434a0    00000160                         : raw.oe66 (.text:RawOutput)
                  80343600    00000160                         : rtable.oe66 (.text:RtTimeoutCheck)
                  80343760    00000160                         : rtable.oe66 (.text:RtWalkNext)
                  803438c0    00000160     netctrl.ae66 : netsrv.oe66 (.text:SPRoute)
                  80343a20    00000160     stk6_ppp_pppoe.ae66 : sock6.oe66 (.text:Sock6Check)
                  80343b80    00000160                         : sock6pcb.oe66 (.text:Sock6PcbConnect)
                  80343ce0    00000160                         : sock.oe66 (.text:SockCheck)
                  80343e40    00000160                         : sockpcb.oe66 (.text:SockPcbConnect)
                  80343fa0    00000160     nettool.ae66 : dhcpsm.oe66 (.text:StateRequesting)
                  80344100    00000160     stk6_ppp_pppoe.ae66 : tcp6time.oe66 (.text:TCP6TimeoutKeep)
                  80344260    00000160                         : tcptime.oe66 (.text:TcpTimeoutKeep)
                  803443c0    00000160                         : auth.oe66 (.text:authInit)
                  80344520    00000160     nettool.ae66 : httpclie.oe66 (.text:httpExtractTag)
                  80344680    00000160     stk6_ppp_pppoe.ae66 : sock6.oe66 (.text:joinGroup)
                  803447e0    00000160                         : socket.oe66 (.text:setsockopt)
                  80344940    00000160     nettool.ae66 : telnetd.oe66 (.text:telnetClientProcess)
                  80344aa0    00000140     stk6_ppp_pppoe.ae66 : bind6.oe66 (.text:Bind6DADCheck)
                  80344be0    00000140     ti.csl.ae66 : csl_chip.oe66 (.text:CSL_chipReadReg)
                  80344d20    00000140     stk6_ppp_pppoe.ae66 : exec.oe66 (.text:ExecOpen)
                  80344e60    00000140                         : icmp.oe66 (.text:ICMPSendRtAdv)
                  80344fa0    00000140                         : igmp.oe66 (.text:IGMPJoin)
                  803450e0    00000140                         : ipv6.oe66 (.text:IPv6DisplayIPAddress)
                  80345220    00000140                         : lli6.oe66 (.text:LLI6Find)
                  80345360    00000140                         : lli.oe66 (.text:LLINew)
                  803454a0    00000140                         : node.oe66 (.text:NodeFind)
                  803455e0    00000140                         : node.oe66 (.text:NodeWalk)
                  80345720    00000140                         : pbm.oe66 (.text:PBM_alloc)
                  80345860    00000140                         : pbm.oe66 (.text:PBM_free)
                  803459a0    00000140                         : rtable.oe66 (.text:RtFlush)
                  80345ae0    00000140                         : sb6.oe66 (.text:SB6New)
                  80345c20    00000140     netctrl.ae66 : netsrv.oe66 (.text:ServiceKill)
                  80345d60    00000140     stk6_ppp_pppoe.ae66 : sock6.oe66 (.text:Sock6Accept)
                  80345ea0    00000140                         : sock6.oe66 (.text:Sock6Listen)
                  80345fe0    00000140                         : sock.oe66 (.text:SockAccept)
                  80346120    00000140                         : sock.oe66 (.text:SockListen)
                  80346260    00000140                         : sockpcb.oe66 (.text:SockPcbCtlError)
                  803463a0    00000140     boot.ae66 : autoinit.oe66 (.text:_auto_init_elf)
                  803464e0    00000140     rts6600_elf_mt.lib : _printfi.obj (.text:_pproc_fflags)
                  80346620    00000140     stk6_ppp_pppoe.ae66 : auth.oe66 (.text:authGetPassword)
                  80346760    00000140     nettool.ae66 : dhcptags.oe66 (.text:dhcpDecodeType)
                  803468a0    00000140     rts6600_elf_mt.lib : fseek.obj (.text:fseek)
                  803469e0    00000140                        : lowlev.obj (.text:getdevice)
                  80346b20    00000140     nettool.ae66 : httpsend.oe66 (.text:httpAuthenticationReq)
                  80346c60    00000140     os.ae66 : mem.oe66 (.text:mmCopy)
                  80346da0    00000140     stk6_ppp_pppoe.ae66 : nimuppp.oe66 (.text:pppAddClient)
                  80346ee0    00000140                         : socket.oe66 (.text:recv)
                  80347020    00000140                         : socket.oe66 (.text:send)
                  80347160    00000140     sysbios.ae66 : BIOS.obj (.text:ti_sysbios_family_c64p_Exception_Module_startup__F)
                  803472a0    00000140                  : BIOS.obj (.text:ti_sysbios_family_c64p_Hwi_Module_startup__F)
                  803473e0    00000140                  : BIOS.obj (.text:ti_sysbios_family_c66_Cache_Module_startup__F)
                  80347520    00000140                  : BIOS.obj (.text:ti_sysbios_knl_Semaphore_Instance_init__F)
                  80347660    00000140                  : BIOS.obj (.text:ti_sysbios_knl_Swi_post__E)
                  803477a0    00000140                  : BIOS.obj (.text:ti_sysbios_knl_Task_Module_startup__F)
                  803478e0    00000140                  : BIOS.obj (.text:ti_sysbios_knl_Task_blockI__E)
                  80347a20    00000140     ti.targets.rts6000.ae66 : Text.oe66 (.text:xdc_runtime_Text_putLab__F)
                  80347b60    00000120     stk6_ppp_pppoe.ae66 : bind6.oe66 (.text:Bind6LifetimeMgmt)
                  80347c80    00000120                         : bind.oe66 (.text:BindFree)
                  80347da0    00000120     nettool.ae66 : config.oe66 (.text:CfgFree)
                  80347ec0    00000120                  : daemon.oe66 (.text:DaemonFree)
                  80347fe0    00000120     stk6_ppp_pppoe.ae66 : file.oe66 (.text:FdWaitEvent)
                  80348100    00000120                         : igmp.oe66 (.text:IGMPLeaveHostGroup)
                  80348220    00000120                         : ip.oe66 (.text:IPMsg)
                  80348340    00000120                         : ipin.oe66 (.text:IPRouteIP)
                  80348460    00000120                         : ipv6_frag.oe66 (.text:IPv6CreateFragQ)
                  80348580    00000120                         : ipv6.oe66 (.text:IPv6Init)
                  803486a0    00000120                         : icmpv6out.oe66 (.text:IsICMPv6ErrorPkt)
                  803487c0    00000120                         : md5.oe66 (.text:MD5Update)
                  803488e0    00000120                         : mld.oe66 (.text:MLDJoinGroup)
                  80348a00    00000120     netctrl.ae66 : netctrl.oe66 (.text:NC_SystemOpen)
                  80348b20    00000120     stk6_ppp_pppoe.ae66 : nimu.oe66 (.text:NIMUAddEthernetHeader)
                  80348c40    00000120     ti.drv.qmss.ae66 : qmss_acc.oe66 (.text:Qmss_disableAccumulator)
                  80348d60    00000120     stk6_ppp_pppoe.ae66 : raweth.oe66 (.text:RawEthRxPacket)
                  80348e80    00000120                         : raweth.oe66 (.text:RawEthTxPacket)
                  80348fa0    00000120                         : sb.oe66 (.text:SBNew)
                  803490c0    00000120     netctrl.ae66 : netsrv.oe66 (.text:SPConfig)
                  803491e0    00000120                  : netsrv.oe66 (.text:SPService)
                  80349300    00000120     stk6_ppp_pppoe.ae66 : sock6.oe66 (.text:Sock6Disconnect)
                  80349420    00000120                         : sock6.oe66 (.text:Sock6Shutdown)
                  80349540    00000120                         : sockpcb.oe66 (.text:SockPcbFindRaw)
                  80349660    00000120                         : sock.oe66 (.text:SockShutdown)
                  80349780    00000120                         : tcp6prot.oe66 (.text:TCP6PrAttach)
                  803498a0    00000120                         : tcpprot.oe66 (.text:TcpPrAttach)
                  803499c0    00000120     nettool.ae66 : telnetd.oe66 (.text:TelnetOpen)
                  80349ae0    00000120     stk6_ppp_pppoe.ae66 : rtable.oe66 (.text:_RtNodeInsert)
                  80349c00    00000120     rts6600_elf_mt.lib : fclose.obj (.text:_closefile)
                  80349d20    00000120                        : _printfi.obj (.text:_ltostr)
                  80349e40    00000120     os.ae66 : mem.oe66 (.text:_mmInit)
                  80349f60    00000120     nettool.ae66 : daemon.oe66 (.text:dchild)
                  8034a080    00000120     stk6_ppp_pppoe.ae66 : fileuser.oe66 (.text:fdOpenSession)
                  8034a1a0    00000120     nettool.ae66 : http.oe66 (.text:httpOpen)
                  8034a2c0    00000120     stk6_ppp_pppoe.ae66 : lcp.oe66 (.text:lcpOpen)
                  8034a3e0    00000120                         : lcp.oe66 (.text:lcpReject)
                  8034a500    00000120                         : socket.oe66 (.text:socket)
                  8034a620    00000120     sysbios.ae66 : BIOS.obj (.text:ti_sysbios_BIOS_rtsUnlock__I)
                  8034a740    00000120                  : BIOS.obj (.text:ti_sysbios_knl_Clock_startI__E)
                  8034a860    00000120     ti.targets.rts6000.ae66 : LoggerBuf.oe66 (.text:xdc_runtime_LoggerBuf_setFilterLevel__F)
                  8034a980    00000120                             : Text.oe66 (.text:xdc_runtime_Text_putMod__F)
                  8034aaa0    00000100     nettool.ae66 : config.oe66 (.text:CfgNew)
                  8034aba0    00000100                  : config.oe66 (.text:CfgSetExecuteOrder)
                  8034aca0    00000100     os.ae66 : ossys.oe66 (.text:DbgPrintf)
                  8034ada0    00000100     stk6_ppp_pppoe.ae66 : igmp.oe66 (.text:IGMPTimer)
                  8034aea0    00000100                         : ipv6.oe66 (.text:IPv6GetSubnetMaskFromBits)
                  8034afa0    00000100                         : ipv6_frag.oe66 (.text:IPv6ReasmTimeout)
                  8034b0a0    00000100                         : rtc.oe66 (.text:RTCMsg)
                  8034b1a0    00000100                         : rawethsock.oe66 (.text:RawEthSockCheck)
                  8034b2a0    00000100                         : route.oe66 (.text:RtRedirect)
                  8034b3a0    00000100                         : sockint.oe66 (.text:SockValidateRoute)
                  8034b4a0    00000100     nettool.ae66 : dhcpsm.oe66 (.text:StateSelecting)
                  8034b5a0    00000100     stk6_ppp_pppoe.ae66 : tcp6prot.oe66 (.text:TCP6PrInherit)
                  8034b6a0    00000100                         : tcp6time.oe66 (.text:TCP6XmitTimer)
                  8034b7a0    00000100                         : tcpprot.oe66 (.text:TcpPrInherit)
                  8034b8a0    00000100                         : tcptime.oe66 (.text:TcpXmitTimer)
                  8034b9a0    00000100                         : rtable.oe66 (.text:_RtNodeRemove)
                  8034baa0    00000100     rts6600_elf_mt.lib : _io_perm.obj (.text:_wrt_ok)
                  8034bba0    00000100     stk6_ppp_pppoe.ae66 : file.oe66 (.text:fdint_unlockfd)
                  8034bca0    00000100                         : socket.oe66 (.text:listen)
                  8034bda0    00000100     os.ae66 : mem.oe66 (.text:mmFree)
                  8034bea0    00000100     sysbios.ae66 : BIOS.obj (.text:ti_sysbios_family_c64p_EventCombiner_dispatch__F)
                  8034bfa0    00000100                  : BIOS.obj (.text:ti_sysbios_knl_Swi_restoreHwi__E)
                  8034c0a0    00000100                  : BIOS.obj (.text:ti_sysbios_timers_timer64_Timer_initDevice__I)
                  8034c1a0    00000100     stk6_ppp_pppoe.ae66 : lliin.oe66 (.text:updateRtTable)
                  8034c2a0    00000100     ti.targets.rts6000.ae66 : Core-mem.oe66 (.text:xdc_runtime_Core_deleteObject__I)
                  8034c3a0    00000100                             : LoggerBuf.oe66 (.text:xdc_runtime_LoggerBuf_getFilterLevel__F)
                  8034c4a0    00000100                             : Startup.oe66 (.text:xdc_runtime_Startup_exec__F)
                  8034c5a0    00000100                             : Text.oe66 (.text:xdc_runtime_Text_visitRope2__I)
                  8034c6a0    000000e0     stk6_ppp_pppoe.ae66 : bind6.oe66 (.text:Bind6GetLinkLocalAddress)
                  8034c780    000000e0     nettool.ae66 : config.oe66 (.text:CfgGetEntryCnt)
                  8034c860    000000e0                  : dhcpmain.oe66 (.text:DHCPClose)
                  8034c940    000000e0     rts6600_elf_mt.lib : trgdrv.obj (.text:HOSTlseek)
                  8034ca20    000000e0                        : trgdrv.obj (.text:HOSTopen)
                  8034cb00    000000e0     stk6_ppp_pppoe.ae66 : icmpv6in.oe66 (.text:ICMPv6SocketErrorInterface)
                  8034cbe0    000000e0                         : igmp.oe66 (.text:IGMPLeave)
                  8034ccc0    000000e0                         : ipv6_frag.oe66 (.text:IPv6FindFragQ)
                  8034cda0    000000e0                         : ipv6.oe66 (.text:IPv6Layer4ComputeChecksum)
                  8034ce80    000000e0                         : lli6.oe66 (.text:LLI6Msg)
                  8034cf60    000000e0                         : lli6.oe66 (.text:LLI6Update)
                  8034d040    000000e0                         : mld.oe66 (.text:MLDFindMulticastNode)
                  8034d120    000000e0                         : nimu.oe66 (.text:NIMUAllocateIndex)
                  8034d200    000000e0                         : nimu.oe66 (.text:NIMUAllocateName)
                  8034d2e0    000000e0                         : node.oe66 (.text:NodeDeRef)
                  8034d3c0    000000e0                         : node.oe66 (.text:NodeNew)
                  8034d4a0    000000e0                         : node.oe66 (.text:NodeTreeNew)
                  8034d580    000000e0                         : pbm.oe66 (.text:PBMQ_enq)
                  8034d660    000000e0                         : pbm.oe66 (.text:PBM_copy)
                  8034d740    000000e0                         : rawethsock.oe66 (.text:RawEthSockNotify)
                  8034d820    000000e0                         : rawethsock_pcb.oe66 (.text:RawEthSockPcbAttach)
                  8034d900    000000e0                         : rawethsock.oe66 (.text:RawEthSockSend)
                  8034d9e0    000000e0                         : route6.oe66 (.text:Route6Msg)
                  8034dac0    000000e0                         : route.oe66 (.text:RtDeRef)
                  8034dba0    000000e0                         : route.oe66 (.text:RtRemove)
                  8034dc80    000000e0                         : sb.oe66 (.text:SBSetMax)
                  8034dd60    000000e0                         : sock6int.oe66 (.text:Sock6SpawnAbort)
                  8034de40    000000e0                         : sock6int.oe66 (.text:Sock6ValidateRoute)
                  8034df20    000000e0                         : sock.oe66 (.text:SockDisconnect)
                  8034e000    000000e0                         : sockint.oe66 (.text:SockSpawnAbort)
                  8034e0e0    000000e0                         : tcp6prot.oe66 (.text:TCP6PrDetach)
                  8034e1c0    000000e0                         : tcp6prot.oe66 (.text:TCP6PrDisconnect)
                  8034e2a0    000000e0                         : tcp6prot.oe66 (.text:TCP6ValidateMetrics)
                  8034e380    000000e0                         : tcpprot.oe66 (.text:TcpPrDetach)
                  8034e460    000000e0                         : tcpprot.oe66 (.text:TcpPrDisconnect)
                  8034e540    000000e0                         : tcpprot.oe66 (.text:TcpValidateMetrics)
                  8034e620    000000e0                         : timer.oe66 (.text:TimerListInsert)
                  8034e700    000000e0                         : udp.oe66 (.text:UdpChecksum)
                  8034e7e0    000000e0                         : vlan.oe66 (.text:VLANDeinit)
                  8034e8c0    000000e0                         : vlan.oe66 (.text:VLANReceivePacket)
                  8034e9a0    000000e0     nettool.ae66 : config.oe66 (.text:_CfgEntryScan)
                  8034ea80    000000e0     stk6_ppp_pppoe.ae66 : lli.oe66 (.text:_LLIExpListInsert)
                  8034eb60    000000e0                         : rtable.oe66 (.text:_RtExpListInsert)
                  8034ec40    000000e0     rts6600_elf_mt.lib : divi.obj (.text:__divi)
                  8034ed20    000000e0                        : _printfi.obj (.text:_div)
                  8034ee00    000000e0                        : atoi.obj (.text:atoi)
                  8034eee0    000000e0                        : lowlev.obj (.text:close)
                  8034efc0    000000e0                        : copy_zero_init.obj (.text:decompress:ZI:__TI_zero_init)
                  8034f0a0    000000e0     os.ae66 : efs.oe66 (.text:efs_internal_remove)
                  8034f180    000000e0     rts6600_elf_mt.lib : exit.obj (.text:exit)
                  8034f260    000000e0     stk6_ppp_pppoe.ae66 : file.oe66 (.text:fdint_lockfd)
                  8034f340    000000e0     rts6600_elf_mt.lib : fflush.obj (.text:fflush)
                  8034f420    000000e0     nettool.ae66 : httpclie.oe66 (.text:httpGetMimeBits)
                  8034f500    000000e0     os.ae66 : task.oe66 (.text:llExit)
                  8034f5e0    000000e0     rts6600_elf_mt.lib : ltoa.obj (.text:ltoa)
                  8034f6c0    000000e0                        : memset.obj (.text:memset)
                  8034f7a0    000000e0     os.ae66 : mem.oe66 (.text:mmBulkAlloc)
                  8034f880    000000e0     stk6_ppp_pppoe.ae66 : nimuppp.oe66 (.text:pppFree)
                  8034f960    000000e0     rts6600_elf_mt.lib : printf.obj (.text:printf)
                  8034fa40    000000e0     sysbios.ae66 : BIOS.obj (.text:ti_sysbios_knl_Clock_start__E)
                  8034fb20    000000e0     ti.targets.rts6000.ae66 : Error.oe66 (.text:xdc_runtime_Error_print__F)
                  8034fc00    000000e0                             : Memory.oe66 (.text:xdc_runtime_Memory_alloc__F)
                  8034fce0    000000c0     rts6600_elf_mt.lib : trgdrv.obj (.text:HOSTread)
                  8034fda0    000000c0                        : trgdrv.obj (.text:HOSTwrite)
                  8034fe60    000000c0     stk6_ppp_pppoe.ae66 : icmpv6in.oe66 (.text:ICMPv6RecvDstUnreachable)
                  8034ff20    000000c0                         : lli.oe66 (.text:LLIGetValidTime)
                  8034ffe0    000000c0                         : lli.oe66 (.text:LLIMsg)
                  803500a0    000000c0                         : mld.oe66 (.text:MLDCreateMulticastNode)
                  80350160    000000c0                         : mld.oe66 (.text:MLDLeaveGroup)
                  80350220    000000c0                         : nimu.oe66 (.text:NIMUFindByName)
                  803502e0    000000c0     netctrl.ae66 : netsrv.oe66 (.text:NS_BootTask)
                  803503a0    000000c0     stk6_ppp_pppoe.ae66 : node.oe66 (.text:NodeUpdatePL)
                  80350460    000000c0     nettool.ae66 : ipaddr.oe66 (.text:NtIfIdx2Ip)
                  80350520    000000c0     ti.drv.qmss.ae66 : qmss_drv.oe66 (.text:Qmss_setEoiVector)
                  803505e0    000000c0     stk6_ppp_pppoe.ae66 : route6.oe66 (.text:Rt6FindDefaultRouter)
                  803506a0    000000c0                         : rtable.oe66 (.text:RtWalkBegin)
                  80350760    000000c0                         : sb6.oe66 (.text:SB6Flush)
                  80350820    000000c0                         : sb6.oe66 (.text:SB6SetMax)
                  803508e0    000000c0                         : sb.oe66 (.text:SBFlush)
                  803509a0    000000c0                         : sock6.oe66 (.text:Sock6IntAbort)
                  80350a60    000000c0                         : sock6pcb.oe66 (.text:Sock6PcbResolveChain)
                  80350b20    000000c0                         : sock6pcb.oe66 (.text:Sock6PcbRtChange)
                  80350be0    000000c0                         : sock.oe66 (.text:SockIntAbort)
                  80350ca0    000000c0                         : sockpcb.oe66 (.text:SockPcbRtChange)
                  80350d60    000000c0                         : tcp6prot.oe66 (.text:TCP6Close)
                  80350e20    000000c0                         : tcp6time.oe66 (.text:TCP6TimeoutSackRexmt)
                  80350ee0    000000c0     os.ae66 : task.oe66 (.text:TaskGetEnv)
                  80350fa0    000000c0     stk6_ppp_pppoe.ae66 : tcp.oe66 (.text:TcpChecksum)
                  80351060    000000c0                         : tcpprot.oe66 (.text:TcpClose)
                  80351120    000000c0                         : tcptime.oe66 (.text:TcpTimeoutSackRexmt)
                  803511e0    000000c0                         : bind6.oe66 (.text:_Bind6FindByHostInList)
                  803512a0    000000c0                         : bind6.oe66 (.text:_Bind6FindByNetInList)
                  80351360    000000c0     rts6600_elf_mt.lib : dtor_list.obj (.text:__cxa_finalize)
                  80351420    000000c0                        : divu.obj (.text:__divu)
                  803514e0    000000c0                        : remi.obj (.text:__remi)
                  803515a0    000000c0                        : fflush.obj (.text:_doflush)
                  80351660    000000c0     ti.drv.cppi.ae66 : cppi_listlib.oe66 (.text:cppi_list_remove_node)
                  80351720    000000c0     nettool.ae66 : dhcptags.oe66 (.text:dhcpOptionsClear)
                  803517e0    000000c0     os.ae66 : efs.oe66 (.text:efs_fopen)
                  803518a0    000000c0     nettool.ae66 : httpsend.oe66 (.text:httpSendFullResponse)
                  80351960    000000c0     os.ae66 : mem.oe66 (.text:mmZeroInit)
                  80351a20    000000c0     rts6600_elf_mt.lib : _mutex.obj (.text:mutex_init)
                  80351ae0    000000c0     stk6_ppp_pppoe.ae66 : nimuppp.oe66 (.text:pppAddIP)
                  80351ba0    000000c0     rts6600_elf_mt.lib : _pthread.obj (.text:pthread_mutex_lock)
                  80351c60    000000c0                        : _pthread.obj (.text:pthread_mutex_unlock)
                  80351d20    000000c0                        : _pthread.obj (.text:pthread_once)
                  80351de0    000000c0     sysbios.ae66 : BIOS.obj (.text:ti_sysbios_BIOS_errorRaiseHook__I)
                  80351ea0    000000c0                  : BIOS.obj (.text:ti_sysbios_heaps_HeapMem_getStats__E)
                  80351f60    000000c0                  : BIOS.obj (.text:ti_sysbios_knl_Clock_logTick__E)
                  80352020    000000c0     Disparity_pe66.oe66 (.text:ti_sysbios_knl_Task_Object__create__S)
                  803520e0    000000c0     sysbios.ae66 : BIOS.obj (.text:ti_sysbios_knl_Task_allBlockedFunction__I)
                  803521a0    000000c0                  : BIOS.obj (.text:ti_sysbios_timers_timer64_Timer_startup__E)
                  80352260    000000c0     ti.targets.rts6000.ae66 : LoggerBuf.oe66 (.text:xdc_runtime_LoggerBuf_Instance_init__F)
                  80352320    000000c0     Disparity_pe66.oe66 (.text:xdc_runtime_LoggerBuf_Object__create__S)
                  803523e0    000000c0     ti.targets.rts6000.ae66 : System.oe66 (.text:xdc_runtime_System_formatNum__I)
                  803524a0    000000a0     nettool.ae66 : config.oe66 (.text:CfgEntryDeRef)
                  80352540    000000a0                  : config.oe66 (.text:CfgEntryGetData)
                  803525e0    000000a0                  : config.oe66 (.text:CfgGetImmediate)
                  80352680    000000a0                  : telnetd.oe66 (.text:CmdWriteBytes)
                  80352720    000000a0                  : telnetd.oe66 (.text:CmdWriteCmd)
                  803527c0    000000a0     ti.drv.cppi.ae66 : cppi_drv.oe66 (.text:Cppi_channelEnable)
                  80352860    000000a0     stk6_ppp_pppoe.ae66 : file.oe66 (.text:FdSignalEvent)
                  80352900    000000a0     rts6600_elf_mt.lib : trgdrv.obj (.text:HOSTunlink)
                  803529a0    000000a0     stk6_ppp_pppoe.ae66 : ipfrag.oe66 (.text:IPReasmFree)
                  80352a40    000000a0                         : ipfrag.oe66 (.text:IPReasmTimeout)
                  80352ae0    000000a0                         : ipv6.oe66 (.text:IPv6CompareAddress)
                  80352b80    000000a0                         : lliin.oe66 (.text:LLIValidateRoute)
                  80352c20    000000a0                         : md5.oe66 (.text:MD5Final)
                  80352cc0    000000a0                         : nimu.oe66 (.text:NIMUShutdown)
                  80352d60    000000a0                         : nimu.oe66 (.text:NIMUUnregister)
                  80352e00    000000a0     nettool.ae66 : ipaddr.oe66 (.text:NtAddNetwork)
                  80352ea0    000000a0     stk6_ppp_pppoe.ae66 : pbm.oe66 (.text:PBM_open)
                  80352f40    000000a0                         : pipe.oe66 (.text:PipeCheck)
                  80352fe0    000000a0     ti.drv.qmss.ae66 : qmss_drv.oe66 (.text:Qmss_queueClose)
                  80353080    000000a0                      : qmss_drv.oe66 (.text:Qmss_startCfg)
                  80353120    000000a0     stk6_ppp_pppoe.ae66 : rtable.oe66 (.text:RouteMsg)
                  803531c0    000000a0                         : route.oe66 (.text:RtNew)
                  80353260    000000a0                         : sb6.oe66 (.text:SB6Free)
                  80353300    000000a0                         : sb.oe66 (.text:SBFree)
                  803533a0    000000a0     os.ae66 : semaphore.oe66 (.text:SemCreate)
                  80353440    000000a0             : semaphore.oe66 (.text:SemCreateBinary)
                  803534e0    000000a0     stk6_ppp_pppoe.ae66 : sock6pcb.oe66 (.text:Sock6CleanPcb)
                  80353580    000000a0                         : sock6.oe66 (.text:Sock6GetName)
                  80353620    000000a0                         : sock.oe66 (.text:SockBind)
                  803536c0    000000a0                         : sockpcb.oe66 (.text:SockCleanPcb)
                  80353760    000000a0                         : sockpcb.oe66 (.text:SockPcbResolveChain)
                  80353800    000000a0                         : tcp6prot.oe66 (.text:TCP6Drop)
                  803538a0    000000a0                         : tcp6prot.oe66 (.text:TCP6PrCtlError)
                  80353940    000000a0                         : tcp6prot.oe66 (.text:TCP6PrSend)
                  803539e0    000000a0                         : tcp6prot.oe66 (.text:TCP6PrSendOOB)
                  80353a80    000000a0     os.ae66 : task.oe66 (.text:TaskCreate)
                  80353b20    000000a0     stk6_ppp_pppoe.ae66 : tcpprot.oe66 (.text:TcpDrop)
                  80353bc0    000000a0                         : tcpprot.oe66 (.text:TcpPrCtlError)
                  80353c60    000000a0                         : tcpprot.oe66 (.text:TcpPrSend)
                  80353d00    000000a0                         : tcpprot.oe66 (.text:TcpPrSendOOB)
                  80353da0    000000a0                         : timer.oe66 (.text:TimerNew)
                  80353e40    000000a0     nettool.ae66 : config.oe66 (.text:_CfgRelease)
                  80353ee0    000000a0     stk6_ppp_pppoe.ae66 : lli.oe66 (.text:_LLITimeoutFlush)
                  80353f80    000000a0     rts6600_elf_mt.lib : dtor_list.obj (.text:_Z11__TI_atexitPFYvPvES_S_)
                  80354020    000000a0                        : remu.obj (.text:__remu)
                  803540c0    000000a0     boot.ae66 : boot.oe66 (.text:_c_int00)
                  80354160    000000a0     rts6600_elf_mt.lib : fopen.obj (.text:_cleanup)
                  80354200    000000a0                        : _printfi.obj (.text:_ecpy)
                  803542a0    000000a0                        : _printfi.obj (.text:_fcpy)
                  80354340    000000a0                        : _printfi.obj (.text:_pconv_f)
                  803543e0    000000a0     stk6_ppp_pppoe.ae66 : auth.oe66 (.text:authStart)
                  80354480    000000a0     ti.drv.cppi.ae66 : cppi_heap.oe66 (.text:cppi_internal_heap_malloc)
                  80354520    000000a0                      : cppi_listlib.oe66 (.text:cppi_list_cat)
                  803545c0    000000a0     nettool.ae66 : dhcpbild.oe66 (.text:dhcpBuildDecline)
                  80354660    000000a0                  : dhcpsm.oe66 (.text:dhcpIPRemove)
                  80354700    000000a0     os.ae66 : efs.oe66 (.text:efs_filesend)
                  803547a0    000000a0     stk6_ppp_pppoe.ae66 : fileuser.oe66 (.text:fdCloseSession)
                  80354840    000000a0     rts6600_elf_mt.lib : lowlev.obj (.text:finddevice)
                  803548e0    000000a0     stk6_ppp_pppoe.ae66 : lcp.oe66 (.text:lcpInit)
                  80354980    000000a0                         : lcp.oe66 (.text:lcpSendTerm)
                  80354a20    000000a0                         : sock6.oe66 (.text:leaveGroup)
                  80354ac0    000000a0     hal_timer_bios.ae66 : lltimer.oe66 (.text:llTimerTick)
                  80354b60    000000a0     rts6600_elf_mt.lib : lowlev.obj (.text:lseek)
                  80354c00    000000a0                        : memcpy64.obj (.text:memcpy)
                  80354ca0    000000a0     os.ae66 : mem.oe66 (.text:mmBulkFree)
                  80354d40    000000a0             : mem.oe66 (.text:mmInitPage)
                  80354de0    000000a0     rts6600_elf_mt.lib : _mutex.obj (.text:mutex_unlock)
                  80354e80    000000a0     ti.drv.pa.ae66 : pa.oe66 (.text:pa_format_fcmd_header)
                  80354f20    000000a0                    : pa.oe66 (.text:pa_pdsp_run)
                  80354fc0    000000a0     os.ae66 : ossys.oe66 (.text:stricmp)
                  80355060    000000a0     rts6600_elf_mt.lib : strstr.obj (.text:strstr)
                  80355100    000000a0     sysbios.ae66 : BIOS.obj (.text:ti_sysbios_family_c64p_Hwi_eventMap__E)
                  803551a0    000000a0                  : BIOS.obj (.text:ti_sysbios_family_c64p_Hwi_getStackInfo__E)
                  80355240    000000a0                  : BIOS.obj (.text:ti_sysbios_heaps_HeapMem_init__I)
                  803552e0    000000a0                  : BIOS.obj (.text:ti_sysbios_knl_Idle_run__E)
                  80355380    000000a0                  : BIOS.obj (.text:ti_sysbios_knl_Semaphore_pendTimeout__I)
                  80355420    000000a0                  : BIOS.obj (.text:ti_sysbios_knl_Task_deleteTerminatedTasksFunc__I)
                  803554c0    000000a0                  : BIOS.obj (.text:ti_sysbios_knl_Task_processVitalTaskFlag__I)
                  80355560    000000a0                  : BIOS.obj (.text:ti_sysbios_timers_timer64_Timer_stop__E)
                  80355600    000000a0     rts6600_elf_mt.lib : lowlev.obj (.text:write)
                  803556a0    000000a0     ti.targets.rts6000.ae66 : Assert.oe66 (.text:xdc_runtime_Assert_raise__I)
                  80355740    000000a0                             : LoggerBuf.oe66 (.text:xdc_runtime_LoggerBuf_Module_startup__F)
                  803557e0    000000a0     Disparity_pe66.oe66 (.text:xdc_runtime_LoggerBuf_write8__E)
                  80355880    000000a0     ti.targets.rts6000.ae66 : Text.oe66 (.text:xdc_runtime_Text_xprintf__I)
                  80355920    00000080     ti.drv.cppi.ae66 : cppi_drv.oe66 (.text:Cppi_setCpdmaLoopback)
                  803559a0    00000080     stk6_ppp_pppoe.ae66 : md5.oe66 (.text:Decode)
                  80355a20    00000080     rts6600_elf_mt.lib : trgdrv.obj (.text:HOSTclose)
                  80355aa0    00000080     stk6_ppp_pppoe.ae66 : icmp.oe66 (.text:ICMPChecksum)
                  80355b20    00000080                         : icmpv6in.oe66 (.text:ICMPv6RecvParamProblem)
                  80355ba0    00000080                         : icmpv6_ndisc.oe66 (.text:ICMPv6RecvRS)
                  80355c20    00000080                         : icmpv6in.oe66 (.text:ICMPv6RecvTimeExceeded)
                  80355ca0    00000080                         : ipv6out.oe66 (.text:IPv6GetRoute)
                  80355d20    00000080                         : lli6.oe66 (.text:LLI6Free)
                  80355da0    00000080                         : lli6.oe66 (.text:LLI6IsRouterStatMachine)
                  80355e20    00000080                         : nimu.oe66 (.text:NIMUInit)
                  80355ea0    00000080                         : pbm.oe66 (.text:PBMQ_deq)
                  80355f20    00000080                         : nimuppp.oe66 (.text:PPPSend)
                  80355fa0    00000080     ti.drv.pa.ae66 : painit.oe66 (.text:Pa_getBufferReq)
                  80356020    00000080     stk6_ppp_pppoe.ae66 : pipe.oe66 (.text:PipeClose)
                  803560a0    00000080     ti.drv.qmss.ae66 : qmss_drv.oe66 (.text:Qmss_getMemRegQueueHandle)
                  80356120    00000080                      : qmss_drv.oe66 (.text:Qmss_queueOpen)
                  803561a0    00000080     stk6_ppp_pppoe.ae66 : rawethsock.oe66 (.text:RawEthSockClose)
                  80356220    00000080                         : rawethsock_pcb.oe66 (.text:RawEthSockPcbDetach)
                  803562a0    00000080                         : route6.oe66 (.text:Rt6Update)
                  80356320    00000080                         : route.oe66 (.text:RtSetFailure)
                  803563a0    00000080                         : route.oe66 (.text:RtSetTimeout)
                  80356420    00000080                         : sock6.oe66 (.text:Sock6Bind)
                  803564a0    00000080                         : sock6pcb.oe66 (.text:Sock6PcbCleanup)
                  80356520    00000080                         : sock.oe66 (.text:SockGetName)
                  803565a0    00000080                         : sockpcb.oe66 (.text:SockPcbCleanup)
                  80356620    00000080                         : sockpcb.oe66 (.text:SockPcbDetach)
                  803566a0    00000080                         : tcp6prot.oe66 (.text:TCP6PrListen)
                  80356720    00000080     os.ae66 : task.oe66 (.text:TaskSetEnv)
                  803567a0    00000080     stk6_ppp_pppoe.ae66 : tcpprot.oe66 (.text:TcpPrListen)
                  80356820    00000080                         : timer.oe66 (.text:TimerHSTick)
                  803568a0    00000080                         : timer.oe66 (.text:TimerListRemove)
                  80356920    00000080     nettool.ae66 : config.oe66 (.text:_CfgAcquire)
                  803569a0    00000080     stk6_ppp_pppoe.ae66 : lli.oe66 (.text:_LLIExpListRemove)
                  80356a20    00000080                         : rtc.oe66 (.text:_RTCSendRtAdv)
                  80356aa0    00000080                         : rtable.oe66 (.text:_RtExpListRemove)
                  80356b20    00000080     rts6600_elf_mt.lib : _mutex.obj (.text:__TI_resource_lock)
                  80356ba0    00000080                        : llshift.obj (.text:__c6xabi_llshl)
                  80356c20    00000080     sysbios.ae66 : c62_TaskSupport_asm.obj (.text:_ti_sysbios_family_c62_TaskSupport_swap__E)
                  80356ca0    00000080     ti.drv.cppi.ae66 : cppi_heap.oe66 (.text:cppi_internal_heap_cache_begin)
                  80356d20    00000080                      : cppi_listlib.oe66 (.text:cppi_list_remove)
                  80356da0    00000080     nettool.ae66 : dhcpsock.oe66 (.text:dhcpSocketClose)
                  80356e20    00000080     os.ae66 : efs.oe66 (.text:efs_fclose)
                  80356ea0    00000080             : efs.oe66 (.text:efs_findfile)
                  80356f20    00000080     stk6_ppp_pppoe.ae66 : file.oe66 (.text:fdint_waitevent)
                  80356fa0    00000080     nettool.ae66 : httpsend.oe66 (.text:httpSendEntityLength)
                  80357020    00000080                  : httpsend.oe66 (.text:httpSendErrorResponse)
                  803570a0    00000080     hal_timer_bios.ae66 : lltimer.oe66 (.text:llTimerGetTime)
                  80357120    00000080     Disparity_pe66.oe66 (.text:malloc)
                  803571a0    00000080     rts6600_elf_mt.lib : _mutex.obj (.text:mutex_lock)
                  80357220    00000080     ti.drv.pa.ae66 : pa.oe66 (.text:pa_uint8_match)
                  803572a0    00000080     rts6600_elf_mt.lib : _pthread.obj (.text:pthread_mutex_init)
                  80357320    00000080                        : trgmsg.obj (.text:readmsg)
                  803573a0    00000080     nettool.ae66 : httpsend.oe66 (.text:strcat)
                  80357420    00000080     rts6600_elf_mt.lib : strncpy.obj (.text:strncpy)
                  803574a0    00000080     ti.drv.pa.ae66 : pa.oe66 (.text:swizFcmd)
                  80357520    00000080     ti.platform.evm6678l.ae66 : evm66x_i2c.obj (.text)
                  803575a0    00000080     sysbios.ae66 : BIOS.obj (.text:ti_sysbios_BIOS_registerRTSLock__I)
                  80357620    00000080     Disparity_pe66.oe66 (.text:ti_sysbios_gates_GateHwi_Object__create__S)
                  803576a0    00000080     Disparity_pe66.oe66 (.text:ti_sysbios_gates_GateMutex_Object__create__S)
                  80357720    00000080     sysbios.ae66 : BIOS.obj (.text:ti_sysbios_hal_Hwi_checkStack:ti_sysbios_hal_Hwi_checkStack)
                  803577a0    00000080                  : BIOS.obj (.text:ti_sysbios_hal_Hwi_initStack:ti_sysbios_hal_Hwi_initStack)
                  80357820    00000080     Disparity_pe66.oe66 (.text:ti_sysbios_heaps_HeapMem_Object__create__S)
                  803578a0    00000080     sysbios.ae66 : BIOS.obj (.text:ti_sysbios_knl_Clock_Module_startup__F)
                  80357920    00000080     Disparity_pe66.oe66 (.text:ti_sysbios_knl_Clock_Object__create__S)
                  803579a0    00000080     sysbios.ae66 : BIOS.obj (.text:ti_sysbios_knl_Clock_getTicks__E)
                  80357a20    00000080     Disparity_pe66.oe66 (.text:ti_sysbios_knl_Queue_Object__create__S)
                  80357aa0    00000080     Disparity_pe66.oe66 (.text:ti_sysbios_knl_Semaphore_Object__create__S)
                  80357b20    00000080     sysbios.ae66 : BIOS.obj (.text:ti_sysbios_knl_Swi_startup__E)
                  80357ba0    00000080                  : BIOS.obj (.text:ti_sysbios_knl_Task_restore__E)
                  80357c20    00000080                  : BIOS.obj (.text:ti_sysbios_timers_timer64_Timer_getCount__E)
                  80357ca0    00000080                  : BIOS.obj (.text:ti_sysbios_timers_timer64_Timer_getPeriod__E)
                  80357d20    00000080     rts6600_elf_mt.lib : trgmsg.obj (.text:writemsg)
                  80357da0    00000080     ti.targets.rts6000.ae66 : Core-label.oe66 (.text:xdc_runtime_Core_assignLabel__I)
                  80357e20    00000080                             : Core-params.oe66 (.text:xdc_runtime_Core_assignParams__I)
                  80357ea0    00000080                             : LoggerBuf.oe66 (.text:xdc_runtime_LoggerBuf_filterOutEvent__I)
                  80357f20    00000080                             : System.oe66 (.text:xdc_runtime_System_atexit__F)
                  80357fa0    00000080                             : System.oe66 (.text:xdc_runtime_System_putchar__I)
                  80358020    00000080                             : System.oe66 (.text:xdc_runtime_System_rtsExit__I)
                  803580a0    00000080                             : Text.oe66 (.text:xdc_runtime_Text_printVisFxn__I)
                  80358120    00000060     stk6_ppp_pppoe.ae66 : bind6.oe66 (.text:Bind6FindByIF)
                  80358180    00000060                         : bind6.oe66 (.text:Bind6IF2IPHost)
                  803581e0    00000060                         : bind.oe66 (.text:BindFindByHost)
                  80358240    00000060                         : bind.oe66 (.text:BindFindByIF)
                  803582a0    00000060                         : bind.oe66 (.text:BindFindByNet)
                  80358300    00000060                         : bind.oe66 (.text:BindGetIFByDBCast)
                  80358360    00000060                         : bind.oe66 (.text:BindIF2IPHost)
                  803583c0    00000060     nettool.ae66 : config.oe66 (.text:CfgEntryInfo)
                  80358420    00000060                  : config.oe66 (.text:CfgSetService)
                  80358480    00000060     stk6_ppp_pppoe.ae66 : md5.oe66 (.text:Encode)
                  803584e0    00000060                         : exec.oe66 (.text:ExecBroadcast)
                  80358540    00000060                         : igmp.oe66 (.text:IGMPTestGroup)
                  803585a0    00000060                         : ip.oe66 (.text:IPChecksum)
                  80358600    00000060                         : lli.oe66 (.text:LLIFree)
                  80358660    00000060     netctrl.ae66 : netctrl.oe66 (.text:NC_SystemClose)
                  803586c0    00000060     stk6_ppp_pppoe.ae66 : nimu.oe66 (.text:NIMUAddHeader)
                  80358720    00000060                         : nimu.oe66 (.text:NIMUCreatePacket)
                  80358780    00000060                         : nimu.oe66 (.text:NIMUFindByIndex)
                  803587e0    00000060                         : nimu.oe66 (.text:NIMUPacketService)
                  80358840    00000060                         : nimu.oe66 (.text:NIMUPacketServiceCheck)
                  803588a0    00000060                         : nimu.oe66 (.text:NIMUSendPacket)
                  80358900    00000060     netctrl.ae66 : netsrv.oe66 (.text:NS_PreBoot)
                  80358960    00000060     stk6_ppp_pppoe.ae66 : node.oe66 (.text:NodeGetRt)
                  803589c0    00000060                         : nimuppp.oe66 (.text:PPPStart)
                  80358a20    00000060                         : rtc.oe66 (.text:RTCAddHook)
                  80358a80    00000060                         : rtc.oe66 (.text:RTCRemoveHook)
                  80358ae0    00000060                         : rawethsock_pcb.oe66 (.text:RawEthSockPcbCleanup)
                  80358b40    00000060                         : rawethsock_pcb.oe66 (.text:RawEthSockPcbFind)
                  80358ba0    00000060                         : route6.oe66 (.text:Rt6GetNetworkAddr)
                  80358c00    00000060                         : rtable.oe66 (.text:RtWalkEnd)
                  80358c60    00000060     netctrl.ae66 : netsrv.oe66 (.text:ServiceCallback)
                  80358cc0    00000060     stk6_ppp_pppoe.ae66 : sock6pcb.oe66 (.text:Sock6PcbDetach)
                  80358d20    00000060                         : sock6prot.oe66 (.text:Sock6PrCtlError)
                  80358d80    00000060                         : sock6prot.oe66 (.text:Sock6PrDetach)
                  80358de0    00000060                         : sockprot.oe66 (.text:SockPrCtlError)
                  80358e40    00000060                         : sockprot.oe66 (.text:SockPrDetach)
                  80358ea0    00000060                         : tcp6prot.oe66 (.text:TCP6PrConnect)
                  80358f00    00000060                         : tcp6time.oe66 (.text:TCP6SetPersist)
                  80358f60    00000060                         : tcp6time.oe66 (.text:TCP6TimeoutPersist)
                  80358fc0    00000060                         : tcpprot.oe66 (.text:TcpPrConnect)
                  80359020    00000060                         : tcptime.oe66 (.text:TcpSetPersist)
                  80359080    00000060                         : tcptime.oe66 (.text:TcpTimeoutPersist)
                  803590e0    00000060                         : vlan.oe66 (.text:VLANFindNode)
                  80359140    00000060                         : vlan.oe66 (.text:VLANFindSourceInterface)
                  803591a0    00000060                         : vlan.oe66 (.text:VLANInit)
                  80359200    00000060     nettool.ae66 : config.oe66 (.text:_CfgEntryProcess)
                  80359260    00000060     rts6600_elf_mt.lib : frcmpyd_div.obj (.text:__c6xabi_frcmpyd_div)
                  803592c0    00000060                        : llshift.obj (.text:__c6xabi_llshru)
                  80359320    00000060                        : imath64.obj (.text:_subcull)
                  80359380    00000060     ti.drv.cppi.ae66 : cppi_listlib.oe66 (.text:cppi_list_add)
                  803593e0    00000060                      : cppi_listlib.oe66 (.text:cppi_list_cache_invalidate)
                  80359440    00000060     rts6600_elf_mt.lib : _mutex.obj (.text:create_resource_mutexes)
                  803594a0    00000060                        : _mutex.obj (.text:destroy_resource_mutexes)
                  80359500    00000060     nettool.ae66 : dhcpbild.oe66 (.text:dhcpBuildDiscover)
                  80359560    00000060                  : dhcpsock.oe66 (.text:dhcpPacketReceive)
                  803595c0    00000060                  : dhcpsock.oe66 (.text:dhcpPacketSend)
                  80359620    00000060     stk6_ppp_pppoe.ae66 : fileuser.oe66 (.text:fdSelectAbort)
                  80359680    00000060                         : file.oe66 (.text:fdint_clearevent)
                  803596e0    00000060                         : file.oe66 (.text:fdint_getfdt)
                  80359740    00000060                         : file.oe66 (.text:fdint_setevent)
                  803597a0    00000060                         : fileuser.oe66 (.text:fdsetTestEntry)
                  80359800    00000060     nettool.ae66 : httpsend.oe66 (.text:httpSendClientStr)
                  80359860    00000060     stk6_ppp_pppoe.ae66 : ipcp.oe66 (.text:ipcpInit)
                  803598c0    00000060                         : ipcp.oe66 (.text:ipcpStart)
                  80359920    00000060                         : lcp.oe66 (.text:lcpClose)
                  80359980    00000060                         : listlib.oe66 (.text:list_cat)
                  803599e0    00000060                         : listlib.oe66 (.text:list_remove_node)
                  80359a40    00000060     rts6600_elf_mt.lib : memccpy.obj (.text:memccpy)
                  80359aa0    00000060     os.ae66 : mem.oe66 (.text:mmUnInitPage)
                  80359b00    00000060     ti.drv.pa.ae66 : painit.oe66 (.text:pa_init_global_cfg)
                  80359b60    00000060                    : pa.oe66 (.text:pa_uint8_zero)
                  80359bc0    00000060     stk6_ppp_pppoe.ae66 : nimupppoe.oe66 (.text:pppoeInput)
                  80359c20    00000060     rts6600_elf_mt.lib : _pthread.obj (.text:pthread_mutex_destroy)
                  80359c80    00000060                        : strcpy.obj (.text:strcpy)
                  80359ce0    00000060     Disparity_pe66.oe66 (.text:ti_ndk_config_Global_stackThread)
                  80359d40    00000060     Disparity_pe66.oe66 (.text:ti_sysbios_BIOS_exitFunc__I)
                  80359da0    00000060     sysbios.ae66 : BIOS.obj (.text:ti_sysbios_BIOS_rtsLock__I)
                  80359e00    00000060                  : BIOS.obj (.text:ti_sysbios_family_c62_TaskSupport_start__E)
                  80359e60    00000060                  : BIOS.obj (.text:ti_sysbios_family_c64p_EventCombiner_Module_startup__F)
[...]
8035dc60   xdc_runtime_System_vsnprintf__F
8035dc80   NDK_vsprintf
8035dc80   xdc_runtime_System_vsprintf__E
8035dca0   xdc_runtime_Text_cordText__E
8035dcc0   xdc_runtime_Text_putLab__E
8035dce0   xdc_runtime_Text_putSite__E
8035dd00   xdc_runtime_Text_ropeText__E
8035dd20   xdc_runtime_Timestamp_SupportProxy_get32__E
8035dd20   xdc_runtime_Timestamp_get32__F
8035dd40   xdc_runtime_Timestamp_SupportProxy_getFreq__E
8035dd40   xdc_runtime_Timestamp_getFreq__F
8035dd60   xdc_runtime_Timestamp_get32__E
8035dd80   xdc_runtime_Timestamp_getFreq__E
8035dda0   ti_ndk_config_Global_pit
8035df60   ti_ndk_config_Global_pitBuffer
80369f60   ti_sysbios_knl_Task_Instance_State_0_hookEnv__A
80369f68   ti_sysbios_knl_Task_Instance_State_1_hookEnv__A
80369f70   ti_sysbios_knl_Task_Instance_State_2_hookEnv__A
80369f78   xdc_runtime_LoggerBuf_Instance_State_0_entryArr__A
8036af30   _tmpnams
8036b070   qmssLObj
8036b378   IPV6_LINKLOCALMASK
8036b388   IPV6_MULTICASTMASK
8036b398   IPV6_UNSPECIFIED_ADDRESS
8036b3a8   IPV6_LOOPBACK_ADDRESS
8036b3b8   IPV6_HOST_MASK
8036b3c8   IPV6_ALL_NODES_ADDRESS
8036b3d8   IPV6_ALL_ROUTER_ADDRESS
8036b3e8   ipv6mcb
8036b440   tcps
8036b4f8   tpseudo
8036b504   tcp6_stats
8036b5bc   raweth_pcb
8036b5c0   _ICMPIn
8036b610   _ICMPOut
8036b65c   gPlatformInfo
8036b6f0   BlockMax
8036b710   BlockCount
8036b730   PageMax
8036b750   PageCount
8036b76c   ips
8036b7d4   nimu_mcb
8036b838   gI2cBlock
8036b87c   udps
8036b8a0   upseudo
8036b8b0   nimuGlobalConfigParams
8036b8c0   coreKey
8036b8e0   vlan_mcb
8036b908   udp6_stats
8036b930   gCppiCfg
8036b950   icmp6stats
8036b984   stkEvent
8036b994   raws
8036b9a4   raw6_stats
8036b9b4   raweths
8036b9c4   PBMQ_free
8036b9d0   c1
8036d798   m
8036f048   xdc_runtime_Text_charTab__A
80370640   c2
80372628   acc48_le
80372c58   ti_sysbios_family_c66_Cache_marvalues__C
80373f78   _ctypes_
8037407a   ti_sysbios_BIOS_Module__id__C
8037407c   ti_sysbios_BIOS_Module__diagsEnabled__C
80374080   xdc_runtime_Text_nodeTab__A
803748c6   ti_sysbios_family_c64p_EventCombiner_Module__id__C
803749ec   ti_sysbios_BIOS_Module__diagsIncluded__C
803749f0   pap_pdsp_const_reg_map
80374bb2   ti_sysbios_family_c64p_Exception_Module__id__C
80374cba   ti_sysbios_family_c64p_Exception_enableExternalMPC__C
80374cbc   ti_sysbios_BIOS_Module__diagsMask__C
80374cc0   Code2Err
80374eb2   ti_sysbios_family_c64p_Exception_enablePrint__C
80374eb4   ti_sysbios_knl_Task_Object__PARAMS__C
80374ef0   xdc_runtime_LoggerBuf_Module__FXNS__C
80374f2c   ti_sysbios_BIOS_installedErrorHook__C
80374f30   xdc_runtime_Startup_sfxnTab__A
80375002   ti_sysbios_family_c64p_Exception_useInternalBuffer__C
80375004   ti_sysbios_family_c62_TaskSupport_stackAlignment__C
80375008   ti_sysbios_knl_Task_hooks__A
803750bc   ti_sysbios_heaps_HeapMem_Module__FXNS__C
803750e4   xdc_runtime_LoggerBuf_Object__PARAMS__C
80375134   ti_sysbios_gates_GateHwi_Module__FXNS__C
80375158   ti_sysbios_gates_GateMutex_Module__FXNS__C
8037517c   ti_sysbios_heaps_HeapMem_Object__PARAMS__C
803751a0   ti_sysbios_knl_Clock_Object__PARAMS__C
803751c4   ti_sysbios_knl_Semaphore_Object__PARAMS__C
8037520c   ti_sysbios_gates_GateHwi_Object__DESC__C
8037522c   ti_sysbios_gates_GateMutex_Object__DESC__C
8037524c   ti_sysbios_heaps_HeapMem_Object__DESC__C
8037526c   ti_sysbios_knl_Clock_Object__DESC__C
8037528c   ti_sysbios_knl_Queue_Object__DESC__C
803752ac   ti_sysbios_knl_Semaphore_Object__DESC__C
803752cc   ti_sysbios_knl_Task_Object__DESC__C
803752ec   xdc_runtime_LoggerBuf_Object__DESC__C
8037530c   ti_sysbios_family_c64p_EventCombiner_E_unpluggedEvent__C
8037536a   ti_sysbios_family_c64p_Hwi_Module__id__C
8037536c   ti_sysbios_family_c64p_Exception_E_exceptionMax__C
80375370   xdc_runtime_Startup_sfxnRts__A
8037538c   ti_sysbios_family_c64p_Exception_E_exceptionMin__C
803753f0   ti_sysbios_gates_GateHwi_Object__PARAMS__C
80375408   ti_sysbios_gates_GateMutex_Object__PARAMS__C
80375420   ti_sysbios_knl_Queue_Object__PARAMS__C
8037549a   ti_sysbios_family_c64p_Hwi_Module__loggerDefined__C
8037549c   ti_sysbios_family_c64p_Exception_exceptionHook__C
803754b2   ti_sysbios_gates_GateMutex_Module__id__C
803754b4   ti_sysbios_family_c64p_Exception_externalHook__C
803754b8   paMemAligns
803754c8   ti_sysbios_family_c64p_EventCombiner_EVTMASK__C
80375500   ti_sysbios_family_c66_Cache_initSize__C
80375522   ti_sysbios_hal_Hwi_Module__id__C
80375524   ti_sysbios_family_c64p_Exception_internalHook__C
80375532   ti_sysbios_heaps_HeapMem_Module__id__C
80375534   ti_sysbios_family_c64p_Exception_nmiHook__C
80375550   ti_sysbios_knl_Idle_coreList__A
80375558   ti_sysbios_knl_Idle_coreList__C
80375560   ti_sysbios_knl_Idle_funcList__A
80375568   ti_sysbios_knl_Idle_funcList__C
80375570   ti_sysbios_knl_Task_hooks__C
80375578   xdc_runtime_Startup_firstFxns__A
80375580   xdc_runtime_Startup_firstFxns__C
80375588   xdc_runtime_Startup_lastFxns__A
80375590   xdc_runtime_Startup_lastFxns__C
8037559e   ti_sysbios_knl_Clock_Module__id__C
803755a6   ti_sysbios_knl_Clock_Module__loggerDefined__C
803755ae   ti_sysbios_knl_Semaphore_Module__id__C
803755b0   ti_sysbios_family_c64p_Hwi_LD_end__C
803755b4   ti_sysbios_family_c64p_Hwi_LM_begin__C
803755b8   ti_sysbios_family_c64p_Hwi_Module__diagsEnabled__C
803755bc   ti_sysbios_family_c64p_Hwi_Module__diagsIncluded__C
803755c0   ti_sysbios_family_c64p_Hwi_Module__diagsMask__C
803755c4   ti_sysbios_family_c64p_Hwi_Module__loggerFxn1__C
803755c8   ti_sysbios_family_c64p_Hwi_Module__loggerFxn8__C
803755cc   ti_sysbios_family_c64p_Hwi_Module__loggerObj__C
803755d0   ti_sysbios_family_c66_Cache_atomicBlockSize__C
803755d4   ti_sysbios_gates_GateMutex_A_badContext__C
803755d8   ti_sysbios_gates_GateMutex_Instance_State_sem__O
803755dc   ti_sysbios_gates_GateMutex_Module__diagsEnabled__C
803755e0   ti_sysbios_gates_GateMutex_Module__diagsIncluded__C
803755e4   ti_sysbios_gates_GateMutex_Module__diagsMask__C
803755e8   ti_sysbios_hal_Hwi_E_stackOverflow__C
803755ec   ti_sysbios_heaps_HeapBuf_Instance_State_freeList__O
803755f0   ti_sysbios_heaps_HeapBuf_Object__count__C
803755f4   ti_sysbios_heaps_HeapBuf_Object__table__C
803755f8   ti_sysbios_heaps_HeapBuf_numConstructedHeaps__C
803755fc   ti_sysbios_heaps_HeapMem_A_align__C
80375600   ti_sysbios_heaps_HeapMem_A_heapSize__C
80375604   ti_sysbios_heaps_HeapMem_A_invalidFree__C
80375608   ti_sysbios_heaps_HeapMem_A_zeroBlock__C
8037560c   ti_sysbios_heaps_HeapMem_E_memory__C
80375610   ti_sysbios_heaps_HeapMem_Module__diagsEnabled__C
80375614   ti_sysbios_heaps_HeapMem_Module__diagsIncluded__C
80375618   ti_sysbios_heaps_HeapMem_Module__diagsMask__C
8037561c   ti_sysbios_heaps_HeapMem_Module__gateObj__C
80375620   ti_sysbios_heaps_HeapMem_Object__count__C
80375624   ti_sysbios_heaps_HeapMem_Object__table__C
80375628   ti_sysbios_heaps_HeapMem_reqAlign__C
8037562c   ti_sysbios_knl_Clock_A_badThreadType__C
80375630   ti_sysbios_knl_Clock_LM_begin__C
80375634   ti_sysbios_knl_Clock_LM_tick__C
80375638   ti_sysbios_knl_Clock_LW_delayed__C
8037563c   ti_sysbios_knl_Clock_Module_State_clockQ__O
80375640   ti_sysbios_knl_Clock_Module__diagsEnabled__C
80375644   ti_sysbios_knl_Clock_Module__diagsIncluded__C
80375648   ti_sysbios_knl_Clock_Module__diagsMask__C
8037564c   ti_sysbios_knl_Clock_Module__loggerFxn1__C
80375650   ti_sysbios_knl_Clock_Module__loggerFxn2__C
80375654   ti_sysbios_knl_Clock_Module__loggerObj__C
80375658   ti_sysbios_knl_Clock_tickMode__C
8037565c   ti_sysbios_knl_Clock_tickSource__C
80375660   ti_sysbios_knl_Queue_Object__count__C
80375664   ti_sysbios_knl_Queue_Object__table__C
80375668   ti_sysbios_knl_Semaphore_A_badContext__C
8037566c   ti_sysbios_knl_Semaphore_A_noEvents__C
80375670   ti_sysbios_knl_Semaphore_A_overflow__C
80375674   ti_sysbios_knl_Semaphore_A_pendTaskDisabled__C
80375678   ti_sysbios_knl_Semaphore_Instance_State_pendQ__O
8037567c   ti_sysbios_knl_Semaphore_LM_pend__C
80375680   ti_sysbios_knl_Semaphore_LM_post__C
80375684   ti_sysbios_knl_Semaphore_Module__diagsEnabled__C
80375688   ti_sysbios_knl_Semaphore_Module__diagsIncluded__C
8037568c   ti_sysbios_knl_Semaphore_Module__diagsMask__C
80375690   ti_sysbios_knl_Semaphore_Module__loggerFxn2__C
80375694   ti_sysbios_knl_Semaphore_Module__loggerFxn4__C
80375698   ti_sysbios_knl_Semaphore_Module__loggerObj__C
8037569c   ti_sysbios_knl_Swi_LD_end__C
803756a0   ti_sysbios_knl_Swi_LM_begin__C
803756a4   ti_sysbios_knl_Swi_LM_post__C
803756a8   ti_sysbios_knl_Swi_Module__diagsEnabled__C
803756ac   ti_sysbios_knl_Swi_Module__diagsIncluded__C
803756b0   ti_sysbios_knl_Swi_Module__diagsMask__C
803756b4   ti_sysbios_knl_Swi_Module__loggerFxn1__C
803756b8   ti_sysbios_knl_Swi_Module__loggerFxn4__C
803756bc   ti_sysbios_knl_Swi_Module__loggerObj__C
803756c0   ti_sysbios_knl_Swi_Object__count__C
803756c4   ti_sysbios_knl_Swi_Object__table__C
803756c8   ti_sysbios_knl_Task_A_badPriority__C
803756cc   ti_sysbios_knl_Task_A_badTaskState__C
803756d0   ti_sysbios_knl_Task_A_badThreadType__C
803756d4   ti_sysbios_knl_Task_A_badTimeout__C
803756d8   ti_sysbios_knl_Task_A_noPendElem__C
803756dc   ti_sysbios_knl_Task_A_sleepTaskDisabled__C
803756e0   ti_sysbios_knl_Task_E_deleteNotAllowed__C
803756e4   ti_sysbios_knl_Task_E_spOutOfBounds__C
803756e8   ti_sysbios_knl_Task_E_stackOverflow__C
803756ec   ti_sysbios_knl_Task_LD_block__C
803756f0   ti_sysbios_knl_Task_LD_exit__C
803756f4   ti_sysbios_knl_Task_LD_ready__C
803756f8   ti_sysbios_knl_Task_LM_setPri__C
803756fc   ti_sysbios_knl_Task_LM_sleep__C
80375700   ti_sysbios_knl_Task_LM_switch__C
80375704   ti_sysbios_knl_Task_Module_State_inactiveQ__O
80375708   ti_sysbios_knl_Task_Module_State_terminatedQ__O
8037570c   ti_sysbios_knl_Task_Module__diagsEnabled__C
80375710   ti_sysbios_knl_Task_Module__diagsIncluded__C
80375714   ti_sysbios_knl_Task_Module__diagsMask__C
80375718   ti_sysbios_knl_Task_Module__loggerFxn2__C
8037571c   ti_sysbios_knl_Task_Module__loggerFxn4__C
80375720   ti_sysbios_knl_Task_Module__loggerObj__C
80375724   ti_sysbios_knl_Task_Object__count__C
80375728   ti_sysbios_knl_Task_Object__heap__C
8037572c   ti_sysbios_knl_Task_Object__table__C
80375730   ti_sysbios_knl_Task_allBlockedFunc__C
80375734   ti_sysbios_knl_Task_defaultStackHeap__C
80375738   ti_sysbios_knl_Task_defaultStackSize__C
8037573c   ti_sysbios_knl_Task_numConstructedTasks__C
80375740   ti_sysbios_knl_Task_numPriorities__C
80375744   ti_sysbios_timers_timer64_Timer_A_notAvailable__C
80375748   ti_sysbios_timers_timer64_Timer_E_cannotSupport__C
8037574c   ti_sysbios_timers_timer64_Timer_Module__diagsEnabled__C
80375750   ti_sysbios_timers_timer64_Timer_Module__diagsIncluded__C
80375754   ti_sysbios_timers_timer64_Timer_Module__diagsMask__C
80375758   ti_sysbios_timers_timer64_Timer_anyMask__C
8037575c   ti_sysbios_timers_timer64_Timer_freqDivisor__C
80375760   ti_sysbios_timers_timer64_Timer_numLocalTimers__C
80375764   ti_sysbios_timers_timer64_Timer_numTimerDevices__C
80375768   xdc_runtime_Assert_E_assertFailed__C
8037576c   xdc_runtime_Core_A_initializedParams__C
80375770   xdc_runtime_Core_Module__diagsEnabled__C
80375774   xdc_runtime_Core_Module__diagsIncluded__C
80375778   xdc_runtime_Core_Module__diagsMask__C
8037577c   xdc_runtime_Error_E_memory__C
80375780   xdc_runtime_Error_Module__diagsEnabled__C
80375784   xdc_runtime_Error_Module__diagsIncluded__C
80375788   xdc_runtime_Error_Module__diagsMask__C
8037578c   xdc_runtime_Error_Module__loggerFxn8__C
80375790   xdc_runtime_Error_Module__loggerObj__C
80375794   xdc_runtime_Error_policy__C
80375798   xdc_runtime_Error_raiseHook__C
8037579c   xdc_runtime_IFilterLogger_Interface__BASE__C
803757a0   xdc_runtime_IGateProvider_Interface__BASE__C
803757a4   xdc_runtime_IHeap_Interface__BASE__C
803757a8   xdc_runtime_ILogger_Interface__BASE__C
803757ac   xdc_runtime_IModule_Interface__BASE__C
803757b0   xdc_runtime_Log_L_error__C
803757b4   xdc_runtime_LoggerBuf_E_badLevel__C
803757b8   xdc_runtime_LoggerBuf_Module__gateObj__C
803757bc   xdc_runtime_LoggerBuf_Object__count__C
803757c0   xdc_runtime_LoggerBuf_Object__table__C
803757c4   xdc_runtime_LoggerBuf_statusLogger__C
803757c8   xdc_runtime_Memory_defaultHeapInstance__C
803757cc   xdc_runtime_Startup_execImpl__C
803757d0   xdc_runtime_Startup_maxPasses__C
803757d4   xdc_runtime_Startup_sfxnRts__C
803757d8   xdc_runtime_Startup_sfxnTab__C
803757dc   xdc_runtime_Startup_startModsFxn__C
803757e0   xdc_runtime_System_Module__gateObj__C
803757e4   xdc_runtime_System_extendFxn__C
803757e8   xdc_runtime_System_maxAtexitHandlers__C
803757ec   xdc_runtime_Text_charTab__C
803757f0   xdc_runtime_Text_nameEmpty__C
803757f4   xdc_runtime_Text_nameStatic__C
803757f8   xdc_runtime_Text_nameUnknown__C
803757fc   xdc_runtime_Text_nodeTab__C
80375800   xdc_runtime_Text_visitRopeFxn__C
80375804   ti_sysbios_knl_Semaphore_Module__loggerDefined__C
80375806   ti_sysbios_knl_Swi_Module__id__C
80375808   ti_sysbios_knl_Swi_Module__loggerDefined__C
8037580a   ti_sysbios_knl_Task_Module__id__C
8037580c   ti_sysbios_knl_Task_Module__loggerDefined__C
8037580e   ti_sysbios_knl_Task_deleteTerminatedTasks__C
80375810   ti_sysbios_knl_Task_initStackFlag__C
80375812   ti_sysbios_timers_timer64_Timer_Module__id__C
80375814   ti_sysbios_timers_timer64_Timer_startupNeeded__C
80375816   xdc_runtime_Core_Module__id__C
80375818   xdc_runtime_Error_Module__loggerDefined__C
8037581a   xdc_runtime_Error_maxDepth__C
8037581c   xdc_runtime_LoggerBuf_Module__id__C
8037581e   xdc_runtime_LoggerBuf_filterByLevel__C
80375820   xdc_runtime_Memory_Module__id__C
80375822   xdc_runtime_Text_charCnt__C
80375824   xdc_runtime_Text_isLoaded__C
80375826   xdc_runtime_Text_registryModsLastId__C
80375828   xdc_runtime_Text_unnamedModsLastId__C
80375880   queueFree
80377880   qmssGObj
80377c80   ti_sysbios_BIOS_Module__state__V
80377ca0   ti_sysbios_family_c64p_EventCombiner_Module__state__V
803780a0   ti_sysbios_family_c64p_Exception_Module__state__V
803780d0   ti_sysbios_family_c64p_Hwi_Module__root__V
803780d8   ti_sysbios_family_c64p_Hwi_Module__state__V
80378140   ti_sysbios_gates_GateHwi_Module__root__V
80378148   ti_sysbios_gates_GateMutex_Module__root__V
80378150   ti_sysbios_hal_Hwi_Module__root__V
80378158   ti_sysbios_hal_Timer_Module__root__V
80378160   ti_sysbios_heaps_HeapBuf_Module__root__V
80378168   ti_sysbios_heaps_HeapBuf_Module__state__V
8037816c   ti_sysbios_heaps_HeapMem_Module__root__V
80378174   ti_sysbios_knl_Clock_Module__root__V
8037817c   ti_sysbios_knl_Clock_Module__state__V
803781a4   ti_sysbios_knl_Queue_Module__root__V
803781ac   ti_sysbios_knl_Semaphore_Module__root__V
803781b4   ti_sysbios_knl_Swi_Module__root__V
803781bc   ti_sysbios_knl_Swi_Module__state__V
803781d8   ti_sysbios_knl_Task_Module__root__V
803781e0   ti_sysbios_knl_Task_Module__state__V
80378224   ti_sysbios_timers_timer64_Timer_Module__root__V
8037822c   ti_sysbios_timers_timer64_Timer_Module__state__V
80378240   xdc_runtime_Error_Module__state__V
80378244   xdc_runtime_LoggerBuf_Module__root__V
8037824c   xdc_runtime_LoggerBuf_Module__state__V
80378254   xdc_runtime_Memory_Module__state__V
80378258   xdc_runtime_Registry_Module__state__V
80378260   xdc_runtime_Startup_Module__state__V
80378268   xdc_runtime_System_Module__state__V
80378274   xdc_runtime_Text_Module__state__V
8037827c   __xdc__init__addr
80378280   _ftable
80378460   ti_sysbios_timers_timer64_Timer_Module_State_0_device__A
803785e0   qmssGblCfgParams
80378700   ti_sysbios_knl_Task_Object__table__V
803787a0   TSK_idle
803787f0   _ipcfg
803788a4   _ft_end
80378948   ti_sysbios_knl_Swi_Module_State_0_readyQ__A
803789c8   ti_sysbios_knl_Task_Module_State_0_readyQ__A
80378a48   ti_sysbios_timers_timer64_Timer_Module_State_0_gctrl__A
80378ac8   ti_sysbios_timers_timer64_Timer_Module_State_0_handles__A
80378b48   ti_sysbios_timers_timer64_Timer_Module_State_0_intFreqs__A
80378c40   cppiGblCfgParams
80378cb8   ti_sysbios_family_c64p_Hwi_Object__table__V
80378d80   ti_sysbios_timers_timer64_Timer_Object__table__V
80378ed0   ti_sysbios_gates_GateMutex_Object__table__V
80378f84   cppiLObj
80378f88   ti_sysbios_knl_Swi_Object__table__V
80378fb8   _oscfg
80378fdc   paLObj
80378fe0   xdc_runtime_LoggerBuf_Object__table__V
80379008   Qmss_highEoiVector
80379028   NIMUDeviceTable
80379030   pstrMsgName
80379050   xdc_runtime_System_Module_State_0_atexitHandlers__A
80379070   ti_ndk_config_Global_Id2Size
803790c0   ti_sysbios_heaps_HeapMem_Object__table__V
80379104   _lock
80379108   _unlock
80379148   Qmss_lowEoiVector
80379158   _delete_mutexes_ptr
8037915c   _cleanup_ptr
80379160   _dtors_ptr
80379164   __TI_enable_exit_profile_output
80379168   ti_sysbios_hal_Hwi_Object__table__V
80379190   ti_sysbios_hal_Timer_Object__table__V
80379198   ti_sysbios_gates_GateHwi_Object__table__V
803791a8   ti_sysbios_knl_Task_Module_State_0_idleTask__A
803791b8   Qmss_cdmaEoiVector
80379218   gDeviceNandBBlist
8037a444   gDeviceNand
8037a47c   gDeviceNor
8037a4b4   gDeviceEeprom0
8037a4ec   gDeviceEeprom1
8037a528   emac_port_mode
8037a8dc   __TI_STATIC_BASE
8037a8f4   _IGMPInDiscard
8037a8f8   _IGMPInQuery
8037a8fc   _IGMPInQueryGroup
8037a900   _IGMPInResponse
8037a904   _IGMPOutResponse
8037a908   gTxCmdReturnQHnd
8037a90c   gTxCmdFreeQHnd
8037a910   ethSemHandle
8037a948   CONTENT_TYPE_APPLET
8037a94c   CONTENT_TYPE_AU
8037a950   CONTENT_TYPE_CSS
8037a954   CONTENT_TYPE_DOC
8037a958   CONTENT_TYPE_GIF
8037a95c   CONTENT_TYPE_HTML
8037a960   CONTENT_TYPE_JPG
8037a964   CONTENT_TYPE_MPEG
8037a968   CONTENT_TYPE_PDF
8037a96c   CONTENT_TYPE_WAV
8037a970   CONTENT_TYPE_ZIP
8037a974   CONTENT_TYPE
8037a978   CONTENT_LENGTH
8037a97c   CRLF
8037a980   DEFAULT_NAME
8037a984   HTTP_VER
8037a988   SPACE
8037a98c   PITCount
8037a990   PITUsed
8037a994   PITHigh
8037a9b0   VerStr
8037a9b4   HostName
8037a9b8   LocalIPAddr
8037a9bc   LocalIPMask
8037a9c0   GatewayIP
8037a9c4   DomainName
8037a9c8   DNSServer
8037aa3c   _IGMPForceVersion1
8037aa58   _ICMPInErrors
8037aa5c   _ICMPOutErrors
8037aa60   _IPExecuting
8037aa70   gFragQList
8037aa90   tcp_iss
8037aa94   ptTimeFirst
8037aa98   pt6TimeFirst
8037aa9c   tcp6_iss
8037aaa8   platform_errno
8037aaac   platform_init_return_code
8037aab0   g_transmissionError
8037aac0   httpErrorResponseHook
8037aacc   _IPReasmPtr
8037aad4   gMLDNodeList
8037aaec   qmssLObjIsValid
8037aaf0   IPV6_MAX_MULTICAST_SOLICIT
8037aaf4   IPV6_MAX_UNICAST_SOLICIT
8037aaf8   IPV6_RETRANS_TIME
8037aafc   IPV6_DELAY_FIRST_PROBE_TIME
8037ab00   IPV6_REACHABLE_TIME
8037ab04   IPV6_MAX_RTR_SOLICITATION_DELAY
8037ab08   IPV6_RTR_SOLICITATION_INTERVAL
8037ab0c   IPV6_MAX_RTR_SOLICITATIONS
8037ab10   INFINITE_LT
8037ab14   ti_ndk_config_Global_rawPageSize
8037ab18   ti_ndk_config_Global_rawPageCount
8037ab1c   ti_ndk_config_Global_smallest
8037ab20   ti_ndk_config_Global_largest
8037ab24   ti_ndk_config_Global_numFrameBuf
8037ab28   ti_ndk_config_Global_sizeFrameBuf
8037ab80   cppiObject
8037ad80   __CIOBUF_
8037b000   ti_sysbios_family_c64p_Hwi0
8037b000   ti_sysbios_family_c64p_Hwi_int0
8037b020   ti_sysbios_family_c64p_Hwi_int1
8037b040   ti_sysbios_family_c64p_Hwi_int2
8037b060   ti_sysbios_family_c64p_Hwi_int3
8037b080   ti_sysbios_family_c64p_Hwi_int4
8037b0a0   ti_sysbios_family_c64p_Hwi_int5
8037b0c0   ti_sysbios_family_c64p_Hwi_int6
8037b0e0   ti_sysbios_family_c64p_Hwi_int7
8037b100   ti_sysbios_family_c64p_Hwi_int8
8037b120   ti_sysbios_family_c64p_Hwi_int9
8037b140   ti_sysbios_family_c64p_Hwi_int10
8037b160   ti_sysbios_family_c64p_Hwi_int11
8037b180   ti_sysbios_family_c64p_Hwi_int12
8037b1a0   ti_sysbios_family_c64p_Hwi_int13
8037b1c0   ti_sysbios_family_c64p_Hwi_int14
8037b1e0   ti_sysbios_family_c64p_Hwi_int15
8037c1e4   __TI_Handler_Table_Base
8037c1f0   __TI_Handler_Table_Limit
8037c254   __TI_CINIT_Base
8037c2dc   __TI_CINIT_Limit
ffffffff   __TI_pprof_out_hndl
ffffffff   __TI_prof_data_size
ffffffff   __TI_prof_data_start
ffffffff   __binit__
ffffffff   __c_args__
ffffffff   binit
UNDEFED    __TI_INITARRAY_Base
UNDEFED    __TI_INITARRAY_Limit

[1622 symbols]
