******************************************************************************
               TMS320C6x Linker PC v7.4.7                      
******************************************************************************
>> Linked Tue Mar 18 18:21:33 2014

OUTPUT FILE NAME:   <Disparity.out>
ENTRY POINT SYMBOL: "_c_int00"  address: 80354520


MEMORY CONFIGURATION

         name            origin    length      used     unused   attr    fill
----------------------  --------  ---------  --------  --------  ----  --------
  L2SRAM                00800000   00080000  0005cf40  000230c0  RW X
  MSMCSRAM              0c000000   00400000  00000000  00400000  RW X
  DDR3                  80000000   20000000  0037c4d6  1fc83b2a  RWIX


SEGMENT ALLOCATION MAP

run origin  load origin   length   init length attrs members
----------  ----------- ---------- ----------- ----- -------
00800000    00800000    0005cb88   00000000    rw-
  00800000    00800000    00052b00   00000000    rw- .far:NDK_PACKETMEM
  00852b00    00852b00    00004000   00000000    rw- .resmgr_memregion
  00856b00    00856b00    00003c00   00000000    rw- .far:taskStackSection
  0085a700    0085a700    00001488   00000000    rw- .resmgr_pa
  0085bb88    0085bb88    00001000   00000000    rw- .stack
0085cc00    0085cc00    00000318   00000318    rw-
  0085cc00    0085cc00    00000318   00000318    rw- .nimu_eth_ll2
0085cf20    0085cf20    000000a0   00000000    rw-
  0085cf20    0085cf20    000000a0   00000000    rw- .resmgr_handles
80000000    80000000    00300000   00000000    rw-
  80000000    80000000    00300000   00000000    rw- systemHeap
80300000    80300000    0005e200   0005e200    r-x
  80300000    80300000    0005e200   0005e200    r-x .text
8035e200    8035e200    0000dbc8   00000000    rw-
  8035e200    8035e200    0000dbc8   00000000    rw- .far.1
8036bdd0    8036bdd0    00000060   00000000    rw-
  8036bdd0    8036bdd0    00000060   00000000    rw- .far.2
8036be30    8036be30    00009e48   00009e48    r--
  8036be30    8036be30    00009e48   00009e48    r-- .const
80375c80    80375c80    00002400   00000000    rw-
  80375c80    80375c80    00002400   00000000    rw- .qmss
80378080    80378080    0000158a   0000158a    rw-
  80378080    80378080    0000158a   0000158a    rw- .fardata
80379610    80379610    00001370   00001370    rw-
  80379610    80379610    00001370   00001370    rw- platform_lib
8037a980    8037a980    000003ac   000003ac    r--
  8037a980    8037a980    000003ac   000003ac    r-- .switch
8037ad2c    8037ad2c    0000006c   00000000    rw-
  8037ad2c    8037ad2c    0000006c   00000000    rw- .bss
8037ad98    8037ad98    000001a5   000001a5    rw-
  8037ad98    8037ad98    000001a5   000001a5    rw- .neardata
8037af40    8037af40    0000003c   0000003c    r--
  8037af40    8037af40    0000003c   0000003c    r-- .rodata
8037af80    8037af80    00000320   00000000    rw-
  8037af80    8037af80    00000200   00000000    rw- .cppi
  8037b180    8037b180    00000120   00000000    rw- .cio
8037b400    8037b400    00001250   00001250    r-x
  8037b400    8037b400    00000200   00000200    r-x .vecs
  8037b600    8037b600    00001050   00001050    r-- .cinit


SECTION ALLOCATION MAP

 output                                  attributes/
section   page    origin      length       input sections
--------  ----  ----------  ----------   ----------------
.init_array 
*          0    80000000    00000000     UNINITIALIZED

.far:NDK_PACKETMEM 
*          0    00800000    00052b00     UNINITIALIZED
                  00800000    00052b00     stk6_ppp_pppoe.ae66 : pbm_data.oe66 (.far:NDK_PACKETMEM)

.resmgr_memregion 
*          0    00852b00    00004000     UNINITIALIZED
                  00852b00    00004000     resourcemgr.obj (.resmgr_memregion)

.far:taskStackSection 
*          0    00856b00    00003c00     UNINITIALIZED
                  00856b00    00003c00     Disparity_pe66.oe66 (.far:taskStackSection)

.resmgr_pa 
*          0    0085a700    00001488     UNINITIALIZED
                  0085a700    00001488     resourcemgr.obj (.resmgr_pa)

.stack     0    0085bb88    00001000     UNINITIALIZED
                  0085bb88    00000008     boot.ae66 : boot.oe66 (.stack)
                  0085bb90    00000ff8     --HOLE--

.nimu_eth_ll2 
*          0    0085cc00    00000318     
                  0085cc00    00000308     ti.transport.ndk.nimu.ae66 : nimu_eth.obj (.nimu_eth_ll2:uninit) [fill = 0]
                  0085cf08    00000010                                : nimu_eth.obj (.nimu_eth_ll2:init)

.resmgr_handles 
*          0    0085cf20    000000a0     UNINITIALIZED
                  0085cf20    000000a0     resourcemgr.obj (.resmgr_handles)

systemHeap 
*          0    80000000    00300000     UNINITIALIZED
                  80000000    00300000     Disparity_pe66.oe66 (systemHeap)

xdc.meta   0    80000000    00000138     COPY SECTION
                  80000000    00000138     Disparity_pe66.oe66 (xdc.meta)

.text      0    80300000    0005e200     
                  80300000    00002d80     ti.transport.ndk.nimu.ae66 : nimu_eth.obj (.text)
                  80302d80    00001fe0     ti.platform.evm6678l.ae66 : platform.obj (.text)
                  80304d60    00001b40                               : evmc6678.obj (.text)
                  803068a0    000019e0     stk6_ppp_pppoe.ae66 : tcp6in.oe66 (.text:TCP6Input)
                  80308280    000019e0                         : tcpin.oe66 (.text:TcpInput)
                  80309c60    00001240                         : tcpout.oe66 (.text:TcpOutput)
                  8030aea0    000011a0                         : tcp6out.oe66 (.text:TCP6Output)
                  8030c040    00001160     ti.platform.evm6678l.ae66 : evm66x_nand.obj (.text)
                  8030d1a0    00000ea0     resourcemgr.obj (.text)
                  8030e040    00000e00     DisparityInline.obj (.text)
                  8030ee40    00000d80     ti.platform.evm6678l.ae66 : evmc66x_i2c_eeprom.obj (.text)
                  8030fbc0    00000c00     nettool.ae66 : httpclie.oe66 (.text:httpClientProcess)
                  803107c0    00000b80     stk6_ppp_pppoe.ae66 : ipin.oe66 (.text:IPRxPacket)
                  80311340    00000aa0                         : md5.oe66 (.text:MD5Transform)
                  80311de0    000009c0                         : ipout.oe66 (.text:IPTxPacket)
                  803127a0    000009a0                         : lcp.oe66 (.text:lcpInput)
                  80313140    00000900     nettool.ae66 : httpsend.oe66 (.text:SetContentType)
                  80313a40    000008a0     sysbios.ae66 : BIOS.obj (.text:ti_sysbios_family_c64p_Exception_handler__I)
                  803142e0    000008a0     ti.targets.rts6000.ae66 : System.oe66 (.text:xdc_runtime_System_doPrint__I)
                  80314b80    00000840     Initialise.obj (.text)
                  803153c0    000007e0     ti.drv.qmss.ae66 : qmss_drv.oe66 (.text:Qmss_insertMemoryRegion)
                  80315ba0    000007e0     stk6_ppp_pppoe.ae66 : ipcp.oe66 (.text:ipcpInput)
                  80316380    000007c0                         : sock.oe66 (.text:SockSet)
                  80316b40    000007a0                         : fileuser.oe66 (.text:fdPoll)
                  803172e0    00000720     ti.drv.pa.ae66 : pa.oe66 (.text:Pa_addMac)
                  80317a00    000006c0     stk6_ppp_pppoe.ae66 : sock6.oe66 (.text:Sock6Set)
                  803180c0    000006c0     nettool.ae66 : telnetd.oe66 (.text:telnet_netdata)
                  80318780    000006a0     stk6_ppp_pppoe.ae66 : icmpv6_ndisc.oe66 (.text:ICMPv6RecvRA)
                  80318e20    00000660     ti.drv.cppi.ae66 : cppi_drv.oe66 (.text:Cppi_configureRxFlow)
                  80319480    00000660     stk6_ppp_pppoe.ae66 : route6.oe66 (.text:Rt6Create)
                  80319ae0    00000620     sysbios.ae66 : BIOS.obj (.text:ti_sysbios_knl_Task_Instance_finalize__F)
                  8031a100    00000600                  : BIOS.obj (.text:ti_sysbios_heaps_HeapMem_alloc__E)
                  8031a700    00000600                  : BIOS.obj (.text:ti_sysbios_knl_Semaphore_pend__E)
                  8031ad00    000005e0                  : BIOS.obj (.text:ti_sysbios_heaps_HeapMem_free__E)
                  8031b2e0    000005c0     stk6_ppp_pppoe.ae66 : ipfrag.oe66 (.text:IPReasm)
                  8031b8a0    000005c0     rts6600_elf_mt.lib : divd.obj (.text:__c6xabi_divd)
                  8031be60    000005c0                        : _printfi.obj (.text:_getarg_diouxp)
                  8031c420    000005a0     stk6_ppp_pppoe.ae66 : icmpin.oe66 (.text:ICMPInput)
                  8031c9c0    000005a0     ti.platform.evm6678l.ae66 : evmc66x_spi.obj (.text)
                  8031cf60    000005a0     sysbios.ae66 : BIOS.obj (.text:ti_sysbios_timers_timer64_Timer_Module_startup__F)
                  8031d500    00000580     stk6_ppp_pppoe.ae66 : nimuppp.oe66 (.text:pppEvent)
                  8031da80    00000560                         : bind6.oe66 (.text:Bind6New)
                  8031dfe0    00000560                         : ipv6.oe66 (.text:IPv6IPAddressToString)
                  8031e540    00000560     ti.platform.evm6678l.ae66 : evmc6678_phy.obj (.text)
                  8031eaa0    00000540     stk6_ppp_pppoe.ae66 : sock6.oe66 (.text:Sock6Connect)
                  8031efe0    00000520                         : sock.oe66 (.text:SockNew)
                  8031f500    00000520     rts6600_elf_mt.lib : _printfi.obj (.text:_setfield)
                  8031fa20    00000520     nettool.ae66 : httpsend.oe66 (.text:httpSendStatusLine)
                  8031ff40    00000520     ti.platform.evm6678l.ae66 : evmc66x_nor.obj (.text)
                  80320460    00000500     RecieveImage.obj (.text)
                  80320960    000004e0     stk6_ppp_pppoe.ae66 : udp.oe66 (.text:UdpInput)
                  80320e40    000004e0                         : nimupppoe.oe66 (.text:pppoeInputS)
                  80321320    000004c0     ti.drv.cppi.ae66 : cppi_drv.oe66 (.text:Cppi_txChannelOpen)
                  803217e0    000004c0     ti.platform.evm6678l.ae66 : evmc66x_fpga.obj (.text)
                  80321ca0    000004a0     stk6_ppp_pppoe.ae66 : lliin.oe66 (.text:LLIRxPacket)
                  80322140    000004a0                         : sock6.oe66 (.text:Sock6Recv)
                  803225e0    000004a0                         : sock.oe66 (.text:SockRecv)
                  80322a80    00000460     rts6600_elf_mt.lib : _printfi.obj (.text:_printfi)
                  80322ee0    00000460     stk6_ppp_pppoe.ae66 : nimuppp.oe66 (.text:pppNew)
                  80323340    00000440     ti.drv.cppi.ae66 : cppi_drv.oe66 (.text:Cppi_rxChannelOpen)
                  80323780    00000440     stk6_ppp_pppoe.ae66 : sock6.oe66 (.text:Sock6New)
                  80323bc0    00000440                         : auth.oe66 (.text:chapInput)
                  80324000    00000440                         : fileuser.oe66 (.text:fdSelect)
                  80324440    00000440                         : nimupppoe.oe66 (.text:pppoeInputC)
                  80324880    00000420     nettool.ae66 : daemon.oe66 (.text:daemon)
                  80324ca0    00000420     ti.drv.pa.ae66 : pa.oe66 (.text:pa_conv_routing_info)
                  803250c0    00000420     sysbios.ae66 : BIOS.obj (.text:ti_sysbios_knl_Task_sleep__E)
                  803254e0    00000400     stk6_ppp_pppoe.ae66 : sock6.oe66 (.text:Sock6Send)
                  803258e0    00000400     os.ae66 : efs.oe66 (.text:efs_filecheck)
                  80325ce0    00000400     sysbios.ae66 : BIOS.obj (.text:ti_sysbios_knl_Task_Instance_init__F)
                  803260e0    000003e0     stk6_ppp_pppoe.ae66 : ipv6_frag.oe66 (.text:IPv6TxFragPacket)
                  803264c0    000003e0     sysbios.ae66 : BIOS.obj (.text:ti_sysbios_knl_Task_setPri__E)
                  803268a0    000003c0     ti.drv.cppi.ae66 : cppi_desc.oe66 (.text:Cppi_initDescriptor)
                  80326c60    000003c0     stk6_ppp_pppoe.ae66 : ipv6out.oe66 (.text:IPv6TxPacket)
                  80327020    000003c0                         : lli6.oe66 (.text:LLI6TimerCheck)
                  803273e0    000003c0                         : sock.oe66 (.text:SockSend)
                  803277a0    000003c0                         : tcp6.oe66 (.text:TCP6TimeoutCheck)
                  80327b60    000003c0                         : tcp.oe66 (.text:TcpTimeoutCheck)
                  80327f20    000003c0     rts6600_elf_mt.lib : fputs.obj (.text:fputs)
                  803282e0    000003a0     stk6_ppp_pppoe.ae66 : icmpv6in.oe66 (.text:ICMPv6RxPacket)
                  80328680    000003a0                         : nimu.oe66 (.text:NIMUIoctl)
                  80328a20    000003a0                         : route.oe66 (.text:RtCreate)
                  80328dc0    000003a0                         : sb.oe66 (.text:SBRead)
                  80329160    000003a0                         : auth.oe66 (.text:papInput)
                  80329500    00000380                         : sock6int.oe66 (.text:Sock6Notify)
                  80329880    00000380                         : sock.oe66 (.text:SockConnect)
                  80329c00    00000380                         : sockint.oe66 (.text:SockNotify)
                  80329f80    00000380     nettool.ae66 : dhcppkt.oe66 (.text:dhcpPacketProcess)
                  8032a300    00000360     stk6_ppp_pppoe.ae66 : icmpv6_ndisc.oe66 (.text:ICMPv6RecvRedirect)
                  8032a660    00000360                         : icmpv6out.oe66 (.text:ICMPv6SendDstUnreachable)
                  8032a9c0    00000360                         : igmp.oe66 (.text:IGMPInput)
                  8032ad20    00000360                         : ipv6_frag.oe66 (.text:IPv6FragReasm)
                  8032b080    00000360                         : lliout.oe66 (.text:LLITxIpPacket)
                  8032b3e0    00000360     Disparity_pe66.oe66 (.text:xdc_runtime_System_printfExtend__I)
                  8032b740    00000340     stk6_ppp_pppoe.ae66 : icmpv6_ndisc.oe66 (.text:ICMPv6RecvNS)
                  8032ba80    00000340                         : icmpv6out.oe66 (.text:ICMPv6SendParameterProblem)
                  8032bdc0    00000340                         : icmpv6out.oe66 (.text:ICMPv6SendTimeExceeded)
                  8032c100    00000340     ti.drv.pa.ae66 : painit.oe66 (.text:Pa_create)
                  8032c440    00000340     ti.drv.qmss.ae66 : qmss_drv.oe66 (.text:Qmss_init)
                  8032c780    00000340     os.ae66 : mem.oe66 (.text:mmAlloc)
                  8032cac0    00000340     stk6_ppp_pppoe.ae66 : nimupppoe.oe66 (.text:pppoeSI)
                  8032ce00    00000320     nettool.ae66 : config.oe66 (.text:CfgAddEntry)
                  8032d120    00000320     stk6_ppp_pppoe.ae66 : nimupppoe.oe66 (.text:SendServerMsg)
                  8032d440    00000320     rts6600_elf_mt.lib : _printfi.obj (.text:_pproc_fge)
                  8032d760    00000320     nettool.ae66 : inetaddr.oe66 (.text:inet_aton)
                  8032da80    00000320                  : telnetd.oe66 (.text:telnet_engine)
                  8032dda0    00000320     ti.platform.evm6678l.ae66 : evmc66x_uart.obj (.text)
                  8032e0c0    00000300     stk6_ppp_pppoe.ae66 : sock6pcb.oe66 (.text:Sock6PcbBind)
                  8032e3c0    00000300                         : udp6.oe66 (.text:Udp6Input)
                  8032e6c0    00000300     sysbios.ae66 : BIOS.obj (.text:ti_sysbios_family_c64p_Hwi_dispatchC__I)
                  8032e9c0    000002e0     stk6_ppp_pppoe.ae66 : ipv6_frag.oe66 (.text:IPv6FragQEnqueueFrag)
                  8032eca0    000002e0                         : ipv6_exthdrs.oe66 (.text:IPv6ParseExtnHeaders)
                  8032ef80    000002e0     netctrl.ae66 : netctrl.oe66 (.text:NetScheduler)
                  8032f260    000002e0     ti.drv.pa.ae66 : pa.oe66 (.text:Pa_forwardResult)
                  8032f540    000002e0     stk6_ppp_pppoe.ae66 : route6.oe66 (.text:Rt6Find)
                  8032f820    000002e0                         : nimupppoe.oe66 (.text:SendClientMsg)
                  8032fb00    000002e0                         : sock6pcb.oe66 (.text:Sock6PcbFind)
                  8032fde0    000002e0                         : sock6pcb.oe66 (.text:Sock6PcbResolve)
                  803300c0    000002e0                         : udp.oe66 (.text:UdpOutput)
                  803303a0    000002e0     rts6600_elf_mt.lib : _printfi.obj (.text:_pproc_fwp)
                  80330680    000002e0     sysbios.ae66 : BIOS.obj (.text:ti_sysbios_heaps_HeapMem_Instance_init__F)
                  80330960    000002c0     stk6_ppp_pppoe.ae66 : bind.oe66 (.text:BindNew)
                  80330c20    000002c0                         : node.oe66 (.text:NodeAdd)
                  80330ee0    000002c0                         : sb6.oe66 (.text:SB6Read)
                  803311a0    000002c0                         : nimuppp.oe66 (.text:pppInput)
                  80331460    000002a0     nettool.ae66 : dhcpmain.oe66 (.text:DHCPOpen)
                  80331700    000002a0     stk6_ppp_pppoe.ae66 : route6.oe66 (.text:Rt6Free)
                  803319a0    000002a0                         : rtable.oe66 (.text:RtFind)
                  80331c40    000002a0                         : sock6.oe66 (.text:Sock6Close)
                  80331ee0    000002a0                         : sock.oe66 (.text:SockClose)
                  80332180    000002a0                         : sockpcb.oe66 (.text:SockPcbResolve)
                  80332420    000002a0                         : tcp6prot.oe66 (.text:TCP6PrSetOption)
                  803326c0    000002a0                         : tcpprot.oe66 (.text:TcpPrSetOption)
                  80332960    000002a0     rts6600_elf_mt.lib : _printfi.obj (.text:fcvt)
                  80332c00    000002a0     sysbios.ae66 : BIOS.obj (.text:ti_sysbios_knl_Clock_Instance_init__F)
                  80332ea0    000002a0                  : BIOS.obj (.text:ti_sysbios_knl_Clock_workFunc__E)
                  80333140    000002a0                  : BIOS.obj (.text:ti_sysbios_timers_timer64_Timer_deviceConfig__I)
                  803333e0    00000280     stk6_ppp_pppoe.ae66 : icmp.oe66 (.text:ICMPGenPacket)
                  80333660    00000280                         : lli6.oe66 (.text:LLI6NeighUnreachStateMachine)
                  803338e0    00000280                         : lli6.oe66 (.text:LLI6TxIPPacket)
                  80333b60    00000280                         : udp6.oe66 (.text:Udp6Output)
                  80333de0    00000280     rts6600_elf_mt.lib : divf.obj (.text:__c6xabi_divf)
                  80334060    00000280                        : _printfi.obj (.text:ecvt)
                  803342e0    00000280     stk6_ppp_pppoe.ae66 : ipcp.oe66 (.text:ipcpSendCfg)
                  80334560    00000280                         : lcp.oe66 (.text:lcpSendCfg)
                  803347e0    00000280     platform_osal.obj (.text)
                  80334a60    00000280     ti.targets.rts6000.ae66 : Error.oe66 (.text:xdc_runtime_Error_raiseX__F)
                  80334ce0    00000260     stk6_ppp_pppoe.ae66 : icmpv6in.oe66 (.text:ICMPv6RecvEchoRequest)
                  80334f40    00000260                         : ipv6in.oe66 (.text:IPv6RxPacket)
                  803351a0    00000260                         : nimu.oe66 (.text:NIMUReceivePacket)
                  80335400    00000260                         : rawethsock.oe66 (.text:RawEthSockSet)
                  80335660    00000260                         : sb6.oe66 (.text:SB6Write)
                  803358c0    00000260                         : sb.oe66 (.text:SBWrite)
                  80335b20    00000260                         : sockpcb.oe66 (.text:SockPcbBind)
                  80335d80    00000260                         : tcp6out.oe66 (.text:TCP6GenPacket)
                  80335fe0    00000260     nettool.ae66 : httppars.oe66 (.text:httpParseRecv)
                  80336240    00000260                  : httpsend.oe66 (.text:httpSendErrorHTML)
                  803364a0    00000260     sysbios.ae66 : BIOS.obj (.text:ti_sysbios_family_c64p_Exception_internalHandler__I)
                  80336700    00000260                  : BIOS.obj (.text:ti_sysbios_knl_Semaphore_post__E)
                  80336960    00000260     ti.targets.rts6000.ae66 : Startup.oe66 (.text:xdc_runtime_Startup_startMods__I)
                  80336bc0    00000240     stk6_ppp_pppoe.ae66 : bind6.oe66 (.text:Bind6Free)
                  80336e00    00000240                         : bind6.oe66 (.text:Bind6RunDAD)
                  80337040    00000240     ti.drv.cppi.ae66 : cppi_drv.oe66 (.text:Cppi_open)
                  80337280    00000240     nettool.ae66 : daemon.oe66 (.text:DaemonNew)
                  803374c0    00000240     stk6_ppp_pppoe.ae66 : icmpv6_ndisc.oe66 (.text:ICMPv6RecvNA)
                  80337700    00000240                         : icmpv6_ndisc.oe66 (.text:ICMPv6SendNA)
                  80337940    00000240                         : icmpv6_ndisc.oe66 (.text:ICMPv6SendNS)
                  80337b80    00000240     ti.drv.pa.ae66 : pa.oe66 (.text:Pa_resetControl)
                  80337dc0    00000240     stk6_ppp_pppoe.ae66 : pipe.oe66 (.text:PipeRecv)
                  80338000    00000240                         : raw.oe66 (.text:RawInput)
                  80338240    00000240                         : tcpout.oe66 (.text:TcpGenPacket)
                  80338480    00000240     rts6600_elf_mt.lib : imath64.obj (.text:__c6xabi_divull)
                  803386c0    00000240                        : _printfi.obj (.text:_pconv_e)
                  80338900    00000240                        : _printfi.obj (.text:_pproc_diouxp)
                  80338b40    00000240     nettool.ae66 : dhcpsm.oe66 (.text:dhcpIPAdd)
                  80338d80    00000240                  : dhcpsm.oe66 (.text:dhcpState)
                  80338fc0    00000240     rts6600_elf_mt.lib : fputc.obj (.text:fputc)
                  80339200    00000240     sysbios.ae66 : BIOS.obj (.text:ti_sysbios_knl_Task_exit__E)
                  80339440    00000240     ti.targets.rts6000.ae66 : LoggerBuf.oe66 (.text:xdc_runtime_LoggerBuf_write8__F)
                  80339680    00000220     stk6_ppp_pppoe.ae66 : igmp.oe66 (.text:IGMPJoinHostGroup)
                  803398a0    00000220                         : ipv6_frag.oe66 (.text:IPv6ParseFragHdr)
                  80339ac0    00000220                         : raw6.oe66 (.text:Raw6Output)
                  80339ce0    00000220                         : rawethsock.oe66 (.text:RawEthSockNew)
                  80339f00    00000220                         : sockpcb.oe66 (.text:SockPcbFind)
                  8033a120    00000220     rts6600_elf_mt.lib : _printfi.obj (.text:_pproc_str)
                  8033a340    00000220     nettool.ae66 : dhcppkt.oe66 (.text:dhcpVerifyMessage)
                  8033a560    00000220                  : httpclie.oe66 (.text:httpGetAuthParams)
                  8033a780    00000220     rts6600_elf_mt.lib : setvbuf.obj (.text:setvbuf)
                  8033a9a0    00000220     sysbios.ae66 : BIOS.obj (.text:ti_sysbios_knl_Swi_run__I)
                  8033abc0    00000220                  : BIOS.obj (.text:ti_sysbios_knl_Task_schedule__I)
                  8033ade0    00000220                  : BIOS.obj (.text:ti_sysbios_knl_Task_startCore__E)
                  8033b000    00000220     ti.targets.rts6000.ae66 : Core-mem.oe66 (.text:xdc_runtime_Core_createObject__I)
                  8033b220    00000200     stk6_ppp_pppoe.ae66 : ipv6_exthdrs.oe66 (.text:IPv6ParseHopOptions)
                  8033b420    00000200                         : lli6.oe66 (.text:LLI6New)
                  8033b620    00000200     ti.drv.qmss.ae66 : qmss_drv.oe66 (.text:Qmss_internalQueueOpen)
                  8033b820    00000200                      : qmss_acc.oe66 (.text:Qmss_programAccumulator)
                  8033ba20    00000200     stk6_ppp_pppoe.ae66 : rtc.oe66 (.text:RTCReport)
                  8033bc20    00000200     rts6600_elf_mt.lib : _printfi.obj (.text:_pconv_g)
                  8033be20    00000200     sysbios.ae66 : c64p_Hwi_disp_always.obj (.text:_ti_sysbios_family_c64p_Hwi_dispatchAlways)
                  8033c020    00000200     stk6_ppp_pppoe.ae66 : socket.oe66 (.text:accept)
                  8033c220    00000200     ti.drv.cppi.ae66 : cppi_heap.oe66 (.text:cppi_internal_heap_add)
                  8033c420    00000200     stk6_ppp_pppoe.ae66 : nimupppoe.oe66 (.text:pppoeCtrlMsg)
                  8033c620    000001e0                         : igmp.oe66 (.text:IGMPSendReply)
                  8033c800    000001e0                         : route6.oe66 (.text:Rt6Modify)
                  8033c9e0    000001e0                         : sock6pcb.oe66 (.text:Sock6PcbFindRaw)
                  8033cbc0    000001e0                         : auth.oe66 (.text:chapSendMsg)
                  8033cda0    000001e0     nettool.ae66 : dhcpsock.oe66 (.text:dhcpSocketOpen)
                  8033cf80    000001e0     stk6_ppp_pppoe.ae66 : socket.oe66 (.text:sendto)
                  8033d160    000001e0     sysbios.ae66 : BIOS.obj (.text:ti_sysbios_family_c64p_Exception_externalHandler__I)
                  8033d340    000001e0                  : BIOS.obj (.text:ti_sysbios_knl_Task_checkStacks__E)
                  8033d520    000001e0                  : BIOS.obj (.text:ti_sysbios_knl_Task_postInit__I)
                  8033d700    000001e0                  : BIOS.obj (.text:ti_sysbios_timers_timer64_Timer_getFreq__E)
                  8033d8e0    000001c0     nettool.ae66 : config.oe66 (.text:CfgExecute)
                  8033daa0    000001c0     ti.drv.cppi.ae66 : cppi_drv.oe66 (.text:Cppi_channelClose)
                  8033dc60    000001c0                      : cppi_drv.oe66 (.text:Cppi_initCfg)
                  8033de20    000001c0     stk6_ppp_pppoe.ae66 : ip.oe66 (.text:IPGetRoute)
                  8033dfe0    000001c0                         : lliout.oe66 (.text:LLIGenArpPacket)
                  8033e1a0    000001c0     ti.drv.qmss.ae66 : qmss_drv.oe66 (.text:Qmss_internaldownloadFirmware)
                  8033e360    000001c0     stk6_ppp_pppoe.ae66 : raw6.oe66 (.text:Raw6Input)
                  8033e520    000001c0     netctrl.ae66 : netsrv.oe66 (.text:SPIpNet)
                  8033e6e0    000001c0     stk6_ppp_pppoe.ae66 : tcptime.oe66 (.text:TcpTimeoutRexmt)
                  8033e8a0    000001c0                         : lli.oe66 (.text:_LLITimeoutCheck)
                  8033ea60    000001c0     rts6600_elf_mt.lib : _printfi.obj (.text:_mcpy)
                  8033ec20    000001c0     nettool.ae66 : dhcpbild.oe66 (.text:dhcpBuildHeader)
                  8033ede0    000001c0     stk6_ppp_pppoe.ae66 : fileuser.oe66 (.text:fdClose)
                  8033efa0    000001c0     sysbios.ae66 : BIOS.obj (.text:ti_sysbios_family_c64p_Exception_decodeMpfsr__I)
                  8033f160    000001c0                  : BIOS.obj (.text:ti_sysbios_gates_GateMutex_enter__E)
                  8033f320    000001c0                  : BIOS.obj (.text:ti_sysbios_timers_timer64_Timer_setPeriodMicroSecs__E)
                  8033f4e0    000001c0     ti.targets.rts6000.ae66 : Text.oe66 (.text:xdc_runtime_Text_putSite__F)
                  8033f6a0    000001a0     stk6_ppp_pppoe.ae66 : bind6.oe66 (.text:Bind6Msg)
                  8033f840    000001a0     nettool.ae66 : config.oe66 (.text:CfgRemoveEntry)
                  8033f9e0    000001a0     stk6_ppp_pppoe.ae66 : icmpin.oe66 (.text:ICMPRevSrcRoute)
                  8033fb80    000001a0                         : ipv6_frag.oe66 (.text:IPv6FragMsg)
                  8033fd20    000001a0                         : ipv6_exthdrs.oe66 (.text:IPv6ParseRoutingHdr)
                  8033fec0    000001a0     netctrl.ae66 : netctrl.oe66 (.text:NC_NetStart)
                  80340060    000001a0     stk6_ppp_pppoe.ae66 : node.oe66 (.text:NodeTreeFree)
                  80340200    000001a0     ti.drv.pa.ae66 : pa.oe66 (.text:Pa_downloadImage)
                  803403a0    000001a0     stk6_ppp_pppoe.ae66 : route6.oe66 (.text:Route6LifetimeMgmt)
                  80340540    000001a0                         : sockint.oe66 (.text:SockCreatePacket)
                  803406e0    000001a0     nettool.ae66 : dhcpsm.oe66 (.text:StateRenewRebind)
                  80340880    000001a0     stk6_ppp_pppoe.ae66 : tcp6time.oe66 (.text:TCP6TimeoutRexmt)
                  80340a20    000001a0     rts6600_elf_mt.lib : imath40.obj (.text:__c6xabi_divul)
                  80340bc0    000001a0     nettool.ae66 : dhcptags.oe66 (.text:dhcpBuildOptions)
                  80340d60    000001a0     stk6_ppp_pppoe.ae66 : socket.oe66 (.text:getpeername)
                  80340f00    000001a0                         : udp6.oe66 (.text:processMulticast)
                  803410a0    000001a0     nettool.ae66 : telnetd.oe66 (.text:telnet_termdata)
                  80341240    000001a0     sysbios.ae66 : BIOS.obj (.text:ti_sysbios_family_c66_Cache_block__I)
                  803413e0    000001a0                  : BIOS.obj (.text:ti_sysbios_heaps_HeapBuf_Module_startup__F)
                  80341580    000001a0                  : BIOS.obj (.text:ti_sysbios_timers_timer64_Timer_start__E)
                  80341720    000001a0     ti.targets.rts6000.ae66 : LoggerBuf.oe66 (.text:xdc_runtime_LoggerBuf_write4__F)
                  803418c0    00000180     stk6_ppp_pppoe.ae66 : bind6.oe66 (.text:Bind6GetGlobalAddress)
                  80341a40    00000180     rts6600_elf_mt.lib : trgdrv.obj (.text:HOSTrename)
                  80341bc0    00000180     stk6_ppp_pppoe.ae66 : igmp.oe66 (.text:IGMPMsg)
                  80341d40    00000180                         : nimu.oe66 (.text:NIMURegister)
                  80341ec0    00000180     netctrl.ae66 : netsrv.oe66 (.text:ServiceScan)
                  80342040    00000180                  : netsrv.oe66 (.text:ServiceSpawn)
                  803421c0    00000180     stk6_ppp_pppoe.ae66 : sock6int.oe66 (.text:Sock6CreatePacket)
                  80342340    00000180     nettool.ae66 : dhcpsm.oe66 (.text:StateBound)
                  803424c0    00000180     rts6600_elf_mt.lib : copy_decompress_rle.obj (.text:__TI_decompress_rle_core)
                  80342640    00000180     stk6_ppp_pppoe.ae66 : socket.oe66 (.text:bind)
                  803427c0    00000180     nettool.ae66 : dhcpbild.oe66 (.text:dhcpBuildRequest)
                  80342940    00000180     os.ae66 : task.oe66 (.text:llEnter)
                  80342ac0    00000180     stk6_ppp_pppoe.ae66 : auth.oe66 (.text:papSendCfg)
                  80342c40    00000180     sysbios.ae66 : c64p_Exception_asm.obj (.text)
                  80342dc0    00000180                  : BIOS.obj (.text:ti_sysbios_knl_Swi_schedule__I)
                  80342f40    00000180                  : BIOS.obj (.text:ti_sysbios_knl_Task_unblockI__E)
                  803430c0    00000160     nettool.ae66 : config.oe66 (.text:CfgGetEntry)
                  80343220    00000160                  : config.oe66 (.text:CfgGetNextEntry)
                  80343380    00000160     stk6_ppp_pppoe.ae66 : igmp.oe66 (.text:IGMPDoMCast)
                  803434e0    00000160                         : nimu.oe66 (.text:NIMUIoctlSpecialCmd)
                  80343640    00000160                         : nimuppp.oe66 (.text:PPPStop)
                  803437a0    00000160                         : pipe.oe66 (.text:PipeSend)
                  80343900    00000160                         : raw.oe66 (.text:RawOutput)
                  80343a60    00000160                         : rtable.oe66 (.text:RtTimeoutCheck)
                  80343bc0    00000160                         : rtable.oe66 (.text:RtWalkNext)
                  80343d20    00000160     netctrl.ae66 : netsrv.oe66 (.text:SPRoute)
                  80343e80    00000160     stk6_ppp_pppoe.ae66 : sock6.oe66 (.text:Sock6Check)
                  80343fe0    00000160                         : sock6pcb.oe66 (.text:Sock6PcbConnect)
                  80344140    00000160                         : sock.oe66 (.text:SockCheck)
                  803442a0    00000160                         : sockpcb.oe66 (.text:SockPcbConnect)
                  80344400    00000160     nettool.ae66 : dhcpsm.oe66 (.text:StateRequesting)
                  80344560    00000160     stk6_ppp_pppoe.ae66 : tcp6time.oe66 (.text:TCP6TimeoutKeep)
                  803446c0    00000160                         : tcptime.oe66 (.text:TcpTimeoutKeep)
                  80344820    00000160                         : auth.oe66 (.text:authInit)
                  80344980    00000160     nettool.ae66 : httpclie.oe66 (.text:httpExtractTag)
                  80344ae0    00000160     stk6_ppp_pppoe.ae66 : sock6.oe66 (.text:joinGroup)
                  80344c40    00000160                         : socket.oe66 (.text:setsockopt)
                  80344da0    00000160     nettool.ae66 : telnetd.oe66 (.text:telnetClientProcess)
                  80344f00    00000140     stk6_ppp_pppoe.ae66 : bind6.oe66 (.text:Bind6DADCheck)
                  80345040    00000140     ti.csl.ae66 : csl_chip.oe66 (.text:CSL_chipReadReg)
                  80345180    00000140     stk6_ppp_pppoe.ae66 : exec.oe66 (.text:ExecOpen)
                  803452c0    00000140                         : icmp.oe66 (.text:ICMPSendRtAdv)
                  80345400    00000140                         : igmp.oe66 (.text:IGMPJoin)
                  80345540    00000140                         : ipv6.oe66 (.text:IPv6DisplayIPAddress)
                  80345680    00000140                         : lli6.oe66 (.text:LLI6Find)
                  803457c0    00000140                         : lli.oe66 (.text:LLINew)
                  80345900    00000140                         : node.oe66 (.text:NodeFind)
                  80345a40    00000140                         : node.oe66 (.text:NodeWalk)
                  80345b80    00000140                         : pbm.oe66 (.text:PBM_alloc)
                  80345cc0    00000140                         : pbm.oe66 (.text:PBM_free)
                  80345e00    00000140                         : rtable.oe66 (.text:RtFlush)
                  80345f40    00000140                         : sb6.oe66 (.text:SB6New)
                  80346080    00000140     netctrl.ae66 : netsrv.oe66 (.text:ServiceKill)
                  803461c0    00000140     stk6_ppp_pppoe.ae66 : sock6.oe66 (.text:Sock6Accept)
                  80346300    00000140                         : sock6.oe66 (.text:Sock6Listen)
                  80346440    00000140                         : sock.oe66 (.text:SockAccept)
                  80346580    00000140                         : sock.oe66 (.text:SockListen)
                  803466c0    00000140                         : sockpcb.oe66 (.text:SockPcbCtlError)
                  80346800    00000140     boot.ae66 : autoinit.oe66 (.text:_auto_init_elf)
                  80346940    00000140     rts6600_elf_mt.lib : _printfi.obj (.text:_pproc_fflags)
                  80346a80    00000140     stk6_ppp_pppoe.ae66 : auth.oe66 (.text:authGetPassword)
                  80346bc0    00000140     nettool.ae66 : dhcptags.oe66 (.text:dhcpDecodeType)
                  80346d00    00000140     rts6600_elf_mt.lib : fseek.obj (.text:fseek)
                  80346e40    00000140                        : lowlev.obj (.text:getdevice)
                  80346f80    00000140     nettool.ae66 : httpsend.oe66 (.text:httpAuthenticationReq)
                  803470c0    00000140     os.ae66 : mem.oe66 (.text:mmCopy)
                  80347200    00000140     stk6_ppp_pppoe.ae66 : nimuppp.oe66 (.text:pppAddClient)
                  80347340    00000140                         : socket.oe66 (.text:recv)
                  80347480    00000140                         : socket.oe66 (.text:send)
                  803475c0    00000140     sysbios.ae66 : BIOS.obj (.text:ti_sysbios_family_c64p_Exception_Module_startup__F)
                  80347700    00000140                  : BIOS.obj (.text:ti_sysbios_family_c64p_Hwi_Module_startup__F)
                  80347840    00000140                  : BIOS.obj (.text:ti_sysbios_family_c66_Cache_Module_startup__F)
                  80347980    00000140                  : BIOS.obj (.text:ti_sysbios_knl_Semaphore_Instance_init__F)
                  80347ac0    00000140                  : BIOS.obj (.text:ti_sysbios_knl_Swi_post__E)
                  80347c00    00000140                  : BIOS.obj (.text:ti_sysbios_knl_Task_Module_startup__F)
                  80347d40    00000140                  : BIOS.obj (.text:ti_sysbios_knl_Task_blockI__E)
                  80347e80    00000140     ti.targets.rts6000.ae66 : Text.oe66 (.text:xdc_runtime_Text_putLab__F)
                  80347fc0    00000120     stk6_ppp_pppoe.ae66 : bind6.oe66 (.text:Bind6LifetimeMgmt)
                  803480e0    00000120                         : bind.oe66 (.text:BindFree)
                  80348200    00000120     nettool.ae66 : config.oe66 (.text:CfgFree)
                  80348320    00000120                  : daemon.oe66 (.text:DaemonFree)
                  80348440    00000120     stk6_ppp_pppoe.ae66 : file.oe66 (.text:FdWaitEvent)
                  80348560    00000120                         : igmp.oe66 (.text:IGMPLeaveHostGroup)
                  80348680    00000120                         : ip.oe66 (.text:IPMsg)
                  803487a0    00000120                         : ipin.oe66 (.text:IPRouteIP)
                  803488c0    00000120                         : ipv6_frag.oe66 (.text:IPv6CreateFragQ)
                  803489e0    00000120                         : ipv6.oe66 (.text:IPv6Init)
                  80348b00    00000120                         : icmpv6out.oe66 (.text:IsICMPv6ErrorPkt)
                  80348c20    00000120                         : md5.oe66 (.text:MD5Update)
                  80348d40    00000120                         : mld.oe66 (.text:MLDJoinGroup)
                  80348e60    00000120     netctrl.ae66 : netctrl.oe66 (.text:NC_SystemOpen)
                  80348f80    00000120     stk6_ppp_pppoe.ae66 : nimu.oe66 (.text:NIMUAddEthernetHeader)
                  803490a0    00000120     ti.drv.qmss.ae66 : qmss_acc.oe66 (.text:Qmss_disableAccumulator)
                  803491c0    00000120     stk6_ppp_pppoe.ae66 : raweth.oe66 (.text:RawEthRxPacket)
                  803492e0    00000120                         : raweth.oe66 (.text:RawEthTxPacket)
                  80349400    00000120                         : sb.oe66 (.text:SBNew)
                  80349520    00000120     netctrl.ae66 : netsrv.oe66 (.text:SPConfig)
                  80349640    00000120                  : netsrv.oe66 (.text:SPService)
                  80349760    00000120     stk6_ppp_pppoe.ae66 : sock6.oe66 (.text:Sock6Disconnect)
                  80349880    00000120                         : sock6.oe66 (.text:Sock6Shutdown)
                  803499a0    00000120                         : sockpcb.oe66 (.text:SockPcbFindRaw)
                  80349ac0    00000120                         : sock.oe66 (.text:SockShutdown)
                  80349be0    00000120                         : tcp6prot.oe66 (.text:TCP6PrAttach)
                  80349d00    00000120                         : tcpprot.oe66 (.text:TcpPrAttach)
                  80349e20    00000120     nettool.ae66 : telnetd.oe66 (.text:TelnetOpen)
                  80349f40    00000120     stk6_ppp_pppoe.ae66 : rtable.oe66 (.text:_RtNodeInsert)
                  8034a060    00000120     rts6600_elf_mt.lib : fclose.obj (.text:_closefile)
                  8034a180    00000120                        : _printfi.obj (.text:_ltostr)
                  8034a2a0    00000120     os.ae66 : mem.oe66 (.text:_mmInit)
                  8034a3c0    00000120     nettool.ae66 : daemon.oe66 (.text:dchild)
                  8034a4e0    00000120     stk6_ppp_pppoe.ae66 : fileuser.oe66 (.text:fdOpenSession)
                  8034a600    00000120     nettool.ae66 : http.oe66 (.text:httpOpen)
                  8034a720    00000120     stk6_ppp_pppoe.ae66 : lcp.oe66 (.text:lcpOpen)
                  8034a840    00000120                         : lcp.oe66 (.text:lcpReject)
                  8034a960    00000120                         : socket.oe66 (.text:socket)
                  8034aa80    00000120     sysbios.ae66 : BIOS.obj (.text:ti_sysbios_BIOS_rtsUnlock__I)
                  8034aba0    00000120                  : BIOS.obj (.text:ti_sysbios_knl_Clock_startI__E)
                  8034acc0    00000120     ti.targets.rts6000.ae66 : LoggerBuf.oe66 (.text:xdc_runtime_LoggerBuf_setFilterLevel__F)
                  8034ade0    00000120                             : Text.oe66 (.text:xdc_runtime_Text_putMod__F)
                  8034af00    00000100     nettool.ae66 : config.oe66 (.text:CfgNew)
                  8034b000    00000100                  : config.oe66 (.text:CfgSetExecuteOrder)
                  8034b100    00000100     os.ae66 : ossys.oe66 (.text:DbgPrintf)
                  8034b200    00000100     stk6_ppp_pppoe.ae66 : igmp.oe66 (.text:IGMPTimer)
                  8034b300    00000100                         : ipv6.oe66 (.text:IPv6GetSubnetMaskFromBits)
                  8034b400    00000100                         : ipv6_frag.oe66 (.text:IPv6ReasmTimeout)
                  8034b500    00000100                         : rtc.oe66 (.text:RTCMsg)
                  8034b600    00000100                         : rawethsock.oe66 (.text:RawEthSockCheck)
                  8034b700    00000100                         : route.oe66 (.text:RtRedirect)
                  8034b800    00000100                         : sockint.oe66 (.text:SockValidateRoute)
                  8034b900    00000100     nettool.ae66 : dhcpsm.oe66 (.text:StateSelecting)
                  8034ba00    00000100     stk6_ppp_pppoe.ae66 : tcp6prot.oe66 (.text:TCP6PrInherit)
                  8034bb00    00000100                         : tcp6time.oe66 (.text:TCP6XmitTimer)
                  8034bc00    00000100                         : tcpprot.oe66 (.text:TcpPrInherit)
                  8034bd00    00000100                         : tcptime.oe66 (.text:TcpXmitTimer)
                  8034be00    00000100                         : rtable.oe66 (.text:_RtNodeRemove)
                  8034bf00    00000100     rts6600_elf_mt.lib : _io_perm.obj (.text:_wrt_ok)
                  8034c000    00000100     stk6_ppp_pppoe.ae66 : file.oe66 (.text:fdint_unlockfd)
                  8034c100    00000100                         : socket.oe66 (.text:listen)
                  8034c200    00000100     os.ae66 : mem.oe66 (.text:mmFree)
                  8034c300    00000100     sysbios.ae66 : BIOS.obj (.text:ti_sysbios_family_c64p_EventCombiner_dispatch__F)
                  8034c400    00000100                  : BIOS.obj (.text:ti_sysbios_knl_Swi_restoreHwi__E)
                  8034c500    00000100                  : BIOS.obj (.text:ti_sysbios_timers_timer64_Timer_initDevice__I)
                  8034c600    00000100     stk6_ppp_pppoe.ae66 : lliin.oe66 (.text:updateRtTable)
                  8034c700    00000100     ti.targets.rts6000.ae66 : Core-mem.oe66 (.text:xdc_runtime_Core_deleteObject__I)
                  8034c800    00000100                             : LoggerBuf.oe66 (.text:xdc_runtime_LoggerBuf_getFilterLevel__F)
                  8034c900    00000100                             : Startup.oe66 (.text:xdc_runtime_Startup_exec__F)
                  8034ca00    00000100                             : Text.oe66 (.text:xdc_runtime_Text_visitRope2__I)
                  8034cb00    000000e0     stk6_ppp_pppoe.ae66 : bind6.oe66 (.text:Bind6GetLinkLocalAddress)
                  8034cbe0    000000e0     nettool.ae66 : config.oe66 (.text:CfgGetEntryCnt)
                  8034ccc0    000000e0                  : dhcpmain.oe66 (.text:DHCPClose)
                  8034cda0    000000e0     rts6600_elf_mt.lib : trgdrv.obj (.text:HOSTlseek)
                  8034ce80    000000e0                        : trgdrv.obj (.text:HOSTopen)
                  8034cf60    000000e0     stk6_ppp_pppoe.ae66 : icmpv6in.oe66 (.text:ICMPv6SocketErrorInterface)
                  8034d040    000000e0                         : igmp.oe66 (.text:IGMPLeave)
                  8034d120    000000e0                         : ipv6_frag.oe66 (.text:IPv6FindFragQ)
                  8034d200    000000e0                         : ipv6.oe66 (.text:IPv6Layer4ComputeChecksum)
                  8034d2e0    000000e0                         : lli6.oe66 (.text:LLI6Msg)
                  8034d3c0    000000e0                         : lli6.oe66 (.text:LLI6Update)
                  8034d4a0    000000e0                         : mld.oe66 (.text:MLDFindMulticastNode)
                  8034d580    000000e0                         : nimu.oe66 (.text:NIMUAllocateIndex)
                  8034d660    000000e0                         : nimu.oe66 (.text:NIMUAllocateName)
                  8034d740    000000e0                         : node.oe66 (.text:NodeDeRef)
                  8034d820    000000e0                         : node.oe66 (.text:NodeNew)
                  8034d900    000000e0                         : node.oe66 (.text:NodeTreeNew)
                  8034d9e0    000000e0                         : pbm.oe66 (.text:PBMQ_enq)
                  8034dac0    000000e0                         : pbm.oe66 (.text:PBM_copy)
                  8034dba0    000000e0                         : rawethsock.oe66 (.text:RawEthSockNotify)
                  8034dc80    000000e0                         : rawethsock_pcb.oe66 (.text:RawEthSockPcbAttach)
                  8034dd60    000000e0                         : rawethsock.oe66 (.text:RawEthSockSend)
                  8034de40    000000e0                         : route6.oe66 (.text:Route6Msg)
                  8034df20    000000e0                         : route.oe66 (.text:RtDeRef)
                  8034e000    000000e0                         : route.oe66 (.text:RtRemove)
                  8034e0e0    000000e0                         : sb.oe66 (.text:SBSetMax)
                  8034e1c0    000000e0                         : sock6int.oe66 (.text:Sock6SpawnAbort)
                  8034e2a0    000000e0                         : sock6int.oe66 (.text:Sock6ValidateRoute)
                  8034e380    000000e0                         : sock.oe66 (.text:SockDisconnect)
                  8034e460    000000e0                         : sockint.oe66 (.text:SockSpawnAbort)
                  8034e540    000000e0                         : tcp6prot.oe66 (.text:TCP6PrDetach)
                  8034e620    000000e0                         : tcp6prot.oe66 (.text:TCP6PrDisconnect)
                  8034e700    000000e0                         : tcp6prot.oe66 (.text:TCP6ValidateMetrics)
                  8034e7e0    000000e0                         : tcpprot.oe66 (.text:TcpPrDetach)
                  8034e8c0    000000e0                         : tcpprot.oe66 (.text:TcpPrDisconnect)
                  8034e9a0    000000e0                         : tcpprot.oe66 (.text:TcpValidateMetrics)
                  8034ea80    000000e0                         : timer.oe66 (.text:TimerListInsert)
                  8034eb60    000000e0                         : udp.oe66 (.text:UdpChecksum)
                  8034ec40    000000e0                         : vlan.oe66 (.text:VLANDeinit)
                  8034ed20    000000e0                         : vlan.oe66 (.text:VLANReceivePacket)
                  8034ee00    000000e0     nettool.ae66 : config.oe66 (.text:_CfgEntryScan)
                  8034eee0    000000e0     stk6_ppp_pppoe.ae66 : lli.oe66 (.text:_LLIExpListInsert)
                  8034efc0    000000e0                         : rtable.oe66 (.text:_RtExpListInsert)
                  8034f0a0    000000e0     rts6600_elf_mt.lib : divi.obj (.text:__divi)
                  8034f180    000000e0                        : _printfi.obj (.text:_div)
                  8034f260    000000e0                        : atoi.obj (.text:atoi)
                  8034f340    000000e0                        : lowlev.obj (.text:close)
                  8034f420    000000e0                        : copy_zero_init.obj (.text:decompress:ZI:__TI_zero_init)
                  8034f500    000000e0     os.ae66 : efs.oe66 (.text:efs_internal_remove)
                  8034f5e0    000000e0     rts6600_elf_mt.lib : exit.obj (.text:exit)
                  8034f6c0    000000e0     stk6_ppp_pppoe.ae66 : file.oe66 (.text:fdint_lockfd)
                  8034f7a0    000000e0     rts6600_elf_mt.lib : fflush.obj (.text:fflush)
                  8034f880    000000e0     nettool.ae66 : httpclie.oe66 (.text:httpGetMimeBits)
                  8034f960    000000e0     os.ae66 : task.oe66 (.text:llExit)
                  8034fa40    000000e0     rts6600_elf_mt.lib : ltoa.obj (.text:ltoa)
                  8034fb20    000000e0                        : memset.obj (.text:memset)
                  8034fc00    000000e0     os.ae66 : mem.oe66 (.text:mmBulkAlloc)
                  8034fce0    000000e0     stk6_ppp_pppoe.ae66 : nimuppp.oe66 (.text:pppFree)
                  8034fdc0    000000e0     rts6600_elf_mt.lib : printf.obj (.text:printf)
                  8034fea0    000000e0     sysbios.ae66 : BIOS.obj (.text:ti_sysbios_knl_Clock_start__E)
                  8034ff80    000000e0     ti.targets.rts6000.ae66 : Error.oe66 (.text:xdc_runtime_Error_print__F)
                  80350060    000000e0                             : Memory.oe66 (.text:xdc_runtime_Memory_alloc__F)
                  80350140    000000c0     rts6600_elf_mt.lib : trgdrv.obj (.text:HOSTread)
                  80350200    000000c0                        : trgdrv.obj (.text:HOSTwrite)
                  803502c0    000000c0     stk6_ppp_pppoe.ae66 : icmpv6in.oe66 (.text:ICMPv6RecvDstUnreachable)
                  80350380    000000c0                         : lli.oe66 (.text:LLIGetValidTime)
                  80350440    000000c0                         : lli.oe66 (.text:LLIMsg)
                  80350500    000000c0                         : mld.oe66 (.text:MLDCreateMulticastNode)
                  803505c0    000000c0                         : mld.oe66 (.text:MLDLeaveGroup)
                  80350680    000000c0                         : nimu.oe66 (.text:NIMUFindByName)
                  80350740    000000c0     netctrl.ae66 : netsrv.oe66 (.text:NS_BootTask)
                  80350800    000000c0     stk6_ppp_pppoe.ae66 : node.oe66 (.text:NodeUpdatePL)
                  803508c0    000000c0     nettool.ae66 : ipaddr.oe66 (.text:NtIfIdx2Ip)
                  80350980    000000c0     ti.drv.qmss.ae66 : qmss_drv.oe66 (.text:Qmss_setEoiVector)
                  80350a40    000000c0     stk6_ppp_pppoe.ae66 : route6.oe66 (.text:Rt6FindDefaultRouter)
                  80350b00    000000c0                         : rtable.oe66 (.text:RtWalkBegin)
                  80350bc0    000000c0                         : sb6.oe66 (.text:SB6Flush)
                  80350c80    000000c0                         : sb6.oe66 (.text:SB6SetMax)
                  80350d40    000000c0                         : sb.oe66 (.text:SBFlush)
                  80350e00    000000c0                         : sock6.oe66 (.text:Sock6IntAbort)
                  80350ec0    000000c0                         : sock6pcb.oe66 (.text:Sock6PcbResolveChain)
                  80350f80    000000c0                         : sock6pcb.oe66 (.text:Sock6PcbRtChange)
                  80351040    000000c0                         : sock.oe66 (.text:SockIntAbort)
                  80351100    000000c0                         : sockpcb.oe66 (.text:SockPcbRtChange)
                  803511c0    000000c0                         : tcp6prot.oe66 (.text:TCP6Close)
                  80351280    000000c0                         : tcp6time.oe66 (.text:TCP6TimeoutSackRexmt)
                  80351340    000000c0     os.ae66 : task.oe66 (.text:TaskGetEnv)
                  80351400    000000c0     stk6_ppp_pppoe.ae66 : tcp.oe66 (.text:TcpChecksum)
                  803514c0    000000c0                         : tcpprot.oe66 (.text:TcpClose)
                  80351580    000000c0                         : tcptime.oe66 (.text:TcpTimeoutSackRexmt)
                  80351640    000000c0                         : bind6.oe66 (.text:_Bind6FindByHostInList)
                  80351700    000000c0                         : bind6.oe66 (.text:_Bind6FindByNetInList)
                  803517c0    000000c0     rts6600_elf_mt.lib : dtor_list.obj (.text:__cxa_finalize)
                  80351880    000000c0                        : divu.obj (.text:__divu)
                  80351940    000000c0                        : remi.obj (.text:__remi)
                  80351a00    000000c0                        : fflush.obj (.text:_doflush)
                  80351ac0    000000c0     ti.drv.cppi.ae66 : cppi_listlib.oe66 (.text:cppi_list_remove_node)
                  80351b80    000000c0     nettool.ae66 : dhcptags.oe66 (.text:dhcpOptionsClear)
                  80351c40    000000c0     os.ae66 : efs.oe66 (.text:efs_fopen)
                  80351d00    000000c0     nettool.ae66 : httpsend.oe66 (.text:httpSendFullResponse)
                  80351dc0    000000c0     os.ae66 : mem.oe66 (.text:mmZeroInit)
                  80351e80    000000c0     rts6600_elf_mt.lib : _mutex.obj (.text:mutex_init)
                  80351f40    000000c0     stk6_ppp_pppoe.ae66 : nimuppp.oe66 (.text:pppAddIP)
                  80352000    000000c0     rts6600_elf_mt.lib : _pthread.obj (.text:pthread_mutex_lock)
                  803520c0    000000c0                        : _pthread.obj (.text:pthread_mutex_unlock)
                  80352180    000000c0                        : _pthread.obj (.text:pthread_once)
                  80352240    000000c0     sysbios.ae66 : BIOS.obj (.text:ti_sysbios_BIOS_errorRaiseHook__I)
                  80352300    000000c0                  : BIOS.obj (.text:ti_sysbios_heaps_HeapMem_getStats__E)
                  803523c0    000000c0                  : BIOS.obj (.text:ti_sysbios_knl_Clock_logTick__E)
                  80352480    000000c0     Disparity_pe66.oe66 (.text:ti_sysbios_knl_Task_Object__create__S)
                  80352540    000000c0     sysbios.ae66 : BIOS.obj (.text:ti_sysbios_knl_Task_allBlockedFunction__I)
                  80352600    000000c0                  : BIOS.obj (.text:ti_sysbios_timers_timer64_Timer_startup__E)
                  803526c0    000000c0     ti.targets.rts6000.ae66 : LoggerBuf.oe66 (.text:xdc_runtime_LoggerBuf_Instance_init__F)
                  80352780    000000c0     Disparity_pe66.oe66 (.text:xdc_runtime_LoggerBuf_Object__create__S)
                  80352840    000000c0     ti.targets.rts6000.ae66 : System.oe66 (.text:xdc_runtime_System_formatNum__I)
                  80352900    000000a0     nettool.ae66 : config.oe66 (.text:CfgEntryDeRef)
                  803529a0    000000a0                  : config.oe66 (.text:CfgEntryGetData)
                  80352a40    000000a0                  : config.oe66 (.text:CfgGetImmediate)
                  80352ae0    000000a0                  : telnetd.oe66 (.text:CmdWriteBytes)
                  80352b80    000000a0                  : telnetd.oe66 (.text:CmdWriteCmd)
                  80352c20    000000a0     ti.drv.cppi.ae66 : cppi_drv.oe66 (.text:Cppi_channelEnable)
                  80352cc0    000000a0     stk6_ppp_pppoe.ae66 : file.oe66 (.text:FdSignalEvent)
                  80352d60    000000a0     rts6600_elf_mt.lib : trgdrv.obj (.text:HOSTunlink)
                  80352e00    000000a0     stk6_ppp_pppoe.ae66 : ipfrag.oe66 (.text:IPReasmFree)
                  80352ea0    000000a0                         : ipfrag.oe66 (.text:IPReasmTimeout)
                  80352f40    000000a0                         : ipv6.oe66 (.text:IPv6CompareAddress)
                  80352fe0    000000a0                         : lliin.oe66 (.text:LLIValidateRoute)
                  80353080    000000a0                         : md5.oe66 (.text:MD5Final)
                  80353120    000000a0                         : nimu.oe66 (.text:NIMUShutdown)
                  803531c0    000000a0                         : nimu.oe66 (.text:NIMUUnregister)
                  80353260    000000a0     nettool.ae66 : ipaddr.oe66 (.text:NtAddNetwork)
                  80353300    000000a0     stk6_ppp_pppoe.ae66 : pbm.oe66 (.text:PBM_open)
                  803533a0    000000a0                         : pipe.oe66 (.text:PipeCheck)
                  80353440    000000a0     ti.drv.qmss.ae66 : qmss_drv.oe66 (.text:Qmss_queueClose)
                  803534e0    000000a0                      : qmss_drv.oe66 (.text:Qmss_startCfg)
                  80353580    000000a0     stk6_ppp_pppoe.ae66 : rtable.oe66 (.text:RouteMsg)
                  80353620    000000a0                         : route.oe66 (.text:RtNew)
                  803536c0    000000a0                         : sb6.oe66 (.text:SB6Free)
                  80353760    000000a0                         : sb.oe66 (.text:SBFree)
                  80353800    000000a0     os.ae66 : semaphore.oe66 (.text:SemCreate)
                  803538a0    000000a0             : semaphore.oe66 (.text:SemCreateBinary)
                  80353940    000000a0     stk6_ppp_pppoe.ae66 : sock6pcb.oe66 (.text:Sock6CleanPcb)
                  803539e0    000000a0                         : sock6.oe66 (.text:Sock6GetName)
                  80353a80    000000a0                         : sock.oe66 (.text:SockBind)
                  80353b20    000000a0                         : sockpcb.oe66 (.text:SockCleanPcb)
                  80353bc0    000000a0                         : sockpcb.oe66 (.text:SockPcbResolveChain)
                  80353c60    000000a0                         : tcp6prot.oe66 (.text:TCP6Drop)
                  80353d00    000000a0                         : tcp6prot.oe66 (.text:TCP6PrCtlError)
                  80353da0    000000a0                         : tcp6prot.oe66 (.text:TCP6PrSend)
                  80353e40    000000a0                         : tcp6prot.oe66 (.text:TCP6PrSendOOB)
                  80353ee0    000000a0     os.ae66 : task.oe66 (.text:TaskCreate)
                  80353f80    000000a0     stk6_ppp_pppoe.ae66 : tcpprot.oe66 (.text:TcpDrop)
                  80354020    000000a0                         : tcpprot.oe66 (.text:TcpPrCtlError)
                  803540c0    000000a0                         : tcpprot.oe66 (.text:TcpPrSend)
                  80354160    000000a0                         : tcpprot.oe66 (.text:TcpPrSendOOB)
                  80354200    000000a0                         : timer.oe66 (.text:TimerNew)
                  803542a0    000000a0     nettool.ae66 : config.oe66 (.text:_CfgRelease)
                  80354340    000000a0     stk6_ppp_pppoe.ae66 : lli.oe66 (.text:_LLITimeoutFlush)
                  803543e0    000000a0     rts6600_elf_mt.lib : dtor_list.obj (.text:_Z11__TI_atexitPFYvPvES_S_)
                  80354480    000000a0                        : remu.obj (.text:__remu)
                  80354520    000000a0     boot.ae66 : boot.oe66 (.text:_c_int00)
                  803545c0    000000a0     rts6600_elf_mt.lib : fopen.obj (.text:_cleanup)
                  80354660    000000a0                        : _printfi.obj (.text:_ecpy)
                  80354700    000000a0                        : _printfi.obj (.text:_fcpy)
                  803547a0    000000a0                        : _printfi.obj (.text:_pconv_f)
                  80354840    000000a0     stk6_ppp_pppoe.ae66 : auth.oe66 (.text:authStart)
                  803548e0    000000a0     ti.drv.cppi.ae66 : cppi_heap.oe66 (.text:cppi_internal_heap_malloc)
                  80354980    000000a0                      : cppi_listlib.oe66 (.text:cppi_list_cat)
                  80354a20    000000a0     nettool.ae66 : dhcpbild.oe66 (.text:dhcpBuildDecline)
                  80354ac0    000000a0                  : dhcpsm.oe66 (.text:dhcpIPRemove)
                  80354b60    000000a0     os.ae66 : efs.oe66 (.text:efs_filesend)
                  80354c00    000000a0     stk6_ppp_pppoe.ae66 : fileuser.oe66 (.text:fdCloseSession)
                  80354ca0    000000a0     rts6600_elf_mt.lib : lowlev.obj (.text:finddevice)
                  80354d40    000000a0     stk6_ppp_pppoe.ae66 : lcp.oe66 (.text:lcpInit)
                  80354de0    000000a0                         : lcp.oe66 (.text:lcpSendTerm)
                  80354e80    000000a0                         : sock6.oe66 (.text:leaveGroup)
                  80354f20    000000a0     hal_timer_bios.ae66 : lltimer.oe66 (.text:llTimerTick)
                  80354fc0    000000a0     rts6600_elf_mt.lib : lowlev.obj (.text:lseek)
                  80355060    000000a0                        : memcpy64.obj (.text:memcpy)
                  80355100    000000a0     os.ae66 : mem.oe66 (.text:mmBulkFree)
                  803551a0    000000a0             : mem.oe66 (.text:mmInitPage)
                  80355240    000000a0     rts6600_elf_mt.lib : _mutex.obj (.text:mutex_unlock)
                  803552e0    000000a0     ti.drv.pa.ae66 : pa.oe66 (.text:pa_format_fcmd_header)
                  80355380    000000a0                    : pa.oe66 (.text:pa_pdsp_run)
                  80355420    000000a0     os.ae66 : ossys.oe66 (.text:stricmp)
                  803554c0    000000a0     rts6600_elf_mt.lib : strstr.obj (.text:strstr)
                  80355560    000000a0     sysbios.ae66 : BIOS.obj (.text:ti_sysbios_family_c64p_Hwi_eventMap__E)
                  80355600    000000a0                  : BIOS.obj (.text:ti_sysbios_family_c64p_Hwi_getStackInfo__E)
                  803556a0    000000a0                  : BIOS.obj (.text:ti_sysbios_heaps_HeapMem_init__I)
                  80355740    000000a0                  : BIOS.obj (.text:ti_sysbios_knl_Idle_run__E)
                  803557e0    000000a0                  : BIOS.obj (.text:ti_sysbios_knl_Semaphore_pendTimeout__I)
                  80355880    000000a0                  : BIOS.obj (.text:ti_sysbios_knl_Task_deleteTerminatedTasksFunc__I)
                  80355920    000000a0                  : BIOS.obj (.text:ti_sysbios_knl_Task_processVitalTaskFlag__I)
                  803559c0    000000a0                  : BIOS.obj (.text:ti_sysbios_timers_timer64_Timer_stop__E)
                  80355a60    000000a0     rts6600_elf_mt.lib : lowlev.obj (.text:write)
                  80355b00    000000a0     ti.targets.rts6000.ae66 : Assert.oe66 (.text:xdc_runtime_Assert_raise__I)
                  80355ba0    000000a0                             : LoggerBuf.oe66 (.text:xdc_runtime_LoggerBuf_Module_startup__F)
                  80355c40    000000a0     Disparity_pe66.oe66 (.text:xdc_runtime_LoggerBuf_write8__E)
                  80355ce0    000000a0     ti.targets.rts6000.ae66 : Text.oe66 (.text:xdc_runtime_Text_xprintf__I)
                  80355d80    00000080     ti.drv.cppi.ae66 : cppi_drv.oe66 (.text:Cppi_setCpdmaLoopback)
                  80355e00    00000080     stk6_ppp_pppoe.ae66 : md5.oe66 (.text:Decode)
                  80355e80    00000080     rts6600_elf_mt.lib : trgdrv.obj (.text:HOSTclose)
                  80355f00    00000080     stk6_ppp_pppoe.ae66 : icmp.oe66 (.text:ICMPChecksum)
                  80355f80    00000080                         : icmpv6in.oe66 (.text:ICMPv6RecvParamProblem)
                  80356000    00000080                         : icmpv6_ndisc.oe66 (.text:ICMPv6RecvRS)
                  80356080    00000080                         : icmpv6in.oe66 (.text:ICMPv6RecvTimeExceeded)
                  80356100    00000080                         : ipv6out.oe66 (.text:IPv6GetRoute)
                  80356180    00000080                         : lli6.oe66 (.text:LLI6Free)
                  80356200    00000080                         : lli6.oe66 (.text:LLI6IsRouterStatMachine)
                  80356280    00000080                         : nimu.oe66 (.text:NIMUInit)
                  80356300    00000080                         : pbm.oe66 (.text:PBMQ_deq)
                  80356380    00000080                         : nimuppp.oe66 (.text:PPPSend)
                  80356400    00000080     ti.drv.pa.ae66 : painit.oe66 (.text:Pa_getBufferReq)
                  80356480    00000080     stk6_ppp_pppoe.ae66 : pipe.oe66 (.text:PipeClose)
                  80356500    00000080     ti.drv.qmss.ae66 : qmss_drv.oe66 (.text:Qmss_getMemRegQueueHandle)
                  80356580    00000080                      : qmss_drv.oe66 (.text:Qmss_queueOpen)
                  80356600    00000080     stk6_ppp_pppoe.ae66 : rawethsock.oe66 (.text:RawEthSockClose)
                  80356680    00000080                         : rawethsock_pcb.oe66 (.text:RawEthSockPcbDetach)
                  80356700    00000080                         : route6.oe66 (.text:Rt6Update)
                  80356780    00000080                         : route.oe66 (.text:RtSetFailure)
                  80356800    00000080                         : route.oe66 (.text:RtSetTimeout)
                  80356880    00000080                         : sock6.oe66 (.text:Sock6Bind)
                  80356900    00000080                         : sock6pcb.oe66 (.text:Sock6PcbCleanup)
                  80356980    00000080                         : sock.oe66 (.text:SockGetName)
                  80356a00    00000080                         : sockpcb.oe66 (.text:SockPcbCleanup)
                  80356a80    00000080                         : sockpcb.oe66 (.text:SockPcbDetach)
                  80356b00    00000080                         : tcp6prot.oe66 (.text:TCP6PrListen)
                  80356b80    00000080     os.ae66 : task.oe66 (.text:TaskSetEnv)
                  80356c00    00000080     stk6_ppp_pppoe.ae66 : tcpprot.oe66 (.text:TcpPrListen)
                  80356c80    00000080                         : timer.oe66 (.text:TimerHSTick)
                  80356d00    00000080                         : timer.oe66 (.text:TimerListRemove)
                  80356d80    00000080     nettool.ae66 : config.oe66 (.text:_CfgAcquire)
                  80356e00    00000080     stk6_ppp_pppoe.ae66 : lli.oe66 (.text:_LLIExpListRemove)
                  80356e80    00000080                         : rtc.oe66 (.text:_RTCSendRtAdv)
                  80356f00    00000080                         : rtable.oe66 (.text:_RtExpListRemove)
                  80356f80    00000080     rts6600_elf_mt.lib : _mutex.obj (.text:__TI_resource_lock)
                  80357000    00000080                        : llshift.obj (.text:__c6xabi_llshl)
                  80357080    00000080     sysbios.ae66 : c62_TaskSupport_asm.obj (.text:_ti_sysbios_family_c62_TaskSupport_swap__E)
                  80357100    00000080     ti.drv.cppi.ae66 : cppi_heap.oe66 (.text:cppi_internal_heap_cache_begin)
                  80357180    00000080                      : cppi_listlib.oe66 (.text:cppi_list_remove)
                  80357200    00000080     nettool.ae66 : dhcpsock.oe66 (.text:dhcpSocketClose)
                  80357280    00000080     os.ae66 : efs.oe66 (.text:efs_fclose)
                  80357300    00000080             : efs.oe66 (.text:efs_findfile)
                  80357380    00000080     stk6_ppp_pppoe.ae66 : file.oe66 (.text:fdint_waitevent)
                  80357400    00000080     nettool.ae66 : httpsend.oe66 (.text:httpSendEntityLength)
                  80357480    00000080                  : httpsend.oe66 (.text:httpSendErrorResponse)
                  80357500    00000080     hal_timer_bios.ae66 : lltimer.oe66 (.text:llTimerGetTime)
                  80357580    00000080     Disparity_pe66.oe66 (.text:malloc)
                  80357600    00000080     rts6600_elf_mt.lib : _mutex.obj (.text:mutex_lock)
                  80357680    00000080     ti.drv.pa.ae66 : pa.oe66 (.text:pa_uint8_match)
                  80357700    00000080     rts6600_elf_mt.lib : _pthread.obj (.text:pthread_mutex_init)
                  80357780    00000080                        : trgmsg.obj (.text:readmsg)
                  80357800    00000080     nettool.ae66 : httpsend.oe66 (.text:strcat)
                  80357880    00000080     rts6600_elf_mt.lib : strncpy.obj (.text:strncpy)
                  80357900    00000080     ti.drv.pa.ae66 : pa.oe66 (.text:swizFcmd)
                  80357980    00000080     ti.platform.evm6678l.ae66 : evm66x_i2c.obj (.text)
                  80357a00    00000080     sysbios.ae66 : BIOS.obj (.text:ti_sysbios_BIOS_registerRTSLock__I)
                  80357a80    00000080     Disparity_pe66.oe66 (.text:ti_sysbios_gates_GateHwi_Object__create__S)
                  80357b00    00000080     Disparity_pe66.oe66 (.text:ti_sysbios_gates_GateMutex_Object__create__S)
                  80357b80    00000080     sysbios.ae66 : BIOS.obj (.text:ti_sysbios_hal_Hwi_checkStack:ti_sysbios_hal_Hwi_checkStack)
                  80357c00    00000080                  : BIOS.obj (.text:ti_sysbios_hal_Hwi_initStack:ti_sysbios_hal_Hwi_initStack)
                  80357c80    00000080     Disparity_pe66.oe66 (.text:ti_sysbios_heaps_HeapMem_Object__create__S)
                  80357d00    00000080     sysbios.ae66 : BIOS.obj (.text:ti_sysbios_knl_Clock_Module_startup__F)
                  80357d80    00000080     Disparity_pe66.oe66 (.text:ti_sysbios_knl_Clock_Object__create__S)
                  80357e00    00000080     sysbios.ae66 : BIOS.obj (.text:ti_sysbios_knl_Clock_getTicks__E)
                  80357e80    00000080     Disparity_pe66.oe66 (.text:ti_sysbios_knl_Queue_Object__create__S)
                  80357f00    00000080     Disparity_pe66.oe66 (.text:ti_sysbios_knl_Semaphore_Object__create__S)
                  80357f80    00000080     sysbios.ae66 : BIOS.obj (.text:ti_sysbios_knl_Swi_startup__E)
                  80358000    00000080                  : BIOS.obj (.text:ti_sysbios_knl_Task_restore__E)
                  80358080    00000080                  : BIOS.obj (.text:ti_sysbios_timers_timer64_Timer_getCount__E)
                  80358100    00000080                  : BIOS.obj (.text:ti_sysbios_timers_timer64_Timer_getPeriod__E)
                  80358180    00000080     rts6600_elf_mt.lib : trgmsg.obj (.text:writemsg)
                  80358200    00000080     ti.targets.rts6000.ae66 : Core-label.oe66 (.text:xdc_runtime_Core_assignLabel__I)
                  80358280    00000080                             : Core-params.oe66 (.text:xdc_runtime_Core_assignParams__I)
                  80358300    00000080                             : LoggerBuf.oe66 (.text:xdc_runtime_LoggerBuf_filterOutEvent__I)
                  80358380    00000080                             : System.oe66 (.text:xdc_runtime_System_atexit__F)
                  80358400    00000080                             : System.oe66 (.text:xdc_runtime_System_putchar__I)
                  80358480    00000080                             : System.oe66 (.text:xdc_runtime_System_rtsExit__I)
                  80358500    00000080                             : Text.oe66 (.text:xdc_runtime_Text_printVisFxn__I)
                  80358580    00000060     stk6_ppp_pppoe.ae66 : bind6.oe66 (.text:Bind6FindByIF)
                  803585e0    00000060                         : bind6.oe66 (.text:Bind6IF2IPHost)
                  80358640    00000060                         : bind.oe66 (.text:BindFindByHost)
                  803586a0    00000060                         : bind.oe66 (.text:BindFindByIF)
                  80358700    00000060                         : bind.oe66 (.text:BindFindByNet)
                  80358760    00000060                         : bind.oe66 (.text:BindGetIFByDBCast)
                  803587c0    00000060                         : bind.oe66 (.text:BindIF2IPHost)
                  80358820    00000060     nettool.ae66 : config.oe66 (.text:CfgEntryInfo)
                  80358880    00000060                  : config.oe66 (.text:CfgSetService)
                  803588e0    00000060     stk6_ppp_pppoe.ae66 : md5.oe66 (.text:Encode)
                  80358940    00000060                         : exec.oe66 (.text:ExecBroadcast)
                  803589a0    00000060                         : igmp.oe66 (.text:IGMPTestGroup)
                  80358a00    00000060                         : ip.oe66 (.text:IPChecksum)
                  80358a60    00000060                         : lli.oe66 (.text:LLIFree)
                  80358ac0    00000060     netctrl.ae66 : netctrl.oe66 (.text:NC_SystemClose)
                  80358b20    00000060     stk6_ppp_pppoe.ae66 : nimu.oe66 (.text:NIMUAddHeader)
                  80358b80    00000060                         : nimu.oe66 (.text:NIMUCreatePacket)
                  80358be0    00000060                         : nimu.oe66 (.text:NIMUFindByIndex)
                  80358c40    00000060                         : nimu.oe66 (.text:NIMUPacketService)
                  80358ca0    00000060                         : nimu.oe66 (.text:NIMUPacketServiceCheck)
                  80358d00    00000060                         : nimu.oe66 (.text:NIMUSendPacket)
                  80358d60    00000060     netctrl.ae66 : netsrv.oe66 (.text:NS_PreBoot)
                  80358dc0    00000060     stk6_ppp_pppoe.ae66 : node.oe66 (.text:NodeGetRt)
                  80358e20    00000060                         : nimuppp.oe66 (.text:PPPStart)
                  80358e80    00000060                         : rtc.oe66 (.text:RTCAddHook)
                  80358ee0    00000060                         : rtc.oe66 (.text:RTCRemoveHook)
                  80358f40    00000060                         : rawethsock_pcb.oe66 (.text:RawEthSockPcbCleanup)
                  80358fa0    00000060                         : rawethsock_pcb.oe66 (.text:RawEthSockPcbFind)
                  80359000    00000060                         : route6.oe66 (.text:Rt6GetNetworkAddr)
                  80359060    00000060                         : rtable.oe66 (.text:RtWalkEnd)
                  803590c0    00000060     netctrl.ae66 : netsrv.oe66 (.text:ServiceCallback)
                  80359120    00000060     stk6_ppp_pppoe.ae66 : sock6pcb.oe66 (.text:Sock6PcbDetach)
                  80359180    00000060                         : sock6prot.oe66 (.text:Sock6PrCtlError)
                  803591e0    00000060                         : sock6prot.oe66 (.text:Sock6PrDetach)
                  80359240    00000060                         : sockprot.oe66 (.text:SockPrCtlError)
                  803592a0    00000060                         : sockprot.oe66 (.text:SockPrDetach)
                  80359300    00000060                         : tcp6prot.oe66 (.text:TCP6PrConnect)
                  80359360    00000060                         : tcp6time.oe66 (.text:TCP6SetPersist)
                  803593c0    00000060                         : tcp6time.oe66 (.text:TCP6TimeoutPersist)
                  80359420    00000060                         : tcpprot.oe66 (.text:TcpPrConnect)
                  80359480    00000060                         : tcptime.oe66 (.text:TcpSetPersist)
                  803594e0    00000060                         : tcptime.oe66 (.text:TcpTimeoutPersist)
                  80359540    00000060                         : vlan.oe66 (.text:VLANFindNode)
                  803595a0    00000060                         : vlan.oe66 (.text:VLANFindSourceInterface)
                  80359600    00000060                         : vlan.oe66 (.text:VLANInit)
                  80359660    00000060     nettool.ae66 : config.oe66 (.text:_CfgEntryProcess)
                  803596c0    00000060     rts6600_elf_mt.lib : frcmpyd_div.obj (.text:__c6xabi_frcmpyd_div)
                  80359720    00000060                        : llshift.obj (.text:__c6xabi_llshru)
                  80359780    00000060                        : imath64.obj (.text:_subcull)
                  803597e0    00000060     ti.drv.cppi.ae66 : cppi_listlib.oe66 (.text:cppi_list_add)
                  80359840    00000060                      : cppi_listlib.oe66 (.text:cppi_list_cache_invalidate)
                  803598a0    00000060     rts6600_elf_mt.lib : _mutex.obj (.text:create_resource_mutexes)
                  80359900    00000060                        : _mutex.obj (.text:destroy_resource_mutexes)
                  80359960    00000060     nettool.ae66 : dhcpbild.oe66 (.text:dhcpBuildDiscover)
                  803599c0    00000060                  : dhcpsock.oe66 (.text:dhcpPacketReceive)
                  80359a20    00000060                  : dhcpsock.oe66 (.text:dhcpPacketSend)
                  80359a80    00000060     stk6_ppp_pppoe.ae66 : fileuser.oe66 (.text:fdSelectAbort)
                  80359ae0    00000060                         : file.oe66 (.text:fdint_clearevent)
                  80359b40    00000060                         : file.oe66 (.text:fdint_getfdt)
                  80359ba0    00000060                         : file.oe66 (.text:fdint_setevent)
                  80359c00    00000060                         : fileuser.oe66 (.text:fdsetTestEntry)
                  80359c60    00000060     nettool.ae66 : httpsend.oe66 (.text:httpSendClientStr)
                  80359cc0    00000060     stk6_ppp_pppoe.ae66 : ipcp.oe66 (.text:ipcpInit)
                  80359d20    00000060                         : ipcp.oe66 (.text:ipcpStart)
                  80359d80    00000060                         : lcp.oe66 (.text:lcpClose)
                  80359de0    00000060                         : listlib.oe66 (.text:list_cat)
                  80359e40    00000060                         : listlib.oe66 (.text:list_remove_node)
                  80359ea0    00000060     rts6600_elf_mt.lib : memccpy.obj (.text:memccpy)
                  80359f00    00000060     os.ae66 : mem.oe66 (.text:mmUnInitPage)
                  80359f60    00000060     ti.drv.pa.ae66 : painit.oe66 (.text:pa_init_global_cfg)
                  80359fc0    00000060                    : pa.oe66 (.text:pa_uint8_zero)
                  8035a020    00000060     stk6_ppp_pppoe.ae66 : nimupppoe.oe66 (.text:pppoeInput)
                  8035a080    00000060     rts6600_elf_mt.lib : _pthread.obj (.text:pthread_mutex_destroy)
                  8035a0e0    00000060                        : strcpy.obj (.text:strcpy)
                  8035a140    00000060     Disparity_pe66.oe66 (.text:ti_ndk_config_Global_stackThread)
                  8035a1a0    00000060     Disparity_pe66.oe66 (.text:ti_sysbios_BIOS_exitFunc__I)
                  8035a200    00000060     sysbios.ae66 : BIOS.obj (.text:ti_sysbios_BIOS_rtsLock__I)
                  8035a260    00000060                  : BIOS.obj (.text:ti_sysbios_family_c62_TaskSupport_start__E)
                  8035a2c0    00000060                  : BIOS.obj (.text:ti_sysbios_family_c64p_EventCombiner_Module_startup__F)
                  8035a320    00000060                  : BIOS.obj (.text:ti_sysbios_family_c64p_EventCombiner_dispatchPlug__F)
[...]
8035e0c0   xdc_runtime_System_vsnprintf__F
8035e0e0   NDK_vsprintf
8035e0e0   xdc_runtime_System_vsprintf__E
8035e100   xdc_runtime_Text_cordText__E
8035e120   xdc_runtime_Text_putLab__E
8035e140   xdc_runtime_Text_putSite__E
8035e160   xdc_runtime_Text_ropeText__E
8035e180   xdc_runtime_Timestamp_SupportProxy_get32__E
8035e180   xdc_runtime_Timestamp_get32__F
8035e1a0   xdc_runtime_Timestamp_SupportProxy_getFreq__E
8035e1a0   xdc_runtime_Timestamp_getFreq__F
8035e1c0   xdc_runtime_Timestamp_get32__E
8035e1e0   xdc_runtime_Timestamp_getFreq__E
8035e200   ti_ndk_config_Global_pit
8035e3c0   ti_ndk_config_Global_pitBuffer
8036a3c0   ti_sysbios_knl_Task_Instance_State_0_hookEnv__A
8036a3c8   ti_sysbios_knl_Task_Instance_State_1_hookEnv__A
8036a3d0   ti_sysbios_knl_Task_Instance_State_2_hookEnv__A
8036a3d8   xdc_runtime_LoggerBuf_Instance_State_0_entryArr__A
8036b390   _tmpnams
8036b4d0   qmssLObj
8036b7d8   IPV6_LINKLOCALMASK
8036b7e8   IPV6_MULTICASTMASK
8036b7f8   IPV6_UNSPECIFIED_ADDRESS
8036b808   IPV6_LOOPBACK_ADDRESS
8036b818   IPV6_HOST_MASK
8036b828   IPV6_ALL_NODES_ADDRESS
8036b838   IPV6_ALL_ROUTER_ADDRESS
8036b848   ipv6mcb
8036b8a0   tcps
8036b958   tpseudo
8036b964   tcp6_stats
8036ba1c   raweth_pcb
8036ba20   _ICMPIn
8036ba70   _ICMPOut
8036babc   gPlatformInfo
8036bb50   BlockMax
8036bb70   BlockCount
8036bb90   PageMax
8036bbb0   PageCount
8036bbcc   ips
8036bc34   nimu_mcb
8036bc98   gI2cBlock
8036bcdc   udps
8036bd00   upseudo
8036bd10   nimuGlobalConfigParams
8036bd20   coreKey
8036bd40   vlan_mcb
8036bd68   udp6_stats
8036bd90   gCppiCfg
8036bdb0   icmp6stats
8036bde4   stkEvent
8036bdf4   raws
8036be04   raw6_stats
8036be14   raweths
8036be24   PBMQ_free
8036be30   c1
8036dbf8   m
8036f4a8   xdc_runtime_Text_charTab__A
80370aa0   c2
80372a88   acc48_le
803730b8   ti_sysbios_family_c66_Cache_marvalues__C
803743c6   ti_sysbios_BIOS_Module__id__C
803743c8   _ctypes_
803744ca   ti_sysbios_family_c64p_EventCombiner_Module__id__C
803744cc   ti_sysbios_BIOS_Module__diagsEnabled__C
803744d0   xdc_runtime_Text_nodeTab__A
80374d16   ti_sysbios_family_c64p_Exception_Module__id__C
80374e3c   ti_sysbios_BIOS_Module__diagsIncluded__C
80374e40   pap_pdsp_const_reg_map
80375002   ti_sysbios_family_c64p_Exception_enableExternalMPC__C
8037510a   ti_sysbios_family_c64p_Exception_enablePrint__C
8037510c   ti_sysbios_BIOS_Module__diagsMask__C
80375110   Code2Err
80375302   ti_sysbios_family_c64p_Exception_useInternalBuffer__C
80375304   ti_sysbios_knl_Task_Object__PARAMS__C
80375340   xdc_runtime_LoggerBuf_Module__FXNS__C
8037537c   ti_sysbios_BIOS_installedErrorHook__C
80375380   xdc_runtime_Startup_sfxnTab__A
80375452   ti_sysbios_family_c64p_Hwi_Module__id__C
80375454   ti_sysbios_family_c62_TaskSupport_stackAlignment__C
80375458   ti_sysbios_knl_Task_hooks__A
8037550c   ti_sysbios_heaps_HeapMem_Module__FXNS__C
80375534   xdc_runtime_LoggerBuf_Object__PARAMS__C
80375584   ti_sysbios_gates_GateHwi_Module__FXNS__C
803755a8   ti_sysbios_gates_GateMutex_Module__FXNS__C
803755cc   ti_sysbios_heaps_HeapMem_Object__PARAMS__C
803755f0   ti_sysbios_knl_Clock_Object__PARAMS__C
80375614   ti_sysbios_knl_Semaphore_Object__PARAMS__C
8037565c   ti_sysbios_gates_GateHwi_Object__DESC__C
8037567c   ti_sysbios_gates_GateMutex_Object__DESC__C
8037569c   ti_sysbios_heaps_HeapMem_Object__DESC__C
803756bc   ti_sysbios_knl_Clock_Object__DESC__C
803756dc   ti_sysbios_knl_Queue_Object__DESC__C
803756fc   ti_sysbios_knl_Semaphore_Object__DESC__C
8037571c   ti_sysbios_knl_Task_Object__DESC__C
8037573c   xdc_runtime_LoggerBuf_Object__DESC__C
8037575c   ti_sysbios_family_c64p_EventCombiner_E_unpluggedEvent__C
803757ba   ti_sysbios_family_c64p_Hwi_Module__loggerDefined__C
803757bc   ti_sysbios_family_c64p_Exception_E_exceptionMax__C
803757c0   xdc_runtime_Startup_sfxnRts__A
803757dc   ti_sysbios_family_c64p_Exception_E_exceptionMin__C
80375840   ti_sysbios_gates_GateHwi_Object__PARAMS__C
80375858   ti_sysbios_gates_GateMutex_Object__PARAMS__C
80375870   ti_sysbios_knl_Queue_Object__PARAMS__C
803758ea   ti_sysbios_gates_GateMutex_Module__id__C
803758ec   ti_sysbios_family_c64p_Exception_exceptionHook__C
80375902   ti_sysbios_hal_Hwi_Module__id__C
80375904   ti_sysbios_family_c64p_Exception_externalHook__C
80375908   paMemAligns
80375918   ti_sysbios_family_c64p_EventCombiner_EVTMASK__C
80375950   ti_sysbios_family_c66_Cache_initSize__C
80375972   ti_sysbios_heaps_HeapMem_Module__id__C
80375974   ti_sysbios_family_c64p_Exception_internalHook__C
80375982   ti_sysbios_knl_Clock_Module__id__C
80375984   ti_sysbios_family_c64p_Exception_nmiHook__C
803759a0   ti_sysbios_knl_Idle_coreList__A
803759a8   ti_sysbios_knl_Idle_coreList__C
803759b0   ti_sysbios_knl_Idle_funcList__A
803759b8   ti_sysbios_knl_Idle_funcList__C
803759c0   ti_sysbios_knl_Task_hooks__C
803759c8   xdc_runtime_Startup_firstFxns__A
803759d0   xdc_runtime_Startup_firstFxns__C
803759d8   xdc_runtime_Startup_lastFxns__A
803759e0   xdc_runtime_Startup_lastFxns__C
803759ee   ti_sysbios_knl_Clock_Module__loggerDefined__C
803759f6   ti_sysbios_knl_Semaphore_Module__id__C
803759fe   ti_sysbios_knl_Semaphore_Module__loggerDefined__C
80375a00   ti_sysbios_family_c64p_Hwi_LD_end__C
80375a04   ti_sysbios_family_c64p_Hwi_LM_begin__C
80375a08   ti_sysbios_family_c64p_Hwi_Module__diagsEnabled__C
80375a0c   ti_sysbios_family_c64p_Hwi_Module__diagsIncluded__C
80375a10   ti_sysbios_family_c64p_Hwi_Module__diagsMask__C
80375a14   ti_sysbios_family_c64p_Hwi_Module__loggerFxn1__C
80375a18   ti_sysbios_family_c64p_Hwi_Module__loggerFxn8__C
80375a1c   ti_sysbios_family_c64p_Hwi_Module__loggerObj__C
80375a20   ti_sysbios_family_c66_Cache_atomicBlockSize__C
80375a24   ti_sysbios_gates_GateMutex_A_badContext__C
80375a28   ti_sysbios_gates_GateMutex_Instance_State_sem__O
80375a2c   ti_sysbios_gates_GateMutex_Module__diagsEnabled__C
80375a30   ti_sysbios_gates_GateMutex_Module__diagsIncluded__C
80375a34   ti_sysbios_gates_GateMutex_Module__diagsMask__C
80375a38   ti_sysbios_hal_Hwi_E_stackOverflow__C
80375a3c   ti_sysbios_heaps_HeapBuf_Instance_State_freeList__O
80375a40   ti_sysbios_heaps_HeapBuf_Object__count__C
80375a44   ti_sysbios_heaps_HeapBuf_Object__table__C
80375a48   ti_sysbios_heaps_HeapBuf_numConstructedHeaps__C
80375a4c   ti_sysbios_heaps_HeapMem_A_align__C
80375a50   ti_sysbios_heaps_HeapMem_A_heapSize__C
80375a54   ti_sysbios_heaps_HeapMem_A_invalidFree__C
80375a58   ti_sysbios_heaps_HeapMem_A_zeroBlock__C
80375a5c   ti_sysbios_heaps_HeapMem_E_memory__C
80375a60   ti_sysbios_heaps_HeapMem_Module__diagsEnabled__C
80375a64   ti_sysbios_heaps_HeapMem_Module__diagsIncluded__C
80375a68   ti_sysbios_heaps_HeapMem_Module__diagsMask__C
80375a6c   ti_sysbios_heaps_HeapMem_Module__gateObj__C
80375a70   ti_sysbios_heaps_HeapMem_Object__count__C
80375a74   ti_sysbios_heaps_HeapMem_Object__table__C
80375a78   ti_sysbios_heaps_HeapMem_reqAlign__C
80375a7c   ti_sysbios_knl_Clock_A_badThreadType__C
80375a80   ti_sysbios_knl_Clock_LM_begin__C
80375a84   ti_sysbios_knl_Clock_LM_tick__C
80375a88   ti_sysbios_knl_Clock_LW_delayed__C
80375a8c   ti_sysbios_knl_Clock_Module_State_clockQ__O
80375a90   ti_sysbios_knl_Clock_Module__diagsEnabled__C
80375a94   ti_sysbios_knl_Clock_Module__diagsIncluded__C
80375a98   ti_sysbios_knl_Clock_Module__diagsMask__C
80375a9c   ti_sysbios_knl_Clock_Module__loggerFxn1__C
80375aa0   ti_sysbios_knl_Clock_Module__loggerFxn2__C
80375aa4   ti_sysbios_knl_Clock_Module__loggerObj__C
80375aa8   ti_sysbios_knl_Clock_tickMode__C
80375aac   ti_sysbios_knl_Clock_tickSource__C
80375ab0   ti_sysbios_knl_Queue_Object__count__C
80375ab4   ti_sysbios_knl_Queue_Object__table__C
80375ab8   ti_sysbios_knl_Semaphore_A_badContext__C
80375abc   ti_sysbios_knl_Semaphore_A_noEvents__C
80375ac0   ti_sysbios_knl_Semaphore_A_overflow__C
80375ac4   ti_sysbios_knl_Semaphore_A_pendTaskDisabled__C
80375ac8   ti_sysbios_knl_Semaphore_Instance_State_pendQ__O
80375acc   ti_sysbios_knl_Semaphore_LM_pend__C
80375ad0   ti_sysbios_knl_Semaphore_LM_post__C
80375ad4   ti_sysbios_knl_Semaphore_Module__diagsEnabled__C
80375ad8   ti_sysbios_knl_Semaphore_Module__diagsIncluded__C
80375adc   ti_sysbios_knl_Semaphore_Module__diagsMask__C
80375ae0   ti_sysbios_knl_Semaphore_Module__loggerFxn2__C
80375ae4   ti_sysbios_knl_Semaphore_Module__loggerFxn4__C
80375ae8   ti_sysbios_knl_Semaphore_Module__loggerObj__C
80375aec   ti_sysbios_knl_Swi_LD_end__C
80375af0   ti_sysbios_knl_Swi_LM_begin__C
80375af4   ti_sysbios_knl_Swi_LM_post__C
80375af8   ti_sysbios_knl_Swi_Module__diagsEnabled__C
80375afc   ti_sysbios_knl_Swi_Module__diagsIncluded__C
80375b00   ti_sysbios_knl_Swi_Module__diagsMask__C
80375b04   ti_sysbios_knl_Swi_Module__loggerFxn1__C
80375b08   ti_sysbios_knl_Swi_Module__loggerFxn4__C
80375b0c   ti_sysbios_knl_Swi_Module__loggerObj__C
80375b10   ti_sysbios_knl_Swi_Object__count__C
80375b14   ti_sysbios_knl_Swi_Object__table__C
80375b18   ti_sysbios_knl_Task_A_badPriority__C
80375b1c   ti_sysbios_knl_Task_A_badTaskState__C
80375b20   ti_sysbios_knl_Task_A_badThreadType__C
80375b24   ti_sysbios_knl_Task_A_badTimeout__C
80375b28   ti_sysbios_knl_Task_A_noPendElem__C
80375b2c   ti_sysbios_knl_Task_A_sleepTaskDisabled__C
80375b30   ti_sysbios_knl_Task_E_deleteNotAllowed__C
80375b34   ti_sysbios_knl_Task_E_spOutOfBounds__C
80375b38   ti_sysbios_knl_Task_E_stackOverflow__C
80375b3c   ti_sysbios_knl_Task_LD_block__C
80375b40   ti_sysbios_knl_Task_LD_exit__C
80375b44   ti_sysbios_knl_Task_LD_ready__C
80375b48   ti_sysbios_knl_Task_LM_setPri__C
80375b4c   ti_sysbios_knl_Task_LM_sleep__C
80375b50   ti_sysbios_knl_Task_LM_switch__C
80375b54   ti_sysbios_knl_Task_Module_State_inactiveQ__O
80375b58   ti_sysbios_knl_Task_Module_State_terminatedQ__O
80375b5c   ti_sysbios_knl_Task_Module__diagsEnabled__C
80375b60   ti_sysbios_knl_Task_Module__diagsIncluded__C
80375b64   ti_sysbios_knl_Task_Module__diagsMask__C
80375b68   ti_sysbios_knl_Task_Module__loggerFxn2__C
80375b6c   ti_sysbios_knl_Task_Module__loggerFxn4__C
80375b70   ti_sysbios_knl_Task_Module__loggerObj__C
80375b74   ti_sysbios_knl_Task_Object__count__C
80375b78   ti_sysbios_knl_Task_Object__heap__C
80375b7c   ti_sysbios_knl_Task_Object__table__C
80375b80   ti_sysbios_knl_Task_allBlockedFunc__C
80375b84   ti_sysbios_knl_Task_defaultStackHeap__C
80375b88   ti_sysbios_knl_Task_defaultStackSize__C
80375b8c   ti_sysbios_knl_Task_numConstructedTasks__C
80375b90   ti_sysbios_knl_Task_numPriorities__C
80375b94   ti_sysbios_timers_timer64_Timer_A_notAvailable__C
80375b98   ti_sysbios_timers_timer64_Timer_E_cannotSupport__C
80375b9c   ti_sysbios_timers_timer64_Timer_Module__diagsEnabled__C
80375ba0   ti_sysbios_timers_timer64_Timer_Module__diagsIncluded__C
80375ba4   ti_sysbios_timers_timer64_Timer_Module__diagsMask__C
80375ba8   ti_sysbios_timers_timer64_Timer_anyMask__C
80375bac   ti_sysbios_timers_timer64_Timer_freqDivisor__C
80375bb0   ti_sysbios_timers_timer64_Timer_numLocalTimers__C
80375bb4   ti_sysbios_timers_timer64_Timer_numTimerDevices__C
80375bb8   xdc_runtime_Assert_E_assertFailed__C
80375bbc   xdc_runtime_Core_A_initializedParams__C
80375bc0   xdc_runtime_Core_Module__diagsEnabled__C
80375bc4   xdc_runtime_Core_Module__diagsIncluded__C
80375bc8   xdc_runtime_Core_Module__diagsMask__C
80375bcc   xdc_runtime_Error_E_memory__C
80375bd0   xdc_runtime_Error_Module__diagsEnabled__C
80375bd4   xdc_runtime_Error_Module__diagsIncluded__C
80375bd8   xdc_runtime_Error_Module__diagsMask__C
80375bdc   xdc_runtime_Error_Module__loggerFxn8__C
80375be0   xdc_runtime_Error_Module__loggerObj__C
80375be4   xdc_runtime_Error_policy__C
80375be8   xdc_runtime_Error_raiseHook__C
80375bec   xdc_runtime_IFilterLogger_Interface__BASE__C
80375bf0   xdc_runtime_IGateProvider_Interface__BASE__C
80375bf4   xdc_runtime_IHeap_Interface__BASE__C
80375bf8   xdc_runtime_ILogger_Interface__BASE__C
80375bfc   xdc_runtime_IModule_Interface__BASE__C
80375c00   xdc_runtime_Log_L_error__C
80375c04   xdc_runtime_LoggerBuf_E_badLevel__C
80375c08   xdc_runtime_LoggerBuf_Module__gateObj__C
80375c0c   xdc_runtime_LoggerBuf_Object__count__C
80375c10   xdc_runtime_LoggerBuf_Object__table__C
80375c14   xdc_runtime_LoggerBuf_statusLogger__C
80375c18   xdc_runtime_Memory_defaultHeapInstance__C
80375c1c   xdc_runtime_Startup_execImpl__C
80375c20   xdc_runtime_Startup_maxPasses__C
80375c24   xdc_runtime_Startup_sfxnRts__C
80375c28   xdc_runtime_Startup_sfxnTab__C
80375c2c   xdc_runtime_Startup_startModsFxn__C
80375c30   xdc_runtime_System_Module__gateObj__C
80375c34   xdc_runtime_System_extendFxn__C
80375c38   xdc_runtime_System_maxAtexitHandlers__C
80375c3c   xdc_runtime_Text_charTab__C
80375c40   xdc_runtime_Text_nameEmpty__C
80375c44   xdc_runtime_Text_nameStatic__C
80375c48   xdc_runtime_Text_nameUnknown__C
80375c4c   xdc_runtime_Text_nodeTab__C
80375c50   xdc_runtime_Text_visitRopeFxn__C
80375c54   ti_sysbios_knl_Swi_Module__id__C
80375c56   ti_sysbios_knl_Swi_Module__loggerDefined__C
80375c58   ti_sysbios_knl_Task_Module__id__C
80375c5a   ti_sysbios_knl_Task_Module__loggerDefined__C
80375c5c   ti_sysbios_knl_Task_deleteTerminatedTasks__C
80375c5e   ti_sysbios_knl_Task_initStackFlag__C
80375c60   ti_sysbios_timers_timer64_Timer_Module__id__C
80375c62   ti_sysbios_timers_timer64_Timer_startupNeeded__C
80375c64   xdc_runtime_Core_Module__id__C
80375c66   xdc_runtime_Error_Module__loggerDefined__C
80375c68   xdc_runtime_Error_maxDepth__C
80375c6a   xdc_runtime_LoggerBuf_Module__id__C
80375c6c   xdc_runtime_LoggerBuf_filterByLevel__C
80375c6e   xdc_runtime_Memory_Module__id__C
80375c70   xdc_runtime_Text_charCnt__C
80375c72   xdc_runtime_Text_isLoaded__C
80375c74   xdc_runtime_Text_registryModsLastId__C
80375c76   xdc_runtime_Text_unnamedModsLastId__C
80375c80   queueFree
80377c80   qmssGObj
80378080   ti_sysbios_BIOS_Module__state__V
803780a0   ti_sysbios_family_c64p_EventCombiner_Module__state__V
803784a0   ti_sysbios_family_c64p_Exception_Module__state__V
803784d0   ti_sysbios_family_c64p_Hwi_Module__root__V
803784d8   ti_sysbios_family_c64p_Hwi_Module__state__V
80378540   ti_sysbios_gates_GateHwi_Module__root__V
80378548   ti_sysbios_gates_GateMutex_Module__root__V
80378550   ti_sysbios_hal_Hwi_Module__root__V
80378558   ti_sysbios_hal_Timer_Module__root__V
80378560   ti_sysbios_heaps_HeapBuf_Module__root__V
80378568   ti_sysbios_heaps_HeapBuf_Module__state__V
8037856c   ti_sysbios_heaps_HeapMem_Module__root__V
80378574   ti_sysbios_knl_Clock_Module__root__V
8037857c   ti_sysbios_knl_Clock_Module__state__V
803785a4   ti_sysbios_knl_Queue_Module__root__V
803785ac   ti_sysbios_knl_Semaphore_Module__root__V
803785b4   ti_sysbios_knl_Swi_Module__root__V
803785bc   ti_sysbios_knl_Swi_Module__state__V
803785d8   ti_sysbios_knl_Task_Module__root__V
803785e0   ti_sysbios_knl_Task_Module__state__V
80378624   ti_sysbios_timers_timer64_Timer_Module__root__V
8037862c   ti_sysbios_timers_timer64_Timer_Module__state__V
80378640   xdc_runtime_Error_Module__state__V
80378644   xdc_runtime_LoggerBuf_Module__root__V
8037864c   xdc_runtime_LoggerBuf_Module__state__V
80378654   xdc_runtime_Memory_Module__state__V
80378658   xdc_runtime_Registry_Module__state__V
80378660   xdc_runtime_Startup_Module__state__V
80378668   xdc_runtime_System_Module__state__V
80378674   xdc_runtime_Text_Module__state__V
8037867c   __xdc__init__addr
80378680   _ftable
80378860   ti_sysbios_timers_timer64_Timer_Module_State_0_device__A
803789e0   qmssGblCfgParams
80378b00   ti_sysbios_knl_Task_Object__table__V
80378ba0   TSK_idle
80378bf0   _ipcfg
80378ca4   _ft_end
80378d48   ti_sysbios_knl_Swi_Module_State_0_readyQ__A
80378dc8   ti_sysbios_knl_Task_Module_State_0_readyQ__A
80378e48   ti_sysbios_timers_timer64_Timer_Module_State_0_gctrl__A
80378ec8   ti_sysbios_timers_timer64_Timer_Module_State_0_handles__A
80378f48   ti_sysbios_timers_timer64_Timer_Module_State_0_intFreqs__A
80379040   cppiGblCfgParams
803790b8   ti_sysbios_family_c64p_Hwi_Object__table__V
803791d0   ti_sysbios_timers_timer64_Timer_Object__table__V
80379320   ti_sysbios_gates_GateMutex_Object__table__V
803793d4   cppiLObj
803793d8   ti_sysbios_knl_Swi_Object__table__V
80379408   _oscfg
8037942c   paLObj
80379430   xdc_runtime_LoggerBuf_Object__table__V
80379458   Qmss_highEoiVector
80379478   NIMUDeviceTable
80379480   pstrMsgName
803794a0   xdc_runtime_System_Module_State_0_atexitHandlers__A
803794c0   ti_ndk_config_Global_Id2Size
80379510   ti_sysbios_heaps_HeapMem_Object__table__V
80379554   _lock
80379558   _unlock
80379598   Qmss_lowEoiVector
803795a8   _delete_mutexes_ptr
803795ac   _cleanup_ptr
803795b0   _dtors_ptr
803795b4   __TI_enable_exit_profile_output
803795b8   ti_sysbios_hal_Hwi_Object__table__V
803795e0   ti_sysbios_hal_Timer_Object__table__V
803795e8   ti_sysbios_gates_GateHwi_Object__table__V
803795f8   ti_sysbios_knl_Task_Module_State_0_idleTask__A
80379608   Qmss_cdmaEoiVector
80379668   gDeviceNandBBlist
8037a894   gDeviceNand
8037a8cc   gDeviceNor
8037a904   gDeviceEeprom0
8037a93c   gDeviceEeprom1
8037a978   emac_port_mode
8037ad2c   __TI_STATIC_BASE
8037ad44   _IGMPInDiscard
8037ad48   _IGMPInQuery
8037ad4c   _IGMPInQueryGroup
8037ad50   _IGMPInResponse
8037ad54   _IGMPOutResponse
8037ad58   gTxCmdReturnQHnd
8037ad5c   gTxCmdFreeQHnd
8037ad60   ethSemHandle
8037ad98   CONTENT_TYPE_APPLET
8037ad9c   CONTENT_TYPE_AU
8037ada0   CONTENT_TYPE_CSS
8037ada4   CONTENT_TYPE_DOC
8037ada8   CONTENT_TYPE_GIF
8037adac   CONTENT_TYPE_HTML
8037adb0   CONTENT_TYPE_JPG
8037adb4   CONTENT_TYPE_MPEG
8037adb8   CONTENT_TYPE_PDF
8037adbc   CONTENT_TYPE_WAV
8037adc0   CONTENT_TYPE_ZIP
8037adc4   CONTENT_TYPE
8037adc8   CONTENT_LENGTH
8037adcc   CRLF
8037add0   DEFAULT_NAME
8037add4   HTTP_VER
8037add8   SPACE
8037addc   PITCount
8037ade0   PITUsed
8037ade4   PITHigh
8037ae00   VerStr
8037ae04   HostName
8037ae08   LocalIPAddr
8037ae0c   LocalIPMask
8037ae10   GatewayIP
8037ae14   DomainName
8037ae18   DNSServer
8037ae8c   _IGMPForceVersion1
8037aea8   _ICMPInErrors
8037aeac   _ICMPOutErrors
8037aeb0   _IPExecuting
8037aec0   gFragQList
8037aee0   tcp_iss
8037aee4   ptTimeFirst
8037aee8   pt6TimeFirst
8037aeec   tcp6_iss
8037aef8   platform_errno
8037aefc   platform_init_return_code
8037af00   g_transmissionError
8037af10   httpErrorResponseHook
8037af1c   _IPReasmPtr
8037af24   gMLDNodeList
8037af3c   qmssLObjIsValid
8037af40   IPV6_MAX_MULTICAST_SOLICIT
8037af44   IPV6_MAX_UNICAST_SOLICIT
8037af48   IPV6_RETRANS_TIME
8037af4c   IPV6_DELAY_FIRST_PROBE_TIME
8037af50   IPV6_REACHABLE_TIME
8037af54   IPV6_MAX_RTR_SOLICITATION_DELAY
8037af58   IPV6_RTR_SOLICITATION_INTERVAL
8037af5c   IPV6_MAX_RTR_SOLICITATIONS
8037af60   INFINITE_LT
8037af64   ti_ndk_config_Global_rawPageSize
8037af68   ti_ndk_config_Global_rawPageCount
8037af6c   ti_ndk_config_Global_smallest
8037af70   ti_ndk_config_Global_largest
8037af74   ti_ndk_config_Global_numFrameBuf
8037af78   ti_ndk_config_Global_sizeFrameBuf
8037af80   cppiObject
8037b180   __CIOBUF_
8037b400   ti_sysbios_family_c64p_Hwi0
8037b400   ti_sysbios_family_c64p_Hwi_int0
8037b420   ti_sysbios_family_c64p_Hwi_int1
8037b440   ti_sysbios_family_c64p_Hwi_int2
8037b460   ti_sysbios_family_c64p_Hwi_int3
8037b480   ti_sysbios_family_c64p_Hwi_int4
8037b4a0   ti_sysbios_family_c64p_Hwi_int5
8037b4c0   ti_sysbios_family_c64p_Hwi_int6
8037b4e0   ti_sysbios_family_c64p_Hwi_int7
8037b500   ti_sysbios_family_c64p_Hwi_int8
8037b520   ti_sysbios_family_c64p_Hwi_int9
8037b540   ti_sysbios_family_c64p_Hwi_int10
8037b560   ti_sysbios_family_c64p_Hwi_int11
8037b580   ti_sysbios_family_c64p_Hwi_int12
8037b5a0   ti_sysbios_family_c64p_Hwi_int13
8037b5c0   ti_sysbios_family_c64p_Hwi_int14
8037b5e0   ti_sysbios_family_c64p_Hwi_int15
8037c560   __TI_Handler_Table_Base
8037c56c   __TI_Handler_Table_Limit
8037c5d0   __TI_CINIT_Base
8037c650   __TI_CINIT_Limit
ffffffff   __TI_pprof_out_hndl
ffffffff   __TI_prof_data_size
ffffffff   __TI_prof_data_start
ffffffff   __binit__
ffffffff   __c_args__
ffffffff   binit
UNDEFED    __TI_INITARRAY_Base
UNDEFED    __TI_INITARRAY_Limit

[1621 symbols]
