******************************************************************************
               TMS320C6x Linker PC v7.4.7                      
******************************************************************************
>> Linked Tue Apr 29 09:25:09 2014

OUTPUT FILE NAME:   <Disparity.out>
ENTRY POINT SYMBOL: "_c_int00"  address: 803500a0


MEMORY CONFIGURATION

         name            origin    length      used     unused   attr    fill
----------------------  --------  ---------  --------  --------  ----  --------
  L2SRAM                00800000   00080000  0005cf40  000230c0  RW X
  MSMCSRAM              0c000000   00400000  00000000  00400000  RW X
  DDR3                  80000000   20000000  0037723e  1fc88dc2  RWIX


SEGMENT ALLOCATION MAP

run origin  load origin   length   init length attrs members
----------  ----------- ---------- ----------- ----- -------
00800000    00800000    0005cb88   00000000    rw-
  00800000    00800000    00052b00   00000000    rw- .far:NDK_PACKETMEM
  00852b00    00852b00    00004000   00000000    rw- .resmgr_memregion
  00856b00    00856b00    00003c00   00000000    rw- .far:taskStackSection
  0085a700    0085a700    00001488   00000000    rw- .resmgr_pa
  0085bb88    0085bb88    00001000   00000000    rw- .stack
0085cc00    0085cc00    00000318   00000318    rw-
  0085cc00    0085cc00    00000318   00000318    rw- .nimu_eth_ll2
0085cf20    0085cf20    000000a0   00000000    rw-
  0085cf20    0085cf20    000000a0   00000000    rw- .resmgr_handles
80000000    80000000    00300000   00000000    rw-
  80000000    80000000    00300000   00000000    rw- systemHeap
80300000    80300000    00058ee0   00058ee0    r-x
  80300000    80300000    00058ee0   00058ee0    r-x .text
80358ee0    80358ee0    0000dbc8   00000000    rw-
  80358ee0    80358ee0    0000dbc8   00000000    rw- .far.1
80366ab0    80366ab0    00000060   00000000    rw-
  80366ab0    80366ab0    00000060   00000000    rw- .far.2
80366b10    80366b10    00009e50   00009e50    r--
  80366b10    80366b10    00009e50   00009e50    r-- .const
80370960    80370960    00000020   00000020    rw-
  80370960    80370960    00000020   00000020    rw- .fardata.1
80370980    80370980    00002400   00000000    rw-
  80370980    80370980    00002400   00000000    rw- .qmss
80372d80    80372d80    0000156a   0000156a    rw-
  80372d80    80372d80    0000156a   0000156a    rw- .fardata.2
803742f0    803742f0    00001370   00001370    rw-
  803742f0    803742f0    00001370   00001370    rw- platform_lib
80375660    80375660    000003a8   000003a8    r--
  80375660    80375660    000003a8   000003a8    r-- .switch
80375a08    80375a08    0000006c   00000000    rw-
  80375a08    80375a08    0000006c   00000000    rw- .bss
80375a74    80375a74    000001a1   000001a1    rw-
  80375a74    80375a74    000001a1   000001a1    rw- .neardata
80375c18    80375c18    0000003c   0000003c    r--
  80375c18    80375c18    0000003c   0000003c    r-- .rodata
80375c80    80375c80    00000320   00000000    rw-
  80375c80    80375c80    00000200   00000000    rw- .cppi
  80375e80    80375e80    00000120   00000000    rw- .cio
80376000    80376000    000012d8   000012d8    r-x
  80376000    80376000    00000200   00000200    r-x .vecs
  80376200    80376200    000010d8   000010d8    r-- .cinit


SECTION ALLOCATION MAP

 output                                  attributes/
section   page    origin      length       input sections
--------  ----  ----------  ----------   ----------------
.init_array 
*          0    80000000    00000000     UNINITIALIZED

.far:NDK_PACKETMEM 
*          0    00800000    00052b00     UNINITIALIZED
                  00800000    00052b00     stk6_ppp_pppoe.ae66 : pbm_data.oe66 (.far:NDK_PACKETMEM)

.resmgr_memregion 
*          0    00852b00    00004000     UNINITIALIZED
                  00852b00    00004000     resourcemgr.obj (.resmgr_memregion)

.far:taskStackSection 
*          0    00856b00    00003c00     UNINITIALIZED
                  00856b00    00003c00     Disparity_pe66.oe66 (.far:taskStackSection)

.resmgr_pa 
*          0    0085a700    00001488     UNINITIALIZED
                  0085a700    00001488     resourcemgr.obj (.resmgr_pa)

.stack     0    0085bb88    00001000     UNINITIALIZED
                  0085bb88    00000008     boot.ae66 : boot.oe66 (.stack)
                  0085bb90    00000ff8     --HOLE--

.nimu_eth_ll2 
*          0    0085cc00    00000318     
                  0085cc00    00000308     ti.transport.ndk.nimu.ae66 : nimu_eth.obj (.nimu_eth_ll2:uninit) [fill = 0]
                  0085cf08    00000010                                : nimu_eth.obj (.nimu_eth_ll2:init)

.resmgr_handles 
*          0    0085cf20    000000a0     UNINITIALIZED
                  0085cf20    000000a0     resourcemgr.obj (.resmgr_handles)

systemHeap 
*          0    80000000    00300000     UNINITIALIZED
                  80000000    00300000     Disparity_pe66.oe66 (systemHeap)

xdc.meta   0    80000000    00000100     COPY SECTION
                  80000000    00000100     Disparity_pe66.oe66 (xdc.meta)

.text      0    80300000    00058ee0     
                  80300000    00001e40     ti.transport.ndk.nimu.ae66 : nimu_eth.obj (.text)
                  80301e40    00001a20     ti.platform.evm6678l.ae66 : platform.obj (.text)
                  80303860    000019e0     stk6_ppp_pppoe.ae66 : tcp6in.oe66 (.text:TCP6Input)
                  80305240    000019e0                         : tcpin.oe66 (.text:TcpInput)
                  80306c20    00001240                         : tcpout.oe66 (.text:TcpOutput)
                  80307e60    000011a0                         : tcp6out.oe66 (.text:TCP6Output)
                  80309000    00000ea0     resourcemgr.obj (.text)
                  80309ea0    00000c00     nettool.ae66 : httpclie.oe66 (.text:httpClientProcess)
                  8030aaa0    00000b80     stk6_ppp_pppoe.ae66 : ipin.oe66 (.text:IPRxPacket)
                  8030b620    00000b40     ti.platform.evm6678l.ae66 : evm66x_nand.obj (.text)
                  8030c160    00000aa0     stk6_ppp_pppoe.ae66 : md5.oe66 (.text:MD5Transform)
                  8030cc00    000009c0                         : ipout.oe66 (.text:IPTxPacket)
                  8030d5c0    000009a0                         : lcp.oe66 (.text:lcpInput)
                  8030df60    000009a0     ti.platform.evm6678l.ae66 : evmc6678.obj (.text)
                  8030e900    00000900     nettool.ae66 : httpsend.oe66 (.text:SetContentType)
                  8030f200    000008a0     sysbios.ae66 : BIOS.obj (.text:ti_sysbios_family_c64p_Exception_handler__I)
                  8030faa0    000008a0     ti.targets.rts6000.ae66 : System.oe66 (.text:xdc_runtime_System_doPrint__I)
                  80310340    00000840     Initialise.obj (.text)
                  80310b80    000007e0     ti.drv.qmss.ae66 : qmss_drv.oe66 (.text:Qmss_insertMemoryRegion)
                  80311360    000007e0     stk6_ppp_pppoe.ae66 : ipcp.oe66 (.text:ipcpInput)
                  80311b40    000007c0                         : sock.oe66 (.text:SockSet)
                  80312300    000007a0                         : fileuser.oe66 (.text:fdPoll)
                  80312aa0    000007a0     ti.platform.evm6678l.ae66 : evmc66x_i2c_eeprom.obj (.text)
                  80313240    00000720     ti.drv.pa.ae66 : pa.oe66 (.text:Pa_addMac)
                  80313960    000006c0     stk6_ppp_pppoe.ae66 : sock6.oe66 (.text:Sock6Set)
                  80314020    000006c0     nettool.ae66 : telnetd.oe66 (.text:telnet_netdata)
                  803146e0    000006a0     stk6_ppp_pppoe.ae66 : icmpv6_ndisc.oe66 (.text:ICMPv6RecvRA)
                  80314d80    00000660     ti.drv.cppi.ae66 : cppi_drv.oe66 (.text:Cppi_configureRxFlow)
                  803153e0    00000660     stk6_ppp_pppoe.ae66 : route6.oe66 (.text:Rt6Create)
                  80315a40    00000620     sysbios.ae66 : BIOS.obj (.text:ti_sysbios_knl_Task_Instance_finalize__F)
                  80316060    00000600                  : BIOS.obj (.text:ti_sysbios_heaps_HeapMem_alloc__E)
                  80316660    00000600                  : BIOS.obj (.text:ti_sysbios_knl_Semaphore_pend__E)
                  80316c60    000005e0     DisparityInline.obj (.text)
                  80317240    000005e0     sysbios.ae66 : BIOS.obj (.text:ti_sysbios_heaps_HeapMem_free__E)
                  80317820    000005c0     stk6_ppp_pppoe.ae66 : ipfrag.oe66 (.text:IPReasm)
                  80317de0    000005c0     rts6600_elf_mt.lib : divd.obj (.text:__c6xabi_divd)
                  803183a0    000005c0                        : _printfi.obj (.text:_getarg_diouxp)
                  80318960    000005a0     stk6_ppp_pppoe.ae66 : icmpin.oe66 (.text:ICMPInput)
                  80318f00    000005a0     sysbios.ae66 : BIOS.obj (.text:ti_sysbios_timers_timer64_Timer_Module_startup__F)
                  803194a0    00000580     stk6_ppp_pppoe.ae66 : nimuppp.oe66 (.text:pppEvent)
                  80319a20    00000560                         : bind6.oe66 (.text:Bind6New)
                  80319f80    00000560                         : ipv6.oe66 (.text:IPv6IPAddressToString)
                  8031a4e0    00000540                         : sock6.oe66 (.text:Sock6Connect)
                  8031aa20    00000520                         : sock.oe66 (.text:SockNew)
                  8031af40    00000520     rts6600_elf_mt.lib : _printfi.obj (.text:_setfield)
                  8031b460    00000520     nettool.ae66 : httpsend.oe66 (.text:httpSendStatusLine)
                  8031b980    000004e0     stk6_ppp_pppoe.ae66 : udp.oe66 (.text:UdpInput)
                  8031be60    000004e0                         : nimupppoe.oe66 (.text:pppoeInputS)
                  8031c340    000004c0     ti.drv.cppi.ae66 : cppi_drv.oe66 (.text:Cppi_txChannelOpen)
                  8031c800    000004a0     stk6_ppp_pppoe.ae66 : lliin.oe66 (.text:LLIRxPacket)
                  8031cca0    000004a0                         : sock6.oe66 (.text:Sock6Recv)
                  8031d140    000004a0                         : sock.oe66 (.text:SockRecv)
                  8031d5e0    00000460     rts6600_elf_mt.lib : _printfi.obj (.text:_printfi)
                  8031da40    00000460     stk6_ppp_pppoe.ae66 : nimuppp.oe66 (.text:pppNew)
                  8031dea0    00000460     ti.platform.evm6678l.ae66 : evmc66x_spi.obj (.text)
                  8031e300    00000440     ti.drv.cppi.ae66 : cppi_drv.oe66 (.text:Cppi_rxChannelOpen)
                  8031e740    00000440     stk6_ppp_pppoe.ae66 : sock6.oe66 (.text:Sock6New)
                  8031eb80    00000440                         : auth.oe66 (.text:chapInput)
                  8031efc0    00000440                         : fileuser.oe66 (.text:fdSelect)
                  8031f400    00000440                         : nimupppoe.oe66 (.text:pppoeInputC)
                  8031f840    00000420     nettool.ae66 : daemon.oe66 (.text:daemon)
                  8031fc60    00000420     ti.drv.pa.ae66 : pa.oe66 (.text:pa_conv_routing_info)
                  80320080    00000420     sysbios.ae66 : BIOS.obj (.text:ti_sysbios_knl_Task_sleep__E)
                  803204a0    00000400     stk6_ppp_pppoe.ae66 : sock6.oe66 (.text:Sock6Send)
                  803208a0    00000400     os.ae66 : efs.oe66 (.text:efs_filecheck)
                  80320ca0    00000400     sysbios.ae66 : BIOS.obj (.text:ti_sysbios_knl_Task_Instance_init__F)
                  803210a0    000003e0     stk6_ppp_pppoe.ae66 : ipv6_frag.oe66 (.text:IPv6TxFragPacket)
                  80321480    000003e0     sysbios.ae66 : BIOS.obj (.text:ti_sysbios_knl_Task_setPri__E)
                  80321860    000003c0     ti.drv.cppi.ae66 : cppi_desc.oe66 (.text:Cppi_initDescriptor)
                  80321c20    000003c0     stk6_ppp_pppoe.ae66 : ipv6out.oe66 (.text:IPv6TxPacket)
                  80321fe0    000003c0                         : lli6.oe66 (.text:LLI6TimerCheck)
                  803223a0    000003c0                         : sock.oe66 (.text:SockSend)
                  80322760    000003c0                         : tcp6.oe66 (.text:TCP6TimeoutCheck)
                  80322b20    000003c0                         : tcp.oe66 (.text:TcpTimeoutCheck)
                  80322ee0    000003c0     rts6600_elf_mt.lib : fputs.obj (.text:fputs)
                  803232a0    000003c0     ti.platform.evm6678l.ae66 : evmc66x_nor.obj (.text)
                  80323660    000003a0     stk6_ppp_pppoe.ae66 : icmpv6in.oe66 (.text:ICMPv6RxPacket)
                  80323a00    000003a0                         : nimu.oe66 (.text:NIMUIoctl)
                  80323da0    000003a0                         : route.oe66 (.text:RtCreate)
                  80324140    000003a0                         : sb.oe66 (.text:SBRead)
                  803244e0    000003a0                         : auth.oe66 (.text:papInput)
                  80324880    00000380                         : sock6int.oe66 (.text:Sock6Notify)
                  80324c00    00000380                         : sock.oe66 (.text:SockConnect)
                  80324f80    00000380                         : sockint.oe66 (.text:SockNotify)
                  80325300    00000380     nettool.ae66 : dhcppkt.oe66 (.text:dhcpPacketProcess)
                  80325680    00000380     ti.platform.evm6678l.ae66 : evmc66x_fpga.obj (.text)
                  80325a00    00000360     stk6_ppp_pppoe.ae66 : icmpv6_ndisc.oe66 (.text:ICMPv6RecvRedirect)
                  80325d60    00000360                         : icmpv6out.oe66 (.text:ICMPv6SendDstUnreachable)
                  803260c0    00000360                         : igmp.oe66 (.text:IGMPInput)
                  80326420    00000360                         : ipv6_frag.oe66 (.text:IPv6FragReasm)
                  80326780    00000360                         : lliout.oe66 (.text:LLITxIpPacket)
                  80326ae0    00000340                         : icmpv6_ndisc.oe66 (.text:ICMPv6RecvNS)
                  80326e20    00000340                         : icmpv6out.oe66 (.text:ICMPv6SendParameterProblem)
                  80327160    00000340                         : icmpv6out.oe66 (.text:ICMPv6SendTimeExceeded)
                  803274a0    00000340     ti.drv.pa.ae66 : painit.oe66 (.text:Pa_create)
                  803277e0    00000340     ti.drv.qmss.ae66 : qmss_drv.oe66 (.text:Qmss_init)
                  80327b20    00000340     os.ae66 : mem.oe66 (.text:mmAlloc)
                  80327e60    00000340     stk6_ppp_pppoe.ae66 : nimupppoe.oe66 (.text:pppoeSI)
                  803281a0    00000320     nettool.ae66 : config.oe66 (.text:CfgAddEntry)
                  803284c0    00000320     stk6_ppp_pppoe.ae66 : nimupppoe.oe66 (.text:SendServerMsg)
                  803287e0    00000320     rts6600_elf_mt.lib : _printfi.obj (.text:_pproc_fge)
                  80328b00    00000320     nettool.ae66 : inetaddr.oe66 (.text:inet_aton)
                  80328e20    00000320                  : telnetd.oe66 (.text:telnet_engine)
                  80329140    00000320     ti.platform.evm6678l.ae66 : evmc6678_phy.obj (.text)
                  80329460    00000300     stk6_ppp_pppoe.ae66 : sock6pcb.oe66 (.text:Sock6PcbBind)
                  80329760    00000300                         : udp6.oe66 (.text:Udp6Input)
                  80329a60    00000300     sysbios.ae66 : BIOS.obj (.text:ti_sysbios_family_c64p_Hwi_dispatchC__I)
                  80329d60    000002e0     stk6_ppp_pppoe.ae66 : ipv6_frag.oe66 (.text:IPv6FragQEnqueueFrag)
                  8032a040    000002e0                         : ipv6_exthdrs.oe66 (.text:IPv6ParseExtnHeaders)
                  8032a320    000002e0     netctrl.ae66 : netctrl.oe66 (.text:NetScheduler)
                  8032a600    000002e0     ti.drv.pa.ae66 : pa.oe66 (.text:Pa_forwardResult)
                  8032a8e0    000002e0     stk6_ppp_pppoe.ae66 : route6.oe66 (.text:Rt6Find)
                  8032abc0    000002e0                         : nimupppoe.oe66 (.text:SendClientMsg)
                  8032aea0    000002e0                         : sock6pcb.oe66 (.text:Sock6PcbFind)
                  8032b180    000002e0                         : sock6pcb.oe66 (.text:Sock6PcbResolve)
                  8032b460    000002e0                         : udp.oe66 (.text:UdpOutput)
                  8032b740    000002e0     rts6600_elf_mt.lib : _printfi.obj (.text:_pproc_fwp)
                  8032ba20    000002e0     sysbios.ae66 : BIOS.obj (.text:ti_sysbios_heaps_HeapMem_Instance_init__F)
                  8032bd00    000002c0     stk6_ppp_pppoe.ae66 : bind.oe66 (.text:BindNew)
                  8032bfc0    000002c0                         : node.oe66 (.text:NodeAdd)
                  8032c280    000002c0                         : sb6.oe66 (.text:SB6Read)
                  8032c540    000002c0                         : nimuppp.oe66 (.text:pppInput)
                  8032c800    000002a0     nettool.ae66 : dhcpmain.oe66 (.text:DHCPOpen)
                  8032caa0    000002a0     stk6_ppp_pppoe.ae66 : route6.oe66 (.text:Rt6Free)
                  8032cd40    000002a0                         : rtable.oe66 (.text:RtFind)
                  8032cfe0    000002a0                         : sock6.oe66 (.text:Sock6Close)
                  8032d280    000002a0                         : sock.oe66 (.text:SockClose)
                  8032d520    000002a0                         : sockpcb.oe66 (.text:SockPcbResolve)
                  8032d7c0    000002a0                         : tcp6prot.oe66 (.text:TCP6PrSetOption)
                  8032da60    000002a0                         : tcpprot.oe66 (.text:TcpPrSetOption)
                  8032dd00    000002a0     rts6600_elf_mt.lib : _printfi.obj (.text:fcvt)
                  8032dfa0    000002a0     sysbios.ae66 : BIOS.obj (.text:ti_sysbios_knl_Clock_Instance_init__F)
                  8032e240    000002a0                  : BIOS.obj (.text:ti_sysbios_knl_Clock_workFunc__E)
                  8032e4e0    000002a0                  : BIOS.obj (.text:ti_sysbios_timers_timer64_Timer_deviceConfig__I)
                  8032e780    00000280     stk6_ppp_pppoe.ae66 : icmp.oe66 (.text:ICMPGenPacket)
                  8032ea00    00000280                         : lli6.oe66 (.text:LLI6NeighUnreachStateMachine)
                  8032ec80    00000280                         : lli6.oe66 (.text:LLI6TxIPPacket)
                  8032ef00    00000280                         : udp6.oe66 (.text:Udp6Output)
                  8032f180    00000280     rts6600_elf_mt.lib : divf.obj (.text:__c6xabi_divf)
                  8032f400    00000280                        : _printfi.obj (.text:ecvt)
                  8032f680    00000280     stk6_ppp_pppoe.ae66 : ipcp.oe66 (.text:ipcpSendCfg)
                  8032f900    00000280                         : lcp.oe66 (.text:lcpSendCfg)
                  8032fb80    00000280     platform_osal.obj (.text)
                  8032fe00    00000280     ti.targets.rts6000.ae66 : Error.oe66 (.text:xdc_runtime_Error_raiseX__F)
                  80330080    00000260     stk6_ppp_pppoe.ae66 : icmpv6in.oe66 (.text:ICMPv6RecvEchoRequest)
                  803302e0    00000260                         : ipv6in.oe66 (.text:IPv6RxPacket)
                  80330540    00000260                         : nimu.oe66 (.text:NIMUReceivePacket)
                  803307a0    00000260                         : rawethsock.oe66 (.text:RawEthSockSet)
                  80330a00    00000260                         : sb6.oe66 (.text:SB6Write)
                  80330c60    00000260                         : sb.oe66 (.text:SBWrite)
                  80330ec0    00000260                         : sockpcb.oe66 (.text:SockPcbBind)
                  80331120    00000260                         : tcp6out.oe66 (.text:TCP6GenPacket)
                  80331380    00000260     nettool.ae66 : httppars.oe66 (.text:httpParseRecv)
                  803315e0    00000260                  : httpsend.oe66 (.text:httpSendErrorHTML)
                  80331840    00000260     sysbios.ae66 : BIOS.obj (.text:ti_sysbios_family_c64p_Exception_internalHandler__I)
                  80331aa0    00000260                  : BIOS.obj (.text:ti_sysbios_knl_Semaphore_post__E)
                  80331d00    00000260     ti.targets.rts6000.ae66 : Startup.oe66 (.text:xdc_runtime_Startup_startMods__I)
                  80331f60    00000260     Disparity_pe66.oe66 (.text:xdc_runtime_System_printfExtend__I)
                  803321c0    00000240     stk6_ppp_pppoe.ae66 : bind6.oe66 (.text:Bind6Free)
                  80332400    00000240                         : bind6.oe66 (.text:Bind6RunDAD)
                  80332640    00000240     ti.drv.cppi.ae66 : cppi_drv.oe66 (.text:Cppi_open)
                  80332880    00000240     nettool.ae66 : daemon.oe66 (.text:DaemonNew)
                  80332ac0    00000240     stk6_ppp_pppoe.ae66 : icmpv6_ndisc.oe66 (.text:ICMPv6RecvNA)
                  80332d00    00000240                         : icmpv6_ndisc.oe66 (.text:ICMPv6SendNA)
                  80332f40    00000240                         : icmpv6_ndisc.oe66 (.text:ICMPv6SendNS)
                  80333180    00000240     ti.drv.pa.ae66 : pa.oe66 (.text:Pa_resetControl)
                  803333c0    00000240     stk6_ppp_pppoe.ae66 : pipe.oe66 (.text:PipeRecv)
                  80333600    00000240                         : raw.oe66 (.text:RawInput)
                  80333840    00000240                         : tcpout.oe66 (.text:TcpGenPacket)
                  80333a80    00000240     rts6600_elf_mt.lib : imath64.obj (.text:__c6xabi_divull)
                  80333cc0    00000240                        : _printfi.obj (.text:_pconv_e)
                  80333f00    00000240                        : _printfi.obj (.text:_pproc_diouxp)
                  80334140    00000240     nettool.ae66 : dhcpsm.oe66 (.text:dhcpIPAdd)
                  80334380    00000240                  : dhcpsm.oe66 (.text:dhcpState)
                  803345c0    00000240     rts6600_elf_mt.lib : fputc.obj (.text:fputc)
                  80334800    00000240     sysbios.ae66 : BIOS.obj (.text:ti_sysbios_knl_Task_exit__E)
                  80334a40    00000240     ti.targets.rts6000.ae66 : LoggerBuf.oe66 (.text:xdc_runtime_LoggerBuf_write8__F)
                  80334c80    00000220     stk6_ppp_pppoe.ae66 : igmp.oe66 (.text:IGMPJoinHostGroup)
                  80334ea0    00000220                         : ipv6_frag.oe66 (.text:IPv6ParseFragHdr)
                  803350c0    00000220                         : raw6.oe66 (.text:Raw6Output)
                  803352e0    00000220                         : rawethsock.oe66 (.text:RawEthSockNew)
                  80335500    00000220                         : sockpcb.oe66 (.text:SockPcbFind)
                  80335720    00000220     rts6600_elf_mt.lib : _printfi.obj (.text:_pproc_str)
                  80335940    00000220     nettool.ae66 : dhcppkt.oe66 (.text:dhcpVerifyMessage)
                  80335b60    00000220                  : httpclie.oe66 (.text:httpGetAuthParams)
                  80335d80    00000220     rts6600_elf_mt.lib : setvbuf.obj (.text:setvbuf)
                  80335fa0    00000220     sysbios.ae66 : BIOS.obj (.text:ti_sysbios_knl_Swi_run__I)
                  803361c0    00000220                  : BIOS.obj (.text:ti_sysbios_knl_Task_schedule__I)
                  803363e0    00000220                  : BIOS.obj (.text:ti_sysbios_knl_Task_startCore__E)
                  80336600    00000220     ti.targets.rts6000.ae66 : Core-mem.oe66 (.text:xdc_runtime_Core_createObject__I)
                  80336820    00000200     DataTransfer.obj (.text)
                  80336a20    00000200     stk6_ppp_pppoe.ae66 : ipv6_exthdrs.oe66 (.text:IPv6ParseHopOptions)
                  80336c20    00000200                         : lli6.oe66 (.text:LLI6New)
                  80336e20    00000200     ti.drv.qmss.ae66 : qmss_drv.oe66 (.text:Qmss_internalQueueOpen)
                  80337020    00000200                      : qmss_acc.oe66 (.text:Qmss_programAccumulator)
                  80337220    00000200     stk6_ppp_pppoe.ae66 : rtc.oe66 (.text:RTCReport)
                  80337420    00000200     rts6600_elf_mt.lib : _printfi.obj (.text:_pconv_g)
                  80337620    00000200     sysbios.ae66 : c64p_Hwi_disp_always.obj (.text:_ti_sysbios_family_c64p_Hwi_dispatchAlways)
                  80337820    00000200     stk6_ppp_pppoe.ae66 : socket.oe66 (.text:accept)
                  80337a20    00000200     ti.drv.cppi.ae66 : cppi_heap.oe66 (.text:cppi_internal_heap_add)
                  80337c20    00000200     stk6_ppp_pppoe.ae66 : nimupppoe.oe66 (.text:pppoeCtrlMsg)
                  80337e20    000001e0                         : igmp.oe66 (.text:IGMPSendReply)
                  80338000    000001e0                         : route6.oe66 (.text:Rt6Modify)
                  803381e0    000001e0                         : sock6pcb.oe66 (.text:Sock6PcbFindRaw)
                  803383c0    000001e0                         : auth.oe66 (.text:chapSendMsg)
                  803385a0    000001e0     nettool.ae66 : dhcpsock.oe66 (.text:dhcpSocketOpen)
                  80338780    000001e0     stk6_ppp_pppoe.ae66 : socket.oe66 (.text:sendto)
                  80338960    000001e0     sysbios.ae66 : BIOS.obj (.text:ti_sysbios_family_c64p_Exception_externalHandler__I)
                  80338b40    000001e0                  : BIOS.obj (.text:ti_sysbios_knl_Task_checkStacks__E)
                  80338d20    000001e0                  : BIOS.obj (.text:ti_sysbios_knl_Task_postInit__I)
                  80338f00    000001e0                  : BIOS.obj (.text:ti_sysbios_timers_timer64_Timer_getFreq__E)
                  803390e0    000001c0     nettool.ae66 : config.oe66 (.text:CfgExecute)
                  803392a0    000001c0     ti.drv.cppi.ae66 : cppi_drv.oe66 (.text:Cppi_channelClose)
                  80339460    000001c0                      : cppi_drv.oe66 (.text:Cppi_initCfg)
                  80339620    000001c0     stk6_ppp_pppoe.ae66 : ip.oe66 (.text:IPGetRoute)
                  803397e0    000001c0                         : lliout.oe66 (.text:LLIGenArpPacket)
                  803399a0    000001c0     ti.drv.qmss.ae66 : qmss_drv.oe66 (.text:Qmss_internaldownloadFirmware)
                  80339b60    000001c0     stk6_ppp_pppoe.ae66 : raw6.oe66 (.text:Raw6Input)
                  80339d20    000001c0     netctrl.ae66 : netsrv.oe66 (.text:SPIpNet)
                  80339ee0    000001c0     stk6_ppp_pppoe.ae66 : tcptime.oe66 (.text:TcpTimeoutRexmt)
                  8033a0a0    000001c0                         : lli.oe66 (.text:_LLITimeoutCheck)
                  8033a260    000001c0     rts6600_elf_mt.lib : _printfi.obj (.text:_mcpy)
                  8033a420    000001c0     nettool.ae66 : dhcpbild.oe66 (.text:dhcpBuildHeader)
                  8033a5e0    000001c0     stk6_ppp_pppoe.ae66 : fileuser.oe66 (.text:fdClose)
                  8033a7a0    000001c0     ti.platform.evm6678l.ae66 : evmc66x_uart.obj (.text)
                  8033a960    000001c0     sysbios.ae66 : BIOS.obj (.text:ti_sysbios_family_c64p_Exception_decodeMpfsr__I)
                  8033ab20    000001c0                  : BIOS.obj (.text:ti_sysbios_gates_GateMutex_enter__E)
                  8033ace0    000001c0                  : BIOS.obj (.text:ti_sysbios_timers_timer64_Timer_setPeriodMicroSecs__E)
                  8033aea0    000001c0     ti.targets.rts6000.ae66 : Text.oe66 (.text:xdc_runtime_Text_putSite__F)
                  8033b060    000001a0     stk6_ppp_pppoe.ae66 : bind6.oe66 (.text:Bind6Msg)
                  8033b200    000001a0     nettool.ae66 : config.oe66 (.text:CfgRemoveEntry)
                  8033b3a0    000001a0     stk6_ppp_pppoe.ae66 : icmpin.oe66 (.text:ICMPRevSrcRoute)
                  8033b540    000001a0                         : ipv6_frag.oe66 (.text:IPv6FragMsg)
                  8033b6e0    000001a0                         : ipv6_exthdrs.oe66 (.text:IPv6ParseRoutingHdr)
                  8033b880    000001a0     netctrl.ae66 : netctrl.oe66 (.text:NC_NetStart)
                  8033ba20    000001a0     stk6_ppp_pppoe.ae66 : node.oe66 (.text:NodeTreeFree)
                  8033bbc0    000001a0     ti.drv.pa.ae66 : pa.oe66 (.text:Pa_downloadImage)
                  8033bd60    000001a0     stk6_ppp_pppoe.ae66 : route6.oe66 (.text:Route6LifetimeMgmt)
                  8033bf00    000001a0                         : sockint.oe66 (.text:SockCreatePacket)
                  8033c0a0    000001a0     nettool.ae66 : dhcpsm.oe66 (.text:StateRenewRebind)
                  8033c240    000001a0     stk6_ppp_pppoe.ae66 : tcp6time.oe66 (.text:TCP6TimeoutRexmt)
                  8033c3e0    000001a0     rts6600_elf_mt.lib : imath40.obj (.text:__c6xabi_divul)
                  8033c580    000001a0     nettool.ae66 : dhcptags.oe66 (.text:dhcpBuildOptions)
                  8033c720    000001a0     stk6_ppp_pppoe.ae66 : socket.oe66 (.text:getpeername)
                  8033c8c0    000001a0                         : udp6.oe66 (.text:processMulticast)
                  8033ca60    000001a0     nettool.ae66 : telnetd.oe66 (.text:telnet_termdata)
                  8033cc00    000001a0     sysbios.ae66 : BIOS.obj (.text:ti_sysbios_family_c66_Cache_block__I)
                  8033cda0    000001a0                  : BIOS.obj (.text:ti_sysbios_heaps_HeapBuf_Module_startup__F)
                  8033cf40    000001a0                  : BIOS.obj (.text:ti_sysbios_timers_timer64_Timer_start__E)
                  8033d0e0    000001a0     ti.targets.rts6000.ae66 : LoggerBuf.oe66 (.text:xdc_runtime_LoggerBuf_write4__F)
                  8033d280    00000180     stk6_ppp_pppoe.ae66 : bind6.oe66 (.text:Bind6GetGlobalAddress)
                  8033d400    00000180     Controller.obj (.text)
                  8033d580    00000180     rts6600_elf_mt.lib : trgdrv.obj (.text:HOSTrename)
                  8033d700    00000180     stk6_ppp_pppoe.ae66 : igmp.oe66 (.text:IGMPMsg)
                  8033d880    00000180                         : nimu.oe66 (.text:NIMURegister)
                  8033da00    00000180     netctrl.ae66 : netsrv.oe66 (.text:ServiceScan)
                  8033db80    00000180                  : netsrv.oe66 (.text:ServiceSpawn)
                  8033dd00    00000180     stk6_ppp_pppoe.ae66 : sock6int.oe66 (.text:Sock6CreatePacket)
                  8033de80    00000180     nettool.ae66 : dhcpsm.oe66 (.text:StateBound)
                  8033e000    00000180     rts6600_elf_mt.lib : copy_decompress_rle.obj (.text:__TI_decompress_rle_core)
                  8033e180    00000180     stk6_ppp_pppoe.ae66 : socket.oe66 (.text:bind)
                  8033e300    00000180     nettool.ae66 : dhcpbild.oe66 (.text:dhcpBuildRequest)
                  8033e480    00000180     os.ae66 : task.oe66 (.text:llEnter)
                  8033e600    00000180     stk6_ppp_pppoe.ae66 : auth.oe66 (.text:papSendCfg)
                  8033e780    00000180     sysbios.ae66 : c64p_Exception_asm.obj (.text)
                  8033e900    00000180                  : BIOS.obj (.text:ti_sysbios_knl_Swi_schedule__I)
                  8033ea80    00000180                  : BIOS.obj (.text:ti_sysbios_knl_Task_unblockI__E)
                  8033ec00    00000160     nettool.ae66 : config.oe66 (.text:CfgGetEntry)
                  8033ed60    00000160                  : config.oe66 (.text:CfgGetNextEntry)
                  8033eec0    00000160     stk6_ppp_pppoe.ae66 : igmp.oe66 (.text:IGMPDoMCast)
                  8033f020    00000160                         : nimu.oe66 (.text:NIMUIoctlSpecialCmd)
                  8033f180    00000160                         : nimuppp.oe66 (.text:PPPStop)
                  8033f2e0    00000160                         : pipe.oe66 (.text:PipeSend)
                  8033f440    00000160                         : raw.oe66 (.text:RawOutput)
                  8033f5a0    00000160                         : rtable.oe66 (.text:RtTimeoutCheck)
                  8033f700    00000160                         : rtable.oe66 (.text:RtWalkNext)
                  8033f860    00000160     netctrl.ae66 : netsrv.oe66 (.text:SPRoute)
                  8033f9c0    00000160     stk6_ppp_pppoe.ae66 : sock6.oe66 (.text:Sock6Check)
                  8033fb20    00000160                         : sock6pcb.oe66 (.text:Sock6PcbConnect)
                  8033fc80    00000160                         : sock.oe66 (.text:SockCheck)
                  8033fde0    00000160                         : sockpcb.oe66 (.text:SockPcbConnect)
                  8033ff40    00000160     nettool.ae66 : dhcpsm.oe66 (.text:StateRequesting)
                  803400a0    00000160     stk6_ppp_pppoe.ae66 : tcp6time.oe66 (.text:TCP6TimeoutKeep)
                  80340200    00000160                         : tcptime.oe66 (.text:TcpTimeoutKeep)
                  80340360    00000160                         : auth.oe66 (.text:authInit)
                  803404c0    00000160     nettool.ae66 : httpclie.oe66 (.text:httpExtractTag)
                  80340620    00000160     stk6_ppp_pppoe.ae66 : sock6.oe66 (.text:joinGroup)
                  80340780    00000160                         : socket.oe66 (.text:setsockopt)
                  803408e0    00000160     nettool.ae66 : telnetd.oe66 (.text:telnetClientProcess)
                  80340a40    00000140     stk6_ppp_pppoe.ae66 : bind6.oe66 (.text:Bind6DADCheck)
                  80340b80    00000140     ti.csl.ae66 : csl_chip.oe66 (.text:CSL_chipReadReg)
                  80340cc0    00000140     stk6_ppp_pppoe.ae66 : exec.oe66 (.text:ExecOpen)
                  80340e00    00000140                         : icmp.oe66 (.text:ICMPSendRtAdv)
                  80340f40    00000140                         : igmp.oe66 (.text:IGMPJoin)
                  80341080    00000140                         : ipv6.oe66 (.text:IPv6DisplayIPAddress)
                  803411c0    00000140                         : lli6.oe66 (.text:LLI6Find)
                  80341300    00000140                         : lli.oe66 (.text:LLINew)
                  80341440    00000140                         : node.oe66 (.text:NodeFind)
                  80341580    00000140                         : node.oe66 (.text:NodeWalk)
                  803416c0    00000140                         : pbm.oe66 (.text:PBM_alloc)
                  80341800    00000140                         : pbm.oe66 (.text:PBM_free)
                  80341940    00000140                         : rtable.oe66 (.text:RtFlush)
                  80341a80    00000140                         : sb6.oe66 (.text:SB6New)
                  80341bc0    00000140     netctrl.ae66 : netsrv.oe66 (.text:ServiceKill)
                  80341d00    00000140     stk6_ppp_pppoe.ae66 : sock6.oe66 (.text:Sock6Accept)
                  80341e40    00000140                         : sock6.oe66 (.text:Sock6Listen)
                  80341f80    00000140                         : sock.oe66 (.text:SockAccept)
                  803420c0    00000140                         : sock.oe66 (.text:SockListen)
                  80342200    00000140                         : sockpcb.oe66 (.text:SockPcbCtlError)
                  80342340    00000140     boot.ae66 : autoinit.oe66 (.text:_auto_init_elf)
                  80342480    00000140     rts6600_elf_mt.lib : _printfi.obj (.text:_pproc_fflags)
                  803425c0    00000140     stk6_ppp_pppoe.ae66 : auth.oe66 (.text:authGetPassword)
                  80342700    00000140     nettool.ae66 : dhcptags.oe66 (.text:dhcpDecodeType)
                  80342840    00000140     rts6600_elf_mt.lib : fseek.obj (.text:fseek)
                  80342980    00000140                        : lowlev.obj (.text:getdevice)
                  80342ac0    00000140     nettool.ae66 : httpsend.oe66 (.text:httpAuthenticationReq)
                  80342c00    00000140     os.ae66 : mem.oe66 (.text:mmCopy)
                  80342d40    00000140     stk6_ppp_pppoe.ae66 : nimuppp.oe66 (.text:pppAddClient)
                  80342e80    00000140                         : socket.oe66 (.text:recv)
                  80342fc0    00000140                         : socket.oe66 (.text:send)
                  80343100    00000140     sysbios.ae66 : BIOS.obj (.text:ti_sysbios_family_c64p_Exception_Module_startup__F)
                  80343240    00000140                  : BIOS.obj (.text:ti_sysbios_family_c64p_Hwi_Module_startup__F)
                  80343380    00000140                  : BIOS.obj (.text:ti_sysbios_family_c66_Cache_Module_startup__F)
                  803434c0    00000140                  : BIOS.obj (.text:ti_sysbios_knl_Semaphore_Instance_init__F)
                  80343600    00000140                  : BIOS.obj (.text:ti_sysbios_knl_Swi_post__E)
                  80343740    00000140                  : BIOS.obj (.text:ti_sysbios_knl_Task_Module_startup__F)
                  80343880    00000140                  : BIOS.obj (.text:ti_sysbios_knl_Task_blockI__E)
                  803439c0    00000140     ti.targets.rts6000.ae66 : Text.oe66 (.text:xdc_runtime_Text_putLab__F)
                  80343b00    00000120     stk6_ppp_pppoe.ae66 : bind6.oe66 (.text:Bind6LifetimeMgmt)
                  80343c20    00000120                         : bind.oe66 (.text:BindFree)
                  80343d40    00000120     nettool.ae66 : config.oe66 (.text:CfgFree)
                  80343e60    00000120                  : daemon.oe66 (.text:DaemonFree)
                  80343f80    00000120     stk6_ppp_pppoe.ae66 : file.oe66 (.text:FdWaitEvent)
                  803440a0    00000120                         : igmp.oe66 (.text:IGMPLeaveHostGroup)
                  803441c0    00000120                         : ip.oe66 (.text:IPMsg)
                  803442e0    00000120                         : ipin.oe66 (.text:IPRouteIP)
                  80344400    00000120                         : ipv6_frag.oe66 (.text:IPv6CreateFragQ)
                  80344520    00000120                         : ipv6.oe66 (.text:IPv6Init)
                  80344640    00000120                         : icmpv6out.oe66 (.text:IsICMPv6ErrorPkt)
                  80344760    00000120                         : md5.oe66 (.text:MD5Update)
                  80344880    00000120                         : mld.oe66 (.text:MLDJoinGroup)
                  803449a0    00000120     netctrl.ae66 : netctrl.oe66 (.text:NC_SystemOpen)
                  80344ac0    00000120     stk6_ppp_pppoe.ae66 : nimu.oe66 (.text:NIMUAddEthernetHeader)
                  80344be0    00000120     ti.drv.qmss.ae66 : qmss_acc.oe66 (.text:Qmss_disableAccumulator)
                  80344d00    00000120     stk6_ppp_pppoe.ae66 : raweth.oe66 (.text:RawEthRxPacket)
                  80344e20    00000120                         : raweth.oe66 (.text:RawEthTxPacket)
                  80344f40    00000120                         : sb.oe66 (.text:SBNew)
                  80345060    00000120     netctrl.ae66 : netsrv.oe66 (.text:SPConfig)
                  80345180    00000120                  : netsrv.oe66 (.text:SPService)
                  803452a0    00000120     stk6_ppp_pppoe.ae66 : sock6.oe66 (.text:Sock6Disconnect)
                  803453c0    00000120                         : sock6.oe66 (.text:Sock6Shutdown)
                  803454e0    00000120                         : sockpcb.oe66 (.text:SockPcbFindRaw)
                  80345600    00000120                         : sock.oe66 (.text:SockShutdown)
                  80345720    00000120                         : tcp6prot.oe66 (.text:TCP6PrAttach)
                  80345840    00000120                         : tcpprot.oe66 (.text:TcpPrAttach)
                  80345960    00000120     nettool.ae66 : telnetd.oe66 (.text:TelnetOpen)
                  80345a80    00000120     stk6_ppp_pppoe.ae66 : rtable.oe66 (.text:_RtNodeInsert)
                  80345ba0    00000120     rts6600_elf_mt.lib : fclose.obj (.text:_closefile)
                  80345cc0    00000120                        : _printfi.obj (.text:_ltostr)
                  80345de0    00000120     os.ae66 : mem.oe66 (.text:_mmInit)
                  80345f00    00000120     nettool.ae66 : daemon.oe66 (.text:dchild)
                  80346020    00000120     stk6_ppp_pppoe.ae66 : fileuser.oe66 (.text:fdOpenSession)
                  80346140    00000120     nettool.ae66 : http.oe66 (.text:httpOpen)
                  80346260    00000120     stk6_ppp_pppoe.ae66 : lcp.oe66 (.text:lcpOpen)
                  80346380    00000120                         : lcp.oe66 (.text:lcpReject)
                  803464a0    00000120                         : socket.oe66 (.text:socket)
                  803465c0    00000120     sysbios.ae66 : BIOS.obj (.text:ti_sysbios_BIOS_rtsUnlock__I)
                  803466e0    00000120                  : BIOS.obj (.text:ti_sysbios_knl_Clock_startI__E)
                  80346800    00000120     ti.targets.rts6000.ae66 : LoggerBuf.oe66 (.text:xdc_runtime_LoggerBuf_setFilterLevel__F)
                  80346920    00000120                             : Text.oe66 (.text:xdc_runtime_Text_putMod__F)
                  80346a40    00000100     nettool.ae66 : config.oe66 (.text:CfgNew)
                  80346b40    00000100                  : config.oe66 (.text:CfgSetExecuteOrder)
                  80346c40    00000100     os.ae66 : ossys.oe66 (.text:DbgPrintf)
                  80346d40    00000100     stk6_ppp_pppoe.ae66 : igmp.oe66 (.text:IGMPTimer)
                  80346e40    00000100                         : ipv6.oe66 (.text:IPv6GetSubnetMaskFromBits)
                  80346f40    00000100                         : ipv6_frag.oe66 (.text:IPv6ReasmTimeout)
                  80347040    00000100                         : rtc.oe66 (.text:RTCMsg)
                  80347140    00000100                         : rawethsock.oe66 (.text:RawEthSockCheck)
                  80347240    00000100                         : route.oe66 (.text:RtRedirect)
                  80347340    00000100                         : sockint.oe66 (.text:SockValidateRoute)
                  80347440    00000100     nettool.ae66 : dhcpsm.oe66 (.text:StateSelecting)
                  80347540    00000100     stk6_ppp_pppoe.ae66 : tcp6prot.oe66 (.text:TCP6PrInherit)
                  80347640    00000100                         : tcp6time.oe66 (.text:TCP6XmitTimer)
                  80347740    00000100                         : tcpprot.oe66 (.text:TcpPrInherit)
                  80347840    00000100                         : tcptime.oe66 (.text:TcpXmitTimer)
                  80347940    00000100                         : rtable.oe66 (.text:_RtNodeRemove)
                  80347a40    00000100     rts6600_elf_mt.lib : _io_perm.obj (.text:_wrt_ok)
                  80347b40    00000100     stk6_ppp_pppoe.ae66 : file.oe66 (.text:fdint_unlockfd)
                  80347c40    00000100                         : socket.oe66 (.text:listen)
                  80347d40    00000100     os.ae66 : mem.oe66 (.text:mmFree)
                  80347e40    00000100     sysbios.ae66 : BIOS.obj (.text:ti_sysbios_family_c64p_EventCombiner_dispatch__F)
                  80347f40    00000100                  : BIOS.obj (.text:ti_sysbios_knl_Swi_restoreHwi__E)
                  80348040    00000100     Disparity_pe66.oe66 (.text:ti_sysbios_knl_Task_Object__create__S)
                  80348140    00000100     sysbios.ae66 : BIOS.obj (.text:ti_sysbios_timers_timer64_Timer_initDevice__I)
                  80348240    00000100     stk6_ppp_pppoe.ae66 : lliin.oe66 (.text:updateRtTable)
                  80348340    00000100     ti.targets.rts6000.ae66 : Core-mem.oe66 (.text:xdc_runtime_Core_deleteObject__I)
                  80348440    00000100                             : LoggerBuf.oe66 (.text:xdc_runtime_LoggerBuf_getFilterLevel__F)
                  80348540    00000100                             : Startup.oe66 (.text:xdc_runtime_Startup_exec__F)
                  80348640    00000100                             : Text.oe66 (.text:xdc_runtime_Text_visitRope2__I)
                  80348740    000000e0     stk6_ppp_pppoe.ae66 : bind6.oe66 (.text:Bind6GetLinkLocalAddress)
                  80348820    000000e0     nettool.ae66 : config.oe66 (.text:CfgGetEntryCnt)
                  80348900    000000e0                  : dhcpmain.oe66 (.text:DHCPClose)
                  803489e0    000000e0     rts6600_elf_mt.lib : trgdrv.obj (.text:HOSTlseek)
                  80348ac0    000000e0                        : trgdrv.obj (.text:HOSTopen)
                  80348ba0    000000e0     stk6_ppp_pppoe.ae66 : icmpv6in.oe66 (.text:ICMPv6SocketErrorInterface)
                  80348c80    000000e0                         : igmp.oe66 (.text:IGMPLeave)
                  80348d60    000000e0                         : ipv6_frag.oe66 (.text:IPv6FindFragQ)
                  80348e40    000000e0                         : ipv6.oe66 (.text:IPv6Layer4ComputeChecksum)
                  80348f20    000000e0                         : lli6.oe66 (.text:LLI6Msg)
                  80349000    000000e0                         : lli6.oe66 (.text:LLI6Update)
                  803490e0    000000e0                         : mld.oe66 (.text:MLDFindMulticastNode)
                  803491c0    000000e0                         : nimu.oe66 (.text:NIMUAllocateIndex)
                  803492a0    000000e0                         : nimu.oe66 (.text:NIMUAllocateName)
                  80349380    000000e0                         : node.oe66 (.text:NodeDeRef)
                  80349460    000000e0                         : node.oe66 (.text:NodeNew)
                  80349540    000000e0                         : node.oe66 (.text:NodeTreeNew)
                  80349620    000000e0                         : pbm.oe66 (.text:PBMQ_enq)
                  80349700    000000e0                         : pbm.oe66 (.text:PBM_copy)
                  803497e0    000000e0                         : rawethsock.oe66 (.text:RawEthSockNotify)
                  803498c0    000000e0                         : rawethsock_pcb.oe66 (.text:RawEthSockPcbAttach)
                  803499a0    000000e0                         : rawethsock.oe66 (.text:RawEthSockSend)
                  80349a80    000000e0                         : route6.oe66 (.text:Route6Msg)
                  80349b60    000000e0                         : route.oe66 (.text:RtDeRef)
                  80349c40    000000e0                         : route.oe66 (.text:RtRemove)
                  80349d20    000000e0                         : sb.oe66 (.text:SBSetMax)
                  80349e00    000000e0                         : sock6int.oe66 (.text:Sock6SpawnAbort)
                  80349ee0    000000e0                         : sock6int.oe66 (.text:Sock6ValidateRoute)
                  80349fc0    000000e0                         : sock.oe66 (.text:SockDisconnect)
                  8034a0a0    000000e0                         : sockint.oe66 (.text:SockSpawnAbort)
                  8034a180    000000e0                         : tcp6prot.oe66 (.text:TCP6PrDetach)
                  8034a260    000000e0                         : tcp6prot.oe66 (.text:TCP6PrDisconnect)
                  8034a340    000000e0                         : tcp6prot.oe66 (.text:TCP6ValidateMetrics)
                  8034a420    000000e0                         : tcpprot.oe66 (.text:TcpPrDetach)
                  8034a500    000000e0                         : tcpprot.oe66 (.text:TcpPrDisconnect)
                  8034a5e0    000000e0                         : tcpprot.oe66 (.text:TcpValidateMetrics)
                  8034a6c0    000000e0                         : timer.oe66 (.text:TimerListInsert)
                  8034a7a0    000000e0                         : udp.oe66 (.text:UdpChecksum)
                  8034a880    000000e0                         : vlan.oe66 (.text:VLANDeinit)
                  8034a960    000000e0                         : vlan.oe66 (.text:VLANReceivePacket)
                  8034aa40    000000e0     nettool.ae66 : config.oe66 (.text:_CfgEntryScan)
                  8034ab20    000000e0     stk6_ppp_pppoe.ae66 : lli.oe66 (.text:_LLIExpListInsert)
                  8034ac00    000000e0                         : rtable.oe66 (.text:_RtExpListInsert)
                  8034ace0    000000e0     rts6600_elf_mt.lib : _printfi.obj (.text:_div)
                  8034adc0    000000e0                        : atoi.obj (.text:atoi)
                  8034aea0    000000e0                        : lowlev.obj (.text:close)
                  8034af80    000000e0                        : copy_zero_init.obj (.text:decompress:ZI:__TI_zero_init)
                  8034b060    000000e0     os.ae66 : efs.oe66 (.text:efs_internal_remove)
                  8034b140    000000e0     rts6600_elf_mt.lib : exit.obj (.text:exit)
                  8034b220    000000e0     stk6_ppp_pppoe.ae66 : file.oe66 (.text:fdint_lockfd)
                  8034b300    000000e0     rts6600_elf_mt.lib : fflush.obj (.text:fflush)
                  8034b3e0    000000e0     nettool.ae66 : httpclie.oe66 (.text:httpGetMimeBits)
                  8034b4c0    000000e0     os.ae66 : task.oe66 (.text:llExit)
                  8034b5a0    000000e0     rts6600_elf_mt.lib : ltoa.obj (.text:ltoa)
                  8034b680    000000e0                        : memset.obj (.text:memset)
                  8034b760    000000e0     os.ae66 : mem.oe66 (.text:mmBulkAlloc)
                  8034b840    000000e0     stk6_ppp_pppoe.ae66 : nimuppp.oe66 (.text:pppFree)
                  8034b920    000000e0     rts6600_elf_mt.lib : printf.obj (.text:printf)
                  8034ba00    000000e0     sysbios.ae66 : BIOS.obj (.text:ti_sysbios_knl_Clock_start__E)
                  8034bae0    000000e0     ti.targets.rts6000.ae66 : Error.oe66 (.text:xdc_runtime_Error_print__F)
                  8034bbc0    000000e0     Disparity_pe66.oe66 (.text:xdc_runtime_LoggerBuf_Object__create__S)
                  8034bca0    000000e0     ti.targets.rts6000.ae66 : Memory.oe66 (.text:xdc_runtime_Memory_alloc__F)
                  8034bd80    000000c0     rts6600_elf_mt.lib : trgdrv.obj (.text:HOSTread)
                  8034be40    000000c0                        : trgdrv.obj (.text:HOSTwrite)
                  8034bf00    000000c0     stk6_ppp_pppoe.ae66 : icmpv6in.oe66 (.text:ICMPv6RecvDstUnreachable)
                  8034bfc0    000000c0                         : lli.oe66 (.text:LLIGetValidTime)
                  8034c080    000000c0                         : lli.oe66 (.text:LLIMsg)
                  8034c140    000000c0                         : mld.oe66 (.text:MLDCreateMulticastNode)
                  8034c200    000000c0                         : mld.oe66 (.text:MLDLeaveGroup)
                  8034c2c0    000000c0                         : nimu.oe66 (.text:NIMUFindByName)
                  8034c380    000000c0     netctrl.ae66 : netsrv.oe66 (.text:NS_BootTask)
                  8034c440    000000c0     stk6_ppp_pppoe.ae66 : node.oe66 (.text:NodeUpdatePL)
                  8034c500    000000c0     nettool.ae66 : ipaddr.oe66 (.text:NtIfIdx2Ip)
                  8034c5c0    000000c0     ti.drv.qmss.ae66 : qmss_drv.oe66 (.text:Qmss_setEoiVector)
                  8034c680    000000c0     stk6_ppp_pppoe.ae66 : route6.oe66 (.text:Rt6FindDefaultRouter)
                  8034c740    000000c0                         : rtable.oe66 (.text:RtWalkBegin)
                  8034c800    000000c0                         : sb6.oe66 (.text:SB6Flush)
                  8034c8c0    000000c0                         : sb6.oe66 (.text:SB6SetMax)
                  8034c980    000000c0                         : sb.oe66 (.text:SBFlush)
                  8034ca40    000000c0                         : sock6.oe66 (.text:Sock6IntAbort)
                  8034cb00    000000c0                         : sock6pcb.oe66 (.text:Sock6PcbResolveChain)
                  8034cbc0    000000c0                         : sock6pcb.oe66 (.text:Sock6PcbRtChange)
                  8034cc80    000000c0                         : sock.oe66 (.text:SockIntAbort)
                  8034cd40    000000c0                         : sockpcb.oe66 (.text:SockPcbRtChange)
                  8034ce00    000000c0                         : tcp6prot.oe66 (.text:TCP6Close)
                  8034cec0    000000c0                         : tcp6time.oe66 (.text:TCP6TimeoutSackRexmt)
                  8034cf80    000000c0     os.ae66 : task.oe66 (.text:TaskGetEnv)
                  8034d040    000000c0     stk6_ppp_pppoe.ae66 : tcp.oe66 (.text:TcpChecksum)
                  8034d100    000000c0                         : tcpprot.oe66 (.text:TcpClose)
                  8034d1c0    000000c0                         : tcptime.oe66 (.text:TcpTimeoutSackRexmt)
                  8034d280    000000c0                         : bind6.oe66 (.text:_Bind6FindByHostInList)
                  8034d340    000000c0                         : bind6.oe66 (.text:_Bind6FindByNetInList)
                  8034d400    000000c0     rts6600_elf_mt.lib : dtor_list.obj (.text:__cxa_finalize)
                  8034d4c0    000000c0                        : divu.obj (.text:__divu)
                  8034d580    000000c0                        : remi.obj (.text:__remi)
                  8034d640    000000c0                        : fflush.obj (.text:_doflush)
                  8034d700    000000c0     ti.drv.cppi.ae66 : cppi_listlib.oe66 (.text:cppi_list_remove_node)
                  8034d7c0    000000c0     nettool.ae66 : dhcptags.oe66 (.text:dhcpOptionsClear)
                  8034d880    000000c0     os.ae66 : efs.oe66 (.text:efs_fopen)
                  8034d940    000000c0     nettool.ae66 : httpsend.oe66 (.text:httpSendFullResponse)
                  8034da00    000000c0     os.ae66 : mem.oe66 (.text:mmZeroInit)
                  8034dac0    000000c0     rts6600_elf_mt.lib : _mutex.obj (.text:mutex_init)
                  8034db80    000000c0     stk6_ppp_pppoe.ae66 : nimuppp.oe66 (.text:pppAddIP)
                  8034dc40    000000c0     rts6600_elf_mt.lib : _pthread.obj (.text:pthread_mutex_lock)
                  8034dd00    000000c0                        : _pthread.obj (.text:pthread_mutex_unlock)
                  8034ddc0    000000c0                        : _pthread.obj (.text:pthread_once)
                  8034de80    000000c0     Disparity_pe66.oe66 (.text:ti_ndk_config_Global_stackThread)
                  8034df40    000000c0     sysbios.ae66 : BIOS.obj (.text:ti_sysbios_BIOS_errorRaiseHook__I)
                  8034e000    000000c0                  : BIOS.obj (.text:ti_sysbios_heaps_HeapMem_getStats__E)
                  8034e0c0    000000c0                  : BIOS.obj (.text:ti_sysbios_knl_Clock_logTick__E)
                  8034e180    000000c0                  : BIOS.obj (.text:ti_sysbios_knl_Task_allBlockedFunction__I)
                  8034e240    000000c0                  : BIOS.obj (.text:ti_sysbios_timers_timer64_Timer_startup__E)
                  8034e300    000000c0     ti.targets.rts6000.ae66 : LoggerBuf.oe66 (.text:xdc_runtime_LoggerBuf_Instance_init__F)
                  8034e3c0    000000c0                             : System.oe66 (.text:xdc_runtime_System_formatNum__I)
                  8034e480    000000a0     nettool.ae66 : config.oe66 (.text:CfgEntryDeRef)
                  8034e520    000000a0                  : config.oe66 (.text:CfgEntryGetData)
                  8034e5c0    000000a0                  : config.oe66 (.text:CfgGetImmediate)
                  8034e660    000000a0                  : telnetd.oe66 (.text:CmdWriteBytes)
                  8034e700    000000a0                  : telnetd.oe66 (.text:CmdWriteCmd)
                  8034e7a0    000000a0     ti.drv.cppi.ae66 : cppi_drv.oe66 (.text:Cppi_channelEnable)
                  8034e840    000000a0     stk6_ppp_pppoe.ae66 : file.oe66 (.text:FdSignalEvent)
                  8034e8e0    000000a0     rts6600_elf_mt.lib : trgdrv.obj (.text:HOSTunlink)
                  8034e980    000000a0     stk6_ppp_pppoe.ae66 : ipfrag.oe66 (.text:IPReasmFree)
                  8034ea20    000000a0                         : ipfrag.oe66 (.text:IPReasmTimeout)
                  8034eac0    000000a0                         : ipv6.oe66 (.text:IPv6CompareAddress)
                  8034eb60    000000a0                         : lliin.oe66 (.text:LLIValidateRoute)
                  8034ec00    000000a0                         : md5.oe66 (.text:MD5Final)
                  8034eca0    000000a0                         : nimu.oe66 (.text:NIMUShutdown)
                  8034ed40    000000a0                         : nimu.oe66 (.text:NIMUUnregister)
                  8034ede0    000000a0     nettool.ae66 : ipaddr.oe66 (.text:NtAddNetwork)
                  8034ee80    000000a0     stk6_ppp_pppoe.ae66 : pbm.oe66 (.text:PBM_open)
                  8034ef20    000000a0                         : pipe.oe66 (.text:PipeCheck)
                  8034efc0    000000a0     ti.drv.qmss.ae66 : qmss_drv.oe66 (.text:Qmss_queueClose)
                  8034f060    000000a0                      : qmss_drv.oe66 (.text:Qmss_startCfg)
                  8034f100    000000a0     stk6_ppp_pppoe.ae66 : rtable.oe66 (.text:RouteMsg)
                  8034f1a0    000000a0                         : route.oe66 (.text:RtNew)
                  8034f240    000000a0                         : sb6.oe66 (.text:SB6Free)
                  8034f2e0    000000a0                         : sb.oe66 (.text:SBFree)
                  8034f380    000000a0     os.ae66 : semaphore.oe66 (.text:SemCreate)
                  8034f420    000000a0             : semaphore.oe66 (.text:SemCreateBinary)
                  8034f4c0    000000a0     stk6_ppp_pppoe.ae66 : sock6pcb.oe66 (.text:Sock6CleanPcb)
                  8034f560    000000a0                         : sock6.oe66 (.text:Sock6GetName)
                  8034f600    000000a0                         : sock.oe66 (.text:SockBind)
                  8034f6a0    000000a0                         : sockpcb.oe66 (.text:SockCleanPcb)
                  8034f740    000000a0                         : sockpcb.oe66 (.text:SockPcbResolveChain)
                  8034f7e0    000000a0                         : tcp6prot.oe66 (.text:TCP6Drop)
                  8034f880    000000a0                         : tcp6prot.oe66 (.text:TCP6PrCtlError)
                  8034f920    000000a0                         : tcp6prot.oe66 (.text:TCP6PrSend)
                  8034f9c0    000000a0                         : tcp6prot.oe66 (.text:TCP6PrSendOOB)
                  8034fa60    000000a0     os.ae66 : task.oe66 (.text:TaskCreate)
                  8034fb00    000000a0     stk6_ppp_pppoe.ae66 : tcpprot.oe66 (.text:TcpDrop)
                  8034fba0    000000a0                         : tcpprot.oe66 (.text:TcpPrCtlError)
                  8034fc40    000000a0                         : tcpprot.oe66 (.text:TcpPrSend)
                  8034fce0    000000a0                         : tcpprot.oe66 (.text:TcpPrSendOOB)
                  8034fd80    000000a0                         : timer.oe66 (.text:TimerNew)
                  8034fe20    000000a0     nettool.ae66 : config.oe66 (.text:_CfgRelease)
                  8034fec0    000000a0     stk6_ppp_pppoe.ae66 : lli.oe66 (.text:_LLITimeoutFlush)
                  8034ff60    000000a0     rts6600_elf_mt.lib : dtor_list.obj (.text:_Z11__TI_atexitPFYvPvES_S_)
                  80350000    000000a0                        : remu.obj (.text:__remu)
                  803500a0    000000a0     boot.ae66 : boot.oe66 (.text:_c_int00)
                  80350140    000000a0     rts6600_elf_mt.lib : fopen.obj (.text:_cleanup)
                  803501e0    000000a0                        : _printfi.obj (.text:_ecpy)
                  80350280    000000a0                        : _printfi.obj (.text:_fcpy)
                  80350320    000000a0                        : _printfi.obj (.text:_pconv_f)
                  803503c0    000000a0     stk6_ppp_pppoe.ae66 : auth.oe66 (.text:authStart)
                  80350460    000000a0     ti.drv.cppi.ae66 : cppi_heap.oe66 (.text:cppi_internal_heap_malloc)
                  80350500    000000a0                      : cppi_listlib.oe66 (.text:cppi_list_cat)
                  803505a0    000000a0     nettool.ae66 : dhcpbild.oe66 (.text:dhcpBuildDecline)
                  80350640    000000a0                  : dhcpsm.oe66 (.text:dhcpIPRemove)
                  803506e0    000000a0     os.ae66 : efs.oe66 (.text:efs_filesend)
                  80350780    000000a0     stk6_ppp_pppoe.ae66 : fileuser.oe66 (.text:fdCloseSession)
                  80350820    000000a0     rts6600_elf_mt.lib : lowlev.obj (.text:finddevice)
                  803508c0    000000a0     stk6_ppp_pppoe.ae66 : lcp.oe66 (.text:lcpInit)
                  80350960    000000a0                         : lcp.oe66 (.text:lcpSendTerm)
                  80350a00    000000a0                         : sock6.oe66 (.text:leaveGroup)
                  80350aa0    000000a0     hal_timer_bios.ae66 : lltimer.oe66 (.text:llTimerTick)
                  80350b40    000000a0     rts6600_elf_mt.lib : lowlev.obj (.text:lseek)
                  80350be0    000000a0                        : memcpy64.obj (.text:memcpy)
                  80350c80    000000a0     os.ae66 : mem.oe66 (.text:mmBulkFree)
                  80350d20    000000a0             : mem.oe66 (.text:mmInitPage)
                  80350dc0    000000a0     rts6600_elf_mt.lib : _mutex.obj (.text:mutex_unlock)
                  80350e60    000000a0     ti.drv.pa.ae66 : pa.oe66 (.text:pa_format_fcmd_header)
                  80350f00    000000a0                    : pa.oe66 (.text:pa_pdsp_run)
                  80350fa0    000000a0     os.ae66 : ossys.oe66 (.text:stricmp)
                  80351040    000000a0     rts6600_elf_mt.lib : strstr.obj (.text:strstr)
                  803510e0    000000a0     sysbios.ae66 : BIOS.obj (.text:ti_sysbios_family_c64p_Hwi_eventMap__E)
                  80351180    000000a0                  : BIOS.obj (.text:ti_sysbios_family_c64p_Hwi_getStackInfo__E)
                  80351220    000000a0                  : BIOS.obj (.text:ti_sysbios_heaps_HeapMem_init__I)
                  803512c0    000000a0     Disparity_pe66.oe66 (.text:ti_sysbios_knl_Clock_Object__create__S)
                  80351360    000000a0     sysbios.ae66 : BIOS.obj (.text:ti_sysbios_knl_Idle_run__E)
                  80351400    000000a0                  : BIOS.obj (.text:ti_sysbios_knl_Semaphore_pendTimeout__I)
                  803514a0    000000a0                  : BIOS.obj (.text:ti_sysbios_knl_Task_deleteTerminatedTasksFunc__I)
                  80351540    000000a0                  : BIOS.obj (.text:ti_sysbios_knl_Task_processVitalTaskFlag__I)
                  803515e0    000000a0                  : BIOS.obj (.text:ti_sysbios_timers_timer64_Timer_stop__E)
                  80351680    000000a0     rts6600_elf_mt.lib : lowlev.obj (.text:write)
                  80351720    000000a0     ti.targets.rts6000.ae66 : Assert.oe66 (.text:xdc_runtime_Assert_raise__I)
                  803517c0    000000a0                             : LoggerBuf.oe66 (.text:xdc_runtime_LoggerBuf_Module_startup__F)
                  80351860    000000a0                             : Text.oe66 (.text:xdc_runtime_Text_xprintf__I)
                  80351900    00000080     ti.drv.cppi.ae66 : cppi_drv.oe66 (.text:Cppi_setCpdmaLoopback)
                  80351980    00000080     stk6_ppp_pppoe.ae66 : md5.oe66 (.text:Decode)
                  80351a00    00000080     rts6600_elf_mt.lib : trgdrv.obj (.text:HOSTclose)
                  80351a80    00000080     stk6_ppp_pppoe.ae66 : icmp.oe66 (.text:ICMPChecksum)
                  80351b00    00000080                         : icmpv6in.oe66 (.text:ICMPv6RecvParamProblem)
                  80351b80    00000080                         : icmpv6_ndisc.oe66 (.text:ICMPv6RecvRS)
                  80351c00    00000080                         : icmpv6in.oe66 (.text:ICMPv6RecvTimeExceeded)
                  80351c80    00000080                         : ipv6out.oe66 (.text:IPv6GetRoute)
                  80351d00    00000080                         : lli6.oe66 (.text:LLI6Free)
                  80351d80    00000080                         : lli6.oe66 (.text:LLI6IsRouterStatMachine)
                  80351e00    00000080                         : nimu.oe66 (.text:NIMUInit)
                  80351e80    00000080                         : pbm.oe66 (.text:PBMQ_deq)
                  80351f00    00000080                         : nimuppp.oe66 (.text:PPPSend)
                  80351f80    00000080     ti.drv.pa.ae66 : painit.oe66 (.text:Pa_getBufferReq)
                  80352000    00000080     stk6_ppp_pppoe.ae66 : pipe.oe66 (.text:PipeClose)
                  80352080    00000080     ti.drv.qmss.ae66 : qmss_drv.oe66 (.text:Qmss_getMemRegQueueHandle)
                  80352100    00000080                      : qmss_drv.oe66 (.text:Qmss_queueOpen)
                  80352180    00000080     stk6_ppp_pppoe.ae66 : rawethsock.oe66 (.text:RawEthSockClose)
                  80352200    00000080                         : rawethsock_pcb.oe66 (.text:RawEthSockPcbDetach)
                  80352280    00000080                         : route6.oe66 (.text:Rt6Update)
                  80352300    00000080                         : route.oe66 (.text:RtSetFailure)
                  80352380    00000080                         : route.oe66 (.text:RtSetTimeout)
                  80352400    00000080                         : sock6.oe66 (.text:Sock6Bind)
                  80352480    00000080                         : sock6pcb.oe66 (.text:Sock6PcbCleanup)
                  80352500    00000080                         : sock.oe66 (.text:SockGetName)
                  80352580    00000080                         : sockpcb.oe66 (.text:SockPcbCleanup)
                  80352600    00000080                         : sockpcb.oe66 (.text:SockPcbDetach)
                  80352680    00000080                         : tcp6prot.oe66 (.text:TCP6PrListen)
                  80352700    00000080     os.ae66 : task.oe66 (.text:TaskSetEnv)
                  80352780    00000080     stk6_ppp_pppoe.ae66 : tcpprot.oe66 (.text:TcpPrListen)
                  80352800    00000080                         : timer.oe66 (.text:TimerHSTick)
                  80352880    00000080                         : timer.oe66 (.text:TimerListRemove)
                  80352900    00000080     nettool.ae66 : config.oe66 (.text:_CfgAcquire)
                  80352980    00000080     stk6_ppp_pppoe.ae66 : lli.oe66 (.text:_LLIExpListRemove)
                  80352a00    00000080                         : rtc.oe66 (.text:_RTCSendRtAdv)
                  80352a80    00000080                         : rtable.oe66 (.text:_RtExpListRemove)
                  80352b00    00000080     rts6600_elf_mt.lib : _mutex.obj (.text:__TI_resource_lock)
                  80352b80    00000080                        : llshift.obj (.text:__c6xabi_llshl)
                  80352c00    00000080     sysbios.ae66 : c62_TaskSupport_asm.obj (.text:_ti_sysbios_family_c62_TaskSupport_swap__E)
                  80352c80    00000080     ti.drv.cppi.ae66 : cppi_heap.oe66 (.text:cppi_internal_heap_cache_begin)
                  80352d00    00000080                      : cppi_listlib.oe66 (.text:cppi_list_remove)
                  80352d80    00000080     nettool.ae66 : dhcpsock.oe66 (.text:dhcpSocketClose)
                  80352e00    00000080     os.ae66 : efs.oe66 (.text:efs_fclose)
                  80352e80    00000080             : efs.oe66 (.text:efs_findfile)
                  80352f00    00000080     stk6_ppp_pppoe.ae66 : file.oe66 (.text:fdint_waitevent)
                  80352f80    00000080     nettool.ae66 : httpsend.oe66 (.text:httpSendEntityLength)
                  80353000    00000080                  : httpsend.oe66 (.text:httpSendErrorResponse)
                  80353080    00000080     hal_timer_bios.ae66 : lltimer.oe66 (.text:llTimerGetTime)
                  80353100    00000080     Disparity_pe66.oe66 (.text:malloc)
                  80353180    00000080     rts6600_elf_mt.lib : _mutex.obj (.text:mutex_lock)
                  80353200    00000080     ti.drv.pa.ae66 : pa.oe66 (.text:pa_uint8_match)
                  80353280    00000080     rts6600_elf_mt.lib : _pthread.obj (.text:pthread_mutex_init)
                  80353300    00000080                        : trgmsg.obj (.text:readmsg)
                  80353380    00000080     nettool.ae66 : httpsend.oe66 (.text:strcat)
                  80353400    00000080     ti.drv.pa.ae66 : pa.oe66 (.text:swizFcmd)
                  80353480    00000080     ti.platform.evm6678l.ae66 : evm66x_i2c.obj (.text)
                  80353500    00000080     Disparity_pe66.oe66 (.text:ti_sysbios_BIOS_exitFunc__I)
                  80353580    00000080     sysbios.ae66 : BIOS.obj (.text:ti_sysbios_BIOS_registerRTSLock__I)
                  80353600    00000080     Disparity_pe66.oe66 (.text:ti_sysbios_gates_GateHwi_Object__create__S)
                  80353680    00000080     Disparity_pe66.oe66 (.text:ti_sysbios_gates_GateMutex_Object__create__S)
                  80353700    00000080     sysbios.ae66 : BIOS.obj (.text:ti_sysbios_hal_Hwi_checkStack:ti_sysbios_hal_Hwi_checkStack)
                  80353780    00000080                  : BIOS.obj (.text:ti_sysbios_hal_Hwi_initStack:ti_sysbios_hal_Hwi_initStack)
                  80353800    00000080     Disparity_pe66.oe66 (.text:ti_sysbios_heaps_HeapMem_Object__create__S)
                  80353880    00000080     sysbios.ae66 : BIOS.obj (.text:ti_sysbios_knl_Clock_Module_startup__F)
                  80353900    00000080     Disparity_pe66.oe66 (.text:ti_sysbios_knl_Clock_doTick__I)
                  80353980    00000080     sysbios.ae66 : BIOS.obj (.text:ti_sysbios_knl_Clock_getTicks__E)
                  80353a00    00000080     Disparity_pe66.oe66 (.text:ti_sysbios_knl_Queue_Object__create__S)
                  80353a80    00000080     Disparity_pe66.oe66 (.text:ti_sysbios_knl_Semaphore_Object__create__S)
                  80353b00    00000080     sysbios.ae66 : BIOS.obj (.text:ti_sysbios_knl_Swi_startup__E)
                  80353b80    00000080                  : BIOS.obj (.text:ti_sysbios_knl_Task_restore__E)
                  80353c00    00000080                  : BIOS.obj (.text:ti_sysbios_timers_timer64_Timer_getCount__E)
                  80353c80    00000080                  : BIOS.obj (.text:ti_sysbios_timers_timer64_Timer_getPeriod__E)
                  80353d00    00000080     rts6600_elf_mt.lib : trgmsg.obj (.text:writemsg)
                  80353d80    00000080     ti.targets.rts6000.ae66 : Core-label.oe66 (.text:xdc_runtime_Core_assignLabel__I)
                  80353e00    00000080                             : Core-params.oe66 (.text:xdc_runtime_Core_assignParams__I)
                  80353e80    00000080                             : LoggerBuf.oe66 (.text:xdc_runtime_LoggerBuf_filterOutEvent__I)
                  80353f00    00000080                             : System.oe66 (.text:xdc_runtime_System_atexit__F)
                  80353f80    00000080                             : System.oe66 (.text:xdc_runtime_System_putchar__I)
                  80354000    00000080                             : System.oe66 (.text:xdc_runtime_System_rtsExit__I)
                  80354080    00000080                             : Text.oe66 (.text:xdc_runtime_Text_printVisFxn__I)
                  80354100    00000060     stk6_ppp_pppoe.ae66 : bind6.oe66 (.text:Bind6FindByIF)
                  80354160    00000060                         : bind6.oe66 (.text:Bind6IF2IPHost)
                  803541c0    00000060                         : bind.oe66 (.text:BindFindByHost)
                  80354220    00000060                         : bind.oe66 (.text:BindFindByIF)
                  80354280    00000060                         : bind.oe66 (.text:BindFindByNet)
                  803542e0    00000060                         : bind.oe66 (.text:BindGetIFByDBCast)
                  80354340    00000060                         : bind.oe66 (.text:BindIF2IPHost)
                  803543a0    00000060     nettool.ae66 : config.oe66 (.text:CfgEntryInfo)
                  80354400    00000060                  : config.oe66 (.text:CfgSetService)
                  80354460    00000060     stk6_ppp_pppoe.ae66 : md5.oe66 (.text:Encode)
                  803544c0    00000060                         : exec.oe66 (.text:ExecBroadcast)
                  80354520    00000060                         : igmp.oe66 (.text:IGMPTestGroup)
                  80354580    00000060                         : ip.oe66 (.text:IPChecksum)
                  803545e0    00000060                         : lli.oe66 (.text:LLIFree)
                  80354640    00000060     netctrl.ae66 : netctrl.oe66 (.text:NC_SystemClose)
                  803546a0    00000060     stk6_ppp_pppoe.ae66 : nimu.oe66 (.text:NIMUAddHeader)
                  80354700    00000060                         : nimu.oe66 (.text:NIMUCreatePacket)
                  80354760    00000060                         : nimu.oe66 (.text:NIMUFindByIndex)
                  803547c0    00000060                         : nimu.oe66 (.text:NIMUPacketService)
                  80354820    00000060                         : nimu.oe66 (.text:NIMUPacketServiceCheck)
                  80354880    00000060                         : nimu.oe66 (.text:NIMUSendPacket)
                  803548e0    00000060     netctrl.ae66 : netsrv.oe66 (.text:NS_PreBoot)
                  80354940    00000060     stk6_ppp_pppoe.ae66 : node.oe66 (.text:NodeGetRt)
                  803549a0    00000060                         : nimuppp.oe66 (.text:PPPStart)
                  80354a00    00000060                         : rtc.oe66 (.text:RTCAddHook)
                  80354a60    00000060                         : rtc.oe66 (.text:RTCRemoveHook)
                  80354ac0    00000060                         : rawethsock_pcb.oe66 (.text:RawEthSockPcbCleanup)
                  80354b20    00000060                         : rawethsock_pcb.oe66 (.text:RawEthSockPcbFind)
                  80354b80    00000060                         : route6.oe66 (.text:Rt6GetNetworkAddr)
                  80354be0    00000060                         : rtable.oe66 (.text:RtWalkEnd)
                  80354c40    00000060     netctrl.ae66 : netsrv.oe66 (.text:ServiceCallback)
                  80354ca0    00000060     stk6_ppp_pppoe.ae66 : sock6pcb.oe66 (.text:Sock6PcbDetach)
                  80354d00    00000060                         : sock6prot.oe66 (.text:Sock6PrCtlError)
                  80354d60    00000060                         : sock6prot.oe66 (.text:Sock6PrDetach)
                  80354dc0    00000060                         : sockprot.oe66 (.text:SockPrCtlError)
                  80354e20    00000060                         : sockprot.oe66 (.text:SockPrDetach)
                  80354e80    00000060                         : tcp6prot.oe66 (.text:TCP6PrConnect)
                  80354ee0    00000060                         : tcp6time.oe66 (.text:TCP6SetPersist)
                  80354f40    00000060                         : tcp6time.oe66 (.text:TCP6TimeoutPersist)
                  80354fa0    00000060                         : tcpprot.oe66 (.text:TcpPrConnect)
                  80355000    00000060                         : tcptime.oe66 (.text:TcpSetPersist)
                  80355060    00000060                         : tcptime.oe66 (.text:TcpTimeoutPersist)
                  803550c0    00000060                         : vlan.oe66 (.text:VLANFindNode)
                  80355120    00000060                         : vlan.oe66 (.text:VLANFindSourceInterface)
                  80355180    00000060                         : vlan.oe66 (.text:VLANInit)
                  803551e0    00000060     nettool.ae66 : config.oe66 (.text:_CfgEntryProcess)
                  80355240    00000060     rts6600_elf_mt.lib : frcmpyd_div.obj (.text:__c6xabi_frcmpyd_div)
                  803552a0    00000060                        : llshift.obj (.text:__c6xabi_llshru)
                  80355300    00000060                        : imath64.obj (.text:_subcull)
                  80355360    00000060     ti.drv.cppi.ae66 : cppi_listlib.oe66 (.text:cppi_list_add)
                  803553c0    00000060                      : cppi_listlib.oe66 (.text:cppi_list_cache_invalidate)
                  80355420    00000060     rts6600_elf_mt.lib : _mutex.obj (.text:create_resource_mutexes)
                  80355480    00000060                        : _mutex.obj (.text:destroy_resource_mutexes)
                  803554e0    00000060     nettool.ae66 : dhcpbild.oe66 (.text:dhcpBuildDiscover)
                  80355540    00000060                  : dhcpsock.oe66 (.text:dhcpPacketReceive)
                  803555a0    00000060                  : dhcpsock.oe66 (.text:dhcpPacketSend)
                  80355600    00000060     stk6_ppp_pppoe.ae66 : fileuser.oe66 (.text:fdSelectAbort)
                  80355660    00000060                         : file.oe66 (.text:fdint_clearevent)
                  803556c0    00000060                         : file.oe66 (.text:fdint_getfdt)
                  80355720    00000060                         : file.oe66 (.text:fdint_setevent)
                  80355780    00000060                         : fileuser.oe66 (.text:fdsetTestEntry)
                  803557e0    00000060     nettool.ae66 : httpsend.oe66 (.text:httpSendClientStr)
                  80355840    00000060     stk6_ppp_pppoe.ae66 : ipcp.oe66 (.text:ipcpInit)
                  803558a0    00000060                         : ipcp.oe66 (.text:ipcpStart)
                  80355900    00000060                         : lcp.oe66 (.text:lcpClose)
                  80355960    00000060                         : listlib.oe66 (.text:list_cat)
                  803559c0    00000060                         : listlib.oe66 (.text:list_remove_node)
                  80355a20    00000060     rts6600_elf_mt.lib : memccpy.obj (.text:memccpy)
                  80355a80    00000060     os.ae66 : mem.oe66 (.text:mmUnInitPage)
                  80355ae0    00000060     ti.drv.pa.ae66 : painit.oe66 (.text:pa_init_global_cfg)
                  80355b40    00000060                    : pa.oe66 (.text:pa_uint8_zero)
                  80355ba0    00000060     stk6_ppp_pppoe.ae66 : nimupppoe.oe66 (.text:pppoeInput)
                  80355c00    00000060     rts6600_elf_mt.lib : _pthread.obj (.text:pthread_mutex_destroy)
                  80355c60    00000060     sysbios.ae66 : BIOS.obj (.text:ti_sysbios_BIOS_rtsLock__I)
                  80355cc0    00000060                  : BIOS.obj (.text:ti_sysbios_family_c62_TaskSupport_start__E)
                  80355d20    00000060                  : BIOS.obj (.text:ti_sysbios_family_c64p_EventCombiner_Module_startup__F)
                  80355d80    00000060                  : BIOS.obj (.text:ti_sysbios_family_c64p_EventCombiner_dispatchPlug__F)
                  80355de0    00000060                  : BIOS.obj (.text:ti_sysbios_family_c64p_EventCombiner_unused__F)
[...]
80358d80   xdc_runtime_Startup_reset__I
80358da0   xdc_runtime_SysStd_exit__E
80358da0   xdc_runtime_SysStd_exit__F
80358da0   xdc_runtime_System_SupportProxy_exit__E
80358dc0   xdc_runtime_SysStd_putch__E
80358dc0   xdc_runtime_SysStd_putch__F
80358dc0   xdc_runtime_System_SupportProxy_putch__E
80358de0   xdc_runtime_SysStd_ready__E
80358de0   xdc_runtime_SysStd_ready__F
80358de0   xdc_runtime_System_SupportProxy_ready__E
80358e00   xdc_runtime_System_Module_GateProxy_enter__E
80358e20   xdc_runtime_System_Module_GateProxy_leave__E
80358e40   xdc_runtime_System_Module_startup__E
80358e40   xdc_runtime_System_Module_startup__F
80358e60   xdc_runtime_System_exit__E
80358e60   xdc_runtime_System_exit__F
80358e80   xdc_runtime_System_lastFxn__I
80358ea0   xdc_runtime_System_snprintf_va__E
80358ea0   xdc_runtime_System_snprintf_va__F
80358ea0   xdc_runtime_System_vsnprintf__E
80358ea0   xdc_runtime_System_vsnprintf__F
80358ec0   xdc_runtime_Text_visitRope__I
80358ee0   ti_ndk_config_Global_pit
803590a0   ti_ndk_config_Global_pitBuffer
803650a0   ti_sysbios_knl_Task_Instance_State_0_hookEnv__A
803650a8   ti_sysbios_knl_Task_Instance_State_1_hookEnv__A
803650b0   ti_sysbios_knl_Task_Instance_State_2_hookEnv__A
803650b8   xdc_runtime_LoggerBuf_Instance_State_0_entryArr__A
80366070   _tmpnams
803661b0   qmssLObj
803664b8   IPV6_LINKLOCALMASK
803664c8   IPV6_MULTICASTMASK
803664d8   IPV6_UNSPECIFIED_ADDRESS
803664e8   IPV6_LOOPBACK_ADDRESS
803664f8   IPV6_HOST_MASK
80366508   IPV6_ALL_NODES_ADDRESS
80366518   IPV6_ALL_ROUTER_ADDRESS
80366528   ipv6mcb
80366580   tcps
80366638   tpseudo
80366644   tcp6_stats
803666fc   raweth_pcb
80366700   _ICMPIn
80366750   _ICMPOut
8036679c   gPlatformInfo
80366830   BlockMax
80366850   BlockCount
80366870   PageMax
80366890   PageCount
803668ac   ips
80366914   nimu_mcb
80366978   gI2cBlock
803669bc   udps
803669e0   upseudo
803669f0   nimuGlobalConfigParams
80366a00   coreKey
80366a20   vlan_mcb
80366a48   udp6_stats
80366a70   gCppiCfg
80366a90   icmp6stats
80366ac4   stkEvent
80366ad4   raws
80366ae4   raw6_stats
80366af4   raweths
80366b04   PBMQ_free
80366b10   c1
803688d8   m
8036a188   xdc_runtime_Text_charTab__A
8036b780   c2
8036d768   acc48_le
8036dd98   ti_sysbios_family_c66_Cache_marvalues__C
8036ef80   _ctypes_
8036f082   ti_sysbios_BIOS_Module__id__C
8036f088   xdc_runtime_Text_nodeTab__A
8036f8ce   ti_sysbios_family_c64p_EventCombiner_Module__id__C
8036fa60   pap_pdsp_const_reg_map
8036fc82   ti_sysbios_family_c64p_Exception_Module__id__C
8036fdde   ti_sysbios_family_c64p_Exception_enableExternalMPC__C
8036fde0   Code2Err
8036ffd2   ti_sysbios_family_c64p_Exception_enablePrint__C
8036ffd4   ti_sysbios_knl_Task_Object__PARAMS__C
80370010   xdc_runtime_LoggerBuf_Module__FXNS__C
80370050   xdc_runtime_Startup_sfxnTab__A
80370122   ti_sysbios_family_c64p_Exception_useInternalBuffer__C
80370124   ti_sysbios_BIOS_Module__diagsEnabled__C
80370128   ti_sysbios_knl_Task_hooks__A
803701dc   ti_sysbios_heaps_HeapMem_Module__FXNS__C
80370204   xdc_runtime_LoggerBuf_Object__PARAMS__C
80370254   ti_sysbios_gates_GateHwi_Module__FXNS__C
80370278   ti_sysbios_gates_GateMutex_Module__FXNS__C
8037029c   ti_sysbios_heaps_HeapMem_Object__PARAMS__C
803702c0   ti_sysbios_knl_Clock_Object__PARAMS__C
803702e4   ti_sysbios_knl_Semaphore_Object__PARAMS__C
8037032c   ti_sysbios_gates_GateHwi_Object__DESC__C
8037034c   ti_sysbios_gates_GateMutex_Object__DESC__C
8037036c   ti_sysbios_heaps_HeapMem_Object__DESC__C
8037038c   ti_sysbios_knl_Clock_Object__DESC__C
803703ac   ti_sysbios_knl_Queue_Object__DESC__C
803703cc   ti_sysbios_knl_Semaphore_Object__DESC__C
803703ec   ti_sysbios_knl_Task_Object__DESC__C
8037040c   xdc_runtime_LoggerBuf_Object__DESC__C
8037042c   ti_sysbios_BIOS_Module__diagsIncluded__C
8037048a   ti_sysbios_family_c64p_Hwi_Module__id__C
8037048c   ti_sysbios_BIOS_Module__diagsMask__C
80370490   xdc_runtime_Startup_sfxnRts__A
803704ac   ti_sysbios_BIOS_installedErrorHook__C
80370510   ti_sysbios_gates_GateHwi_Object__PARAMS__C
80370528   ti_sysbios_gates_GateMutex_Object__PARAMS__C
80370540   ti_sysbios_knl_Queue_Object__PARAMS__C
80370586   ti_sysbios_family_c64p_Hwi_Module__loggerDefined__C
803705f2   ti_sysbios_gates_GateMutex_Module__id__C
803705f4   ti_sysbios_family_c62_TaskSupport_stackAlignment__C
803705f8   paMemAligns
80370608   ti_sysbios_family_c64p_EventCombiner_EVTMASK__C
80370632   ti_sysbios_hal_Hwi_Module__id__C
80370634   ti_sysbios_family_c66_Cache_initSize__C
8037064c   ti_sysbios_family_c64p_EventCombiner_E_unpluggedEvent__C
8037065a   ti_sysbios_heaps_HeapMem_Module__id__C
8037065c   ti_sysbios_family_c64p_Exception_E_exceptionMax__C
8037066a   ti_sysbios_knl_Clock_Module__id__C
8037066c   ti_sysbios_family_c64p_Exception_E_exceptionMin__C
80370698   ti_sysbios_knl_Idle_coreList__A
803706a0   ti_sysbios_knl_Idle_coreList__C
803706a8   ti_sysbios_knl_Idle_funcList__A
803706b0   ti_sysbios_knl_Idle_funcList__C
803706b8   ti_sysbios_knl_Task_hooks__C
803706c0   xdc_runtime_Startup_firstFxns__A
803706c8   xdc_runtime_Startup_firstFxns__C
803706d0   xdc_runtime_Startup_lastFxns__A
803706d8   xdc_runtime_Startup_lastFxns__C
803706e6   ti_sysbios_knl_Clock_Module__loggerDefined__C
803706ee   ti_sysbios_knl_Semaphore_Module__id__C
803706f6   ti_sysbios_knl_Semaphore_Module__loggerDefined__C
803706f8   ti_sysbios_family_c64p_Exception_exceptionHook__C
803706fc   ti_sysbios_family_c64p_Exception_externalHook__C
80370700   ti_sysbios_family_c64p_Exception_internalHook__C
80370704   ti_sysbios_family_c64p_Exception_nmiHook__C
80370708   ti_sysbios_family_c64p_Hwi_LD_end__C
8037070c   ti_sysbios_family_c64p_Hwi_LM_begin__C
80370710   ti_sysbios_family_c64p_Hwi_Module__diagsEnabled__C
80370714   ti_sysbios_family_c64p_Hwi_Module__diagsIncluded__C
80370718   ti_sysbios_family_c64p_Hwi_Module__diagsMask__C
8037071c   ti_sysbios_family_c64p_Hwi_Module__loggerFxn1__C
80370720   ti_sysbios_family_c64p_Hwi_Module__loggerFxn8__C
80370724   ti_sysbios_family_c64p_Hwi_Module__loggerObj__C
80370728   ti_sysbios_family_c66_Cache_atomicBlockSize__C
8037072c   ti_sysbios_gates_GateMutex_A_badContext__C
80370730   ti_sysbios_gates_GateMutex_Instance_State_sem__O
80370734   ti_sysbios_gates_GateMutex_Module__diagsEnabled__C
80370738   ti_sysbios_gates_GateMutex_Module__diagsIncluded__C
8037073c   ti_sysbios_gates_GateMutex_Module__diagsMask__C
80370740   ti_sysbios_hal_Hwi_E_stackOverflow__C
80370744   ti_sysbios_heaps_HeapBuf_Instance_State_freeList__O
80370748   ti_sysbios_heaps_HeapBuf_Object__count__C
8037074c   ti_sysbios_heaps_HeapBuf_numConstructedHeaps__C
80370750   ti_sysbios_heaps_HeapMem_A_align__C
80370754   ti_sysbios_heaps_HeapMem_A_heapSize__C
80370758   ti_sysbios_heaps_HeapMem_A_invalidFree__C
8037075c   ti_sysbios_heaps_HeapMem_A_zeroBlock__C
80370760   ti_sysbios_heaps_HeapMem_E_memory__C
80370764   ti_sysbios_heaps_HeapMem_Module__diagsEnabled__C
80370768   ti_sysbios_heaps_HeapMem_Module__diagsIncluded__C
8037076c   ti_sysbios_heaps_HeapMem_Module__diagsMask__C
80370770   ti_sysbios_heaps_HeapMem_Module__gateObj__C
80370774   ti_sysbios_heaps_HeapMem_Object__count__C
80370778   ti_sysbios_heaps_HeapMem_reqAlign__C
8037077c   ti_sysbios_knl_Clock_A_badThreadType__C
80370780   ti_sysbios_knl_Clock_LM_begin__C
80370784   ti_sysbios_knl_Clock_LM_tick__C
80370788   ti_sysbios_knl_Clock_LW_delayed__C
8037078c   ti_sysbios_knl_Clock_Module_State_clockQ__O
80370790   ti_sysbios_knl_Clock_Module__diagsEnabled__C
80370794   ti_sysbios_knl_Clock_Module__diagsIncluded__C
80370798   ti_sysbios_knl_Clock_Module__diagsMask__C
8037079c   ti_sysbios_knl_Clock_Module__loggerFxn1__C
803707a0   ti_sysbios_knl_Clock_Module__loggerFxn2__C
803707a4   ti_sysbios_knl_Clock_Module__loggerObj__C
803707a8   ti_sysbios_knl_Clock_tickMode__C
803707ac   ti_sysbios_knl_Clock_tickSource__C
803707b0   ti_sysbios_knl_Semaphore_A_badContext__C
803707b4   ti_sysbios_knl_Semaphore_A_noEvents__C
803707b8   ti_sysbios_knl_Semaphore_A_overflow__C
803707bc   ti_sysbios_knl_Semaphore_A_pendTaskDisabled__C
803707c0   ti_sysbios_knl_Semaphore_Instance_State_pendQ__O
803707c4   ti_sysbios_knl_Semaphore_LM_pend__C
803707c8   ti_sysbios_knl_Semaphore_LM_post__C
803707cc   ti_sysbios_knl_Semaphore_Module__diagsEnabled__C
803707d0   ti_sysbios_knl_Semaphore_Module__diagsIncluded__C
803707d4   ti_sysbios_knl_Semaphore_Module__diagsMask__C
803707d8   ti_sysbios_knl_Semaphore_Module__loggerFxn2__C
803707dc   ti_sysbios_knl_Semaphore_Module__loggerFxn4__C
803707e0   ti_sysbios_knl_Semaphore_Module__loggerObj__C
803707e4   ti_sysbios_knl_Swi_LD_end__C
803707e8   ti_sysbios_knl_Swi_LM_begin__C
803707ec   ti_sysbios_knl_Swi_LM_post__C
803707f0   ti_sysbios_knl_Swi_Module__diagsEnabled__C
803707f4   ti_sysbios_knl_Swi_Module__diagsIncluded__C
803707f8   ti_sysbios_knl_Swi_Module__diagsMask__C
803707fc   ti_sysbios_knl_Swi_Module__loggerFxn1__C
80370800   ti_sysbios_knl_Swi_Module__loggerFxn4__C
80370804   ti_sysbios_knl_Swi_Module__loggerObj__C
80370808   ti_sysbios_knl_Swi_Object__count__C
8037080c   ti_sysbios_knl_Task_A_badPriority__C
80370810   ti_sysbios_knl_Task_A_badTaskState__C
80370814   ti_sysbios_knl_Task_A_badThreadType__C
80370818   ti_sysbios_knl_Task_A_badTimeout__C
8037081c   ti_sysbios_knl_Task_A_noPendElem__C
80370820   ti_sysbios_knl_Task_A_sleepTaskDisabled__C
80370824   ti_sysbios_knl_Task_E_deleteNotAllowed__C
80370828   ti_sysbios_knl_Task_E_spOutOfBounds__C
8037082c   ti_sysbios_knl_Task_E_stackOverflow__C
80370830   ti_sysbios_knl_Task_LD_block__C
80370834   ti_sysbios_knl_Task_LD_exit__C
80370838   ti_sysbios_knl_Task_LD_ready__C
8037083c   ti_sysbios_knl_Task_LM_setPri__C
80370840   ti_sysbios_knl_Task_LM_sleep__C
80370844   ti_sysbios_knl_Task_LM_switch__C
80370848   ti_sysbios_knl_Task_Module_State_inactiveQ__O
8037084c   ti_sysbios_knl_Task_Module_State_terminatedQ__O
80370850   ti_sysbios_knl_Task_Module__diagsEnabled__C
80370854   ti_sysbios_knl_Task_Module__diagsIncluded__C
80370858   ti_sysbios_knl_Task_Module__diagsMask__C
8037085c   ti_sysbios_knl_Task_Module__loggerFxn2__C
80370860   ti_sysbios_knl_Task_Module__loggerFxn4__C
80370864   ti_sysbios_knl_Task_Module__loggerObj__C
80370868   ti_sysbios_knl_Task_Object__count__C
8037086c   ti_sysbios_knl_Task_Object__heap__C
80370870   ti_sysbios_knl_Task_allBlockedFunc__C
80370874   ti_sysbios_knl_Task_defaultStackHeap__C
80370878   ti_sysbios_knl_Task_defaultStackSize__C
8037087c   ti_sysbios_knl_Task_numConstructedTasks__C
80370880   ti_sysbios_knl_Task_numPriorities__C
80370884   ti_sysbios_timers_timer64_Timer_A_notAvailable__C
80370888   ti_sysbios_timers_timer64_Timer_E_cannotSupport__C
8037088c   ti_sysbios_timers_timer64_Timer_Module__diagsEnabled__C
80370890   ti_sysbios_timers_timer64_Timer_Module__diagsIncluded__C
80370894   ti_sysbios_timers_timer64_Timer_Module__diagsMask__C
80370898   ti_sysbios_timers_timer64_Timer_anyMask__C
8037089c   ti_sysbios_timers_timer64_Timer_freqDivisor__C
803708a0   ti_sysbios_timers_timer64_Timer_numLocalTimers__C
803708a4   ti_sysbios_timers_timer64_Timer_numTimerDevices__C
803708a8   xdc_runtime_Assert_E_assertFailed__C
803708ac   xdc_runtime_Core_A_initializedParams__C
803708b0   xdc_runtime_Core_Module__diagsEnabled__C
803708b4   xdc_runtime_Core_Module__diagsIncluded__C
803708b8   xdc_runtime_Core_Module__diagsMask__C
803708bc   xdc_runtime_Error_E_memory__C
803708c0   xdc_runtime_Error_Module__diagsEnabled__C
803708c4   xdc_runtime_Error_Module__diagsIncluded__C
803708c8   xdc_runtime_Error_Module__diagsMask__C
803708cc   xdc_runtime_Error_Module__loggerFxn8__C
803708d0   xdc_runtime_Error_Module__loggerObj__C
803708d4   xdc_runtime_Error_policy__C
803708d8   xdc_runtime_Error_raiseHook__C
803708dc   xdc_runtime_IFilterLogger_Interface__BASE__C
803708e0   xdc_runtime_IGateProvider_Interface__BASE__C
803708e4   xdc_runtime_IHeap_Interface__BASE__C
803708e8   xdc_runtime_ILogger_Interface__BASE__C
803708ec   xdc_runtime_IModule_Interface__BASE__C
803708f0   xdc_runtime_Log_L_error__C
803708f4   xdc_runtime_LoggerBuf_E_badLevel__C
803708f8   xdc_runtime_LoggerBuf_Module__gateObj__C
803708fc   xdc_runtime_LoggerBuf_Object__count__C
80370900   xdc_runtime_LoggerBuf_statusLogger__C
80370904   xdc_runtime_Memory_defaultHeapInstance__C
80370908   xdc_runtime_Startup_execImpl__C
8037090c   xdc_runtime_Startup_maxPasses__C
80370910   xdc_runtime_Startup_sfxnRts__C
80370914   xdc_runtime_Startup_sfxnTab__C
80370918   xdc_runtime_System_Module__gateObj__C
8037091c   xdc_runtime_System_extendFxn__C
80370920   xdc_runtime_System_maxAtexitHandlers__C
80370924   xdc_runtime_Text_charTab__C
80370928   xdc_runtime_Text_nameEmpty__C
8037092c   xdc_runtime_Text_nameStatic__C
80370930   xdc_runtime_Text_nameUnknown__C
80370934   xdc_runtime_Text_nodeTab__C
80370938   xdc_runtime_Text_visitRopeFxn__C
8037093c   ti_sysbios_knl_Swi_Module__id__C
8037093e   ti_sysbios_knl_Swi_Module__loggerDefined__C
80370940   ti_sysbios_knl_Task_Module__id__C
80370942   ti_sysbios_knl_Task_Module__loggerDefined__C
80370944   ti_sysbios_knl_Task_deleteTerminatedTasks__C
80370946   ti_sysbios_knl_Task_initStackFlag__C
80370948   ti_sysbios_timers_timer64_Timer_Module__id__C
8037094a   ti_sysbios_timers_timer64_Timer_startupNeeded__C
8037094c   xdc_runtime_Core_Module__id__C
8037094e   xdc_runtime_Error_Module__loggerDefined__C
80370950   xdc_runtime_Error_maxDepth__C
80370952   xdc_runtime_LoggerBuf_Module__id__C
80370954   xdc_runtime_LoggerBuf_filterByLevel__C
80370956   xdc_runtime_Memory_Module__id__C
80370958   xdc_runtime_Text_charCnt__C
8037095a   xdc_runtime_Text_isLoaded__C
8037095c   xdc_runtime_Text_registryModsLastId__C
8037095e   xdc_runtime_Text_unnamedModsLastId__C
80370960   Qmss_highEoiVector
80370980   queueFree
80372980   qmssGObj
80372d80   ti_sysbios_BIOS_Module__state__V
80372da0   ti_sysbios_family_c64p_EventCombiner_Module__state__V
803731a0   ti_sysbios_family_c64p_Exception_Module__state__V
803731d0   ti_sysbios_family_c64p_Hwi_Module__root__V
803731d8   ti_sysbios_family_c64p_Hwi_Module__state__V
80373240   ti_sysbios_gates_GateHwi_Module__root__V
80373248   ti_sysbios_gates_GateMutex_Module__root__V
80373250   ti_sysbios_hal_Hwi_Module__root__V
80373258   ti_sysbios_hal_Timer_Module__root__V
80373260   ti_sysbios_heaps_HeapBuf_Module__root__V
80373268   ti_sysbios_heaps_HeapBuf_Module__state__V
8037326c   ti_sysbios_heaps_HeapMem_Module__root__V
80373274   ti_sysbios_knl_Clock_Module__root__V
8037327c   ti_sysbios_knl_Clock_Module__state__V
803732a4   ti_sysbios_knl_Queue_Module__root__V
803732ac   ti_sysbios_knl_Semaphore_Module__root__V
803732b4   ti_sysbios_knl_Swi_Module__root__V
803732bc   ti_sysbios_knl_Swi_Module__state__V
803732d8   ti_sysbios_knl_Task_Module__root__V
803732e0   ti_sysbios_knl_Task_Module__state__V
80373324   ti_sysbios_timers_timer64_Timer_Module__root__V
8037332c   ti_sysbios_timers_timer64_Timer_Module__state__V
80373340   xdc_runtime_Error_Module__state__V
80373344   xdc_runtime_LoggerBuf_Module__root__V
8037334c   xdc_runtime_LoggerBuf_Module__state__V
80373354   xdc_runtime_Memory_Module__state__V
80373358   xdc_runtime_Registry_Module__state__V
80373360   xdc_runtime_Startup_Module__state__V
80373368   xdc_runtime_System_Module__state__V
80373374   xdc_runtime_Text_Module__state__V
8037337c   __xdc__init__addr
80373380   _ftable
80373560   ti_sysbios_timers_timer64_Timer_Module_State_0_device__A
803736e0   qmssGblCfgParams
80373800   ti_sysbios_knl_Task_Object__table__V
803738a0   TSK_idle
803738f0   _ipcfg
803739a4   _ft_end
80373a48   ti_sysbios_knl_Swi_Module_State_0_readyQ__A
80373ac8   ti_sysbios_knl_Task_Module_State_0_readyQ__A
80373b48   ti_sysbios_timers_timer64_Timer_Module_State_0_gctrl__A
80373bc8   ti_sysbios_timers_timer64_Timer_Module_State_0_handles__A
80373c48   ti_sysbios_timers_timer64_Timer_Module_State_0_intFreqs__A
80373d40   cppiGblCfgParams
80373db8   ti_sysbios_family_c64p_Hwi_Object__table__V
80373ed0   ti_sysbios_timers_timer64_Timer_Object__table__V
80374020   ti_sysbios_gates_GateMutex_Object__table__V
803740d4   cppiLObj
803740d8   ti_sysbios_knl_Swi_Object__table__V
80374108   _oscfg
8037412c   paLObj
80374130   xdc_runtime_LoggerBuf_Object__table__V
80374158   NIMUDeviceTable
80374160   pstrMsgName
80374180   xdc_runtime_System_Module_State_0_atexitHandlers__A
803741a0   ti_ndk_config_Global_Id2Size
803741f0   ti_sysbios_heaps_HeapMem_Object__table__V
80374234   _lock
80374238   _unlock
80374278   Qmss_lowEoiVector
80374288   _delete_mutexes_ptr
8037428c   _cleanup_ptr
80374290   _dtors_ptr
80374294   __TI_enable_exit_profile_output
80374298   ti_sysbios_hal_Hwi_Object__table__V
803742c0   ti_sysbios_hal_Timer_Object__table__V
803742c8   ti_sysbios_gates_GateHwi_Object__table__V
803742d8   ti_sysbios_knl_Task_Module_State_0_idleTask__A
803742e8   Qmss_cdmaEoiVector
80374348   gDeviceNandBBlist
80375574   gDeviceNand
803755ac   gDeviceNor
803755e4   gDeviceEeprom0
8037561c   gDeviceEeprom1
80375658   emac_port_mode
80375a08   __TI_STATIC_BASE
80375a20   _IGMPInDiscard
80375a24   _IGMPInQuery
80375a28   _IGMPInQueryGroup
80375a2c   _IGMPInResponse
80375a30   _IGMPOutResponse
80375a34   gTxCmdReturnQHnd
80375a38   gTxCmdFreeQHnd
80375a3c   ethSemHandle
80375a74   CONTENT_TYPE_APPLET
80375a78   CONTENT_TYPE_AU
80375a7c   CONTENT_TYPE_CSS
80375a80   CONTENT_TYPE_DOC
80375a84   CONTENT_TYPE_GIF
80375a88   CONTENT_TYPE_HTML
80375a8c   CONTENT_TYPE_JPG
80375a90   CONTENT_TYPE_MPEG
80375a94   CONTENT_TYPE_PDF
80375a98   CONTENT_TYPE_WAV
80375a9c   CONTENT_TYPE_ZIP
80375aa0   CONTENT_TYPE
80375aa4   CONTENT_LENGTH
80375aa8   CRLF
80375aac   DEFAULT_NAME
80375ab0   HTTP_VER
80375ab4   SPACE
80375ab8   PITCount
80375abc   PITUsed
80375ac0   PITHigh
80375adc   VerStr
80375ae0   HostName
80375ae4   LocalIPAddr
80375ae8   LocalIPMask
80375aec   GatewayIP
80375af0   DomainName
80375af4   DNSServer
80375b68   _IGMPForceVersion1
80375b84   _ICMPInErrors
80375b88   _ICMPOutErrors
80375b8c   _IPExecuting
80375b9c   gFragQList
80375bbc   tcp_iss
80375bc0   ptTimeFirst
80375bc4   pt6TimeFirst
80375bc8   tcp6_iss
80375bd4   platform_errno
80375bd8   platform_init_return_code
80375be8   httpErrorResponseHook
80375bf4   _IPReasmPtr
80375bfc   gMLDNodeList
80375c14   qmssLObjIsValid
80375c18   IPV6_MAX_MULTICAST_SOLICIT
80375c1c   IPV6_MAX_UNICAST_SOLICIT
80375c20   IPV6_RETRANS_TIME
80375c24   IPV6_DELAY_FIRST_PROBE_TIME
80375c28   IPV6_REACHABLE_TIME
80375c2c   IPV6_MAX_RTR_SOLICITATION_DELAY
80375c30   IPV6_RTR_SOLICITATION_INTERVAL
80375c34   IPV6_MAX_RTR_SOLICITATIONS
80375c38   INFINITE_LT
80375c3c   ti_ndk_config_Global_rawPageSize
80375c40   ti_ndk_config_Global_rawPageCount
80375c44   ti_ndk_config_Global_smallest
80375c48   ti_ndk_config_Global_largest
80375c4c   ti_ndk_config_Global_numFrameBuf
80375c50   ti_ndk_config_Global_sizeFrameBuf
80375c80   cppiObject
80375e80   __CIOBUF_
80376000   ti_sysbios_family_c64p_Hwi0
80376000   ti_sysbios_family_c64p_Hwi_int0
80376020   ti_sysbios_family_c64p_Hwi_int1
80376040   ti_sysbios_family_c64p_Hwi_int2
80376060   ti_sysbios_family_c64p_Hwi_int3
80376080   ti_sysbios_family_c64p_Hwi_int4
803760a0   ti_sysbios_family_c64p_Hwi_int5
803760c0   ti_sysbios_family_c64p_Hwi_int6
803760e0   ti_sysbios_family_c64p_Hwi_int7
80376100   ti_sysbios_family_c64p_Hwi_int8
80376120   ti_sysbios_family_c64p_Hwi_int9
80376140   ti_sysbios_family_c64p_Hwi_int10
80376160   ti_sysbios_family_c64p_Hwi_int11
80376180   ti_sysbios_family_c64p_Hwi_int12
803761a0   ti_sysbios_family_c64p_Hwi_int13
803761c0   ti_sysbios_family_c64p_Hwi_int14
803761e0   ti_sysbios_family_c64p_Hwi_int15
803771e0   __TI_Handler_Table_Base
803771ec   __TI_Handler_Table_Limit
80377250   __TI_CINIT_Base
803772d8   __TI_CINIT_Limit
ffffffff   __TI_pprof_out_hndl
ffffffff   __TI_prof_data_size
ffffffff   __TI_prof_data_start
ffffffff   __binit__
ffffffff   __c_args__
ffffffff   binit
UNDEFED    __TI_INITARRAY_Base
UNDEFED    __TI_INITARRAY_Limit

[1629 symbols]
