******************************************************************************
               TMS320C6x Linker PC v7.4.7                      
******************************************************************************
>> Linked Sat Mar 08 12:37:12 2014

OUTPUT FILE NAME:   <Disparity.out>
ENTRY POINT SYMBOL: "_c_int00"  address: 803541a0


MEMORY CONFIGURATION

         name            origin    length      used     unused   attr    fill
----------------------  --------  ---------  --------  --------  ----  --------
  L2SRAM                00800000   00080000  0005cf40  000230c0  RW X
  MSMCSRAM              0c000000   00400000  00000000  00400000  RW X
  DDR3                  80000000   20000000  0037c266  1fc83d9a  RWIX


SEGMENT ALLOCATION MAP

run origin  load origin   length   init length attrs members
----------  ----------- ---------- ----------- ----- -------
00800000    00800000    0005cb88   00000000    rw-
  00800000    00800000    00052b00   00000000    rw- .far:NDK_PACKETMEM
  00852b00    00852b00    00004000   00000000    rw- .resmgr_memregion
  00856b00    00856b00    00003c00   00000000    rw- .far:taskStackSection
  0085a700    0085a700    00001488   00000000    rw- .resmgr_pa
  0085bb88    0085bb88    00001000   00000000    rw- .stack
0085cc00    0085cc00    00000318   00000318    rw-
  0085cc00    0085cc00    00000318   00000318    rw- .nimu_eth_ll2
0085cf20    0085cf20    000000a0   00000000    rw-
  0085cf20    0085cf20    000000a0   00000000    rw- .resmgr_handles
80000000    80000000    00300000   00000000    rw-
  80000000    80000000    00300000   00000000    rw- systemHeap
80300000    80300000    0005df00   0005df00    r-x
  80300000    80300000    0005df00   0005df00    r-x .text
8035df00    8035df00    0000dbc8   00000000    rw-
  8035df00    8035df00    0000dbc8   00000000    rw- .far.1
8036bad0    8036bad0    00000060   00000000    rw-
  8036bad0    8036bad0    00000060   00000000    rw- .far.2
8036bb30    8036bb30    00009ec8   00009ec8    r--
  8036bb30    8036bb30    00009ec8   00009ec8    r-- .const
80375a00    80375a00    00002400   00000000    rw-
  80375a00    80375a00    00002400   00000000    rw- .qmss
80377e00    80377e00    0000158a   0000158a    rw-
  80377e00    80377e00    0000158a   0000158a    rw- .fardata
80379390    80379390    00001370   00001370    rw-
  80379390    80379390    00001370   00001370    rw- platform_lib
8037a700    8037a700    000003ac   000003ac    r--
  8037a700    8037a700    000003ac   000003ac    r-- .switch
8037aaac    8037aaac    00000080   00000000    rw-
  8037aaac    8037aaac    00000080   00000000    rw- .bss
8037ab2c    8037ab2c    000001a5   000001a5    rw-
  8037ab2c    8037ab2c    000001a5   000001a5    rw- .neardata
8037acd4    8037acd4    0000003c   0000003c    r--
  8037acd4    8037acd4    0000003c   0000003c    r-- .rodata
8037ad80    8037ad80    00000200   00000000    rw-
  8037ad80    8037ad80    00000200   00000000    rw- .cppi
8037b000    8037b000    00000200   00000200    r-x
  8037b000    8037b000    00000200   00000200    r-x .vecs
8037b200    8037b200    00000120   00000000    rw-
  8037b200    8037b200    00000120   00000000    rw- .cio
8037b320    8037b320    0000104c   0000104c    r--
  8037b320    8037b320    0000104c   0000104c    r-- .cinit


SECTION ALLOCATION MAP

 output                                  attributes/
section   page    origin      length       input sections
--------  ----  ----------  ----------   ----------------
.init_array 
*          0    80000000    00000000     UNINITIALIZED

.far:NDK_PACKETMEM 
*          0    00800000    00052b00     UNINITIALIZED
                  00800000    00052b00     stk6_ppp_pppoe.ae66 : pbm_data.oe66 (.far:NDK_PACKETMEM)

.resmgr_memregion 
*          0    00852b00    00004000     UNINITIALIZED
                  00852b00    00004000     resourcemgr.obj (.resmgr_memregion)

.far:taskStackSection 
*          0    00856b00    00003c00     UNINITIALIZED
                  00856b00    00003c00     Disparity_pe66.oe66 (.far:taskStackSection)

.resmgr_pa 
*          0    0085a700    00001488     UNINITIALIZED
                  0085a700    00001488     resourcemgr.obj (.resmgr_pa)

.stack     0    0085bb88    00001000     UNINITIALIZED
                  0085bb88    00000008     boot.ae66 : boot.oe66 (.stack)
                  0085bb90    00000ff8     --HOLE--

.nimu_eth_ll2 
*          0    0085cc00    00000318     
                  0085cc00    00000308     ti.transport.ndk.nimu.ae66 : nimu_eth.obj (.nimu_eth_ll2:uninit) [fill = 0]
                  0085cf08    00000010                                : nimu_eth.obj (.nimu_eth_ll2:init)

.resmgr_handles 
*          0    0085cf20    000000a0     UNINITIALIZED
                  0085cf20    000000a0     resourcemgr.obj (.resmgr_handles)

systemHeap 
*          0    80000000    00300000     UNINITIALIZED
                  80000000    00300000     Disparity_pe66.oe66 (systemHeap)

xdc.meta   0    80000000    00000138     COPY SECTION
                  80000000    00000138     Disparity_pe66.oe66 (xdc.meta)

.text      0    80300000    0005df00     
                  80300000    00002d80     ti.transport.ndk.nimu.ae66 : nimu_eth.obj (.text)
                  80302d80    00001fe0     ti.platform.evm6678l.ae66 : platform.obj (.text)
                  80304d60    00001b40                               : evmc6678.obj (.text)
                  803068a0    000019e0     stk6_ppp_pppoe.ae66 : tcp6in.oe66 (.text:TCP6Input)
                  80308280    000019e0                         : tcpin.oe66 (.text:TcpInput)
                  80309c60    00001240                         : tcpout.oe66 (.text:TcpOutput)
                  8030aea0    000011a0                         : tcp6out.oe66 (.text:TCP6Output)
                  8030c040    00001160     ti.platform.evm6678l.ae66 : evm66x_nand.obj (.text)
                  8030d1a0    00000ea0     resourcemgr.obj (.text)
                  8030e040    00000d80     ti.platform.evm6678l.ae66 : evmc66x_i2c_eeprom.obj (.text)
                  8030edc0    00000c00     nettool.ae66 : httpclie.oe66 (.text:httpClientProcess)
                  8030f9c0    00000bc0     Disparity.obj (.text)
                  80310580    00000b80     stk6_ppp_pppoe.ae66 : ipin.oe66 (.text:IPRxPacket)
                  80311100    00000aa0                         : md5.oe66 (.text:MD5Transform)
                  80311ba0    000009c0                         : ipout.oe66 (.text:IPTxPacket)
                  80312560    000009a0                         : lcp.oe66 (.text:lcpInput)
                  80312f00    00000900     nettool.ae66 : httpsend.oe66 (.text:SetContentType)
                  80313800    000008a0     sysbios.ae66 : BIOS.obj (.text:ti_sysbios_family_c64p_Exception_handler__I)
                  803140a0    000008a0     ti.targets.rts6000.ae66 : System.oe66 (.text:xdc_runtime_System_doPrint__I)
                  80314940    00000840     Initialise.obj (.text)
                  80315180    000007e0     ti.drv.qmss.ae66 : qmss_drv.oe66 (.text:Qmss_insertMemoryRegion)
                  80315960    000007e0     stk6_ppp_pppoe.ae66 : ipcp.oe66 (.text:ipcpInput)
                  80316140    000007c0                         : sock.oe66 (.text:SockSet)
                  80316900    000007a0                         : fileuser.oe66 (.text:fdPoll)
                  803170a0    00000720     ti.drv.pa.ae66 : pa.oe66 (.text:Pa_addMac)
                  803177c0    000006c0     stk6_ppp_pppoe.ae66 : sock6.oe66 (.text:Sock6Set)
                  80317e80    000006c0     nettool.ae66 : telnetd.oe66 (.text:telnet_netdata)
                  80318540    000006a0     stk6_ppp_pppoe.ae66 : icmpv6_ndisc.oe66 (.text:ICMPv6RecvRA)
                  80318be0    00000660     ti.drv.cppi.ae66 : cppi_drv.oe66 (.text:Cppi_configureRxFlow)
                  80319240    00000660     stk6_ppp_pppoe.ae66 : route6.oe66 (.text:Rt6Create)
                  803198a0    00000640     RecieveImage.obj (.text)
                  80319ee0    00000620     sysbios.ae66 : BIOS.obj (.text:ti_sysbios_knl_Task_Instance_finalize__F)
                  8031a500    00000600                  : BIOS.obj (.text:ti_sysbios_heaps_HeapMem_alloc__E)
                  8031ab00    00000600                  : BIOS.obj (.text:ti_sysbios_knl_Semaphore_pend__E)
                  8031b100    000005e0                  : BIOS.obj (.text:ti_sysbios_heaps_HeapMem_free__E)
                  8031b6e0    000005c0     stk6_ppp_pppoe.ae66 : ipfrag.oe66 (.text:IPReasm)
                  8031bca0    000005c0     rts6600_elf_mt.lib : divd.obj (.text:__c6xabi_divd)
                  8031c260    000005c0                        : _printfi.obj (.text:_getarg_diouxp)
                  8031c820    000005a0     stk6_ppp_pppoe.ae66 : icmpin.oe66 (.text:ICMPInput)
                  8031cdc0    000005a0     ti.platform.evm6678l.ae66 : evmc66x_spi.obj (.text)
                  8031d360    000005a0     sysbios.ae66 : BIOS.obj (.text:ti_sysbios_timers_timer64_Timer_Module_startup__F)
                  8031d900    00000580     stk6_ppp_pppoe.ae66 : nimuppp.oe66 (.text:pppEvent)
                  8031de80    00000560                         : bind6.oe66 (.text:Bind6New)
                  8031e3e0    00000560                         : ipv6.oe66 (.text:IPv6IPAddressToString)
                  8031e940    00000560     ti.platform.evm6678l.ae66 : evmc6678_phy.obj (.text)
                  8031eea0    00000540     stk6_ppp_pppoe.ae66 : sock6.oe66 (.text:Sock6Connect)
                  8031f3e0    00000520                         : sock.oe66 (.text:SockNew)
                  8031f900    00000520     rts6600_elf_mt.lib : _printfi.obj (.text:_setfield)
                  8031fe20    00000520     nettool.ae66 : httpsend.oe66 (.text:httpSendStatusLine)
                  80320340    00000520     ti.platform.evm6678l.ae66 : evmc66x_nor.obj (.text)
                  80320860    000004e0     stk6_ppp_pppoe.ae66 : udp.oe66 (.text:UdpInput)
                  80320d40    000004e0                         : nimupppoe.oe66 (.text:pppoeInputS)
                  80321220    000004c0     ti.drv.cppi.ae66 : cppi_drv.oe66 (.text:Cppi_txChannelOpen)
                  803216e0    000004c0     ti.platform.evm6678l.ae66 : evmc66x_fpga.obj (.text)
                  80321ba0    000004a0     stk6_ppp_pppoe.ae66 : lliin.oe66 (.text:LLIRxPacket)
                  80322040    000004a0                         : sock6.oe66 (.text:Sock6Recv)
                  803224e0    000004a0                         : sock.oe66 (.text:SockRecv)
                  80322980    00000460     rts6600_elf_mt.lib : _printfi.obj (.text:_printfi)
                  80322de0    00000460     stk6_ppp_pppoe.ae66 : nimuppp.oe66 (.text:pppNew)
                  80323240    00000440     ti.drv.cppi.ae66 : cppi_drv.oe66 (.text:Cppi_rxChannelOpen)
                  80323680    00000440     stk6_ppp_pppoe.ae66 : sock6.oe66 (.text:Sock6New)
                  80323ac0    00000440                         : auth.oe66 (.text:chapInput)
                  80323f00    00000440                         : fileuser.oe66 (.text:fdSelect)
                  80324340    00000440                         : nimupppoe.oe66 (.text:pppoeInputC)
                  80324780    00000420     nettool.ae66 : daemon.oe66 (.text:daemon)
                  80324ba0    00000420     ti.drv.pa.ae66 : pa.oe66 (.text:pa_conv_routing_info)
                  80324fc0    00000420     sysbios.ae66 : BIOS.obj (.text:ti_sysbios_knl_Task_sleep__E)
                  803253e0    00000400     stk6_ppp_pppoe.ae66 : sock6.oe66 (.text:Sock6Send)
                  803257e0    00000400     os.ae66 : efs.oe66 (.text:efs_filecheck)
                  80325be0    00000400     sysbios.ae66 : BIOS.obj (.text:ti_sysbios_knl_Task_Instance_init__F)
                  80325fe0    000003e0     stk6_ppp_pppoe.ae66 : ipv6_frag.oe66 (.text:IPv6TxFragPacket)
                  803263c0    000003e0     sysbios.ae66 : BIOS.obj (.text:ti_sysbios_knl_Task_setPri__E)
                  803267a0    000003c0     ti.drv.cppi.ae66 : cppi_desc.oe66 (.text:Cppi_initDescriptor)
                  80326b60    000003c0     stk6_ppp_pppoe.ae66 : ipv6out.oe66 (.text:IPv6TxPacket)
                  80326f20    000003c0                         : lli6.oe66 (.text:LLI6TimerCheck)
                  803272e0    000003c0                         : sock.oe66 (.text:SockSend)
                  803276a0    000003c0                         : tcp6.oe66 (.text:TCP6TimeoutCheck)
                  80327a60    000003c0                         : tcp.oe66 (.text:TcpTimeoutCheck)
                  80327e20    000003c0     rts6600_elf_mt.lib : fputs.obj (.text:fputs)
                  803281e0    000003a0     stk6_ppp_pppoe.ae66 : icmpv6in.oe66 (.text:ICMPv6RxPacket)
                  80328580    000003a0                         : nimu.oe66 (.text:NIMUIoctl)
                  80328920    000003a0                         : route.oe66 (.text:RtCreate)
                  80328cc0    000003a0                         : sb.oe66 (.text:SBRead)
                  80329060    000003a0                         : auth.oe66 (.text:papInput)
                  80329400    00000380                         : sock6int.oe66 (.text:Sock6Notify)
                  80329780    00000380                         : sock.oe66 (.text:SockConnect)
                  80329b00    00000380                         : sockint.oe66 (.text:SockNotify)
                  80329e80    00000380     nettool.ae66 : dhcppkt.oe66 (.text:dhcpPacketProcess)
                  8032a200    00000360     stk6_ppp_pppoe.ae66 : icmpv6_ndisc.oe66 (.text:ICMPv6RecvRedirect)
                  8032a560    00000360                         : icmpv6out.oe66 (.text:ICMPv6SendDstUnreachable)
                  8032a8c0    00000360                         : igmp.oe66 (.text:IGMPInput)
                  8032ac20    00000360                         : ipv6_frag.oe66 (.text:IPv6FragReasm)
                  8032af80    00000360                         : lliout.oe66 (.text:LLITxIpPacket)
                  8032b2e0    00000360     Disparity_pe66.oe66 (.text:xdc_runtime_System_printfExtend__I)
                  8032b640    00000340     stk6_ppp_pppoe.ae66 : icmpv6_ndisc.oe66 (.text:ICMPv6RecvNS)
                  8032b980    00000340                         : icmpv6out.oe66 (.text:ICMPv6SendParameterProblem)
                  8032bcc0    00000340                         : icmpv6out.oe66 (.text:ICMPv6SendTimeExceeded)
                  8032c000    00000340     ti.drv.pa.ae66 : painit.oe66 (.text:Pa_create)
                  8032c340    00000340     ti.drv.qmss.ae66 : qmss_drv.oe66 (.text:Qmss_init)
                  8032c680    00000340     os.ae66 : mem.oe66 (.text:mmAlloc)
                  8032c9c0    00000340     stk6_ppp_pppoe.ae66 : nimupppoe.oe66 (.text:pppoeSI)
                  8032cd00    00000320     nettool.ae66 : config.oe66 (.text:CfgAddEntry)
                  8032d020    00000320     stk6_ppp_pppoe.ae66 : nimupppoe.oe66 (.text:SendServerMsg)
                  8032d340    00000320     rts6600_elf_mt.lib : _printfi.obj (.text:_pproc_fge)
                  8032d660    00000320     nettool.ae66 : inetaddr.oe66 (.text:inet_aton)
                  8032d980    00000320                  : telnetd.oe66 (.text:telnet_engine)
                  8032dca0    00000320     ti.platform.evm6678l.ae66 : evmc66x_uart.obj (.text)
                  8032dfc0    00000300     stk6_ppp_pppoe.ae66 : sock6pcb.oe66 (.text:Sock6PcbBind)
                  8032e2c0    00000300                         : udp6.oe66 (.text:Udp6Input)
                  8032e5c0    00000300     sysbios.ae66 : BIOS.obj (.text:ti_sysbios_family_c64p_Hwi_dispatchC__I)
                  8032e8c0    000002e0     stk6_ppp_pppoe.ae66 : ipv6_frag.oe66 (.text:IPv6FragQEnqueueFrag)
                  8032eba0    000002e0                         : ipv6_exthdrs.oe66 (.text:IPv6ParseExtnHeaders)
                  8032ee80    000002e0     netctrl.ae66 : netctrl.oe66 (.text:NetScheduler)
                  8032f160    000002e0     ti.drv.pa.ae66 : pa.oe66 (.text:Pa_forwardResult)
                  8032f440    000002e0     stk6_ppp_pppoe.ae66 : route6.oe66 (.text:Rt6Find)
                  8032f720    000002e0                         : nimupppoe.oe66 (.text:SendClientMsg)
                  8032fa00    000002e0                         : sock6pcb.oe66 (.text:Sock6PcbFind)
                  8032fce0    000002e0                         : sock6pcb.oe66 (.text:Sock6PcbResolve)
                  8032ffc0    000002e0                         : udp.oe66 (.text:UdpOutput)
                  803302a0    000002e0     rts6600_elf_mt.lib : _printfi.obj (.text:_pproc_fwp)
                  80330580    000002e0     sysbios.ae66 : BIOS.obj (.text:ti_sysbios_heaps_HeapMem_Instance_init__F)
                  80330860    000002c0     stk6_ppp_pppoe.ae66 : bind.oe66 (.text:BindNew)
                  80330b20    000002c0                         : node.oe66 (.text:NodeAdd)
                  80330de0    000002c0                         : sb6.oe66 (.text:SB6Read)
                  803310a0    000002c0                         : nimuppp.oe66 (.text:pppInput)
                  80331360    000002a0     nettool.ae66 : dhcpmain.oe66 (.text:DHCPOpen)
                  80331600    000002a0     stk6_ppp_pppoe.ae66 : route6.oe66 (.text:Rt6Free)
                  803318a0    000002a0                         : rtable.oe66 (.text:RtFind)
                  80331b40    000002a0                         : sock6.oe66 (.text:Sock6Close)
                  80331de0    000002a0                         : sock.oe66 (.text:SockClose)
                  80332080    000002a0                         : sockpcb.oe66 (.text:SockPcbResolve)
                  80332320    000002a0                         : tcp6prot.oe66 (.text:TCP6PrSetOption)
                  803325c0    000002a0                         : tcpprot.oe66 (.text:TcpPrSetOption)
                  80332860    000002a0     rts6600_elf_mt.lib : _printfi.obj (.text:fcvt)
                  80332b00    000002a0     sysbios.ae66 : BIOS.obj (.text:ti_sysbios_knl_Clock_Instance_init__F)
                  80332da0    000002a0                  : BIOS.obj (.text:ti_sysbios_knl_Clock_workFunc__E)
                  80333040    000002a0                  : BIOS.obj (.text:ti_sysbios_timers_timer64_Timer_deviceConfig__I)
                  803332e0    00000280     stk6_ppp_pppoe.ae66 : icmp.oe66 (.text:ICMPGenPacket)
                  80333560    00000280                         : lli6.oe66 (.text:LLI6NeighUnreachStateMachine)
                  803337e0    00000280                         : lli6.oe66 (.text:LLI6TxIPPacket)
                  80333a60    00000280                         : udp6.oe66 (.text:Udp6Output)
                  80333ce0    00000280     rts6600_elf_mt.lib : _printfi.obj (.text:ecvt)
                  80333f60    00000280     stk6_ppp_pppoe.ae66 : ipcp.oe66 (.text:ipcpSendCfg)
                  803341e0    00000280                         : lcp.oe66 (.text:lcpSendCfg)
                  80334460    00000280     platform_osal.obj (.text)
                  803346e0    00000280     ti.targets.rts6000.ae66 : Error.oe66 (.text:xdc_runtime_Error_raiseX__F)
                  80334960    00000260     stk6_ppp_pppoe.ae66 : icmpv6in.oe66 (.text:ICMPv6RecvEchoRequest)
                  80334bc0    00000260                         : ipv6in.oe66 (.text:IPv6RxPacket)
                  80334e20    00000260                         : nimu.oe66 (.text:NIMUReceivePacket)
                  80335080    00000260                         : rawethsock.oe66 (.text:RawEthSockSet)
                  803352e0    00000260                         : sb6.oe66 (.text:SB6Write)
                  80335540    00000260                         : sb.oe66 (.text:SBWrite)
                  803357a0    00000260                         : sockpcb.oe66 (.text:SockPcbBind)
                  80335a00    00000260                         : tcp6out.oe66 (.text:TCP6GenPacket)
                  80335c60    00000260     nettool.ae66 : httppars.oe66 (.text:httpParseRecv)
                  80335ec0    00000260                  : httpsend.oe66 (.text:httpSendErrorHTML)
                  80336120    00000260     sysbios.ae66 : BIOS.obj (.text:ti_sysbios_family_c64p_Exception_internalHandler__I)
                  80336380    00000260                  : BIOS.obj (.text:ti_sysbios_knl_Semaphore_post__E)
                  803365e0    00000260     ti.targets.rts6000.ae66 : Startup.oe66 (.text:xdc_runtime_Startup_startMods__I)
                  80336840    00000240     stk6_ppp_pppoe.ae66 : bind6.oe66 (.text:Bind6Free)
                  80336a80    00000240                         : bind6.oe66 (.text:Bind6RunDAD)
                  80336cc0    00000240     ti.drv.cppi.ae66 : cppi_drv.oe66 (.text:Cppi_open)
                  80336f00    00000240     nettool.ae66 : daemon.oe66 (.text:DaemonNew)
                  80337140    00000240     stk6_ppp_pppoe.ae66 : icmpv6_ndisc.oe66 (.text:ICMPv6RecvNA)
                  80337380    00000240                         : icmpv6_ndisc.oe66 (.text:ICMPv6SendNA)
                  803375c0    00000240                         : icmpv6_ndisc.oe66 (.text:ICMPv6SendNS)
                  80337800    00000240     ti.drv.pa.ae66 : pa.oe66 (.text:Pa_resetControl)
                  80337a40    00000240     stk6_ppp_pppoe.ae66 : pipe.oe66 (.text:PipeRecv)
                  80337c80    00000240                         : raw.oe66 (.text:RawInput)
                  80337ec0    00000240                         : tcpout.oe66 (.text:TcpGenPacket)
                  80338100    00000240     rts6600_elf_mt.lib : imath64.obj (.text:__c6xabi_divull)
                  80338340    00000240                        : _printfi.obj (.text:_pconv_e)
                  80338580    00000240                        : _printfi.obj (.text:_pproc_diouxp)
                  803387c0    00000240     nettool.ae66 : dhcpsm.oe66 (.text:dhcpIPAdd)
                  80338a00    00000240                  : dhcpsm.oe66 (.text:dhcpState)
                  80338c40    00000240     rts6600_elf_mt.lib : fputc.obj (.text:fputc)
                  80338e80    00000240     sysbios.ae66 : BIOS.obj (.text:ti_sysbios_knl_Task_exit__E)
                  803390c0    00000240     ti.targets.rts6000.ae66 : LoggerBuf.oe66 (.text:xdc_runtime_LoggerBuf_write8__F)
                  80339300    00000220     stk6_ppp_pppoe.ae66 : igmp.oe66 (.text:IGMPJoinHostGroup)
                  80339520    00000220                         : ipv6_frag.oe66 (.text:IPv6ParseFragHdr)
                  80339740    00000220                         : raw6.oe66 (.text:Raw6Output)
                  80339960    00000220                         : rawethsock.oe66 (.text:RawEthSockNew)
                  80339b80    00000220                         : sockpcb.oe66 (.text:SockPcbFind)
                  80339da0    00000220     rts6600_elf_mt.lib : _printfi.obj (.text:_pproc_str)
                  80339fc0    00000220     nettool.ae66 : dhcppkt.oe66 (.text:dhcpVerifyMessage)
                  8033a1e0    00000220                  : httpclie.oe66 (.text:httpGetAuthParams)
                  8033a400    00000220     rts6600_elf_mt.lib : setvbuf.obj (.text:setvbuf)
                  8033a620    00000220     sysbios.ae66 : BIOS.obj (.text:ti_sysbios_knl_Swi_run__I)
                  8033a840    00000220                  : BIOS.obj (.text:ti_sysbios_knl_Task_schedule__I)
                  8033aa60    00000220                  : BIOS.obj (.text:ti_sysbios_knl_Task_startCore__E)
                  8033ac80    00000220     ti.targets.rts6000.ae66 : Core-mem.oe66 (.text:xdc_runtime_Core_createObject__I)
                  8033aea0    00000200     stk6_ppp_pppoe.ae66 : ipv6_exthdrs.oe66 (.text:IPv6ParseHopOptions)
                  8033b0a0    00000200                         : lli6.oe66 (.text:LLI6New)
                  8033b2a0    00000200     ti.drv.qmss.ae66 : qmss_drv.oe66 (.text:Qmss_internalQueueOpen)
                  8033b4a0    00000200                      : qmss_acc.oe66 (.text:Qmss_programAccumulator)
                  8033b6a0    00000200     stk6_ppp_pppoe.ae66 : rtc.oe66 (.text:RTCReport)
                  8033b8a0    00000200     rts6600_elf_mt.lib : _printfi.obj (.text:_pconv_g)
                  8033baa0    00000200     sysbios.ae66 : c64p_Hwi_disp_always.obj (.text:_ti_sysbios_family_c64p_Hwi_dispatchAlways)
                  8033bca0    00000200     stk6_ppp_pppoe.ae66 : socket.oe66 (.text:accept)
                  8033bea0    00000200     ti.drv.cppi.ae66 : cppi_heap.oe66 (.text:cppi_internal_heap_add)
                  8033c0a0    00000200     stk6_ppp_pppoe.ae66 : nimupppoe.oe66 (.text:pppoeCtrlMsg)
                  8033c2a0    000001e0                         : igmp.oe66 (.text:IGMPSendReply)
                  8033c480    000001e0                         : route6.oe66 (.text:Rt6Modify)
                  8033c660    000001e0                         : sock6pcb.oe66 (.text:Sock6PcbFindRaw)
                  8033c840    000001e0                         : auth.oe66 (.text:chapSendMsg)
                  8033ca20    000001e0     nettool.ae66 : dhcpsock.oe66 (.text:dhcpSocketOpen)
                  8033cc00    000001e0     stk6_ppp_pppoe.ae66 : socket.oe66 (.text:sendto)
                  8033cde0    000001e0     sysbios.ae66 : BIOS.obj (.text:ti_sysbios_family_c64p_Exception_externalHandler__I)
                  8033cfc0    000001e0                  : BIOS.obj (.text:ti_sysbios_knl_Task_checkStacks__E)
                  8033d1a0    000001e0                  : BIOS.obj (.text:ti_sysbios_knl_Task_postInit__I)
                  8033d380    000001e0                  : BIOS.obj (.text:ti_sysbios_timers_timer64_Timer_getFreq__E)
                  8033d560    000001c0     nettool.ae66 : config.oe66 (.text:CfgExecute)
                  8033d720    000001c0     ti.drv.cppi.ae66 : cppi_drv.oe66 (.text:Cppi_channelClose)
                  8033d8e0    000001c0                      : cppi_drv.oe66 (.text:Cppi_initCfg)
                  8033daa0    000001c0     stk6_ppp_pppoe.ae66 : ip.oe66 (.text:IPGetRoute)
                  8033dc60    000001c0                         : lliout.oe66 (.text:LLIGenArpPacket)
                  8033de20    000001c0     ti.drv.qmss.ae66 : qmss_drv.oe66 (.text:Qmss_internaldownloadFirmware)
                  8033dfe0    000001c0     stk6_ppp_pppoe.ae66 : raw6.oe66 (.text:Raw6Input)
                  8033e1a0    000001c0     netctrl.ae66 : netsrv.oe66 (.text:SPIpNet)
                  8033e360    000001c0     stk6_ppp_pppoe.ae66 : tcptime.oe66 (.text:TcpTimeoutRexmt)
                  8033e520    000001c0                         : lli.oe66 (.text:_LLITimeoutCheck)
                  8033e6e0    000001c0     rts6600_elf_mt.lib : _printfi.obj (.text:_mcpy)
                  8033e8a0    000001c0     nettool.ae66 : dhcpbild.oe66 (.text:dhcpBuildHeader)
                  8033ea60    000001c0     stk6_ppp_pppoe.ae66 : fileuser.oe66 (.text:fdClose)
                  8033ec20    000001c0     sysbios.ae66 : BIOS.obj (.text:ti_sysbios_family_c64p_Exception_decodeMpfsr__I)
                  8033ede0    000001c0                  : BIOS.obj (.text:ti_sysbios_gates_GateMutex_enter__E)
                  8033efa0    000001c0                  : BIOS.obj (.text:ti_sysbios_timers_timer64_Timer_setPeriodMicroSecs__E)
                  8033f160    000001c0     ti.targets.rts6000.ae66 : Text.oe66 (.text:xdc_runtime_Text_putSite__F)
                  8033f320    000001a0     stk6_ppp_pppoe.ae66 : bind6.oe66 (.text:Bind6Msg)
                  8033f4c0    000001a0     nettool.ae66 : config.oe66 (.text:CfgRemoveEntry)
                  8033f660    000001a0     stk6_ppp_pppoe.ae66 : icmpin.oe66 (.text:ICMPRevSrcRoute)
                  8033f800    000001a0                         : ipv6_frag.oe66 (.text:IPv6FragMsg)
                  8033f9a0    000001a0                         : ipv6_exthdrs.oe66 (.text:IPv6ParseRoutingHdr)
                  8033fb40    000001a0     netctrl.ae66 : netctrl.oe66 (.text:NC_NetStart)
                  8033fce0    000001a0     stk6_ppp_pppoe.ae66 : node.oe66 (.text:NodeTreeFree)
                  8033fe80    000001a0     ti.drv.pa.ae66 : pa.oe66 (.text:Pa_downloadImage)
                  80340020    000001a0     stk6_ppp_pppoe.ae66 : route6.oe66 (.text:Route6LifetimeMgmt)
                  803401c0    000001a0                         : sockint.oe66 (.text:SockCreatePacket)
                  80340360    000001a0     nettool.ae66 : dhcpsm.oe66 (.text:StateRenewRebind)
                  80340500    000001a0     stk6_ppp_pppoe.ae66 : tcp6time.oe66 (.text:TCP6TimeoutRexmt)
                  803406a0    000001a0     rts6600_elf_mt.lib : imath40.obj (.text:__c6xabi_divul)
                  80340840    000001a0     nettool.ae66 : dhcptags.oe66 (.text:dhcpBuildOptions)
                  803409e0    000001a0     stk6_ppp_pppoe.ae66 : socket.oe66 (.text:getpeername)
                  80340b80    000001a0                         : udp6.oe66 (.text:processMulticast)
                  80340d20    000001a0     nettool.ae66 : telnetd.oe66 (.text:telnet_termdata)
                  80340ec0    000001a0     sysbios.ae66 : BIOS.obj (.text:ti_sysbios_family_c66_Cache_block__I)
                  80341060    000001a0                  : BIOS.obj (.text:ti_sysbios_heaps_HeapBuf_Module_startup__F)
                  80341200    000001a0                  : BIOS.obj (.text:ti_sysbios_timers_timer64_Timer_start__E)
                  803413a0    000001a0     ti.targets.rts6000.ae66 : LoggerBuf.oe66 (.text:xdc_runtime_LoggerBuf_write4__F)
                  80341540    00000180     stk6_ppp_pppoe.ae66 : bind6.oe66 (.text:Bind6GetGlobalAddress)
                  803416c0    00000180     rts6600_elf_mt.lib : trgdrv.obj (.text:HOSTrename)
                  80341840    00000180     stk6_ppp_pppoe.ae66 : igmp.oe66 (.text:IGMPMsg)
                  803419c0    00000180                         : nimu.oe66 (.text:NIMURegister)
                  80341b40    00000180     netctrl.ae66 : netsrv.oe66 (.text:ServiceScan)
                  80341cc0    00000180                  : netsrv.oe66 (.text:ServiceSpawn)
                  80341e40    00000180     stk6_ppp_pppoe.ae66 : sock6int.oe66 (.text:Sock6CreatePacket)
                  80341fc0    00000180     nettool.ae66 : dhcpsm.oe66 (.text:StateBound)
                  80342140    00000180     rts6600_elf_mt.lib : copy_decompress_rle.obj (.text:__TI_decompress_rle_core)
                  803422c0    00000180     stk6_ppp_pppoe.ae66 : socket.oe66 (.text:bind)
                  80342440    00000180     nettool.ae66 : dhcpbild.oe66 (.text:dhcpBuildRequest)
                  803425c0    00000180     os.ae66 : task.oe66 (.text:llEnter)
                  80342740    00000180     stk6_ppp_pppoe.ae66 : auth.oe66 (.text:papSendCfg)
                  803428c0    00000180     sysbios.ae66 : c64p_Exception_asm.obj (.text)
                  80342a40    00000180                  : BIOS.obj (.text:ti_sysbios_knl_Swi_schedule__I)
                  80342bc0    00000180                  : BIOS.obj (.text:ti_sysbios_knl_Task_unblockI__E)
                  80342d40    00000160     nettool.ae66 : config.oe66 (.text:CfgGetEntry)
                  80342ea0    00000160                  : config.oe66 (.text:CfgGetNextEntry)
                  80343000    00000160     stk6_ppp_pppoe.ae66 : igmp.oe66 (.text:IGMPDoMCast)
                  80343160    00000160                         : nimu.oe66 (.text:NIMUIoctlSpecialCmd)
                  803432c0    00000160                         : nimuppp.oe66 (.text:PPPStop)
                  80343420    00000160                         : pipe.oe66 (.text:PipeSend)
                  80343580    00000160                         : raw.oe66 (.text:RawOutput)
                  803436e0    00000160                         : rtable.oe66 (.text:RtTimeoutCheck)
                  80343840    00000160                         : rtable.oe66 (.text:RtWalkNext)
                  803439a0    00000160     netctrl.ae66 : netsrv.oe66 (.text:SPRoute)
                  80343b00    00000160     stk6_ppp_pppoe.ae66 : sock6.oe66 (.text:Sock6Check)
                  80343c60    00000160                         : sock6pcb.oe66 (.text:Sock6PcbConnect)
                  80343dc0    00000160                         : sock.oe66 (.text:SockCheck)
                  80343f20    00000160                         : sockpcb.oe66 (.text:SockPcbConnect)
                  80344080    00000160     nettool.ae66 : dhcpsm.oe66 (.text:StateRequesting)
                  803441e0    00000160     stk6_ppp_pppoe.ae66 : tcp6time.oe66 (.text:TCP6TimeoutKeep)
                  80344340    00000160                         : tcptime.oe66 (.text:TcpTimeoutKeep)
                  803444a0    00000160                         : auth.oe66 (.text:authInit)
                  80344600    00000160     nettool.ae66 : httpclie.oe66 (.text:httpExtractTag)
                  80344760    00000160     stk6_ppp_pppoe.ae66 : sock6.oe66 (.text:joinGroup)
                  803448c0    00000160                         : socket.oe66 (.text:setsockopt)
                  80344a20    00000160     nettool.ae66 : telnetd.oe66 (.text:telnetClientProcess)
                  80344b80    00000140     stk6_ppp_pppoe.ae66 : bind6.oe66 (.text:Bind6DADCheck)
                  80344cc0    00000140     ti.csl.ae66 : csl_chip.oe66 (.text:CSL_chipReadReg)
                  80344e00    00000140     stk6_ppp_pppoe.ae66 : exec.oe66 (.text:ExecOpen)
                  80344f40    00000140                         : icmp.oe66 (.text:ICMPSendRtAdv)
                  80345080    00000140                         : igmp.oe66 (.text:IGMPJoin)
                  803451c0    00000140                         : ipv6.oe66 (.text:IPv6DisplayIPAddress)
                  80345300    00000140                         : lli6.oe66 (.text:LLI6Find)
                  80345440    00000140                         : lli.oe66 (.text:LLINew)
                  80345580    00000140                         : node.oe66 (.text:NodeFind)
                  803456c0    00000140                         : node.oe66 (.text:NodeWalk)
                  80345800    00000140                         : pbm.oe66 (.text:PBM_alloc)
                  80345940    00000140                         : pbm.oe66 (.text:PBM_free)
                  80345a80    00000140                         : rtable.oe66 (.text:RtFlush)
                  80345bc0    00000140                         : sb6.oe66 (.text:SB6New)
                  80345d00    00000140     netctrl.ae66 : netsrv.oe66 (.text:ServiceKill)
                  80345e40    00000140     stk6_ppp_pppoe.ae66 : sock6.oe66 (.text:Sock6Accept)
                  80345f80    00000140                         : sock6.oe66 (.text:Sock6Listen)
                  803460c0    00000140                         : sock.oe66 (.text:SockAccept)
                  80346200    00000140                         : sock.oe66 (.text:SockListen)
                  80346340    00000140                         : sockpcb.oe66 (.text:SockPcbCtlError)
                  80346480    00000140     boot.ae66 : autoinit.oe66 (.text:_auto_init_elf)
                  803465c0    00000140     rts6600_elf_mt.lib : _printfi.obj (.text:_pproc_fflags)
                  80346700    00000140     stk6_ppp_pppoe.ae66 : auth.oe66 (.text:authGetPassword)
                  80346840    00000140     nettool.ae66 : dhcptags.oe66 (.text:dhcpDecodeType)
                  80346980    00000140     rts6600_elf_mt.lib : fseek.obj (.text:fseek)
                  80346ac0    00000140                        : lowlev.obj (.text:getdevice)
                  80346c00    00000140     nettool.ae66 : httpsend.oe66 (.text:httpAuthenticationReq)
                  80346d40    00000140     os.ae66 : mem.oe66 (.text:mmCopy)
                  80346e80    00000140     stk6_ppp_pppoe.ae66 : nimuppp.oe66 (.text:pppAddClient)
                  80346fc0    00000140                         : socket.oe66 (.text:recv)
                  80347100    00000140                         : socket.oe66 (.text:send)
                  80347240    00000140     sysbios.ae66 : BIOS.obj (.text:ti_sysbios_family_c64p_Exception_Module_startup__F)
                  80347380    00000140                  : BIOS.obj (.text:ti_sysbios_family_c64p_Hwi_Module_startup__F)
                  803474c0    00000140                  : BIOS.obj (.text:ti_sysbios_family_c66_Cache_Module_startup__F)
                  80347600    00000140                  : BIOS.obj (.text:ti_sysbios_knl_Semaphore_Instance_init__F)
                  80347740    00000140                  : BIOS.obj (.text:ti_sysbios_knl_Swi_post__E)
                  80347880    00000140                  : BIOS.obj (.text:ti_sysbios_knl_Task_Module_startup__F)
                  803479c0    00000140                  : BIOS.obj (.text:ti_sysbios_knl_Task_blockI__E)
                  80347b00    00000140     ti.targets.rts6000.ae66 : Text.oe66 (.text:xdc_runtime_Text_putLab__F)
                  80347c40    00000120     stk6_ppp_pppoe.ae66 : bind6.oe66 (.text:Bind6LifetimeMgmt)
                  80347d60    00000120                         : bind.oe66 (.text:BindFree)
                  80347e80    00000120     nettool.ae66 : config.oe66 (.text:CfgFree)
                  80347fa0    00000120                  : daemon.oe66 (.text:DaemonFree)
                  803480c0    00000120     stk6_ppp_pppoe.ae66 : file.oe66 (.text:FdWaitEvent)
                  803481e0    00000120                         : igmp.oe66 (.text:IGMPLeaveHostGroup)
                  80348300    00000120                         : ip.oe66 (.text:IPMsg)
                  80348420    00000120                         : ipin.oe66 (.text:IPRouteIP)
                  80348540    00000120                         : ipv6_frag.oe66 (.text:IPv6CreateFragQ)
                  80348660    00000120                         : ipv6.oe66 (.text:IPv6Init)
                  80348780    00000120                         : icmpv6out.oe66 (.text:IsICMPv6ErrorPkt)
                  803488a0    00000120                         : md5.oe66 (.text:MD5Update)
                  803489c0    00000120                         : mld.oe66 (.text:MLDJoinGroup)
                  80348ae0    00000120     netctrl.ae66 : netctrl.oe66 (.text:NC_SystemOpen)
                  80348c00    00000120     stk6_ppp_pppoe.ae66 : nimu.oe66 (.text:NIMUAddEthernetHeader)
                  80348d20    00000120     ti.drv.qmss.ae66 : qmss_acc.oe66 (.text:Qmss_disableAccumulator)
                  80348e40    00000120     stk6_ppp_pppoe.ae66 : raweth.oe66 (.text:RawEthRxPacket)
                  80348f60    00000120                         : raweth.oe66 (.text:RawEthTxPacket)
                  80349080    00000120                         : sb.oe66 (.text:SBNew)
                  803491a0    00000120     netctrl.ae66 : netsrv.oe66 (.text:SPConfig)
                  803492c0    00000120                  : netsrv.oe66 (.text:SPService)
                  803493e0    00000120     stk6_ppp_pppoe.ae66 : sock6.oe66 (.text:Sock6Disconnect)
                  80349500    00000120                         : sock6.oe66 (.text:Sock6Shutdown)
                  80349620    00000120                         : sockpcb.oe66 (.text:SockPcbFindRaw)
                  80349740    00000120                         : sock.oe66 (.text:SockShutdown)
                  80349860    00000120                         : tcp6prot.oe66 (.text:TCP6PrAttach)
                  80349980    00000120                         : tcpprot.oe66 (.text:TcpPrAttach)
                  80349aa0    00000120     nettool.ae66 : telnetd.oe66 (.text:TelnetOpen)
                  80349bc0    00000120     stk6_ppp_pppoe.ae66 : rtable.oe66 (.text:_RtNodeInsert)
                  80349ce0    00000120     rts6600_elf_mt.lib : fclose.obj (.text:_closefile)
                  80349e00    00000120                        : _printfi.obj (.text:_ltostr)
                  80349f20    00000120     os.ae66 : mem.oe66 (.text:_mmInit)
                  8034a040    00000120     nettool.ae66 : daemon.oe66 (.text:dchild)
                  8034a160    00000120     stk6_ppp_pppoe.ae66 : fileuser.oe66 (.text:fdOpenSession)
                  8034a280    00000120     nettool.ae66 : http.oe66 (.text:httpOpen)
                  8034a3a0    00000120     stk6_ppp_pppoe.ae66 : lcp.oe66 (.text:lcpOpen)
                  8034a4c0    00000120                         : lcp.oe66 (.text:lcpReject)
                  8034a5e0    00000120                         : socket.oe66 (.text:socket)
                  8034a700    00000120     sysbios.ae66 : BIOS.obj (.text:ti_sysbios_BIOS_rtsUnlock__I)
                  8034a820    00000120                  : BIOS.obj (.text:ti_sysbios_knl_Clock_startI__E)
                  8034a940    00000120     ti.targets.rts6000.ae66 : LoggerBuf.oe66 (.text:xdc_runtime_LoggerBuf_setFilterLevel__F)
                  8034aa60    00000120                             : Text.oe66 (.text:xdc_runtime_Text_putMod__F)
                  8034ab80    00000100     nettool.ae66 : config.oe66 (.text:CfgNew)
                  8034ac80    00000100                  : config.oe66 (.text:CfgSetExecuteOrder)
                  8034ad80    00000100     os.ae66 : ossys.oe66 (.text:DbgPrintf)
                  8034ae80    00000100     stk6_ppp_pppoe.ae66 : igmp.oe66 (.text:IGMPTimer)
                  8034af80    00000100                         : ipv6.oe66 (.text:IPv6GetSubnetMaskFromBits)
                  8034b080    00000100                         : ipv6_frag.oe66 (.text:IPv6ReasmTimeout)
                  8034b180    00000100                         : rtc.oe66 (.text:RTCMsg)
                  8034b280    00000100                         : rawethsock.oe66 (.text:RawEthSockCheck)
                  8034b380    00000100                         : route.oe66 (.text:RtRedirect)
                  8034b480    00000100                         : sockint.oe66 (.text:SockValidateRoute)
                  8034b580    00000100     nettool.ae66 : dhcpsm.oe66 (.text:StateSelecting)
                  8034b680    00000100     stk6_ppp_pppoe.ae66 : tcp6prot.oe66 (.text:TCP6PrInherit)
                  8034b780    00000100                         : tcp6time.oe66 (.text:TCP6XmitTimer)
                  8034b880    00000100                         : tcpprot.oe66 (.text:TcpPrInherit)
                  8034b980    00000100                         : tcptime.oe66 (.text:TcpXmitTimer)
                  8034ba80    00000100                         : rtable.oe66 (.text:_RtNodeRemove)
                  8034bb80    00000100     rts6600_elf_mt.lib : _io_perm.obj (.text:_wrt_ok)
                  8034bc80    00000100     stk6_ppp_pppoe.ae66 : file.oe66 (.text:fdint_unlockfd)
                  8034bd80    00000100                         : socket.oe66 (.text:listen)
                  8034be80    00000100     os.ae66 : mem.oe66 (.text:mmFree)
                  8034bf80    00000100     sysbios.ae66 : BIOS.obj (.text:ti_sysbios_family_c64p_EventCombiner_dispatch__F)
                  8034c080    00000100                  : BIOS.obj (.text:ti_sysbios_knl_Swi_restoreHwi__E)
                  8034c180    00000100                  : BIOS.obj (.text:ti_sysbios_timers_timer64_Timer_initDevice__I)
                  8034c280    00000100     stk6_ppp_pppoe.ae66 : lliin.oe66 (.text:updateRtTable)
                  8034c380    00000100     ti.targets.rts6000.ae66 : Core-mem.oe66 (.text:xdc_runtime_Core_deleteObject__I)
                  8034c480    00000100                             : LoggerBuf.oe66 (.text:xdc_runtime_LoggerBuf_getFilterLevel__F)
                  8034c580    00000100                             : Startup.oe66 (.text:xdc_runtime_Startup_exec__F)
                  8034c680    00000100                             : Text.oe66 (.text:xdc_runtime_Text_visitRope2__I)
                  8034c780    000000e0     stk6_ppp_pppoe.ae66 : bind6.oe66 (.text:Bind6GetLinkLocalAddress)
                  8034c860    000000e0     nettool.ae66 : config.oe66 (.text:CfgGetEntryCnt)
                  8034c940    000000e0                  : dhcpmain.oe66 (.text:DHCPClose)
                  8034ca20    000000e0     rts6600_elf_mt.lib : trgdrv.obj (.text:HOSTlseek)
                  8034cb00    000000e0                        : trgdrv.obj (.text:HOSTopen)
                  8034cbe0    000000e0     stk6_ppp_pppoe.ae66 : icmpv6in.oe66 (.text:ICMPv6SocketErrorInterface)
                  8034ccc0    000000e0                         : igmp.oe66 (.text:IGMPLeave)
                  8034cda0    000000e0                         : ipv6_frag.oe66 (.text:IPv6FindFragQ)
                  8034ce80    000000e0                         : ipv6.oe66 (.text:IPv6Layer4ComputeChecksum)
                  8034cf60    000000e0                         : lli6.oe66 (.text:LLI6Msg)
                  8034d040    000000e0                         : lli6.oe66 (.text:LLI6Update)
                  8034d120    000000e0                         : mld.oe66 (.text:MLDFindMulticastNode)
                  8034d200    000000e0                         : nimu.oe66 (.text:NIMUAllocateIndex)
                  8034d2e0    000000e0                         : nimu.oe66 (.text:NIMUAllocateName)
                  8034d3c0    000000e0                         : node.oe66 (.text:NodeDeRef)
                  8034d4a0    000000e0                         : node.oe66 (.text:NodeNew)
                  8034d580    000000e0                         : node.oe66 (.text:NodeTreeNew)
                  8034d660    000000e0                         : pbm.oe66 (.text:PBMQ_enq)
                  8034d740    000000e0                         : pbm.oe66 (.text:PBM_copy)
                  8034d820    000000e0                         : rawethsock.oe66 (.text:RawEthSockNotify)
                  8034d900    000000e0                         : rawethsock_pcb.oe66 (.text:RawEthSockPcbAttach)
                  8034d9e0    000000e0                         : rawethsock.oe66 (.text:RawEthSockSend)
                  8034dac0    000000e0                         : route6.oe66 (.text:Route6Msg)
                  8034dba0    000000e0                         : route.oe66 (.text:RtDeRef)
                  8034dc80    000000e0                         : route.oe66 (.text:RtRemove)
                  8034dd60    000000e0                         : sb.oe66 (.text:SBSetMax)
                  8034de40    000000e0                         : sock6int.oe66 (.text:Sock6SpawnAbort)
                  8034df20    000000e0                         : sock6int.oe66 (.text:Sock6ValidateRoute)
                  8034e000    000000e0                         : sock.oe66 (.text:SockDisconnect)
                  8034e0e0    000000e0                         : sockint.oe66 (.text:SockSpawnAbort)
                  8034e1c0    000000e0                         : tcp6prot.oe66 (.text:TCP6PrDetach)
                  8034e2a0    000000e0                         : tcp6prot.oe66 (.text:TCP6PrDisconnect)
                  8034e380    000000e0                         : tcp6prot.oe66 (.text:TCP6ValidateMetrics)
                  8034e460    000000e0                         : tcpprot.oe66 (.text:TcpPrDetach)
                  8034e540    000000e0                         : tcpprot.oe66 (.text:TcpPrDisconnect)
                  8034e620    000000e0                         : tcpprot.oe66 (.text:TcpValidateMetrics)
                  8034e700    000000e0                         : timer.oe66 (.text:TimerListInsert)
                  8034e7e0    000000e0                         : udp.oe66 (.text:UdpChecksum)
                  8034e8c0    000000e0                         : vlan.oe66 (.text:VLANDeinit)
                  8034e9a0    000000e0                         : vlan.oe66 (.text:VLANReceivePacket)
                  8034ea80    000000e0     nettool.ae66 : config.oe66 (.text:_CfgEntryScan)
                  8034eb60    000000e0     stk6_ppp_pppoe.ae66 : lli.oe66 (.text:_LLIExpListInsert)
                  8034ec40    000000e0                         : rtable.oe66 (.text:_RtExpListInsert)
                  8034ed20    000000e0     rts6600_elf_mt.lib : divi.obj (.text:__divi)
                  8034ee00    000000e0                        : _printfi.obj (.text:_div)
                  8034eee0    000000e0                        : atoi.obj (.text:atoi)
                  8034efc0    000000e0                        : lowlev.obj (.text:close)
                  8034f0a0    000000e0                        : copy_zero_init.obj (.text:decompress:ZI:__TI_zero_init)
                  8034f180    000000e0     os.ae66 : efs.oe66 (.text:efs_internal_remove)
                  8034f260    000000e0     rts6600_elf_mt.lib : exit.obj (.text:exit)
                  8034f340    000000e0     stk6_ppp_pppoe.ae66 : file.oe66 (.text:fdint_lockfd)
                  8034f420    000000e0     rts6600_elf_mt.lib : fflush.obj (.text:fflush)
                  8034f500    000000e0     nettool.ae66 : httpclie.oe66 (.text:httpGetMimeBits)
                  8034f5e0    000000e0     os.ae66 : task.oe66 (.text:llExit)
                  8034f6c0    000000e0     rts6600_elf_mt.lib : ltoa.obj (.text:ltoa)
                  8034f7a0    000000e0                        : memset.obj (.text:memset)
                  8034f880    000000e0     os.ae66 : mem.oe66 (.text:mmBulkAlloc)
                  8034f960    000000e0     stk6_ppp_pppoe.ae66 : nimuppp.oe66 (.text:pppFree)
                  8034fa40    000000e0     rts6600_elf_mt.lib : printf.obj (.text:printf)
                  8034fb20    000000e0     sysbios.ae66 : BIOS.obj (.text:ti_sysbios_knl_Clock_start__E)
                  8034fc00    000000e0     ti.targets.rts6000.ae66 : Error.oe66 (.text:xdc_runtime_Error_print__F)
                  8034fce0    000000e0                             : Memory.oe66 (.text:xdc_runtime_Memory_alloc__F)
                  8034fdc0    000000c0     rts6600_elf_mt.lib : trgdrv.obj (.text:HOSTread)
                  8034fe80    000000c0                        : trgdrv.obj (.text:HOSTwrite)
                  8034ff40    000000c0     stk6_ppp_pppoe.ae66 : icmpv6in.oe66 (.text:ICMPv6RecvDstUnreachable)
                  80350000    000000c0                         : lli.oe66 (.text:LLIGetValidTime)
                  803500c0    000000c0                         : lli.oe66 (.text:LLIMsg)
                  80350180    000000c0                         : mld.oe66 (.text:MLDCreateMulticastNode)
                  80350240    000000c0                         : mld.oe66 (.text:MLDLeaveGroup)
                  80350300    000000c0                         : nimu.oe66 (.text:NIMUFindByName)
                  803503c0    000000c0     netctrl.ae66 : netsrv.oe66 (.text:NS_BootTask)
                  80350480    000000c0     stk6_ppp_pppoe.ae66 : node.oe66 (.text:NodeUpdatePL)
                  80350540    000000c0     nettool.ae66 : ipaddr.oe66 (.text:NtIfIdx2Ip)
                  80350600    000000c0     ti.drv.qmss.ae66 : qmss_drv.oe66 (.text:Qmss_setEoiVector)
                  803506c0    000000c0     stk6_ppp_pppoe.ae66 : route6.oe66 (.text:Rt6FindDefaultRouter)
                  80350780    000000c0                         : rtable.oe66 (.text:RtWalkBegin)
                  80350840    000000c0                         : sb6.oe66 (.text:SB6Flush)
                  80350900    000000c0                         : sb6.oe66 (.text:SB6SetMax)
                  803509c0    000000c0                         : sb.oe66 (.text:SBFlush)
                  80350a80    000000c0                         : sock6.oe66 (.text:Sock6IntAbort)
                  80350b40    000000c0                         : sock6pcb.oe66 (.text:Sock6PcbResolveChain)
                  80350c00    000000c0                         : sock6pcb.oe66 (.text:Sock6PcbRtChange)
                  80350cc0    000000c0                         : sock.oe66 (.text:SockIntAbort)
                  80350d80    000000c0                         : sockpcb.oe66 (.text:SockPcbRtChange)
                  80350e40    000000c0                         : tcp6prot.oe66 (.text:TCP6Close)
                  80350f00    000000c0                         : tcp6time.oe66 (.text:TCP6TimeoutSackRexmt)
                  80350fc0    000000c0     os.ae66 : task.oe66 (.text:TaskGetEnv)
                  80351080    000000c0     stk6_ppp_pppoe.ae66 : tcp.oe66 (.text:TcpChecksum)
                  80351140    000000c0                         : tcpprot.oe66 (.text:TcpClose)
                  80351200    000000c0                         : tcptime.oe66 (.text:TcpTimeoutSackRexmt)
                  803512c0    000000c0                         : bind6.oe66 (.text:_Bind6FindByHostInList)
                  80351380    000000c0                         : bind6.oe66 (.text:_Bind6FindByNetInList)
                  80351440    000000c0     rts6600_elf_mt.lib : dtor_list.obj (.text:__cxa_finalize)
                  80351500    000000c0                        : divu.obj (.text:__divu)
                  803515c0    000000c0                        : remi.obj (.text:__remi)
                  80351680    000000c0                        : fflush.obj (.text:_doflush)
                  80351740    000000c0     ti.drv.cppi.ae66 : cppi_listlib.oe66 (.text:cppi_list_remove_node)
                  80351800    000000c0     nettool.ae66 : dhcptags.oe66 (.text:dhcpOptionsClear)
                  803518c0    000000c0     os.ae66 : efs.oe66 (.text:efs_fopen)
                  80351980    000000c0     nettool.ae66 : httpsend.oe66 (.text:httpSendFullResponse)
                  80351a40    000000c0     os.ae66 : mem.oe66 (.text:mmZeroInit)
                  80351b00    000000c0     rts6600_elf_mt.lib : _mutex.obj (.text:mutex_init)
                  80351bc0    000000c0     stk6_ppp_pppoe.ae66 : nimuppp.oe66 (.text:pppAddIP)
                  80351c80    000000c0     rts6600_elf_mt.lib : _pthread.obj (.text:pthread_mutex_lock)
                  80351d40    000000c0                        : _pthread.obj (.text:pthread_mutex_unlock)
                  80351e00    000000c0                        : _pthread.obj (.text:pthread_once)
                  80351ec0    000000c0     sysbios.ae66 : BIOS.obj (.text:ti_sysbios_BIOS_errorRaiseHook__I)
                  80351f80    000000c0                  : BIOS.obj (.text:ti_sysbios_heaps_HeapMem_getStats__E)
                  80352040    000000c0                  : BIOS.obj (.text:ti_sysbios_knl_Clock_logTick__E)
                  80352100    000000c0     Disparity_pe66.oe66 (.text:ti_sysbios_knl_Task_Object__create__S)
                  803521c0    000000c0     sysbios.ae66 : BIOS.obj (.text:ti_sysbios_knl_Task_allBlockedFunction__I)
                  80352280    000000c0                  : BIOS.obj (.text:ti_sysbios_timers_timer64_Timer_startup__E)
                  80352340    000000c0     ti.targets.rts6000.ae66 : LoggerBuf.oe66 (.text:xdc_runtime_LoggerBuf_Instance_init__F)
                  80352400    000000c0     Disparity_pe66.oe66 (.text:xdc_runtime_LoggerBuf_Object__create__S)
                  803524c0    000000c0     ti.targets.rts6000.ae66 : System.oe66 (.text:xdc_runtime_System_formatNum__I)
                  80352580    000000a0     nettool.ae66 : config.oe66 (.text:CfgEntryDeRef)
                  80352620    000000a0                  : config.oe66 (.text:CfgEntryGetData)
                  803526c0    000000a0                  : config.oe66 (.text:CfgGetImmediate)
                  80352760    000000a0                  : telnetd.oe66 (.text:CmdWriteBytes)
                  80352800    000000a0                  : telnetd.oe66 (.text:CmdWriteCmd)
                  803528a0    000000a0     ti.drv.cppi.ae66 : cppi_drv.oe66 (.text:Cppi_channelEnable)
                  80352940    000000a0     stk6_ppp_pppoe.ae66 : file.oe66 (.text:FdSignalEvent)
                  803529e0    000000a0     rts6600_elf_mt.lib : trgdrv.obj (.text:HOSTunlink)
                  80352a80    000000a0     stk6_ppp_pppoe.ae66 : ipfrag.oe66 (.text:IPReasmFree)
                  80352b20    000000a0                         : ipfrag.oe66 (.text:IPReasmTimeout)
                  80352bc0    000000a0                         : ipv6.oe66 (.text:IPv6CompareAddress)
                  80352c60    000000a0                         : lliin.oe66 (.text:LLIValidateRoute)
                  80352d00    000000a0                         : md5.oe66 (.text:MD5Final)
                  80352da0    000000a0                         : nimu.oe66 (.text:NIMUShutdown)
                  80352e40    000000a0                         : nimu.oe66 (.text:NIMUUnregister)
                  80352ee0    000000a0     nettool.ae66 : ipaddr.oe66 (.text:NtAddNetwork)
                  80352f80    000000a0     stk6_ppp_pppoe.ae66 : pbm.oe66 (.text:PBM_open)
                  80353020    000000a0                         : pipe.oe66 (.text:PipeCheck)
                  803530c0    000000a0     ti.drv.qmss.ae66 : qmss_drv.oe66 (.text:Qmss_queueClose)
                  80353160    000000a0                      : qmss_drv.oe66 (.text:Qmss_startCfg)
                  80353200    000000a0     stk6_ppp_pppoe.ae66 : rtable.oe66 (.text:RouteMsg)
                  803532a0    000000a0                         : route.oe66 (.text:RtNew)
                  80353340    000000a0                         : sb6.oe66 (.text:SB6Free)
                  803533e0    000000a0                         : sb.oe66 (.text:SBFree)
                  80353480    000000a0     os.ae66 : semaphore.oe66 (.text:SemCreate)
                  80353520    000000a0             : semaphore.oe66 (.text:SemCreateBinary)
                  803535c0    000000a0     stk6_ppp_pppoe.ae66 : sock6pcb.oe66 (.text:Sock6CleanPcb)
                  80353660    000000a0                         : sock6.oe66 (.text:Sock6GetName)
                  80353700    000000a0                         : sock.oe66 (.text:SockBind)
                  803537a0    000000a0                         : sockpcb.oe66 (.text:SockCleanPcb)
                  80353840    000000a0                         : sockpcb.oe66 (.text:SockPcbResolveChain)
                  803538e0    000000a0                         : tcp6prot.oe66 (.text:TCP6Drop)
                  80353980    000000a0                         : tcp6prot.oe66 (.text:TCP6PrCtlError)
                  80353a20    000000a0                         : tcp6prot.oe66 (.text:TCP6PrSend)
                  80353ac0    000000a0                         : tcp6prot.oe66 (.text:TCP6PrSendOOB)
                  80353b60    000000a0     os.ae66 : task.oe66 (.text:TaskCreate)
                  80353c00    000000a0     stk6_ppp_pppoe.ae66 : tcpprot.oe66 (.text:TcpDrop)
                  80353ca0    000000a0                         : tcpprot.oe66 (.text:TcpPrCtlError)
                  80353d40    000000a0                         : tcpprot.oe66 (.text:TcpPrSend)
                  80353de0    000000a0                         : tcpprot.oe66 (.text:TcpPrSendOOB)
                  80353e80    000000a0                         : timer.oe66 (.text:TimerNew)
                  80353f20    000000a0     nettool.ae66 : config.oe66 (.text:_CfgRelease)
                  80353fc0    000000a0     stk6_ppp_pppoe.ae66 : lli.oe66 (.text:_LLITimeoutFlush)
                  80354060    000000a0     rts6600_elf_mt.lib : dtor_list.obj (.text:_Z11__TI_atexitPFYvPvES_S_)
                  80354100    000000a0                        : remu.obj (.text:__remu)
                  803541a0    000000a0     boot.ae66 : boot.oe66 (.text:_c_int00)
                  80354240    000000a0     rts6600_elf_mt.lib : fopen.obj (.text:_cleanup)
                  803542e0    000000a0                        : _printfi.obj (.text:_ecpy)
                  80354380    000000a0                        : _printfi.obj (.text:_fcpy)
                  80354420    000000a0                        : _printfi.obj (.text:_pconv_f)
                  803544c0    000000a0     stk6_ppp_pppoe.ae66 : auth.oe66 (.text:authStart)
                  80354560    000000a0     ti.drv.cppi.ae66 : cppi_heap.oe66 (.text:cppi_internal_heap_malloc)
                  80354600    000000a0                      : cppi_listlib.oe66 (.text:cppi_list_cat)
                  803546a0    000000a0     nettool.ae66 : dhcpbild.oe66 (.text:dhcpBuildDecline)
                  80354740    000000a0                  : dhcpsm.oe66 (.text:dhcpIPRemove)
                  803547e0    000000a0     os.ae66 : efs.oe66 (.text:efs_filesend)
                  80354880    000000a0     stk6_ppp_pppoe.ae66 : fileuser.oe66 (.text:fdCloseSession)
                  80354920    000000a0     rts6600_elf_mt.lib : lowlev.obj (.text:finddevice)
                  803549c0    000000a0     stk6_ppp_pppoe.ae66 : lcp.oe66 (.text:lcpInit)
                  80354a60    000000a0                         : lcp.oe66 (.text:lcpSendTerm)
                  80354b00    000000a0                         : sock6.oe66 (.text:leaveGroup)
                  80354ba0    000000a0     hal_timer_bios.ae66 : lltimer.oe66 (.text:llTimerTick)
                  80354c40    000000a0     rts6600_elf_mt.lib : lowlev.obj (.text:lseek)
                  80354ce0    000000a0                        : memcpy64.obj (.text:memcpy)
                  80354d80    000000a0     os.ae66 : mem.oe66 (.text:mmBulkFree)
                  80354e20    000000a0             : mem.oe66 (.text:mmInitPage)
                  80354ec0    000000a0     rts6600_elf_mt.lib : _mutex.obj (.text:mutex_unlock)
                  80354f60    000000a0     ti.drv.pa.ae66 : pa.oe66 (.text:pa_format_fcmd_header)
                  80355000    000000a0                    : pa.oe66 (.text:pa_pdsp_run)
                  803550a0    000000a0     os.ae66 : ossys.oe66 (.text:stricmp)
                  80355140    000000a0     rts6600_elf_mt.lib : strstr.obj (.text:strstr)
                  803551e0    000000a0     sysbios.ae66 : BIOS.obj (.text:ti_sysbios_family_c64p_Hwi_eventMap__E)
                  80355280    000000a0                  : BIOS.obj (.text:ti_sysbios_family_c64p_Hwi_getStackInfo__E)
                  80355320    000000a0                  : BIOS.obj (.text:ti_sysbios_heaps_HeapMem_init__I)
                  803553c0    000000a0                  : BIOS.obj (.text:ti_sysbios_knl_Idle_run__E)
                  80355460    000000a0                  : BIOS.obj (.text:ti_sysbios_knl_Semaphore_pendTimeout__I)
                  80355500    000000a0                  : BIOS.obj (.text:ti_sysbios_knl_Task_deleteTerminatedTasksFunc__I)
                  803555a0    000000a0                  : BIOS.obj (.text:ti_sysbios_knl_Task_processVitalTaskFlag__I)
                  80355640    000000a0                  : BIOS.obj (.text:ti_sysbios_timers_timer64_Timer_stop__E)
                  803556e0    000000a0     rts6600_elf_mt.lib : lowlev.obj (.text:write)
                  80355780    000000a0     ti.targets.rts6000.ae66 : Assert.oe66 (.text:xdc_runtime_Assert_raise__I)
                  80355820    000000a0                             : LoggerBuf.oe66 (.text:xdc_runtime_LoggerBuf_Module_startup__F)
                  803558c0    000000a0     Disparity_pe66.oe66 (.text:xdc_runtime_LoggerBuf_write8__E)
                  80355960    000000a0     ti.targets.rts6000.ae66 : Text.oe66 (.text:xdc_runtime_Text_xprintf__I)
                  80355a00    00000080     ti.drv.cppi.ae66 : cppi_drv.oe66 (.text:Cppi_setCpdmaLoopback)
                  80355a80    00000080     stk6_ppp_pppoe.ae66 : md5.oe66 (.text:Decode)
                  80355b00    00000080     rts6600_elf_mt.lib : trgdrv.obj (.text:HOSTclose)
                  80355b80    00000080     stk6_ppp_pppoe.ae66 : icmp.oe66 (.text:ICMPChecksum)
                  80355c00    00000080                         : icmpv6in.oe66 (.text:ICMPv6RecvParamProblem)
                  80355c80    00000080                         : icmpv6_ndisc.oe66 (.text:ICMPv6RecvRS)
                  80355d00    00000080                         : icmpv6in.oe66 (.text:ICMPv6RecvTimeExceeded)
                  80355d80    00000080                         : ipv6out.oe66 (.text:IPv6GetRoute)
                  80355e00    00000080                         : lli6.oe66 (.text:LLI6Free)
                  80355e80    00000080                         : lli6.oe66 (.text:LLI6IsRouterStatMachine)
                  80355f00    00000080                         : nimu.oe66 (.text:NIMUInit)
                  80355f80    00000080                         : pbm.oe66 (.text:PBMQ_deq)
                  80356000    00000080                         : nimuppp.oe66 (.text:PPPSend)
                  80356080    00000080     ti.drv.pa.ae66 : painit.oe66 (.text:Pa_getBufferReq)
                  80356100    00000080     stk6_ppp_pppoe.ae66 : pipe.oe66 (.text:PipeClose)
                  80356180    00000080     ti.drv.qmss.ae66 : qmss_drv.oe66 (.text:Qmss_getMemRegQueueHandle)
                  80356200    00000080                      : qmss_drv.oe66 (.text:Qmss_queueOpen)
                  80356280    00000080     stk6_ppp_pppoe.ae66 : rawethsock.oe66 (.text:RawEthSockClose)
                  80356300    00000080                         : rawethsock_pcb.oe66 (.text:RawEthSockPcbDetach)
                  80356380    00000080                         : route6.oe66 (.text:Rt6Update)
                  80356400    00000080                         : route.oe66 (.text:RtSetFailure)
                  80356480    00000080                         : route.oe66 (.text:RtSetTimeout)
                  80356500    00000080                         : sock6.oe66 (.text:Sock6Bind)
                  80356580    00000080                         : sock6pcb.oe66 (.text:Sock6PcbCleanup)
                  80356600    00000080                         : sock.oe66 (.text:SockGetName)
                  80356680    00000080                         : sockpcb.oe66 (.text:SockPcbCleanup)
                  80356700    00000080                         : sockpcb.oe66 (.text:SockPcbDetach)
                  80356780    00000080                         : tcp6prot.oe66 (.text:TCP6PrListen)
                  80356800    00000080     os.ae66 : task.oe66 (.text:TaskSetEnv)
                  80356880    00000080     stk6_ppp_pppoe.ae66 : tcpprot.oe66 (.text:TcpPrListen)
                  80356900    00000080                         : timer.oe66 (.text:TimerHSTick)
                  80356980    00000080                         : timer.oe66 (.text:TimerListRemove)
                  80356a00    00000080     nettool.ae66 : config.oe66 (.text:_CfgAcquire)
                  80356a80    00000080     stk6_ppp_pppoe.ae66 : lli.oe66 (.text:_LLIExpListRemove)
                  80356b00    00000080                         : rtc.oe66 (.text:_RTCSendRtAdv)
                  80356b80    00000080                         : rtable.oe66 (.text:_RtExpListRemove)
                  80356c00    00000080     rts6600_elf_mt.lib : _mutex.obj (.text:__TI_resource_lock)
                  80356c80    00000080                        : llshift.obj (.text:__c6xabi_llshl)
                  80356d00    00000080     sysbios.ae66 : c62_TaskSupport_asm.obj (.text:_ti_sysbios_family_c62_TaskSupport_swap__E)
                  80356d80    00000080     ti.drv.cppi.ae66 : cppi_heap.oe66 (.text:cppi_internal_heap_cache_begin)
                  80356e00    00000080                      : cppi_listlib.oe66 (.text:cppi_list_remove)
                  80356e80    00000080     nettool.ae66 : dhcpsock.oe66 (.text:dhcpSocketClose)
                  80356f00    00000080     os.ae66 : efs.oe66 (.text:efs_fclose)
                  80356f80    00000080             : efs.oe66 (.text:efs_findfile)
                  80357000    00000080     stk6_ppp_pppoe.ae66 : file.oe66 (.text:fdint_waitevent)
                  80357080    00000080     nettool.ae66 : httpsend.oe66 (.text:httpSendEntityLength)
                  80357100    00000080                  : httpsend.oe66 (.text:httpSendErrorResponse)
                  80357180    00000080     hal_timer_bios.ae66 : lltimer.oe66 (.text:llTimerGetTime)
                  80357200    00000080     Disparity_pe66.oe66 (.text:malloc)
                  80357280    00000080     rts6600_elf_mt.lib : _mutex.obj (.text:mutex_lock)
                  80357300    00000080     mathlib.ae66 : rsqrtsp.obj (.text:optasm)
                  80357380    00000080     ti.drv.pa.ae66 : pa.oe66 (.text:pa_uint8_match)
                  80357400    00000080     rts6600_elf_mt.lib : _pthread.obj (.text:pthread_mutex_init)
                  80357480    00000080                        : trgmsg.obj (.text:readmsg)
                  80357500    00000080     nettool.ae66 : httpsend.oe66 (.text:strcat)
                  80357580    00000080     rts6600_elf_mt.lib : strncpy.obj (.text:strncpy)
                  80357600    00000080     ti.drv.pa.ae66 : pa.oe66 (.text:swizFcmd)
                  80357680    00000080     ti.platform.evm6678l.ae66 : evm66x_i2c.obj (.text)
                  80357700    00000080     sysbios.ae66 : BIOS.obj (.text:ti_sysbios_BIOS_registerRTSLock__I)
                  80357780    00000080     Disparity_pe66.oe66 (.text:ti_sysbios_gates_GateHwi_Object__create__S)
                  80357800    00000080     Disparity_pe66.oe66 (.text:ti_sysbios_gates_GateMutex_Object__create__S)
                  80357880    00000080     sysbios.ae66 : BIOS.obj (.text:ti_sysbios_hal_Hwi_checkStack:ti_sysbios_hal_Hwi_checkStack)
                  80357900    00000080                  : BIOS.obj (.text:ti_sysbios_hal_Hwi_initStack:ti_sysbios_hal_Hwi_initStack)
                  80357980    00000080     Disparity_pe66.oe66 (.text:ti_sysbios_heaps_HeapMem_Object__create__S)
                  80357a00    00000080     sysbios.ae66 : BIOS.obj (.text:ti_sysbios_knl_Clock_Module_startup__F)
                  80357a80    00000080     Disparity_pe66.oe66 (.text:ti_sysbios_knl_Clock_Object__create__S)
                  80357b00    00000080     sysbios.ae66 : BIOS.obj (.text:ti_sysbios_knl_Clock_getTicks__E)
                  80357b80    00000080     Disparity_pe66.oe66 (.text:ti_sysbios_knl_Queue_Object__create__S)
                  80357c00    00000080     Disparity_pe66.oe66 (.text:ti_sysbios_knl_Semaphore_Object__create__S)
                  80357c80    00000080     sysbios.ae66 : BIOS.obj (.text:ti_sysbios_knl_Swi_startup__E)
                  80357d00    00000080                  : BIOS.obj (.text:ti_sysbios_knl_Task_restore__E)
                  80357d80    00000080                  : BIOS.obj (.text:ti_sysbios_timers_timer64_Timer_getCount__E)
                  80357e00    00000080                  : BIOS.obj (.text:ti_sysbios_timers_timer64_Timer_getPeriod__E)
                  80357e80    00000080     rts6600_elf_mt.lib : trgmsg.obj (.text:writemsg)
                  80357f00    00000080     ti.targets.rts6000.ae66 : Core-label.oe66 (.text:xdc_runtime_Core_assignLabel__I)
                  80357f80    00000080                             : Core-params.oe66 (.text:xdc_runtime_Core_assignParams__I)
                  80358000    00000080                             : LoggerBuf.oe66 (.text:xdc_runtime_LoggerBuf_filterOutEvent__I)
                  80358080    00000080                             : System.oe66 (.text:xdc_runtime_System_atexit__F)
                  80358100    00000080                             : System.oe66 (.text:xdc_runtime_System_putchar__I)
                  80358180    00000080                             : System.oe66 (.text:xdc_runtime_System_rtsExit__I)
                  80358200    00000080                             : Text.oe66 (.text:xdc_runtime_Text_printVisFxn__I)
                  80358280    00000060     stk6_ppp_pppoe.ae66 : bind6.oe66 (.text:Bind6FindByIF)
                  803582e0    00000060                         : bind6.oe66 (.text:Bind6IF2IPHost)
                  80358340    00000060                         : bind.oe66 (.text:BindFindByHost)
                  803583a0    00000060                         : bind.oe66 (.text:BindFindByIF)
                  80358400    00000060                         : bind.oe66 (.text:BindFindByNet)
                  80358460    00000060                         : bind.oe66 (.text:BindGetIFByDBCast)
                  803584c0    00000060                         : bind.oe66 (.text:BindIF2IPHost)
                  80358520    00000060     nettool.ae66 : config.oe66 (.text:CfgEntryInfo)
                  80358580    00000060                  : config.oe66 (.text:CfgSetService)
                  803585e0    00000060     stk6_ppp_pppoe.ae66 : md5.oe66 (.text:Encode)
                  80358640    00000060                         : exec.oe66 (.text:ExecBroadcast)
                  803586a0    00000060                         : igmp.oe66 (.text:IGMPTestGroup)
                  80358700    00000060                         : ip.oe66 (.text:IPChecksum)
                  80358760    00000060                         : lli.oe66 (.text:LLIFree)
                  803587c0    00000060     netctrl.ae66 : netctrl.oe66 (.text:NC_SystemClose)
                  80358820    00000060     stk6_ppp_pppoe.ae66 : nimu.oe66 (.text:NIMUAddHeader)
                  80358880    00000060                         : nimu.oe66 (.text:NIMUCreatePacket)
                  803588e0    00000060                         : nimu.oe66 (.text:NIMUFindByIndex)
                  80358940    00000060                         : nimu.oe66 (.text:NIMUPacketService)
                  803589a0    00000060                         : nimu.oe66 (.text:NIMUPacketServiceCheck)
                  80358a00    00000060                         : nimu.oe66 (.text:NIMUSendPacket)
                  80358a60    00000060     netctrl.ae66 : netsrv.oe66 (.text:NS_PreBoot)
                  80358ac0    00000060     stk6_ppp_pppoe.ae66 : node.oe66 (.text:NodeGetRt)
                  80358b20    00000060                         : nimuppp.oe66 (.text:PPPStart)
                  80358b80    00000060                         : rtc.oe66 (.text:RTCAddHook)
                  80358be0    00000060                         : rtc.oe66 (.text:RTCRemoveHook)
                  80358c40    00000060                         : rawethsock_pcb.oe66 (.text:RawEthSockPcbCleanup)
                  80358ca0    00000060                         : rawethsock_pcb.oe66 (.text:RawEthSockPcbFind)
                  80358d00    00000060                         : route6.oe66 (.text:Rt6GetNetworkAddr)
                  80358d60    00000060                         : rtable.oe66 (.text:RtWalkEnd)
                  80358dc0    00000060     netctrl.ae66 : netsrv.oe66 (.text:ServiceCallback)
                  80358e20    00000060     stk6_ppp_pppoe.ae66 : sock6pcb.oe66 (.text:Sock6PcbDetach)
                  80358e80    00000060                         : sock6prot.oe66 (.text:Sock6PrCtlError)
                  80358ee0    00000060                         : sock6prot.oe66 (.text:Sock6PrDetach)
                  80358f40    00000060                         : sockprot.oe66 (.text:SockPrCtlError)
                  80358fa0    00000060                         : sockprot.oe66 (.text:SockPrDetach)
                  80359000    00000060                         : tcp6prot.oe66 (.text:TCP6PrConnect)
                  80359060    00000060                         : tcp6time.oe66 (.text:TCP6SetPersist)
                  803590c0    00000060                         : tcp6time.oe66 (.text:TCP6TimeoutPersist)
                  80359120    00000060                         : tcpprot.oe66 (.text:TcpPrConnect)
                  80359180    00000060                         : tcptime.oe66 (.text:TcpSetPersist)
                  803591e0    00000060                         : tcptime.oe66 (.text:TcpTimeoutPersist)
                  80359240    00000060                         : vlan.oe66 (.text:VLANFindNode)
                  803592a0    00000060                         : vlan.oe66 (.text:VLANFindSourceInterface)
                  80359300    00000060                         : vlan.oe66 (.text:VLANInit)
                  80359360    00000060     nettool.ae66 : config.oe66 (.text:_CfgEntryProcess)
                  803593c0    00000060     rts6600_elf_mt.lib : frcmpyd_div.obj (.text:__c6xabi_frcmpyd_div)
                  80359420    00000060                        : llshift.obj (.text:__c6xabi_llshru)
                  80359480    00000060                        : imath64.obj (.text:_subcull)
                  803594e0    00000060     ti.drv.cppi.ae66 : cppi_listlib.oe66 (.text:cppi_list_add)
                  80359540    00000060                      : cppi_listlib.oe66 (.text:cppi_list_cache_invalidate)
                  803595a0    00000060     rts6600_elf_mt.lib : _mutex.obj (.text:create_resource_mutexes)
                  80359600    00000060                        : _mutex.obj (.text:destroy_resource_mutexes)
                  80359660    00000060     nettool.ae66 : dhcpbild.oe66 (.text:dhcpBuildDiscover)
                  803596c0    00000060                  : dhcpsock.oe66 (.text:dhcpPacketReceive)
                  80359720    00000060                  : dhcpsock.oe66 (.text:dhcpPacketSend)
                  80359780    00000060     stk6_ppp_pppoe.ae66 : fileuser.oe66 (.text:fdSelectAbort)
                  803597e0    00000060                         : file.oe66 (.text:fdint_clearevent)
                  80359840    00000060                         : file.oe66 (.text:fdint_getfdt)
                  803598a0    00000060                         : file.oe66 (.text:fdint_setevent)
                  80359900    00000060                         : fileuser.oe66 (.text:fdsetTestEntry)
                  80359960    00000060     nettool.ae66 : httpsend.oe66 (.text:httpSendClientStr)
                  803599c0    00000060     stk6_ppp_pppoe.ae66 : ipcp.oe66 (.text:ipcpInit)
                  80359a20    00000060                         : ipcp.oe66 (.text:ipcpStart)
                  80359a80    00000060                         : lcp.oe66 (.text:lcpClose)
                  80359ae0    00000060                         : listlib.oe66 (.text:list_cat)
                  80359b40    00000060                         : listlib.oe66 (.text:list_remove_node)
                  80359ba0    00000060     rts6600_elf_mt.lib : memccpy.obj (.text:memccpy)
                  80359c00    00000060     os.ae66 : mem.oe66 (.text:mmUnInitPage)
                  80359c60    00000060     ti.drv.pa.ae66 : painit.oe66 (.text:pa_init_global_cfg)
                  80359cc0    00000060                    : pa.oe66 (.text:pa_uint8_zero)
                  80359d20    00000060     stk6_ppp_pppoe.ae66 : nimupppoe.oe66 (.text:pppoeInput)
                  80359d80    00000060     rts6600_elf_mt.lib : _pthread.obj (.text:pthread_mutex_destroy)
                  80359de0    00000060                        : strcpy.obj (.text:strcpy)
                  80359e40    00000060     Disparity_pe66.oe66 (.text:ti_ndk_config_Global_stackThread)
                  80359ea0    00000060     Disparity_pe66.oe66 (.text:ti_sysbios_BIOS_exitFunc__I)
                  80359f00    00000060     sysbios.ae66 : BIOS.obj (.text:ti_sysbios_BIOS_rtsLock__I)
                  80359f60    00000060                  : BIOS.obj (.text:ti_sysbios_family_c62_TaskSupport_start__E)
                  80359fc0    00000060                  : BIOS.obj (.text:ti_sysbios_family_c64p_EventCombiner_Module_startup__F)
                  8035a020    00000060                  : BIOS.obj (.text:ti_sysbios_family_c64p_EventCombiner_dispatchPlug__F)
[...]
8035de00   xdc_runtime_Text_cordText__E
8035de20   xdc_runtime_Text_putLab__E
8035de40   xdc_runtime_Text_putSite__E
8035de60   xdc_runtime_Text_ropeText__E
8035de80   xdc_runtime_Timestamp_SupportProxy_get32__E
8035de80   xdc_runtime_Timestamp_get32__F
8035dea0   xdc_runtime_Timestamp_SupportProxy_getFreq__E
8035dea0   xdc_runtime_Timestamp_getFreq__F
8035dec0   xdc_runtime_Timestamp_get32__E
8035dee0   xdc_runtime_Timestamp_getFreq__E
8035df00   ti_ndk_config_Global_pit
8035e0c0   ti_ndk_config_Global_pitBuffer
8036a0c0   ti_sysbios_knl_Task_Instance_State_0_hookEnv__A
8036a0c8   ti_sysbios_knl_Task_Instance_State_1_hookEnv__A
8036a0d0   ti_sysbios_knl_Task_Instance_State_2_hookEnv__A
8036a0d8   xdc_runtime_LoggerBuf_Instance_State_0_entryArr__A
8036b090   _tmpnams
8036b1d0   qmssLObj
8036b4d8   IPV6_LINKLOCALMASK
8036b4e8   IPV6_MULTICASTMASK
8036b4f8   IPV6_UNSPECIFIED_ADDRESS
8036b508   IPV6_LOOPBACK_ADDRESS
8036b518   IPV6_HOST_MASK
8036b528   IPV6_ALL_NODES_ADDRESS
8036b538   IPV6_ALL_ROUTER_ADDRESS
8036b548   ipv6mcb
8036b5a0   tcps
8036b658   tpseudo
8036b664   tcp6_stats
8036b71c   raweth_pcb
8036b720   _ICMPIn
8036b770   _ICMPOut
8036b7bc   gPlatformInfo
8036b850   BlockMax
8036b870   BlockCount
8036b890   PageMax
8036b8b0   PageCount
8036b8cc   ips
8036b934   nimu_mcb
8036b998   gI2cBlock
8036b9dc   udps
8036ba00   upseudo
8036ba10   nimuGlobalConfigParams
8036ba20   coreKey
8036ba40   vlan_mcb
8036ba68   udp6_stats
8036ba90   gCppiCfg
8036bab0   icmp6stats
8036bae4   stkEvent
8036baf4   raws
8036bb04   raw6_stats
8036bb14   raweths
8036bb24   PBMQ_free
8036bb30   c1
8036d8f8   m
8036f1a8   xdc_runtime_Text_charTab__A
803707a0   c2
80372788   acc48_le
80372db8   ti_sysbios_family_c66_Cache_marvalues__C
80374146   ti_sysbios_BIOS_Module__id__C
80374148   _ctypes_
8037424a   ti_sysbios_family_c64p_EventCombiner_Module__id__C
8037424c   ti_sysbios_BIOS_Module__diagsEnabled__C
80374250   xdc_runtime_Text_nodeTab__A
80374a96   ti_sysbios_family_c64p_Exception_Module__id__C
80374bbc   ti_sysbios_BIOS_Module__diagsIncluded__C
80374bc0   pap_pdsp_const_reg_map
80374d82   ti_sysbios_family_c64p_Exception_enableExternalMPC__C
80374e8a   ti_sysbios_family_c64p_Exception_enablePrint__C
80374e8c   ti_sysbios_BIOS_Module__diagsMask__C
80374e90   Code2Err
80375082   ti_sysbios_family_c64p_Exception_useInternalBuffer__C
80375084   ti_sysbios_knl_Task_Object__PARAMS__C
803750c0   xdc_runtime_LoggerBuf_Module__FXNS__C
803750fc   ti_sysbios_BIOS_installedErrorHook__C
80375100   xdc_runtime_Startup_sfxnTab__A
803751d2   ti_sysbios_family_c64p_Hwi_Module__id__C
803751d4   ti_sysbios_family_c62_TaskSupport_stackAlignment__C
803751d8   ti_sysbios_knl_Task_hooks__A
8037528c   ti_sysbios_heaps_HeapMem_Module__FXNS__C
803752b4   xdc_runtime_LoggerBuf_Object__PARAMS__C
80375304   ti_sysbios_gates_GateHwi_Module__FXNS__C
80375328   ti_sysbios_gates_GateMutex_Module__FXNS__C
8037534c   ti_sysbios_heaps_HeapMem_Object__PARAMS__C
80375370   ti_sysbios_knl_Clock_Object__PARAMS__C
80375394   ti_sysbios_knl_Semaphore_Object__PARAMS__C
803753dc   ti_sysbios_gates_GateHwi_Object__DESC__C
803753fc   ti_sysbios_gates_GateMutex_Object__DESC__C
8037541c   ti_sysbios_heaps_HeapMem_Object__DESC__C
8037543c   ti_sysbios_knl_Clock_Object__DESC__C
8037545c   ti_sysbios_knl_Queue_Object__DESC__C
8037547c   ti_sysbios_knl_Semaphore_Object__DESC__C
8037549c   ti_sysbios_knl_Task_Object__DESC__C
803754bc   xdc_runtime_LoggerBuf_Object__DESC__C
803754dc   ti_sysbios_family_c64p_EventCombiner_E_unpluggedEvent__C
8037553a   ti_sysbios_family_c64p_Hwi_Module__loggerDefined__C
8037553c   ti_sysbios_family_c64p_Exception_E_exceptionMax__C
80375540   xdc_runtime_Startup_sfxnRts__A
8037555c   ti_sysbios_family_c64p_Exception_E_exceptionMin__C
803755c0   ti_sysbios_gates_GateHwi_Object__PARAMS__C
803755d8   ti_sysbios_gates_GateMutex_Object__PARAMS__C
803755f0   ti_sysbios_knl_Queue_Object__PARAMS__C
8037566a   ti_sysbios_gates_GateMutex_Module__id__C
8037566c   ti_sysbios_family_c64p_Exception_exceptionHook__C
80375682   ti_sysbios_hal_Hwi_Module__id__C
80375684   ti_sysbios_family_c64p_Exception_externalHook__C
80375688   paMemAligns
80375698   ti_sysbios_family_c64p_EventCombiner_EVTMASK__C
803756d0   ti_sysbios_family_c66_Cache_initSize__C
803756f2   ti_sysbios_heaps_HeapMem_Module__id__C
803756f4   ti_sysbios_family_c64p_Exception_internalHook__C
80375702   ti_sysbios_knl_Clock_Module__id__C
80375704   ti_sysbios_family_c64p_Exception_nmiHook__C
80375720   ti_sysbios_knl_Idle_coreList__A
80375728   ti_sysbios_knl_Idle_coreList__C
80375730   ti_sysbios_knl_Idle_funcList__A
80375738   ti_sysbios_knl_Idle_funcList__C
80375740   ti_sysbios_knl_Task_hooks__C
80375748   xdc_runtime_Startup_firstFxns__A
80375750   xdc_runtime_Startup_firstFxns__C
80375758   xdc_runtime_Startup_lastFxns__A
80375760   xdc_runtime_Startup_lastFxns__C
8037576e   ti_sysbios_knl_Clock_Module__loggerDefined__C
80375776   ti_sysbios_knl_Semaphore_Module__id__C
8037577e   ti_sysbios_knl_Semaphore_Module__loggerDefined__C
80375780   ti_sysbios_family_c64p_Hwi_LD_end__C
80375784   ti_sysbios_family_c64p_Hwi_LM_begin__C
80375788   ti_sysbios_family_c64p_Hwi_Module__diagsEnabled__C
8037578c   ti_sysbios_family_c64p_Hwi_Module__diagsIncluded__C
80375790   ti_sysbios_family_c64p_Hwi_Module__diagsMask__C
80375794   ti_sysbios_family_c64p_Hwi_Module__loggerFxn1__C
80375798   ti_sysbios_family_c64p_Hwi_Module__loggerFxn8__C
8037579c   ti_sysbios_family_c64p_Hwi_Module__loggerObj__C
803757a0   ti_sysbios_family_c66_Cache_atomicBlockSize__C
803757a4   ti_sysbios_gates_GateMutex_A_badContext__C
803757a8   ti_sysbios_gates_GateMutex_Instance_State_sem__O
803757ac   ti_sysbios_gates_GateMutex_Module__diagsEnabled__C
803757b0   ti_sysbios_gates_GateMutex_Module__diagsIncluded__C
803757b4   ti_sysbios_gates_GateMutex_Module__diagsMask__C
803757b8   ti_sysbios_hal_Hwi_E_stackOverflow__C
803757bc   ti_sysbios_heaps_HeapBuf_Instance_State_freeList__O
803757c0   ti_sysbios_heaps_HeapBuf_Object__count__C
803757c4   ti_sysbios_heaps_HeapBuf_Object__table__C
803757c8   ti_sysbios_heaps_HeapBuf_numConstructedHeaps__C
803757cc   ti_sysbios_heaps_HeapMem_A_align__C
803757d0   ti_sysbios_heaps_HeapMem_A_heapSize__C
803757d4   ti_sysbios_heaps_HeapMem_A_invalidFree__C
803757d8   ti_sysbios_heaps_HeapMem_A_zeroBlock__C
803757dc   ti_sysbios_heaps_HeapMem_E_memory__C
803757e0   ti_sysbios_heaps_HeapMem_Module__diagsEnabled__C
803757e4   ti_sysbios_heaps_HeapMem_Module__diagsIncluded__C
803757e8   ti_sysbios_heaps_HeapMem_Module__diagsMask__C
803757ec   ti_sysbios_heaps_HeapMem_Module__gateObj__C
803757f0   ti_sysbios_heaps_HeapMem_Object__count__C
803757f4   ti_sysbios_heaps_HeapMem_Object__table__C
803757f8   ti_sysbios_heaps_HeapMem_reqAlign__C
803757fc   ti_sysbios_knl_Clock_A_badThreadType__C
80375800   ti_sysbios_knl_Clock_LM_begin__C
80375804   ti_sysbios_knl_Clock_LM_tick__C
80375808   ti_sysbios_knl_Clock_LW_delayed__C
8037580c   ti_sysbios_knl_Clock_Module_State_clockQ__O
80375810   ti_sysbios_knl_Clock_Module__diagsEnabled__C
80375814   ti_sysbios_knl_Clock_Module__diagsIncluded__C
80375818   ti_sysbios_knl_Clock_Module__diagsMask__C
8037581c   ti_sysbios_knl_Clock_Module__loggerFxn1__C
80375820   ti_sysbios_knl_Clock_Module__loggerFxn2__C
80375824   ti_sysbios_knl_Clock_Module__loggerObj__C
80375828   ti_sysbios_knl_Clock_tickMode__C
8037582c   ti_sysbios_knl_Clock_tickSource__C
80375830   ti_sysbios_knl_Queue_Object__count__C
80375834   ti_sysbios_knl_Queue_Object__table__C
80375838   ti_sysbios_knl_Semaphore_A_badContext__C
8037583c   ti_sysbios_knl_Semaphore_A_noEvents__C
80375840   ti_sysbios_knl_Semaphore_A_overflow__C
80375844   ti_sysbios_knl_Semaphore_A_pendTaskDisabled__C
80375848   ti_sysbios_knl_Semaphore_Instance_State_pendQ__O
8037584c   ti_sysbios_knl_Semaphore_LM_pend__C
80375850   ti_sysbios_knl_Semaphore_LM_post__C
80375854   ti_sysbios_knl_Semaphore_Module__diagsEnabled__C
80375858   ti_sysbios_knl_Semaphore_Module__diagsIncluded__C
8037585c   ti_sysbios_knl_Semaphore_Module__diagsMask__C
80375860   ti_sysbios_knl_Semaphore_Module__loggerFxn2__C
80375864   ti_sysbios_knl_Semaphore_Module__loggerFxn4__C
80375868   ti_sysbios_knl_Semaphore_Module__loggerObj__C
8037586c   ti_sysbios_knl_Swi_LD_end__C
80375870   ti_sysbios_knl_Swi_LM_begin__C
80375874   ti_sysbios_knl_Swi_LM_post__C
80375878   ti_sysbios_knl_Swi_Module__diagsEnabled__C
8037587c   ti_sysbios_knl_Swi_Module__diagsIncluded__C
80375880   ti_sysbios_knl_Swi_Module__diagsMask__C
80375884   ti_sysbios_knl_Swi_Module__loggerFxn1__C
80375888   ti_sysbios_knl_Swi_Module__loggerFxn4__C
8037588c   ti_sysbios_knl_Swi_Module__loggerObj__C
80375890   ti_sysbios_knl_Swi_Object__count__C
80375894   ti_sysbios_knl_Swi_Object__table__C
80375898   ti_sysbios_knl_Task_A_badPriority__C
8037589c   ti_sysbios_knl_Task_A_badTaskState__C
803758a0   ti_sysbios_knl_Task_A_badThreadType__C
803758a4   ti_sysbios_knl_Task_A_badTimeout__C
803758a8   ti_sysbios_knl_Task_A_noPendElem__C
803758ac   ti_sysbios_knl_Task_A_sleepTaskDisabled__C
803758b0   ti_sysbios_knl_Task_E_deleteNotAllowed__C
803758b4   ti_sysbios_knl_Task_E_spOutOfBounds__C
803758b8   ti_sysbios_knl_Task_E_stackOverflow__C
803758bc   ti_sysbios_knl_Task_LD_block__C
803758c0   ti_sysbios_knl_Task_LD_exit__C
803758c4   ti_sysbios_knl_Task_LD_ready__C
803758c8   ti_sysbios_knl_Task_LM_setPri__C
803758cc   ti_sysbios_knl_Task_LM_sleep__C
803758d0   ti_sysbios_knl_Task_LM_switch__C
803758d4   ti_sysbios_knl_Task_Module_State_inactiveQ__O
803758d8   ti_sysbios_knl_Task_Module_State_terminatedQ__O
803758dc   ti_sysbios_knl_Task_Module__diagsEnabled__C
803758e0   ti_sysbios_knl_Task_Module__diagsIncluded__C
803758e4   ti_sysbios_knl_Task_Module__diagsMask__C
803758e8   ti_sysbios_knl_Task_Module__loggerFxn2__C
803758ec   ti_sysbios_knl_Task_Module__loggerFxn4__C
803758f0   ti_sysbios_knl_Task_Module__loggerObj__C
803758f4   ti_sysbios_knl_Task_Object__count__C
803758f8   ti_sysbios_knl_Task_Object__heap__C
803758fc   ti_sysbios_knl_Task_Object__table__C
80375900   ti_sysbios_knl_Task_allBlockedFunc__C
80375904   ti_sysbios_knl_Task_defaultStackHeap__C
80375908   ti_sysbios_knl_Task_defaultStackSize__C
8037590c   ti_sysbios_knl_Task_numConstructedTasks__C
80375910   ti_sysbios_knl_Task_numPriorities__C
80375914   ti_sysbios_timers_timer64_Timer_A_notAvailable__C
80375918   ti_sysbios_timers_timer64_Timer_E_cannotSupport__C
8037591c   ti_sysbios_timers_timer64_Timer_Module__diagsEnabled__C
80375920   ti_sysbios_timers_timer64_Timer_Module__diagsIncluded__C
80375924   ti_sysbios_timers_timer64_Timer_Module__diagsMask__C
80375928   ti_sysbios_timers_timer64_Timer_anyMask__C
8037592c   ti_sysbios_timers_timer64_Timer_freqDivisor__C
80375930   ti_sysbios_timers_timer64_Timer_numLocalTimers__C
80375934   ti_sysbios_timers_timer64_Timer_numTimerDevices__C
80375938   xdc_runtime_Assert_E_assertFailed__C
8037593c   xdc_runtime_Core_A_initializedParams__C
80375940   xdc_runtime_Core_Module__diagsEnabled__C
80375944   xdc_runtime_Core_Module__diagsIncluded__C
80375948   xdc_runtime_Core_Module__diagsMask__C
8037594c   xdc_runtime_Error_E_memory__C
80375950   xdc_runtime_Error_Module__diagsEnabled__C
80375954   xdc_runtime_Error_Module__diagsIncluded__C
80375958   xdc_runtime_Error_Module__diagsMask__C
8037595c   xdc_runtime_Error_Module__loggerFxn8__C
80375960   xdc_runtime_Error_Module__loggerObj__C
80375964   xdc_runtime_Error_policy__C
80375968   xdc_runtime_Error_raiseHook__C
8037596c   xdc_runtime_IFilterLogger_Interface__BASE__C
80375970   xdc_runtime_IGateProvider_Interface__BASE__C
80375974   xdc_runtime_IHeap_Interface__BASE__C
80375978   xdc_runtime_ILogger_Interface__BASE__C
8037597c   xdc_runtime_IModule_Interface__BASE__C
80375980   xdc_runtime_Log_L_error__C
80375984   xdc_runtime_LoggerBuf_E_badLevel__C
80375988   xdc_runtime_LoggerBuf_Module__gateObj__C
8037598c   xdc_runtime_LoggerBuf_Object__count__C
80375990   xdc_runtime_LoggerBuf_Object__table__C
80375994   xdc_runtime_LoggerBuf_statusLogger__C
80375998   xdc_runtime_Memory_defaultHeapInstance__C
8037599c   xdc_runtime_Startup_execImpl__C
803759a0   xdc_runtime_Startup_maxPasses__C
803759a4   xdc_runtime_Startup_sfxnRts__C
803759a8   xdc_runtime_Startup_sfxnTab__C
803759ac   xdc_runtime_Startup_startModsFxn__C
803759b0   xdc_runtime_System_Module__gateObj__C
803759b4   xdc_runtime_System_extendFxn__C
803759b8   xdc_runtime_System_maxAtexitHandlers__C
803759bc   xdc_runtime_Text_charTab__C
803759c0   xdc_runtime_Text_nameEmpty__C
803759c4   xdc_runtime_Text_nameStatic__C
803759c8   xdc_runtime_Text_nameUnknown__C
803759cc   xdc_runtime_Text_nodeTab__C
803759d0   xdc_runtime_Text_visitRopeFxn__C
803759d4   ti_sysbios_knl_Swi_Module__id__C
803759d6   ti_sysbios_knl_Swi_Module__loggerDefined__C
803759d8   ti_sysbios_knl_Task_Module__id__C
803759da   ti_sysbios_knl_Task_Module__loggerDefined__C
803759dc   ti_sysbios_knl_Task_deleteTerminatedTasks__C
803759de   ti_sysbios_knl_Task_initStackFlag__C
803759e0   ti_sysbios_timers_timer64_Timer_Module__id__C
803759e2   ti_sysbios_timers_timer64_Timer_startupNeeded__C
803759e4   xdc_runtime_Core_Module__id__C
803759e6   xdc_runtime_Error_Module__loggerDefined__C
803759e8   xdc_runtime_Error_maxDepth__C
803759ea   xdc_runtime_LoggerBuf_Module__id__C
803759ec   xdc_runtime_LoggerBuf_filterByLevel__C
803759ee   xdc_runtime_Memory_Module__id__C
803759f0   xdc_runtime_Text_charCnt__C
803759f2   xdc_runtime_Text_isLoaded__C
803759f4   xdc_runtime_Text_registryModsLastId__C
803759f6   xdc_runtime_Text_unnamedModsLastId__C
80375a00   queueFree
80377a00   qmssGObj
80377e00   ti_sysbios_BIOS_Module__state__V
80377e20   ti_sysbios_family_c64p_EventCombiner_Module__state__V
80378220   ti_sysbios_family_c64p_Exception_Module__state__V
80378250   ti_sysbios_family_c64p_Hwi_Module__root__V
80378258   ti_sysbios_family_c64p_Hwi_Module__state__V
803782c0   ti_sysbios_gates_GateHwi_Module__root__V
803782c8   ti_sysbios_gates_GateMutex_Module__root__V
803782d0   ti_sysbios_hal_Hwi_Module__root__V
803782d8   ti_sysbios_hal_Timer_Module__root__V
803782e0   ti_sysbios_heaps_HeapBuf_Module__root__V
803782e8   ti_sysbios_heaps_HeapBuf_Module__state__V
803782ec   ti_sysbios_heaps_HeapMem_Module__root__V
803782f4   ti_sysbios_knl_Clock_Module__root__V
803782fc   ti_sysbios_knl_Clock_Module__state__V
80378324   ti_sysbios_knl_Queue_Module__root__V
8037832c   ti_sysbios_knl_Semaphore_Module__root__V
80378334   ti_sysbios_knl_Swi_Module__root__V
8037833c   ti_sysbios_knl_Swi_Module__state__V
80378358   ti_sysbios_knl_Task_Module__root__V
80378360   ti_sysbios_knl_Task_Module__state__V
803783a4   ti_sysbios_timers_timer64_Timer_Module__root__V
803783ac   ti_sysbios_timers_timer64_Timer_Module__state__V
803783c0   xdc_runtime_Error_Module__state__V
803783c4   xdc_runtime_LoggerBuf_Module__root__V
803783cc   xdc_runtime_LoggerBuf_Module__state__V
803783d4   xdc_runtime_Memory_Module__state__V
803783d8   xdc_runtime_Registry_Module__state__V
803783e0   xdc_runtime_Startup_Module__state__V
803783e8   xdc_runtime_System_Module__state__V
803783f4   xdc_runtime_Text_Module__state__V
803783fc   __xdc__init__addr
80378400   _ftable
803785e0   ti_sysbios_timers_timer64_Timer_Module_State_0_device__A
80378760   qmssGblCfgParams
80378880   ti_sysbios_knl_Task_Object__table__V
80378920   TSK_idle
80378970   _ipcfg
80378a24   _ft_end
80378ac8   ti_sysbios_knl_Swi_Module_State_0_readyQ__A
80378b48   ti_sysbios_knl_Task_Module_State_0_readyQ__A
80378bc8   ti_sysbios_timers_timer64_Timer_Module_State_0_gctrl__A
80378c48   ti_sysbios_timers_timer64_Timer_Module_State_0_handles__A
80378cc8   ti_sysbios_timers_timer64_Timer_Module_State_0_intFreqs__A
80378dc0   cppiGblCfgParams
80378e38   ti_sysbios_family_c64p_Hwi_Object__table__V
80378f50   ti_sysbios_timers_timer64_Timer_Object__table__V
803790a0   ti_sysbios_gates_GateMutex_Object__table__V
80379154   cppiLObj
80379158   ti_sysbios_knl_Swi_Object__table__V
80379188   _oscfg
803791ac   paLObj
803791b0   xdc_runtime_LoggerBuf_Object__table__V
803791d8   Qmss_highEoiVector
803791f8   NIMUDeviceTable
80379200   pstrMsgName
80379220   xdc_runtime_System_Module_State_0_atexitHandlers__A
80379240   ti_ndk_config_Global_Id2Size
80379290   ti_sysbios_heaps_HeapMem_Object__table__V
803792d4   _lock
803792d8   _unlock
80379318   Qmss_lowEoiVector
80379328   _delete_mutexes_ptr
8037932c   _cleanup_ptr
80379330   _dtors_ptr
80379334   __TI_enable_exit_profile_output
80379338   ti_sysbios_hal_Hwi_Object__table__V
80379360   ti_sysbios_hal_Timer_Object__table__V
80379368   ti_sysbios_gates_GateHwi_Object__table__V
80379378   ti_sysbios_knl_Task_Module_State_0_idleTask__A
80379388   Qmss_cdmaEoiVector
803793e8   gDeviceNandBBlist
8037a614   gDeviceNand
8037a64c   gDeviceNor
8037a684   gDeviceEeprom0
8037a6bc   gDeviceEeprom1
8037a6f8   emac_port_mode
8037aaac   __TI_STATIC_BASE
8037aac4   g_winx
8037aac8   g_winy
8037aacc   g_max_disp
8037aad0   g_width
8037aad4   g_height
8037aad8   _IGMPInDiscard
8037aadc   _IGMPInQuery
8037aae0   _IGMPInQueryGroup
8037aae4   _IGMPInResponse
8037aae8   _IGMPOutResponse
8037aaec   gTxCmdReturnQHnd
8037aaf0   gTxCmdFreeQHnd
8037aaf4   ethSemHandle
8037ab2c   CONTENT_TYPE_APPLET
8037ab30   CONTENT_TYPE_AU
8037ab34   CONTENT_TYPE_CSS
8037ab38   CONTENT_TYPE_DOC
8037ab3c   CONTENT_TYPE_GIF
8037ab40   CONTENT_TYPE_HTML
8037ab44   CONTENT_TYPE_JPG
8037ab48   CONTENT_TYPE_MPEG
8037ab4c   CONTENT_TYPE_PDF
8037ab50   CONTENT_TYPE_WAV
8037ab54   CONTENT_TYPE_ZIP
8037ab58   CONTENT_TYPE
8037ab5c   CONTENT_LENGTH
8037ab60   CRLF
8037ab64   DEFAULT_NAME
8037ab68   HTTP_VER
8037ab6c   SPACE
8037ab70   PITCount
8037ab74   PITUsed
8037ab78   PITHigh
8037ab94   VerStr
8037ab98   HostName
8037ab9c   LocalIPAddr
8037aba0   LocalIPMask
8037aba4   GatewayIP
8037aba8   DomainName
8037abac   DNSServer
8037ac20   _IGMPForceVersion1
8037ac3c   _ICMPInErrors
8037ac40   _ICMPOutErrors
8037ac44   _IPExecuting
8037ac54   gFragQList
8037ac74   tcp_iss
8037ac78   ptTimeFirst
8037ac7c   pt6TimeFirst
8037ac80   tcp6_iss
8037ac8c   platform_errno
8037ac90   platform_init_return_code
8037ac94   g_transmissionError
8037aca4   httpErrorResponseHook
8037acb0   _IPReasmPtr
8037acb8   gMLDNodeList
8037acd0   qmssLObjIsValid
8037acd4   IPV6_MAX_MULTICAST_SOLICIT
8037acd8   IPV6_MAX_UNICAST_SOLICIT
8037acdc   IPV6_RETRANS_TIME
8037ace0   IPV6_DELAY_FIRST_PROBE_TIME
8037ace4   IPV6_REACHABLE_TIME
8037ace8   IPV6_MAX_RTR_SOLICITATION_DELAY
8037acec   IPV6_RTR_SOLICITATION_INTERVAL
8037acf0   IPV6_MAX_RTR_SOLICITATIONS
8037acf4   INFINITE_LT
8037acf8   ti_ndk_config_Global_rawPageSize
8037acfc   ti_ndk_config_Global_rawPageCount
8037ad00   ti_ndk_config_Global_smallest
8037ad04   ti_ndk_config_Global_largest
8037ad08   ti_ndk_config_Global_numFrameBuf
8037ad0c   ti_ndk_config_Global_sizeFrameBuf
8037ad80   cppiObject
8037b000   ti_sysbios_family_c64p_Hwi0
8037b000   ti_sysbios_family_c64p_Hwi_int0
8037b020   ti_sysbios_family_c64p_Hwi_int1
8037b040   ti_sysbios_family_c64p_Hwi_int2
8037b060   ti_sysbios_family_c64p_Hwi_int3
8037b080   ti_sysbios_family_c64p_Hwi_int4
8037b0a0   ti_sysbios_family_c64p_Hwi_int5
8037b0c0   ti_sysbios_family_c64p_Hwi_int6
8037b0e0   ti_sysbios_family_c64p_Hwi_int7
8037b100   ti_sysbios_family_c64p_Hwi_int8
8037b120   ti_sysbios_family_c64p_Hwi_int9
8037b140   ti_sysbios_family_c64p_Hwi_int10
8037b160   ti_sysbios_family_c64p_Hwi_int11
8037b180   ti_sysbios_family_c64p_Hwi_int12
8037b1a0   ti_sysbios_family_c64p_Hwi_int13
8037b1c0   ti_sysbios_family_c64p_Hwi_int14
8037b1e0   ti_sysbios_family_c64p_Hwi_int15
8037b200   __CIOBUF_
8037c27c   __TI_Handler_Table_Base
8037c288   __TI_Handler_Table_Limit
8037c2ec   __TI_CINIT_Base
8037c36c   __TI_CINIT_Limit
ffffffff   __TI_pprof_out_hndl
ffffffff   __TI_prof_data_size
ffffffff   __TI_prof_data_start
ffffffff   __binit__
ffffffff   __c_args__
ffffffff   binit
UNDEFED    __TI_INITARRAY_Base
UNDEFED    __TI_INITARRAY_Limit

[1626 symbols]
