******************************************************************************
               TMS320C6x Linker PC v7.4.7                      
******************************************************************************
>> Linked Mon Mar 17 15:24:39 2014

OUTPUT FILE NAME:   <Disparity.out>
ENTRY POINT SYMBOL: "_c_int00"  address: 80353fe0


MEMORY CONFIGURATION

         name            origin    length      used     unused   attr    fill
----------------------  --------  ---------  --------  --------  ----  --------
  L2SRAM                00800000   00080000  0005cf40  000230c0  RW X
  MSMCSRAM              0c000000   00400000  00000000  00400000  RW X
  DDR3                  80000000   20000000  0037c02c  1fc83fd4  RWIX


SEGMENT ALLOCATION MAP

run origin  load origin   length   init length attrs members
----------  ----------- ---------- ----------- ----- -------
00800000    00800000    0005cb88   00000000    rw-
  00800000    00800000    00052b00   00000000    rw- .far:NDK_PACKETMEM
  00852b00    00852b00    00004000   00000000    rw- .resmgr_memregion
  00856b00    00856b00    00003c00   00000000    rw- .far:taskStackSection
  0085a700    0085a700    00001488   00000000    rw- .resmgr_pa
  0085bb88    0085bb88    00001000   00000000    rw- .stack
0085cc00    0085cc00    00000318   00000318    rw-
  0085cc00    0085cc00    00000318   00000318    rw- .nimu_eth_ll2
0085cf20    0085cf20    000000a0   00000000    rw-
  0085cf20    0085cf20    000000a0   00000000    rw- .resmgr_handles
80000000    80000000    00300000   00000000    rw-
  80000000    80000000    00300000   00000000    rw- systemHeap
80300000    80300000    0005dcc0   0005dcc0    r-x
  80300000    80300000    0005dcc0   0005dcc0    r-x .text
8035dcc0    8035dcc0    0000dbc8   00000000    rw-
  8035dcc0    8035dcc0    0000dbc8   00000000    rw- .far.1
8036b890    8036b890    00000060   00000000    rw-
  8036b890    8036b890    00000060   00000000    rw- .far.2
8036b8f0    8036b8f0    00009e5a   00009e5a    r--
  8036b8f0    8036b8f0    00009e5a   00009e5a    r-- .const
80375750    80375750    00000030   00000030    rw-
  80375750    80375750    00000030   00000030    rw- .fardata.1
80375780    80375780    00002400   00000000    rw-
  80375780    80375780    00002400   00000000    rw- .qmss
80377b80    80377b80    00001552   00001552    rw-
  80377b80    80377b80    00001552   00001552    rw- .fardata.2
803790d8    803790d8    00001370   00001370    rw-
  803790d8    803790d8    00001370   00001370    rw- platform_lib
8037a448    8037a448    000003ac   000003ac    r--
  8037a448    8037a448    000003ac   000003ac    r-- .switch
8037a7f4    8037a7f4    0000006c   00000000    rw-
  8037a7f4    8037a7f4    0000006c   00000000    rw- .bss
8037a860    8037a860    000001a5   000001a5    rw-
  8037a860    8037a860    000001a5   000001a5    rw- .neardata
8037aa08    8037aa08    0000003c   0000003c    r--
  8037aa08    8037aa08    0000003c   0000003c    r-- .rodata
8037aa80    8037aa80    00000320   00000000    rw-
  8037aa80    8037aa80    00000200   00000000    rw- .cppi
  8037ac80    8037ac80    00000120   00000000    rw- .cio
8037b000    8037b000    000012dc   000012dc    r-x
  8037b000    8037b000    00000200   00000200    r-x .vecs
  8037b200    8037b200    000010dc   000010dc    r-- .cinit


SECTION ALLOCATION MAP

 output                                  attributes/
section   page    origin      length       input sections
--------  ----  ----------  ----------   ----------------
.init_array 
*          0    80000000    00000000     UNINITIALIZED

.far:NDK_PACKETMEM 
*          0    00800000    00052b00     UNINITIALIZED
                  00800000    00052b00     stk6_ppp_pppoe.ae66 : pbm_data.oe66 (.far:NDK_PACKETMEM)

.resmgr_memregion 
*          0    00852b00    00004000     UNINITIALIZED
                  00852b00    00004000     resourcemgr.obj (.resmgr_memregion)

.far:taskStackSection 
*          0    00856b00    00003c00     UNINITIALIZED
                  00856b00    00003c00     Disparity_pe66.oe66 (.far:taskStackSection)

.resmgr_pa 
*          0    0085a700    00001488     UNINITIALIZED
                  0085a700    00001488     resourcemgr.obj (.resmgr_pa)

.stack     0    0085bb88    00001000     UNINITIALIZED
                  0085bb88    00000008     boot.ae66 : boot.oe66 (.stack)
                  0085bb90    00000ff8     --HOLE--

.nimu_eth_ll2 
*          0    0085cc00    00000318     
                  0085cc00    00000308     ti.transport.ndk.nimu.ae66 : nimu_eth.obj (.nimu_eth_ll2:uninit) [fill = 0]
                  0085cf08    00000010                                : nimu_eth.obj (.nimu_eth_ll2:init)

.resmgr_handles 
*          0    0085cf20    000000a0     UNINITIALIZED
                  0085cf20    000000a0     resourcemgr.obj (.resmgr_handles)

systemHeap 
*          0    80000000    00300000     UNINITIALIZED
                  80000000    00300000     Disparity_pe66.oe66 (systemHeap)

xdc.meta   0    80000000    00000138     COPY SECTION
                  80000000    00000138     Disparity_pe66.oe66 (xdc.meta)

.text      0    80300000    0005dcc0     
                  80300000    00002d80     ti.transport.ndk.nimu.ae66 : nimu_eth.obj (.text)
                  80302d80    00001fe0     ti.platform.evm6678l.ae66 : platform.obj (.text)
                  80304d60    00001b40                               : evmc6678.obj (.text)
                  803068a0    000019e0     stk6_ppp_pppoe.ae66 : tcp6in.oe66 (.text:TCP6Input)
                  80308280    000019e0                         : tcpin.oe66 (.text:TcpInput)
                  80309c60    00001240                         : tcpout.oe66 (.text:TcpOutput)
                  8030aea0    000011a0                         : tcp6out.oe66 (.text:TCP6Output)
                  8030c040    00001160     ti.platform.evm6678l.ae66 : evm66x_nand.obj (.text)
                  8030d1a0    00000ea0     resourcemgr.obj (.text)
                  8030e040    00000d80     ti.platform.evm6678l.ae66 : evmc66x_i2c_eeprom.obj (.text)
                  8030edc0    00000c00     nettool.ae66 : httpclie.oe66 (.text:httpClientProcess)
                  8030f9c0    00000b80     stk6_ppp_pppoe.ae66 : ipin.oe66 (.text:IPRxPacket)
                  80310540    00000aa0                         : md5.oe66 (.text:MD5Transform)
                  80310fe0    000009c0                         : ipout.oe66 (.text:IPTxPacket)
                  803119a0    000009a0                         : lcp.oe66 (.text:lcpInput)
                  80312340    00000900     nettool.ae66 : httpsend.oe66 (.text:SetContentType)
                  80312c40    000008a0     sysbios.ae66 : BIOS.obj (.text:ti_sysbios_family_c64p_Exception_handler__I)
                  803134e0    000008a0     ti.targets.rts6000.ae66 : System.oe66 (.text:xdc_runtime_System_doPrint__I)
                  80313d80    00000840     Initialise.obj (.text)
                  803145c0    000007e0     ti.drv.qmss.ae66 : qmss_drv.oe66 (.text:Qmss_insertMemoryRegion)
                  80314da0    000007e0     stk6_ppp_pppoe.ae66 : ipcp.oe66 (.text:ipcpInput)
                  80315580    000007c0                         : sock.oe66 (.text:SockSet)
                  80315d40    000007a0                         : fileuser.oe66 (.text:fdPoll)
                  803164e0    00000720     ti.drv.pa.ae66 : pa.oe66 (.text:Pa_addMac)
                  80316c00    000006c0     stk6_ppp_pppoe.ae66 : sock6.oe66 (.text:Sock6Set)
                  803172c0    000006c0     nettool.ae66 : telnetd.oe66 (.text:telnet_netdata)
                  80317980    000006a0     stk6_ppp_pppoe.ae66 : icmpv6_ndisc.oe66 (.text:ICMPv6RecvRA)
                  80318020    00000660     ti.drv.cppi.ae66 : cppi_drv.oe66 (.text:Cppi_configureRxFlow)
                  80318680    00000660     stk6_ppp_pppoe.ae66 : route6.oe66 (.text:Rt6Create)
                  80318ce0    00000620     sysbios.ae66 : BIOS.obj (.text:ti_sysbios_knl_Task_Instance_finalize__F)
                  80319300    00000600                  : BIOS.obj (.text:ti_sysbios_heaps_HeapMem_alloc__E)
                  80319900    00000600                  : BIOS.obj (.text:ti_sysbios_knl_Semaphore_pend__E)
                  80319f00    000005e0                  : BIOS.obj (.text:ti_sysbios_heaps_HeapMem_free__E)
                  8031a4e0    000005c0     stk6_ppp_pppoe.ae66 : ipfrag.oe66 (.text:IPReasm)
                  8031aaa0    000005c0     rts6600_elf_mt.lib : divd.obj (.text:__c6xabi_divd)
                  8031b060    000005c0                        : _printfi.obj (.text:_getarg_diouxp)
                  8031b620    000005a0     stk6_ppp_pppoe.ae66 : icmpin.oe66 (.text:ICMPInput)
                  8031bbc0    000005a0     ti.platform.evm6678l.ae66 : evmc66x_spi.obj (.text)
                  8031c160    000005a0     sysbios.ae66 : BIOS.obj (.text:ti_sysbios_timers_timer64_Timer_Module_startup__F)
                  8031c700    00000580     stk6_ppp_pppoe.ae66 : nimuppp.oe66 (.text:pppEvent)
                  8031cc80    00000560                         : bind6.oe66 (.text:Bind6New)
                  8031d1e0    00000560                         : ipv6.oe66 (.text:IPv6IPAddressToString)
                  8031d740    00000560     RecieveImage.obj (.text)
                  8031dca0    00000560     ti.platform.evm6678l.ae66 : evmc6678_phy.obj (.text)
                  8031e200    00000540     stk6_ppp_pppoe.ae66 : sock6.oe66 (.text:Sock6Connect)
                  8031e740    00000520     NccCore.obj (.text)
                  8031ec60    00000520     stk6_ppp_pppoe.ae66 : sock.oe66 (.text:SockNew)
                  8031f180    00000520     rts6600_elf_mt.lib : _printfi.obj (.text:_setfield)
                  8031f6a0    00000520     nettool.ae66 : httpsend.oe66 (.text:httpSendStatusLine)
                  8031fbc0    00000520     ti.platform.evm6678l.ae66 : evmc66x_nor.obj (.text)
                  803200e0    000004e0     stk6_ppp_pppoe.ae66 : udp.oe66 (.text:UdpInput)
                  803205c0    000004e0                         : nimupppoe.oe66 (.text:pppoeInputS)
                  80320aa0    000004c0     ti.drv.cppi.ae66 : cppi_drv.oe66 (.text:Cppi_txChannelOpen)
                  80320f60    000004c0     ti.platform.evm6678l.ae66 : evmc66x_fpga.obj (.text)
                  80321420    000004a0     stk6_ppp_pppoe.ae66 : lliin.oe66 (.text:LLIRxPacket)
                  803218c0    000004a0                         : sock6.oe66 (.text:Sock6Recv)
                  80321d60    000004a0                         : sock.oe66 (.text:SockRecv)
                  80322200    00000460     rts6600_elf_mt.lib : _printfi.obj (.text:_printfi)
                  80322660    00000460     stk6_ppp_pppoe.ae66 : nimuppp.oe66 (.text:pppNew)
                  80322ac0    00000440     ti.drv.cppi.ae66 : cppi_drv.oe66 (.text:Cppi_rxChannelOpen)
                  80322f00    00000440     stk6_ppp_pppoe.ae66 : sock6.oe66 (.text:Sock6New)
                  80323340    00000440                         : auth.oe66 (.text:chapInput)
                  80323780    00000440                         : fileuser.oe66 (.text:fdSelect)
                  80323bc0    00000440                         : nimupppoe.oe66 (.text:pppoeInputC)
                  80324000    00000420     nettool.ae66 : daemon.oe66 (.text:daemon)
                  80324420    00000420     ti.drv.pa.ae66 : pa.oe66 (.text:pa_conv_routing_info)
                  80324840    00000420     sysbios.ae66 : BIOS.obj (.text:ti_sysbios_knl_Task_sleep__E)
                  80324c60    00000400     stk6_ppp_pppoe.ae66 : sock6.oe66 (.text:Sock6Send)
                  80325060    00000400     os.ae66 : efs.oe66 (.text:efs_filecheck)
                  80325460    00000400     sysbios.ae66 : BIOS.obj (.text:ti_sysbios_knl_Task_Instance_init__F)
                  80325860    000003e0     stk6_ppp_pppoe.ae66 : ipv6_frag.oe66 (.text:IPv6TxFragPacket)
                  80325c40    000003e0     sysbios.ae66 : BIOS.obj (.text:ti_sysbios_knl_Task_setPri__E)
                  80326020    000003c0     ti.drv.cppi.ae66 : cppi_desc.oe66 (.text:Cppi_initDescriptor)
                  803263e0    000003c0     stk6_ppp_pppoe.ae66 : ipv6out.oe66 (.text:IPv6TxPacket)
                  803267a0    000003c0                         : lli6.oe66 (.text:LLI6TimerCheck)
                  80326b60    000003c0                         : sock.oe66 (.text:SockSend)
                  80326f20    000003c0                         : tcp6.oe66 (.text:TCP6TimeoutCheck)
                  803272e0    000003c0                         : tcp.oe66 (.text:TcpTimeoutCheck)
                  803276a0    000003c0     rts6600_elf_mt.lib : fputs.obj (.text:fputs)
                  80327a60    000003a0     stk6_ppp_pppoe.ae66 : icmpv6in.oe66 (.text:ICMPv6RxPacket)
                  80327e00    000003a0                         : nimu.oe66 (.text:NIMUIoctl)
                  803281a0    000003a0                         : route.oe66 (.text:RtCreate)
                  80328540    000003a0                         : sb.oe66 (.text:SBRead)
                  803288e0    000003a0                         : auth.oe66 (.text:papInput)
                  80328c80    00000380                         : sock6int.oe66 (.text:Sock6Notify)
                  80329000    00000380                         : sock.oe66 (.text:SockConnect)
                  80329380    00000380                         : sockint.oe66 (.text:SockNotify)
                  80329700    00000380     nettool.ae66 : dhcppkt.oe66 (.text:dhcpPacketProcess)
                  80329a80    00000360     stk6_ppp_pppoe.ae66 : icmpv6_ndisc.oe66 (.text:ICMPv6RecvRedirect)
                  80329de0    00000360                         : icmpv6out.oe66 (.text:ICMPv6SendDstUnreachable)
                  8032a140    00000360                         : igmp.oe66 (.text:IGMPInput)
                  8032a4a0    00000360                         : ipv6_frag.oe66 (.text:IPv6FragReasm)
                  8032a800    00000360                         : lliout.oe66 (.text:LLITxIpPacket)
                  8032ab60    00000360     Disparity_pe66.oe66 (.text:xdc_runtime_System_printfExtend__I)
                  8032aec0    00000340     Disparity.obj (.text)
                  8032b200    00000340     stk6_ppp_pppoe.ae66 : icmpv6_ndisc.oe66 (.text:ICMPv6RecvNS)
                  8032b540    00000340                         : icmpv6out.oe66 (.text:ICMPv6SendParameterProblem)
                  8032b880    00000340                         : icmpv6out.oe66 (.text:ICMPv6SendTimeExceeded)
                  8032bbc0    00000340     ti.drv.pa.ae66 : painit.oe66 (.text:Pa_create)
                  8032bf00    00000340     ti.drv.qmss.ae66 : qmss_drv.oe66 (.text:Qmss_init)
                  8032c240    00000340     os.ae66 : mem.oe66 (.text:mmAlloc)
                  8032c580    00000340     stk6_ppp_pppoe.ae66 : nimupppoe.oe66 (.text:pppoeSI)
                  8032c8c0    00000320     nettool.ae66 : config.oe66 (.text:CfgAddEntry)
                  8032cbe0    00000320     stk6_ppp_pppoe.ae66 : nimupppoe.oe66 (.text:SendServerMsg)
                  8032cf00    00000320     rts6600_elf_mt.lib : _printfi.obj (.text:_pproc_fge)
                  8032d220    00000320     nettool.ae66 : inetaddr.oe66 (.text:inet_aton)
                  8032d540    00000320                  : telnetd.oe66 (.text:telnet_engine)
                  8032d860    00000320     ti.platform.evm6678l.ae66 : evmc66x_uart.obj (.text)
                  8032db80    00000300     stk6_ppp_pppoe.ae66 : sock6pcb.oe66 (.text:Sock6PcbBind)
                  8032de80    00000300                         : udp6.oe66 (.text:Udp6Input)
                  8032e180    00000300     sysbios.ae66 : BIOS.obj (.text:ti_sysbios_family_c64p_Hwi_dispatchC__I)
                  8032e480    000002e0     stk6_ppp_pppoe.ae66 : ipv6_frag.oe66 (.text:IPv6FragQEnqueueFrag)
                  8032e760    000002e0                         : ipv6_exthdrs.oe66 (.text:IPv6ParseExtnHeaders)
                  8032ea40    000002e0     netctrl.ae66 : netctrl.oe66 (.text:NetScheduler)
                  8032ed20    000002e0     ti.drv.pa.ae66 : pa.oe66 (.text:Pa_forwardResult)
                  8032f000    000002e0     stk6_ppp_pppoe.ae66 : route6.oe66 (.text:Rt6Find)
                  8032f2e0    000002e0                         : nimupppoe.oe66 (.text:SendClientMsg)
                  8032f5c0    000002e0                         : sock6pcb.oe66 (.text:Sock6PcbFind)
                  8032f8a0    000002e0                         : sock6pcb.oe66 (.text:Sock6PcbResolve)
                  8032fb80    000002e0                         : udp.oe66 (.text:UdpOutput)
                  8032fe60    000002e0     rts6600_elf_mt.lib : _printfi.obj (.text:_pproc_fwp)
                  80330140    000002e0     sysbios.ae66 : BIOS.obj (.text:ti_sysbios_heaps_HeapMem_Instance_init__F)
                  80330420    000002c0     stk6_ppp_pppoe.ae66 : bind.oe66 (.text:BindNew)
                  803306e0    000002c0                         : node.oe66 (.text:NodeAdd)
                  803309a0    000002c0                         : sb6.oe66 (.text:SB6Read)
                  80330c60    000002c0                         : nimuppp.oe66 (.text:pppInput)
                  80330f20    000002a0     nettool.ae66 : dhcpmain.oe66 (.text:DHCPOpen)
                  803311c0    000002a0     stk6_ppp_pppoe.ae66 : route6.oe66 (.text:Rt6Free)
                  80331460    000002a0                         : rtable.oe66 (.text:RtFind)
                  80331700    000002a0                         : sock6.oe66 (.text:Sock6Close)
                  803319a0    000002a0                         : sock.oe66 (.text:SockClose)
                  80331c40    000002a0                         : sockpcb.oe66 (.text:SockPcbResolve)
                  80331ee0    000002a0                         : tcp6prot.oe66 (.text:TCP6PrSetOption)
                  80332180    000002a0                         : tcpprot.oe66 (.text:TcpPrSetOption)
                  80332420    000002a0     rts6600_elf_mt.lib : _printfi.obj (.text:fcvt)
                  803326c0    000002a0     sysbios.ae66 : BIOS.obj (.text:ti_sysbios_knl_Clock_Instance_init__F)
                  80332960    000002a0                  : BIOS.obj (.text:ti_sysbios_knl_Clock_workFunc__E)
                  80332c00    000002a0                  : BIOS.obj (.text:ti_sysbios_timers_timer64_Timer_deviceConfig__I)
                  80332ea0    00000280     stk6_ppp_pppoe.ae66 : icmp.oe66 (.text:ICMPGenPacket)
                  80333120    00000280                         : lli6.oe66 (.text:LLI6NeighUnreachStateMachine)
                  803333a0    00000280                         : lli6.oe66 (.text:LLI6TxIPPacket)
                  80333620    00000280                         : udp6.oe66 (.text:Udp6Output)
                  803338a0    00000280     rts6600_elf_mt.lib : divf.obj (.text:__c6xabi_divf)
                  80333b20    00000280                        : _printfi.obj (.text:ecvt)
                  80333da0    00000280     stk6_ppp_pppoe.ae66 : ipcp.oe66 (.text:ipcpSendCfg)
                  80334020    00000280                         : lcp.oe66 (.text:lcpSendCfg)
                  803342a0    00000280     platform_osal.obj (.text)
                  80334520    00000280     ti.targets.rts6000.ae66 : Error.oe66 (.text:xdc_runtime_Error_raiseX__F)
                  803347a0    00000260     stk6_ppp_pppoe.ae66 : icmpv6in.oe66 (.text:ICMPv6RecvEchoRequest)
                  80334a00    00000260                         : ipv6in.oe66 (.text:IPv6RxPacket)
                  80334c60    00000260                         : nimu.oe66 (.text:NIMUReceivePacket)
                  80334ec0    00000260                         : rawethsock.oe66 (.text:RawEthSockSet)
                  80335120    00000260                         : sb6.oe66 (.text:SB6Write)
                  80335380    00000260                         : sb.oe66 (.text:SBWrite)
                  803355e0    00000260                         : sockpcb.oe66 (.text:SockPcbBind)
                  80335840    00000260                         : tcp6out.oe66 (.text:TCP6GenPacket)
                  80335aa0    00000260     nettool.ae66 : httppars.oe66 (.text:httpParseRecv)
                  80335d00    00000260                  : httpsend.oe66 (.text:httpSendErrorHTML)
                  80335f60    00000260     sysbios.ae66 : BIOS.obj (.text:ti_sysbios_family_c64p_Exception_internalHandler__I)
                  803361c0    00000260                  : BIOS.obj (.text:ti_sysbios_knl_Semaphore_post__E)
                  80336420    00000260     ti.targets.rts6000.ae66 : Startup.oe66 (.text:xdc_runtime_Startup_startMods__I)
                  80336680    00000240     stk6_ppp_pppoe.ae66 : bind6.oe66 (.text:Bind6Free)
                  803368c0    00000240                         : bind6.oe66 (.text:Bind6RunDAD)
                  80336b00    00000240     ti.drv.cppi.ae66 : cppi_drv.oe66 (.text:Cppi_open)
                  80336d40    00000240     nettool.ae66 : daemon.oe66 (.text:DaemonNew)
                  80336f80    00000240     stk6_ppp_pppoe.ae66 : icmpv6_ndisc.oe66 (.text:ICMPv6RecvNA)
                  803371c0    00000240                         : icmpv6_ndisc.oe66 (.text:ICMPv6SendNA)
                  80337400    00000240                         : icmpv6_ndisc.oe66 (.text:ICMPv6SendNS)
                  80337640    00000240     ti.drv.pa.ae66 : pa.oe66 (.text:Pa_resetControl)
                  80337880    00000240     stk6_ppp_pppoe.ae66 : pipe.oe66 (.text:PipeRecv)
                  80337ac0    00000240                         : raw.oe66 (.text:RawInput)
                  80337d00    00000240                         : tcpout.oe66 (.text:TcpGenPacket)
                  80337f40    00000240     rts6600_elf_mt.lib : imath64.obj (.text:__c6xabi_divull)
                  80338180    00000240                        : _printfi.obj (.text:_pconv_e)
                  803383c0    00000240                        : _printfi.obj (.text:_pproc_diouxp)
                  80338600    00000240     nettool.ae66 : dhcpsm.oe66 (.text:dhcpIPAdd)
                  80338840    00000240                  : dhcpsm.oe66 (.text:dhcpState)
                  80338a80    00000240     rts6600_elf_mt.lib : fputc.obj (.text:fputc)
                  80338cc0    00000240     sysbios.ae66 : BIOS.obj (.text:ti_sysbios_knl_Task_exit__E)
                  80338f00    00000240     ti.targets.rts6000.ae66 : LoggerBuf.oe66 (.text:xdc_runtime_LoggerBuf_write8__F)
                  80339140    00000220     stk6_ppp_pppoe.ae66 : igmp.oe66 (.text:IGMPJoinHostGroup)
                  80339360    00000220                         : ipv6_frag.oe66 (.text:IPv6ParseFragHdr)
                  80339580    00000220                         : raw6.oe66 (.text:Raw6Output)
                  803397a0    00000220                         : rawethsock.oe66 (.text:RawEthSockNew)
                  803399c0    00000220                         : sockpcb.oe66 (.text:SockPcbFind)
                  80339be0    00000220     rts6600_elf_mt.lib : _printfi.obj (.text:_pproc_str)
                  80339e00    00000220     nettool.ae66 : dhcppkt.oe66 (.text:dhcpVerifyMessage)
                  8033a020    00000220                  : httpclie.oe66 (.text:httpGetAuthParams)
                  8033a240    00000220     rts6600_elf_mt.lib : setvbuf.obj (.text:setvbuf)
                  8033a460    00000220     sysbios.ae66 : BIOS.obj (.text:ti_sysbios_knl_Swi_run__I)
                  8033a680    00000220                  : BIOS.obj (.text:ti_sysbios_knl_Task_schedule__I)
                  8033a8a0    00000220                  : BIOS.obj (.text:ti_sysbios_knl_Task_startCore__E)
                  8033aac0    00000220     ti.targets.rts6000.ae66 : Core-mem.oe66 (.text:xdc_runtime_Core_createObject__I)
                  8033ace0    00000200     stk6_ppp_pppoe.ae66 : ipv6_exthdrs.oe66 (.text:IPv6ParseHopOptions)
                  8033aee0    00000200                         : lli6.oe66 (.text:LLI6New)
                  8033b0e0    00000200     ti.drv.qmss.ae66 : qmss_drv.oe66 (.text:Qmss_internalQueueOpen)
                  8033b2e0    00000200                      : qmss_acc.oe66 (.text:Qmss_programAccumulator)
                  8033b4e0    00000200     stk6_ppp_pppoe.ae66 : rtc.oe66 (.text:RTCReport)
                  8033b6e0    00000200     rts6600_elf_mt.lib : _printfi.obj (.text:_pconv_g)
                  8033b8e0    00000200     sysbios.ae66 : c64p_Hwi_disp_always.obj (.text:_ti_sysbios_family_c64p_Hwi_dispatchAlways)
                  8033bae0    00000200     stk6_ppp_pppoe.ae66 : socket.oe66 (.text:accept)
                  8033bce0    00000200     ti.drv.cppi.ae66 : cppi_heap.oe66 (.text:cppi_internal_heap_add)
                  8033bee0    00000200     stk6_ppp_pppoe.ae66 : nimupppoe.oe66 (.text:pppoeCtrlMsg)
                  8033c0e0    000001e0                         : igmp.oe66 (.text:IGMPSendReply)
                  8033c2c0    000001e0                         : route6.oe66 (.text:Rt6Modify)
                  8033c4a0    000001e0                         : sock6pcb.oe66 (.text:Sock6PcbFindRaw)
                  8033c680    000001e0                         : auth.oe66 (.text:chapSendMsg)
                  8033c860    000001e0     nettool.ae66 : dhcpsock.oe66 (.text:dhcpSocketOpen)
                  8033ca40    000001e0     stk6_ppp_pppoe.ae66 : socket.oe66 (.text:sendto)
                  8033cc20    000001e0     sysbios.ae66 : BIOS.obj (.text:ti_sysbios_family_c64p_Exception_externalHandler__I)
                  8033ce00    000001e0                  : BIOS.obj (.text:ti_sysbios_knl_Task_checkStacks__E)
                  8033cfe0    000001e0                  : BIOS.obj (.text:ti_sysbios_knl_Task_postInit__I)
                  8033d1c0    000001e0                  : BIOS.obj (.text:ti_sysbios_timers_timer64_Timer_getFreq__E)
                  8033d3a0    000001c0     nettool.ae66 : config.oe66 (.text:CfgExecute)
                  8033d560    000001c0     ti.drv.cppi.ae66 : cppi_drv.oe66 (.text:Cppi_channelClose)
                  8033d720    000001c0                      : cppi_drv.oe66 (.text:Cppi_initCfg)
                  8033d8e0    000001c0     stk6_ppp_pppoe.ae66 : ip.oe66 (.text:IPGetRoute)
                  8033daa0    000001c0                         : lliout.oe66 (.text:LLIGenArpPacket)
                  8033dc60    000001c0     ti.drv.qmss.ae66 : qmss_drv.oe66 (.text:Qmss_internaldownloadFirmware)
                  8033de20    000001c0     stk6_ppp_pppoe.ae66 : raw6.oe66 (.text:Raw6Input)
                  8033dfe0    000001c0     netctrl.ae66 : netsrv.oe66 (.text:SPIpNet)
                  8033e1a0    000001c0     stk6_ppp_pppoe.ae66 : tcptime.oe66 (.text:TcpTimeoutRexmt)
                  8033e360    000001c0                         : lli.oe66 (.text:_LLITimeoutCheck)
                  8033e520    000001c0     rts6600_elf_mt.lib : _printfi.obj (.text:_mcpy)
                  8033e6e0    000001c0     nettool.ae66 : dhcpbild.oe66 (.text:dhcpBuildHeader)
                  8033e8a0    000001c0     stk6_ppp_pppoe.ae66 : fileuser.oe66 (.text:fdClose)
                  8033ea60    000001c0     sysbios.ae66 : BIOS.obj (.text:ti_sysbios_family_c64p_Exception_decodeMpfsr__I)
                  8033ec20    000001c0                  : BIOS.obj (.text:ti_sysbios_gates_GateMutex_enter__E)
                  8033ede0    000001c0                  : BIOS.obj (.text:ti_sysbios_timers_timer64_Timer_setPeriodMicroSecs__E)
                  8033efa0    000001c0     ti.targets.rts6000.ae66 : Text.oe66 (.text:xdc_runtime_Text_putSite__F)
                  8033f160    000001a0     stk6_ppp_pppoe.ae66 : bind6.oe66 (.text:Bind6Msg)
                  8033f300    000001a0     nettool.ae66 : config.oe66 (.text:CfgRemoveEntry)
                  8033f4a0    000001a0     stk6_ppp_pppoe.ae66 : icmpin.oe66 (.text:ICMPRevSrcRoute)
                  8033f640    000001a0                         : ipv6_frag.oe66 (.text:IPv6FragMsg)
                  8033f7e0    000001a0                         : ipv6_exthdrs.oe66 (.text:IPv6ParseRoutingHdr)
                  8033f980    000001a0     netctrl.ae66 : netctrl.oe66 (.text:NC_NetStart)
                  8033fb20    000001a0     stk6_ppp_pppoe.ae66 : node.oe66 (.text:NodeTreeFree)
                  8033fcc0    000001a0     ti.drv.pa.ae66 : pa.oe66 (.text:Pa_downloadImage)
                  8033fe60    000001a0     stk6_ppp_pppoe.ae66 : route6.oe66 (.text:Route6LifetimeMgmt)
                  80340000    000001a0                         : sockint.oe66 (.text:SockCreatePacket)
                  803401a0    000001a0     nettool.ae66 : dhcpsm.oe66 (.text:StateRenewRebind)
                  80340340    000001a0     stk6_ppp_pppoe.ae66 : tcp6time.oe66 (.text:TCP6TimeoutRexmt)
                  803404e0    000001a0     rts6600_elf_mt.lib : imath40.obj (.text:__c6xabi_divul)
                  80340680    000001a0     nettool.ae66 : dhcptags.oe66 (.text:dhcpBuildOptions)
                  80340820    000001a0     stk6_ppp_pppoe.ae66 : socket.oe66 (.text:getpeername)
                  803409c0    000001a0                         : udp6.oe66 (.text:processMulticast)
                  80340b60    000001a0     nettool.ae66 : telnetd.oe66 (.text:telnet_termdata)
                  80340d00    000001a0     sysbios.ae66 : BIOS.obj (.text:ti_sysbios_family_c66_Cache_block__I)
                  80340ea0    000001a0                  : BIOS.obj (.text:ti_sysbios_heaps_HeapBuf_Module_startup__F)
                  80341040    000001a0                  : BIOS.obj (.text:ti_sysbios_timers_timer64_Timer_start__E)
                  803411e0    000001a0     ti.targets.rts6000.ae66 : LoggerBuf.oe66 (.text:xdc_runtime_LoggerBuf_write4__F)
                  80341380    00000180     stk6_ppp_pppoe.ae66 : bind6.oe66 (.text:Bind6GetGlobalAddress)
                  80341500    00000180     rts6600_elf_mt.lib : trgdrv.obj (.text:HOSTrename)
                  80341680    00000180     stk6_ppp_pppoe.ae66 : igmp.oe66 (.text:IGMPMsg)
                  80341800    00000180                         : nimu.oe66 (.text:NIMURegister)
                  80341980    00000180     netctrl.ae66 : netsrv.oe66 (.text:ServiceScan)
                  80341b00    00000180                  : netsrv.oe66 (.text:ServiceSpawn)
                  80341c80    00000180     stk6_ppp_pppoe.ae66 : sock6int.oe66 (.text:Sock6CreatePacket)
                  80341e00    00000180     nettool.ae66 : dhcpsm.oe66 (.text:StateBound)
                  80341f80    00000180     rts6600_elf_mt.lib : copy_decompress_rle.obj (.text:__TI_decompress_rle_core)
                  80342100    00000180     stk6_ppp_pppoe.ae66 : socket.oe66 (.text:bind)
                  80342280    00000180     nettool.ae66 : dhcpbild.oe66 (.text:dhcpBuildRequest)
                  80342400    00000180     os.ae66 : task.oe66 (.text:llEnter)
                  80342580    00000180     stk6_ppp_pppoe.ae66 : auth.oe66 (.text:papSendCfg)
                  80342700    00000180     sysbios.ae66 : c64p_Exception_asm.obj (.text)
                  80342880    00000180                  : BIOS.obj (.text:ti_sysbios_knl_Swi_schedule__I)
                  80342a00    00000180                  : BIOS.obj (.text:ti_sysbios_knl_Task_unblockI__E)
                  80342b80    00000160     nettool.ae66 : config.oe66 (.text:CfgGetEntry)
                  80342ce0    00000160                  : config.oe66 (.text:CfgGetNextEntry)
                  80342e40    00000160     stk6_ppp_pppoe.ae66 : igmp.oe66 (.text:IGMPDoMCast)
                  80342fa0    00000160                         : nimu.oe66 (.text:NIMUIoctlSpecialCmd)
                  80343100    00000160                         : nimuppp.oe66 (.text:PPPStop)
                  80343260    00000160                         : pipe.oe66 (.text:PipeSend)
                  803433c0    00000160                         : raw.oe66 (.text:RawOutput)
                  80343520    00000160                         : rtable.oe66 (.text:RtTimeoutCheck)
                  80343680    00000160                         : rtable.oe66 (.text:RtWalkNext)
                  803437e0    00000160     netctrl.ae66 : netsrv.oe66 (.text:SPRoute)
                  80343940    00000160     stk6_ppp_pppoe.ae66 : sock6.oe66 (.text:Sock6Check)
                  80343aa0    00000160                         : sock6pcb.oe66 (.text:Sock6PcbConnect)
                  80343c00    00000160                         : sock.oe66 (.text:SockCheck)
                  80343d60    00000160                         : sockpcb.oe66 (.text:SockPcbConnect)
                  80343ec0    00000160     nettool.ae66 : dhcpsm.oe66 (.text:StateRequesting)
                  80344020    00000160     stk6_ppp_pppoe.ae66 : tcp6time.oe66 (.text:TCP6TimeoutKeep)
                  80344180    00000160                         : tcptime.oe66 (.text:TcpTimeoutKeep)
                  803442e0    00000160                         : auth.oe66 (.text:authInit)
                  80344440    00000160     nettool.ae66 : httpclie.oe66 (.text:httpExtractTag)
                  803445a0    00000160     stk6_ppp_pppoe.ae66 : sock6.oe66 (.text:joinGroup)
                  80344700    00000160                         : socket.oe66 (.text:setsockopt)
                  80344860    00000160     nettool.ae66 : telnetd.oe66 (.text:telnetClientProcess)
                  803449c0    00000140     stk6_ppp_pppoe.ae66 : bind6.oe66 (.text:Bind6DADCheck)
                  80344b00    00000140     ti.csl.ae66 : csl_chip.oe66 (.text:CSL_chipReadReg)
                  80344c40    00000140     stk6_ppp_pppoe.ae66 : exec.oe66 (.text:ExecOpen)
                  80344d80    00000140                         : icmp.oe66 (.text:ICMPSendRtAdv)
                  80344ec0    00000140                         : igmp.oe66 (.text:IGMPJoin)
                  80345000    00000140                         : ipv6.oe66 (.text:IPv6DisplayIPAddress)
                  80345140    00000140                         : lli6.oe66 (.text:LLI6Find)
                  80345280    00000140                         : lli.oe66 (.text:LLINew)
                  803453c0    00000140                         : node.oe66 (.text:NodeFind)
                  80345500    00000140                         : node.oe66 (.text:NodeWalk)
                  80345640    00000140                         : pbm.oe66 (.text:PBM_alloc)
                  80345780    00000140                         : pbm.oe66 (.text:PBM_free)
                  803458c0    00000140                         : rtable.oe66 (.text:RtFlush)
                  80345a00    00000140                         : sb6.oe66 (.text:SB6New)
                  80345b40    00000140     netctrl.ae66 : netsrv.oe66 (.text:ServiceKill)
                  80345c80    00000140     stk6_ppp_pppoe.ae66 : sock6.oe66 (.text:Sock6Accept)
                  80345dc0    00000140                         : sock6.oe66 (.text:Sock6Listen)
                  80345f00    00000140                         : sock.oe66 (.text:SockAccept)
                  80346040    00000140                         : sock.oe66 (.text:SockListen)
                  80346180    00000140                         : sockpcb.oe66 (.text:SockPcbCtlError)
                  803462c0    00000140     boot.ae66 : autoinit.oe66 (.text:_auto_init_elf)
                  80346400    00000140     rts6600_elf_mt.lib : _printfi.obj (.text:_pproc_fflags)
                  80346540    00000140     stk6_ppp_pppoe.ae66 : auth.oe66 (.text:authGetPassword)
                  80346680    00000140     nettool.ae66 : dhcptags.oe66 (.text:dhcpDecodeType)
                  803467c0    00000140     rts6600_elf_mt.lib : fseek.obj (.text:fseek)
                  80346900    00000140                        : lowlev.obj (.text:getdevice)
                  80346a40    00000140     nettool.ae66 : httpsend.oe66 (.text:httpAuthenticationReq)
                  80346b80    00000140     os.ae66 : mem.oe66 (.text:mmCopy)
                  80346cc0    00000140     stk6_ppp_pppoe.ae66 : nimuppp.oe66 (.text:pppAddClient)
                  80346e00    00000140                         : socket.oe66 (.text:recv)
                  80346f40    00000140                         : socket.oe66 (.text:send)
                  80347080    00000140     sysbios.ae66 : BIOS.obj (.text:ti_sysbios_family_c64p_Exception_Module_startup__F)
                  803471c0    00000140                  : BIOS.obj (.text:ti_sysbios_family_c64p_Hwi_Module_startup__F)
                  80347300    00000140                  : BIOS.obj (.text:ti_sysbios_family_c66_Cache_Module_startup__F)
                  80347440    00000140                  : BIOS.obj (.text:ti_sysbios_knl_Semaphore_Instance_init__F)
                  80347580    00000140                  : BIOS.obj (.text:ti_sysbios_knl_Swi_post__E)
                  803476c0    00000140                  : BIOS.obj (.text:ti_sysbios_knl_Task_Module_startup__F)
                  80347800    00000140                  : BIOS.obj (.text:ti_sysbios_knl_Task_blockI__E)
                  80347940    00000140     ti.targets.rts6000.ae66 : Text.oe66 (.text:xdc_runtime_Text_putLab__F)
                  80347a80    00000120     stk6_ppp_pppoe.ae66 : bind6.oe66 (.text:Bind6LifetimeMgmt)
                  80347ba0    00000120                         : bind.oe66 (.text:BindFree)
                  80347cc0    00000120     nettool.ae66 : config.oe66 (.text:CfgFree)
                  80347de0    00000120                  : daemon.oe66 (.text:DaemonFree)
                  80347f00    00000120     stk6_ppp_pppoe.ae66 : file.oe66 (.text:FdWaitEvent)
                  80348020    00000120                         : igmp.oe66 (.text:IGMPLeaveHostGroup)
                  80348140    00000120                         : ip.oe66 (.text:IPMsg)
                  80348260    00000120                         : ipin.oe66 (.text:IPRouteIP)
                  80348380    00000120                         : ipv6_frag.oe66 (.text:IPv6CreateFragQ)
                  803484a0    00000120                         : ipv6.oe66 (.text:IPv6Init)
                  803485c0    00000120                         : icmpv6out.oe66 (.text:IsICMPv6ErrorPkt)
                  803486e0    00000120                         : md5.oe66 (.text:MD5Update)
                  80348800    00000120                         : mld.oe66 (.text:MLDJoinGroup)
                  80348920    00000120     netctrl.ae66 : netctrl.oe66 (.text:NC_SystemOpen)
                  80348a40    00000120     stk6_ppp_pppoe.ae66 : nimu.oe66 (.text:NIMUAddEthernetHeader)
                  80348b60    00000120     ti.drv.qmss.ae66 : qmss_acc.oe66 (.text:Qmss_disableAccumulator)
                  80348c80    00000120     stk6_ppp_pppoe.ae66 : raweth.oe66 (.text:RawEthRxPacket)
                  80348da0    00000120                         : raweth.oe66 (.text:RawEthTxPacket)
                  80348ec0    00000120                         : sb.oe66 (.text:SBNew)
                  80348fe0    00000120     netctrl.ae66 : netsrv.oe66 (.text:SPConfig)
                  80349100    00000120                  : netsrv.oe66 (.text:SPService)
                  80349220    00000120     stk6_ppp_pppoe.ae66 : sock6.oe66 (.text:Sock6Disconnect)
                  80349340    00000120                         : sock6.oe66 (.text:Sock6Shutdown)
                  80349460    00000120                         : sockpcb.oe66 (.text:SockPcbFindRaw)
                  80349580    00000120                         : sock.oe66 (.text:SockShutdown)
                  803496a0    00000120                         : tcp6prot.oe66 (.text:TCP6PrAttach)
                  803497c0    00000120                         : tcpprot.oe66 (.text:TcpPrAttach)
                  803498e0    00000120     nettool.ae66 : telnetd.oe66 (.text:TelnetOpen)
                  80349a00    00000120     stk6_ppp_pppoe.ae66 : rtable.oe66 (.text:_RtNodeInsert)
                  80349b20    00000120     rts6600_elf_mt.lib : fclose.obj (.text:_closefile)
                  80349c40    00000120                        : _printfi.obj (.text:_ltostr)
                  80349d60    00000120     os.ae66 : mem.oe66 (.text:_mmInit)
                  80349e80    00000120     nettool.ae66 : daemon.oe66 (.text:dchild)
                  80349fa0    00000120     stk6_ppp_pppoe.ae66 : fileuser.oe66 (.text:fdOpenSession)
                  8034a0c0    00000120     nettool.ae66 : http.oe66 (.text:httpOpen)
                  8034a1e0    00000120     stk6_ppp_pppoe.ae66 : lcp.oe66 (.text:lcpOpen)
                  8034a300    00000120                         : lcp.oe66 (.text:lcpReject)
                  8034a420    00000120                         : socket.oe66 (.text:socket)
                  8034a540    00000120     sysbios.ae66 : BIOS.obj (.text:ti_sysbios_BIOS_rtsUnlock__I)
                  8034a660    00000120                  : BIOS.obj (.text:ti_sysbios_knl_Clock_startI__E)
                  8034a780    00000120     ti.targets.rts6000.ae66 : LoggerBuf.oe66 (.text:xdc_runtime_LoggerBuf_setFilterLevel__F)
                  8034a8a0    00000120                             : Text.oe66 (.text:xdc_runtime_Text_putMod__F)
                  8034a9c0    00000100     nettool.ae66 : config.oe66 (.text:CfgNew)
                  8034aac0    00000100                  : config.oe66 (.text:CfgSetExecuteOrder)
                  8034abc0    00000100     os.ae66 : ossys.oe66 (.text:DbgPrintf)
                  8034acc0    00000100     stk6_ppp_pppoe.ae66 : igmp.oe66 (.text:IGMPTimer)
                  8034adc0    00000100                         : ipv6.oe66 (.text:IPv6GetSubnetMaskFromBits)
                  8034aec0    00000100                         : ipv6_frag.oe66 (.text:IPv6ReasmTimeout)
                  8034afc0    00000100                         : rtc.oe66 (.text:RTCMsg)
                  8034b0c0    00000100                         : rawethsock.oe66 (.text:RawEthSockCheck)
                  8034b1c0    00000100                         : route.oe66 (.text:RtRedirect)
                  8034b2c0    00000100                         : sockint.oe66 (.text:SockValidateRoute)
                  8034b3c0    00000100     nettool.ae66 : dhcpsm.oe66 (.text:StateSelecting)
                  8034b4c0    00000100     stk6_ppp_pppoe.ae66 : tcp6prot.oe66 (.text:TCP6PrInherit)
                  8034b5c0    00000100                         : tcp6time.oe66 (.text:TCP6XmitTimer)
                  8034b6c0    00000100                         : tcpprot.oe66 (.text:TcpPrInherit)
                  8034b7c0    00000100                         : tcptime.oe66 (.text:TcpXmitTimer)
                  8034b8c0    00000100                         : rtable.oe66 (.text:_RtNodeRemove)
                  8034b9c0    00000100     rts6600_elf_mt.lib : _io_perm.obj (.text:_wrt_ok)
                  8034bac0    00000100     stk6_ppp_pppoe.ae66 : file.oe66 (.text:fdint_unlockfd)
                  8034bbc0    00000100                         : socket.oe66 (.text:listen)
                  8034bcc0    00000100     os.ae66 : mem.oe66 (.text:mmFree)
                  8034bdc0    00000100     sysbios.ae66 : BIOS.obj (.text:ti_sysbios_family_c64p_EventCombiner_dispatch__F)
                  8034bec0    00000100                  : BIOS.obj (.text:ti_sysbios_knl_Swi_restoreHwi__E)
                  8034bfc0    00000100                  : BIOS.obj (.text:ti_sysbios_timers_timer64_Timer_initDevice__I)
                  8034c0c0    00000100     stk6_ppp_pppoe.ae66 : lliin.oe66 (.text:updateRtTable)
                  8034c1c0    00000100     ti.targets.rts6000.ae66 : Core-mem.oe66 (.text:xdc_runtime_Core_deleteObject__I)
                  8034c2c0    00000100                             : LoggerBuf.oe66 (.text:xdc_runtime_LoggerBuf_getFilterLevel__F)
                  8034c3c0    00000100                             : Startup.oe66 (.text:xdc_runtime_Startup_exec__F)
                  8034c4c0    00000100                             : Text.oe66 (.text:xdc_runtime_Text_visitRope2__I)
                  8034c5c0    000000e0     stk6_ppp_pppoe.ae66 : bind6.oe66 (.text:Bind6GetLinkLocalAddress)
                  8034c6a0    000000e0     nettool.ae66 : config.oe66 (.text:CfgGetEntryCnt)
                  8034c780    000000e0                  : dhcpmain.oe66 (.text:DHCPClose)
                  8034c860    000000e0     rts6600_elf_mt.lib : trgdrv.obj (.text:HOSTlseek)
                  8034c940    000000e0                        : trgdrv.obj (.text:HOSTopen)
                  8034ca20    000000e0     stk6_ppp_pppoe.ae66 : icmpv6in.oe66 (.text:ICMPv6SocketErrorInterface)
                  8034cb00    000000e0                         : igmp.oe66 (.text:IGMPLeave)
                  8034cbe0    000000e0                         : ipv6_frag.oe66 (.text:IPv6FindFragQ)
                  8034ccc0    000000e0                         : ipv6.oe66 (.text:IPv6Layer4ComputeChecksum)
                  8034cda0    000000e0                         : lli6.oe66 (.text:LLI6Msg)
                  8034ce80    000000e0                         : lli6.oe66 (.text:LLI6Update)
                  8034cf60    000000e0                         : mld.oe66 (.text:MLDFindMulticastNode)
                  8034d040    000000e0                         : nimu.oe66 (.text:NIMUAllocateIndex)
                  8034d120    000000e0                         : nimu.oe66 (.text:NIMUAllocateName)
                  8034d200    000000e0                         : node.oe66 (.text:NodeDeRef)
                  8034d2e0    000000e0                         : node.oe66 (.text:NodeNew)
                  8034d3c0    000000e0                         : node.oe66 (.text:NodeTreeNew)
                  8034d4a0    000000e0                         : pbm.oe66 (.text:PBMQ_enq)
                  8034d580    000000e0                         : pbm.oe66 (.text:PBM_copy)
                  8034d660    000000e0                         : rawethsock.oe66 (.text:RawEthSockNotify)
                  8034d740    000000e0                         : rawethsock_pcb.oe66 (.text:RawEthSockPcbAttach)
                  8034d820    000000e0                         : rawethsock.oe66 (.text:RawEthSockSend)
                  8034d900    000000e0                         : route6.oe66 (.text:Route6Msg)
                  8034d9e0    000000e0                         : route.oe66 (.text:RtDeRef)
                  8034dac0    000000e0                         : route.oe66 (.text:RtRemove)
                  8034dba0    000000e0                         : sb.oe66 (.text:SBSetMax)
                  8034dc80    000000e0                         : sock6int.oe66 (.text:Sock6SpawnAbort)
                  8034dd60    000000e0                         : sock6int.oe66 (.text:Sock6ValidateRoute)
                  8034de40    000000e0                         : sock.oe66 (.text:SockDisconnect)
                  8034df20    000000e0                         : sockint.oe66 (.text:SockSpawnAbort)
                  8034e000    000000e0                         : tcp6prot.oe66 (.text:TCP6PrDetach)
                  8034e0e0    000000e0                         : tcp6prot.oe66 (.text:TCP6PrDisconnect)
                  8034e1c0    000000e0                         : tcp6prot.oe66 (.text:TCP6ValidateMetrics)
                  8034e2a0    000000e0                         : tcpprot.oe66 (.text:TcpPrDetach)
                  8034e380    000000e0                         : tcpprot.oe66 (.text:TcpPrDisconnect)
                  8034e460    000000e0                         : tcpprot.oe66 (.text:TcpValidateMetrics)
                  8034e540    000000e0                         : timer.oe66 (.text:TimerListInsert)
                  8034e620    000000e0                         : udp.oe66 (.text:UdpChecksum)
                  8034e700    000000e0                         : vlan.oe66 (.text:VLANDeinit)
                  8034e7e0    000000e0                         : vlan.oe66 (.text:VLANReceivePacket)
                  8034e8c0    000000e0     nettool.ae66 : config.oe66 (.text:_CfgEntryScan)
                  8034e9a0    000000e0     stk6_ppp_pppoe.ae66 : lli.oe66 (.text:_LLIExpListInsert)
                  8034ea80    000000e0                         : rtable.oe66 (.text:_RtExpListInsert)
                  8034eb60    000000e0     rts6600_elf_mt.lib : divi.obj (.text:__divi)
                  8034ec40    000000e0                        : _printfi.obj (.text:_div)
                  8034ed20    000000e0                        : atoi.obj (.text:atoi)
                  8034ee00    000000e0                        : lowlev.obj (.text:close)
                  8034eee0    000000e0                        : copy_zero_init.obj (.text:decompress:ZI:__TI_zero_init)
                  8034efc0    000000e0     os.ae66 : efs.oe66 (.text:efs_internal_remove)
                  8034f0a0    000000e0     rts6600_elf_mt.lib : exit.obj (.text:exit)
                  8034f180    000000e0     stk6_ppp_pppoe.ae66 : file.oe66 (.text:fdint_lockfd)
                  8034f260    000000e0     rts6600_elf_mt.lib : fflush.obj (.text:fflush)
                  8034f340    000000e0     nettool.ae66 : httpclie.oe66 (.text:httpGetMimeBits)
                  8034f420    000000e0     os.ae66 : task.oe66 (.text:llExit)
                  8034f500    000000e0     rts6600_elf_mt.lib : ltoa.obj (.text:ltoa)
                  8034f5e0    000000e0                        : memset.obj (.text:memset)
                  8034f6c0    000000e0     os.ae66 : mem.oe66 (.text:mmBulkAlloc)
                  8034f7a0    000000e0     stk6_ppp_pppoe.ae66 : nimuppp.oe66 (.text:pppFree)
                  8034f880    000000e0     rts6600_elf_mt.lib : printf.obj (.text:printf)
                  8034f960    000000e0     sysbios.ae66 : BIOS.obj (.text:ti_sysbios_knl_Clock_start__E)
                  8034fa40    000000e0     ti.targets.rts6000.ae66 : Error.oe66 (.text:xdc_runtime_Error_print__F)
                  8034fb20    000000e0                             : Memory.oe66 (.text:xdc_runtime_Memory_alloc__F)
                  8034fc00    000000c0     rts6600_elf_mt.lib : trgdrv.obj (.text:HOSTread)
                  8034fcc0    000000c0                        : trgdrv.obj (.text:HOSTwrite)
                  8034fd80    000000c0     stk6_ppp_pppoe.ae66 : icmpv6in.oe66 (.text:ICMPv6RecvDstUnreachable)
                  8034fe40    000000c0                         : lli.oe66 (.text:LLIGetValidTime)
                  8034ff00    000000c0                         : lli.oe66 (.text:LLIMsg)
                  8034ffc0    000000c0                         : mld.oe66 (.text:MLDCreateMulticastNode)
                  80350080    000000c0                         : mld.oe66 (.text:MLDLeaveGroup)
                  80350140    000000c0                         : nimu.oe66 (.text:NIMUFindByName)
                  80350200    000000c0     netctrl.ae66 : netsrv.oe66 (.text:NS_BootTask)
                  803502c0    000000c0     stk6_ppp_pppoe.ae66 : node.oe66 (.text:NodeUpdatePL)
                  80350380    000000c0     nettool.ae66 : ipaddr.oe66 (.text:NtIfIdx2Ip)
                  80350440    000000c0     ti.drv.qmss.ae66 : qmss_drv.oe66 (.text:Qmss_setEoiVector)
                  80350500    000000c0     stk6_ppp_pppoe.ae66 : route6.oe66 (.text:Rt6FindDefaultRouter)
                  803505c0    000000c0                         : rtable.oe66 (.text:RtWalkBegin)
                  80350680    000000c0                         : sb6.oe66 (.text:SB6Flush)
                  80350740    000000c0                         : sb6.oe66 (.text:SB6SetMax)
                  80350800    000000c0                         : sb.oe66 (.text:SBFlush)
                  803508c0    000000c0                         : sock6.oe66 (.text:Sock6IntAbort)
                  80350980    000000c0                         : sock6pcb.oe66 (.text:Sock6PcbResolveChain)
                  80350a40    000000c0                         : sock6pcb.oe66 (.text:Sock6PcbRtChange)
                  80350b00    000000c0                         : sock.oe66 (.text:SockIntAbort)
                  80350bc0    000000c0                         : sockpcb.oe66 (.text:SockPcbRtChange)
                  80350c80    000000c0                         : tcp6prot.oe66 (.text:TCP6Close)
                  80350d40    000000c0                         : tcp6time.oe66 (.text:TCP6TimeoutSackRexmt)
                  80350e00    000000c0     os.ae66 : task.oe66 (.text:TaskGetEnv)
                  80350ec0    000000c0     stk6_ppp_pppoe.ae66 : tcp.oe66 (.text:TcpChecksum)
                  80350f80    000000c0                         : tcpprot.oe66 (.text:TcpClose)
                  80351040    000000c0                         : tcptime.oe66 (.text:TcpTimeoutSackRexmt)
                  80351100    000000c0                         : bind6.oe66 (.text:_Bind6FindByHostInList)
                  803511c0    000000c0                         : bind6.oe66 (.text:_Bind6FindByNetInList)
                  80351280    000000c0     rts6600_elf_mt.lib : dtor_list.obj (.text:__cxa_finalize)
                  80351340    000000c0                        : divu.obj (.text:__divu)
                  80351400    000000c0                        : remi.obj (.text:__remi)
                  803514c0    000000c0                        : fflush.obj (.text:_doflush)
                  80351580    000000c0     ti.drv.cppi.ae66 : cppi_listlib.oe66 (.text:cppi_list_remove_node)
                  80351640    000000c0     nettool.ae66 : dhcptags.oe66 (.text:dhcpOptionsClear)
                  80351700    000000c0     os.ae66 : efs.oe66 (.text:efs_fopen)
                  803517c0    000000c0     nettool.ae66 : httpsend.oe66 (.text:httpSendFullResponse)
                  80351880    000000c0     os.ae66 : mem.oe66 (.text:mmZeroInit)
                  80351940    000000c0     rts6600_elf_mt.lib : _mutex.obj (.text:mutex_init)
                  80351a00    000000c0     stk6_ppp_pppoe.ae66 : nimuppp.oe66 (.text:pppAddIP)
                  80351ac0    000000c0     rts6600_elf_mt.lib : _pthread.obj (.text:pthread_mutex_lock)
                  80351b80    000000c0                        : _pthread.obj (.text:pthread_mutex_unlock)
                  80351c40    000000c0                        : _pthread.obj (.text:pthread_once)
                  80351d00    000000c0     sysbios.ae66 : BIOS.obj (.text:ti_sysbios_BIOS_errorRaiseHook__I)
                  80351dc0    000000c0                  : BIOS.obj (.text:ti_sysbios_heaps_HeapMem_getStats__E)
                  80351e80    000000c0                  : BIOS.obj (.text:ti_sysbios_knl_Clock_logTick__E)
                  80351f40    000000c0     Disparity_pe66.oe66 (.text:ti_sysbios_knl_Task_Object__create__S)
                  80352000    000000c0     sysbios.ae66 : BIOS.obj (.text:ti_sysbios_knl_Task_allBlockedFunction__I)
                  803520c0    000000c0                  : BIOS.obj (.text:ti_sysbios_timers_timer64_Timer_startup__E)
                  80352180    000000c0     ti.targets.rts6000.ae66 : LoggerBuf.oe66 (.text:xdc_runtime_LoggerBuf_Instance_init__F)
                  80352240    000000c0     Disparity_pe66.oe66 (.text:xdc_runtime_LoggerBuf_Object__create__S)
                  80352300    000000c0     ti.targets.rts6000.ae66 : System.oe66 (.text:xdc_runtime_System_formatNum__I)
                  803523c0    000000a0     nettool.ae66 : config.oe66 (.text:CfgEntryDeRef)
                  80352460    000000a0                  : config.oe66 (.text:CfgEntryGetData)
                  80352500    000000a0                  : config.oe66 (.text:CfgGetImmediate)
                  803525a0    000000a0                  : telnetd.oe66 (.text:CmdWriteBytes)
                  80352640    000000a0                  : telnetd.oe66 (.text:CmdWriteCmd)
                  803526e0    000000a0     ti.drv.cppi.ae66 : cppi_drv.oe66 (.text:Cppi_channelEnable)
                  80352780    000000a0     stk6_ppp_pppoe.ae66 : file.oe66 (.text:FdSignalEvent)
                  80352820    000000a0     rts6600_elf_mt.lib : trgdrv.obj (.text:HOSTunlink)
                  803528c0    000000a0     stk6_ppp_pppoe.ae66 : ipfrag.oe66 (.text:IPReasmFree)
                  80352960    000000a0                         : ipfrag.oe66 (.text:IPReasmTimeout)
                  80352a00    000000a0                         : ipv6.oe66 (.text:IPv6CompareAddress)
                  80352aa0    000000a0                         : lliin.oe66 (.text:LLIValidateRoute)
                  80352b40    000000a0                         : md5.oe66 (.text:MD5Final)
                  80352be0    000000a0                         : nimu.oe66 (.text:NIMUShutdown)
                  80352c80    000000a0                         : nimu.oe66 (.text:NIMUUnregister)
                  80352d20    000000a0     nettool.ae66 : ipaddr.oe66 (.text:NtAddNetwork)
                  80352dc0    000000a0     stk6_ppp_pppoe.ae66 : pbm.oe66 (.text:PBM_open)
                  80352e60    000000a0                         : pipe.oe66 (.text:PipeCheck)
                  80352f00    000000a0     ti.drv.qmss.ae66 : qmss_drv.oe66 (.text:Qmss_queueClose)
                  80352fa0    000000a0                      : qmss_drv.oe66 (.text:Qmss_startCfg)
                  80353040    000000a0     stk6_ppp_pppoe.ae66 : rtable.oe66 (.text:RouteMsg)
                  803530e0    000000a0                         : route.oe66 (.text:RtNew)
                  80353180    000000a0                         : sb6.oe66 (.text:SB6Free)
                  80353220    000000a0                         : sb.oe66 (.text:SBFree)
                  803532c0    000000a0     os.ae66 : semaphore.oe66 (.text:SemCreate)
                  80353360    000000a0             : semaphore.oe66 (.text:SemCreateBinary)
                  80353400    000000a0     stk6_ppp_pppoe.ae66 : sock6pcb.oe66 (.text:Sock6CleanPcb)
                  803534a0    000000a0                         : sock6.oe66 (.text:Sock6GetName)
                  80353540    000000a0                         : sock.oe66 (.text:SockBind)
                  803535e0    000000a0                         : sockpcb.oe66 (.text:SockCleanPcb)
                  80353680    000000a0                         : sockpcb.oe66 (.text:SockPcbResolveChain)
                  80353720    000000a0                         : tcp6prot.oe66 (.text:TCP6Drop)
                  803537c0    000000a0                         : tcp6prot.oe66 (.text:TCP6PrCtlError)
                  80353860    000000a0                         : tcp6prot.oe66 (.text:TCP6PrSend)
                  80353900    000000a0                         : tcp6prot.oe66 (.text:TCP6PrSendOOB)
                  803539a0    000000a0     os.ae66 : task.oe66 (.text:TaskCreate)
                  80353a40    000000a0     stk6_ppp_pppoe.ae66 : tcpprot.oe66 (.text:TcpDrop)
                  80353ae0    000000a0                         : tcpprot.oe66 (.text:TcpPrCtlError)
                  80353b80    000000a0                         : tcpprot.oe66 (.text:TcpPrSend)
                  80353c20    000000a0                         : tcpprot.oe66 (.text:TcpPrSendOOB)
                  80353cc0    000000a0                         : timer.oe66 (.text:TimerNew)
                  80353d60    000000a0     nettool.ae66 : config.oe66 (.text:_CfgRelease)
                  80353e00    000000a0     stk6_ppp_pppoe.ae66 : lli.oe66 (.text:_LLITimeoutFlush)
                  80353ea0    000000a0     rts6600_elf_mt.lib : dtor_list.obj (.text:_Z11__TI_atexitPFYvPvES_S_)
                  80353f40    000000a0                        : remu.obj (.text:__remu)
                  80353fe0    000000a0     boot.ae66 : boot.oe66 (.text:_c_int00)
                  80354080    000000a0     rts6600_elf_mt.lib : fopen.obj (.text:_cleanup)
                  80354120    000000a0                        : _printfi.obj (.text:_ecpy)
                  803541c0    000000a0                        : _printfi.obj (.text:_fcpy)
                  80354260    000000a0                        : _printfi.obj (.text:_pconv_f)
                  80354300    000000a0     stk6_ppp_pppoe.ae66 : auth.oe66 (.text:authStart)
                  803543a0    000000a0     ti.drv.cppi.ae66 : cppi_heap.oe66 (.text:cppi_internal_heap_malloc)
                  80354440    000000a0                      : cppi_listlib.oe66 (.text:cppi_list_cat)
                  803544e0    000000a0     nettool.ae66 : dhcpbild.oe66 (.text:dhcpBuildDecline)
                  80354580    000000a0                  : dhcpsm.oe66 (.text:dhcpIPRemove)
                  80354620    000000a0     os.ae66 : efs.oe66 (.text:efs_filesend)
                  803546c0    000000a0     stk6_ppp_pppoe.ae66 : fileuser.oe66 (.text:fdCloseSession)
                  80354760    000000a0     rts6600_elf_mt.lib : lowlev.obj (.text:finddevice)
                  80354800    000000a0     stk6_ppp_pppoe.ae66 : lcp.oe66 (.text:lcpInit)
                  803548a0    000000a0                         : lcp.oe66 (.text:lcpSendTerm)
                  80354940    000000a0                         : sock6.oe66 (.text:leaveGroup)
                  803549e0    000000a0     hal_timer_bios.ae66 : lltimer.oe66 (.text:llTimerTick)
                  80354a80    000000a0     rts6600_elf_mt.lib : lowlev.obj (.text:lseek)
                  80354b20    000000a0                        : memcpy64.obj (.text:memcpy)
                  80354bc0    000000a0     os.ae66 : mem.oe66 (.text:mmBulkFree)
                  80354c60    000000a0             : mem.oe66 (.text:mmInitPage)
                  80354d00    000000a0     rts6600_elf_mt.lib : _mutex.obj (.text:mutex_unlock)
                  80354da0    000000a0     ti.drv.pa.ae66 : pa.oe66 (.text:pa_format_fcmd_header)
                  80354e40    000000a0                    : pa.oe66 (.text:pa_pdsp_run)
                  80354ee0    000000a0     os.ae66 : ossys.oe66 (.text:stricmp)
                  80354f80    000000a0     rts6600_elf_mt.lib : strstr.obj (.text:strstr)
                  80355020    000000a0     sysbios.ae66 : BIOS.obj (.text:ti_sysbios_family_c64p_Hwi_eventMap__E)
                  803550c0    000000a0                  : BIOS.obj (.text:ti_sysbios_family_c64p_Hwi_getStackInfo__E)
                  80355160    000000a0                  : BIOS.obj (.text:ti_sysbios_heaps_HeapMem_init__I)
                  80355200    000000a0                  : BIOS.obj (.text:ti_sysbios_knl_Idle_run__E)
                  803552a0    000000a0                  : BIOS.obj (.text:ti_sysbios_knl_Semaphore_pendTimeout__I)
                  80355340    000000a0                  : BIOS.obj (.text:ti_sysbios_knl_Task_deleteTerminatedTasksFunc__I)
                  803553e0    000000a0                  : BIOS.obj (.text:ti_sysbios_knl_Task_processVitalTaskFlag__I)
                  80355480    000000a0                  : BIOS.obj (.text:ti_sysbios_timers_timer64_Timer_stop__E)
                  80355520    000000a0     rts6600_elf_mt.lib : lowlev.obj (.text:write)
                  803555c0    000000a0     ti.targets.rts6000.ae66 : Assert.oe66 (.text:xdc_runtime_Assert_raise__I)
                  80355660    000000a0                             : LoggerBuf.oe66 (.text:xdc_runtime_LoggerBuf_Module_startup__F)
                  80355700    000000a0     Disparity_pe66.oe66 (.text:xdc_runtime_LoggerBuf_write8__E)
                  803557a0    000000a0     ti.targets.rts6000.ae66 : Text.oe66 (.text:xdc_runtime_Text_xprintf__I)
                  80355840    00000080     ti.drv.cppi.ae66 : cppi_drv.oe66 (.text:Cppi_setCpdmaLoopback)
                  803558c0    00000080     stk6_ppp_pppoe.ae66 : md5.oe66 (.text:Decode)
                  80355940    00000080     rts6600_elf_mt.lib : trgdrv.obj (.text:HOSTclose)
                  803559c0    00000080     stk6_ppp_pppoe.ae66 : icmp.oe66 (.text:ICMPChecksum)
                  80355a40    00000080                         : icmpv6in.oe66 (.text:ICMPv6RecvParamProblem)
                  80355ac0    00000080                         : icmpv6_ndisc.oe66 (.text:ICMPv6RecvRS)
                  80355b40    00000080                         : icmpv6in.oe66 (.text:ICMPv6RecvTimeExceeded)
                  80355bc0    00000080                         : ipv6out.oe66 (.text:IPv6GetRoute)
                  80355c40    00000080                         : lli6.oe66 (.text:LLI6Free)
                  80355cc0    00000080                         : lli6.oe66 (.text:LLI6IsRouterStatMachine)
                  80355d40    00000080                         : nimu.oe66 (.text:NIMUInit)
                  80355dc0    00000080                         : pbm.oe66 (.text:PBMQ_deq)
                  80355e40    00000080                         : nimuppp.oe66 (.text:PPPSend)
                  80355ec0    00000080     ti.drv.pa.ae66 : painit.oe66 (.text:Pa_getBufferReq)
                  80355f40    00000080     stk6_ppp_pppoe.ae66 : pipe.oe66 (.text:PipeClose)
                  80355fc0    00000080     ti.drv.qmss.ae66 : qmss_drv.oe66 (.text:Qmss_getMemRegQueueHandle)
                  80356040    00000080                      : qmss_drv.oe66 (.text:Qmss_queueOpen)
                  803560c0    00000080     stk6_ppp_pppoe.ae66 : rawethsock.oe66 (.text:RawEthSockClose)
                  80356140    00000080                         : rawethsock_pcb.oe66 (.text:RawEthSockPcbDetach)
                  803561c0    00000080                         : route6.oe66 (.text:Rt6Update)
                  80356240    00000080                         : route.oe66 (.text:RtSetFailure)
                  803562c0    00000080                         : route.oe66 (.text:RtSetTimeout)
                  80356340    00000080                         : sock6.oe66 (.text:Sock6Bind)
                  803563c0    00000080                         : sock6pcb.oe66 (.text:Sock6PcbCleanup)
                  80356440    00000080                         : sock.oe66 (.text:SockGetName)
                  803564c0    00000080                         : sockpcb.oe66 (.text:SockPcbCleanup)
                  80356540    00000080                         : sockpcb.oe66 (.text:SockPcbDetach)
                  803565c0    00000080                         : tcp6prot.oe66 (.text:TCP6PrListen)
                  80356640    00000080     os.ae66 : task.oe66 (.text:TaskSetEnv)
                  803566c0    00000080     stk6_ppp_pppoe.ae66 : tcpprot.oe66 (.text:TcpPrListen)
                  80356740    00000080                         : timer.oe66 (.text:TimerHSTick)
                  803567c0    00000080                         : timer.oe66 (.text:TimerListRemove)
                  80356840    00000080     nettool.ae66 : config.oe66 (.text:_CfgAcquire)
                  803568c0    00000080     stk6_ppp_pppoe.ae66 : lli.oe66 (.text:_LLIExpListRemove)
                  80356940    00000080                         : rtc.oe66 (.text:_RTCSendRtAdv)
                  803569c0    00000080                         : rtable.oe66 (.text:_RtExpListRemove)
                  80356a40    00000080     rts6600_elf_mt.lib : _mutex.obj (.text:__TI_resource_lock)
                  80356ac0    00000080                        : llshift.obj (.text:__c6xabi_llshl)
                  80356b40    00000080     sysbios.ae66 : c62_TaskSupport_asm.obj (.text:_ti_sysbios_family_c62_TaskSupport_swap__E)
                  80356bc0    00000080     ti.drv.cppi.ae66 : cppi_heap.oe66 (.text:cppi_internal_heap_cache_begin)
                  80356c40    00000080                      : cppi_listlib.oe66 (.text:cppi_list_remove)
                  80356cc0    00000080     nettool.ae66 : dhcpsock.oe66 (.text:dhcpSocketClose)
                  80356d40    00000080     os.ae66 : efs.oe66 (.text:efs_fclose)
                  80356dc0    00000080             : efs.oe66 (.text:efs_findfile)
                  80356e40    00000080     stk6_ppp_pppoe.ae66 : file.oe66 (.text:fdint_waitevent)
                  80356ec0    00000080     nettool.ae66 : httpsend.oe66 (.text:httpSendEntityLength)
                  80356f40    00000080                  : httpsend.oe66 (.text:httpSendErrorResponse)
                  80356fc0    00000080     hal_timer_bios.ae66 : lltimer.oe66 (.text:llTimerGetTime)
                  80357040    00000080     Disparity_pe66.oe66 (.text:malloc)
                  803570c0    00000080     rts6600_elf_mt.lib : _mutex.obj (.text:mutex_lock)
                  80357140    00000080     ti.drv.pa.ae66 : pa.oe66 (.text:pa_uint8_match)
                  803571c0    00000080     rts6600_elf_mt.lib : _pthread.obj (.text:pthread_mutex_init)
                  80357240    00000080                        : trgmsg.obj (.text:readmsg)
                  803572c0    00000080     nettool.ae66 : httpsend.oe66 (.text:strcat)
                  80357340    00000080     rts6600_elf_mt.lib : strncpy.obj (.text:strncpy)
                  803573c0    00000080     ti.drv.pa.ae66 : pa.oe66 (.text:swizFcmd)
                  80357440    00000080     ti.platform.evm6678l.ae66 : evm66x_i2c.obj (.text)
                  803574c0    00000080     sysbios.ae66 : BIOS.obj (.text:ti_sysbios_BIOS_registerRTSLock__I)
                  80357540    00000080     Disparity_pe66.oe66 (.text:ti_sysbios_gates_GateHwi_Object__create__S)
                  803575c0    00000080     Disparity_pe66.oe66 (.text:ti_sysbios_gates_GateMutex_Object__create__S)
                  80357640    00000080     sysbios.ae66 : BIOS.obj (.text:ti_sysbios_hal_Hwi_checkStack:ti_sysbios_hal_Hwi_checkStack)
                  803576c0    00000080                  : BIOS.obj (.text:ti_sysbios_hal_Hwi_initStack:ti_sysbios_hal_Hwi_initStack)
                  80357740    00000080     Disparity_pe66.oe66 (.text:ti_sysbios_heaps_HeapMem_Object__create__S)
                  803577c0    00000080     sysbios.ae66 : BIOS.obj (.text:ti_sysbios_knl_Clock_Module_startup__F)
                  80357840    00000080     Disparity_pe66.oe66 (.text:ti_sysbios_knl_Clock_Object__create__S)
                  803578c0    00000080     sysbios.ae66 : BIOS.obj (.text:ti_sysbios_knl_Clock_getTicks__E)
                  80357940    00000080     Disparity_pe66.oe66 (.text:ti_sysbios_knl_Queue_Object__create__S)
                  803579c0    00000080     Disparity_pe66.oe66 (.text:ti_sysbios_knl_Semaphore_Object__create__S)
                  80357a40    00000080     sysbios.ae66 : BIOS.obj (.text:ti_sysbios_knl_Swi_startup__E)
                  80357ac0    00000080                  : BIOS.obj (.text:ti_sysbios_knl_Task_restore__E)
                  80357b40    00000080                  : BIOS.obj (.text:ti_sysbios_timers_timer64_Timer_getCount__E)
                  80357bc0    00000080                  : BIOS.obj (.text:ti_sysbios_timers_timer64_Timer_getPeriod__E)
                  80357c40    00000080     rts6600_elf_mt.lib : trgmsg.obj (.text:writemsg)
                  80357cc0    00000080     ti.targets.rts6000.ae66 : Core-label.oe66 (.text:xdc_runtime_Core_assignLabel__I)
                  80357d40    00000080                             : Core-params.oe66 (.text:xdc_runtime_Core_assignParams__I)
                  80357dc0    00000080                             : LoggerBuf.oe66 (.text:xdc_runtime_LoggerBuf_filterOutEvent__I)
                  80357e40    00000080                             : System.oe66 (.text:xdc_runtime_System_atexit__F)
                  80357ec0    00000080                             : System.oe66 (.text:xdc_runtime_System_putchar__I)
                  80357f40    00000080                             : System.oe66 (.text:xdc_runtime_System_rtsExit__I)
                  80357fc0    00000080                             : Text.oe66 (.text:xdc_runtime_Text_printVisFxn__I)
                  80358040    00000060     stk6_ppp_pppoe.ae66 : bind6.oe66 (.text:Bind6FindByIF)
                  803580a0    00000060                         : bind6.oe66 (.text:Bind6IF2IPHost)
                  80358100    00000060                         : bind.oe66 (.text:BindFindByHost)
                  80358160    00000060                         : bind.oe66 (.text:BindFindByIF)
                  803581c0    00000060                         : bind.oe66 (.text:BindFindByNet)
                  80358220    00000060                         : bind.oe66 (.text:BindGetIFByDBCast)
                  80358280    00000060                         : bind.oe66 (.text:BindIF2IPHost)
                  803582e0    00000060     nettool.ae66 : config.oe66 (.text:CfgEntryInfo)
                  80358340    00000060                  : config.oe66 (.text:CfgSetService)
                  803583a0    00000060     stk6_ppp_pppoe.ae66 : md5.oe66 (.text:Encode)
                  80358400    00000060                         : exec.oe66 (.text:ExecBroadcast)
                  80358460    00000060                         : igmp.oe66 (.text:IGMPTestGroup)
                  803584c0    00000060                         : ip.oe66 (.text:IPChecksum)
                  80358520    00000060                         : lli.oe66 (.text:LLIFree)
                  80358580    00000060     netctrl.ae66 : netctrl.oe66 (.text:NC_SystemClose)
                  803585e0    00000060     stk6_ppp_pppoe.ae66 : nimu.oe66 (.text:NIMUAddHeader)
                  80358640    00000060                         : nimu.oe66 (.text:NIMUCreatePacket)
                  803586a0    00000060                         : nimu.oe66 (.text:NIMUFindByIndex)
                  80358700    00000060                         : nimu.oe66 (.text:NIMUPacketService)
                  80358760    00000060                         : nimu.oe66 (.text:NIMUPacketServiceCheck)
                  803587c0    00000060                         : nimu.oe66 (.text:NIMUSendPacket)
                  80358820    00000060     netctrl.ae66 : netsrv.oe66 (.text:NS_PreBoot)
                  80358880    00000060     stk6_ppp_pppoe.ae66 : node.oe66 (.text:NodeGetRt)
                  803588e0    00000060                         : nimuppp.oe66 (.text:PPPStart)
                  80358940    00000060                         : rtc.oe66 (.text:RTCAddHook)
                  803589a0    00000060                         : rtc.oe66 (.text:RTCRemoveHook)
                  80358a00    00000060                         : rawethsock_pcb.oe66 (.text:RawEthSockPcbCleanup)
                  80358a60    00000060                         : rawethsock_pcb.oe66 (.text:RawEthSockPcbFind)
                  80358ac0    00000060                         : route6.oe66 (.text:Rt6GetNetworkAddr)
                  80358b20    00000060                         : rtable.oe66 (.text:RtWalkEnd)
                  80358b80    00000060     netctrl.ae66 : netsrv.oe66 (.text:ServiceCallback)
                  80358be0    00000060     stk6_ppp_pppoe.ae66 : sock6pcb.oe66 (.text:Sock6PcbDetach)
                  80358c40    00000060                         : sock6prot.oe66 (.text:Sock6PrCtlError)
                  80358ca0    00000060                         : sock6prot.oe66 (.text:Sock6PrDetach)
                  80358d00    00000060                         : sockprot.oe66 (.text:SockPrCtlError)
                  80358d60    00000060                         : sockprot.oe66 (.text:SockPrDetach)
                  80358dc0    00000060                         : tcp6prot.oe66 (.text:TCP6PrConnect)
                  80358e20    00000060                         : tcp6time.oe66 (.text:TCP6SetPersist)
                  80358e80    00000060                         : tcp6time.oe66 (.text:TCP6TimeoutPersist)
                  80358ee0    00000060                         : tcpprot.oe66 (.text:TcpPrConnect)
                  80358f40    00000060                         : tcptime.oe66 (.text:TcpSetPersist)
                  80358fa0    00000060                         : tcptime.oe66 (.text:TcpTimeoutPersist)
                  80359000    00000060                         : vlan.oe66 (.text:VLANFindNode)
                  80359060    00000060                         : vlan.oe66 (.text:VLANFindSourceInterface)
                  803590c0    00000060                         : vlan.oe66 (.text:VLANInit)
                  80359120    00000060     nettool.ae66 : config.oe66 (.text:_CfgEntryProcess)
                  80359180    00000060     rts6600_elf_mt.lib : frcmpyd_div.obj (.text:__c6xabi_frcmpyd_div)
                  803591e0    00000060                        : llshift.obj (.text:__c6xabi_llshru)
                  80359240    00000060                        : imath64.obj (.text:_subcull)
                  803592a0    00000060     ti.drv.cppi.ae66 : cppi_listlib.oe66 (.text:cppi_list_add)
                  80359300    00000060                      : cppi_listlib.oe66 (.text:cppi_list_cache_invalidate)
                  80359360    00000060     rts6600_elf_mt.lib : _mutex.obj (.text:create_resource_mutexes)
                  803593c0    00000060                        : _mutex.obj (.text:destroy_resource_mutexes)
                  80359420    00000060     nettool.ae66 : dhcpbild.oe66 (.text:dhcpBuildDiscover)
                  80359480    00000060                  : dhcpsock.oe66 (.text:dhcpPacketReceive)
                  803594e0    00000060                  : dhcpsock.oe66 (.text:dhcpPacketSend)
                  80359540    00000060     stk6_ppp_pppoe.ae66 : fileuser.oe66 (.text:fdSelectAbort)
                  803595a0    00000060                         : file.oe66 (.text:fdint_clearevent)
                  80359600    00000060                         : file.oe66 (.text:fdint_getfdt)
                  80359660    00000060                         : file.oe66 (.text:fdint_setevent)
                  803596c0    00000060                         : fileuser.oe66 (.text:fdsetTestEntry)
                  80359720    00000060     nettool.ae66 : httpsend.oe66 (.text:httpSendClientStr)
                  80359780    00000060     stk6_ppp_pppoe.ae66 : ipcp.oe66 (.text:ipcpInit)
                  803597e0    00000060                         : ipcp.oe66 (.text:ipcpStart)
                  80359840    00000060                         : lcp.oe66 (.text:lcpClose)
                  803598a0    00000060                         : listlib.oe66 (.text:list_cat)
                  80359900    00000060                         : listlib.oe66 (.text:list_remove_node)
                  80359960    00000060     rts6600_elf_mt.lib : memccpy.obj (.text:memccpy)
                  803599c0    00000060     os.ae66 : mem.oe66 (.text:mmUnInitPage)
                  80359a20    00000060     ti.drv.pa.ae66 : painit.oe66 (.text:pa_init_global_cfg)
                  80359a80    00000060                    : pa.oe66 (.text:pa_uint8_zero)
                  80359ae0    00000060     stk6_ppp_pppoe.ae66 : nimupppoe.oe66 (.text:pppoeInput)
                  80359b40    00000060     rts6600_elf_mt.lib : _pthread.obj (.text:pthread_mutex_destroy)
                  80359ba0    00000060                        : strcpy.obj (.text:strcpy)
                  80359c00    00000060     Disparity_pe66.oe66 (.text:ti_ndk_config_Global_stackThread)
                  80359c60    00000060     Disparity_pe66.oe66 (.text:ti_sysbios_BIOS_exitFunc__I)
                  80359cc0    00000060     sysbios.ae66 : BIOS.obj (.text:ti_sysbios_BIOS_rtsLock__I)
                  80359d20    00000060                  : BIOS.obj (.text:ti_sysbios_family_c62_TaskSupport_start__E)
                  80359d80    00000060                  : BIOS.obj (.text:ti_sysbios_family_c64p_EventCombiner_Module_startup__F)
[...]
8035db80   xdc_runtime_System_vsnprintf__F
8035dba0   NDK_vsprintf
8035dba0   xdc_runtime_System_vsprintf__E
8035dbc0   xdc_runtime_Text_cordText__E
8035dbe0   xdc_runtime_Text_putLab__E
8035dc00   xdc_runtime_Text_putSite__E
8035dc20   xdc_runtime_Text_ropeText__E
8035dc40   xdc_runtime_Timestamp_SupportProxy_get32__E
8035dc40   xdc_runtime_Timestamp_get32__F
8035dc60   xdc_runtime_Timestamp_SupportProxy_getFreq__E
8035dc60   xdc_runtime_Timestamp_getFreq__F
8035dc80   xdc_runtime_Timestamp_get32__E
8035dca0   xdc_runtime_Timestamp_getFreq__E
8035dcc0   ti_ndk_config_Global_pit
8035de80   ti_ndk_config_Global_pitBuffer
80369e80   ti_sysbios_knl_Task_Instance_State_0_hookEnv__A
80369e88   ti_sysbios_knl_Task_Instance_State_1_hookEnv__A
80369e90   ti_sysbios_knl_Task_Instance_State_2_hookEnv__A
80369e98   xdc_runtime_LoggerBuf_Instance_State_0_entryArr__A
8036ae50   _tmpnams
8036af90   qmssLObj
8036b298   IPV6_LINKLOCALMASK
8036b2a8   IPV6_MULTICASTMASK
8036b2b8   IPV6_UNSPECIFIED_ADDRESS
8036b2c8   IPV6_LOOPBACK_ADDRESS
8036b2d8   IPV6_HOST_MASK
8036b2e8   IPV6_ALL_NODES_ADDRESS
8036b2f8   IPV6_ALL_ROUTER_ADDRESS
8036b308   ipv6mcb
8036b360   tcps
8036b418   tpseudo
8036b424   tcp6_stats
8036b4dc   raweth_pcb
8036b4e0   _ICMPIn
8036b530   _ICMPOut
8036b57c   gPlatformInfo
8036b610   BlockMax
8036b630   BlockCount
8036b650   PageMax
8036b670   PageCount
8036b68c   ips
8036b6f4   nimu_mcb
8036b758   gI2cBlock
8036b79c   udps
8036b7c0   upseudo
8036b7d0   nimuGlobalConfigParams
8036b7e0   coreKey
8036b800   vlan_mcb
8036b828   udp6_stats
8036b850   gCppiCfg
8036b870   icmp6stats
8036b8a4   stkEvent
8036b8b4   raws
8036b8c4   raw6_stats
8036b8d4   raweths
8036b8e4   PBMQ_free
8036b8f0   c1
8036d6b8   m
8036ef68   xdc_runtime_Text_charTab__A
80370560   c2
80372548   acc48_le
80372b78   ti_sysbios_family_c66_Cache_marvalues__C
80373e98   _ctypes_
80373f9a   ti_sysbios_BIOS_Module__id__C
80373f9c   ti_sysbios_BIOS_Module__diagsEnabled__C
80373fa0   xdc_runtime_Text_nodeTab__A
803747e6   ti_sysbios_family_c64p_EventCombiner_Module__id__C
8037490c   ti_sysbios_BIOS_Module__diagsIncluded__C
80374910   pap_pdsp_const_reg_map
80374ad2   ti_sysbios_family_c64p_Exception_Module__id__C
80374bda   ti_sysbios_family_c64p_Exception_enableExternalMPC__C
80374bdc   ti_sysbios_BIOS_Module__diagsMask__C
80374be0   Code2Err
80374dd2   ti_sysbios_family_c64p_Exception_enablePrint__C
80374dd4   ti_sysbios_knl_Task_Object__PARAMS__C
80374e10   xdc_runtime_LoggerBuf_Module__FXNS__C
80374e4c   ti_sysbios_BIOS_installedErrorHook__C
80374e50   xdc_runtime_Startup_sfxnTab__A
80374f22   ti_sysbios_family_c64p_Exception_useInternalBuffer__C
80374f24   ti_sysbios_family_c62_TaskSupport_stackAlignment__C
80374f28   ti_sysbios_knl_Task_hooks__A
80374fdc   ti_sysbios_heaps_HeapMem_Module__FXNS__C
80375004   xdc_runtime_LoggerBuf_Object__PARAMS__C
80375054   ti_sysbios_gates_GateHwi_Module__FXNS__C
80375078   ti_sysbios_gates_GateMutex_Module__FXNS__C
8037509c   ti_sysbios_heaps_HeapMem_Object__PARAMS__C
803750c0   ti_sysbios_knl_Clock_Object__PARAMS__C
803750e4   ti_sysbios_knl_Semaphore_Object__PARAMS__C
8037512c   ti_sysbios_gates_GateHwi_Object__DESC__C
8037514c   ti_sysbios_gates_GateMutex_Object__DESC__C
8037516c   ti_sysbios_heaps_HeapMem_Object__DESC__C
8037518c   ti_sysbios_knl_Clock_Object__DESC__C
803751ac   ti_sysbios_knl_Queue_Object__DESC__C
803751cc   ti_sysbios_knl_Semaphore_Object__DESC__C
803751ec   ti_sysbios_knl_Task_Object__DESC__C
8037520c   xdc_runtime_LoggerBuf_Object__DESC__C
8037522c   ti_sysbios_family_c64p_EventCombiner_E_unpluggedEvent__C
8037528a   ti_sysbios_family_c64p_Hwi_Module__id__C
8037528c   ti_sysbios_family_c64p_Exception_E_exceptionMax__C
80375290   xdc_runtime_Startup_sfxnRts__A
803752ac   ti_sysbios_family_c64p_Exception_E_exceptionMin__C
80375310   ti_sysbios_gates_GateHwi_Object__PARAMS__C
80375328   ti_sysbios_gates_GateMutex_Object__PARAMS__C
80375340   ti_sysbios_knl_Queue_Object__PARAMS__C
803753ba   ti_sysbios_family_c64p_Hwi_Module__loggerDefined__C
803753bc   ti_sysbios_family_c64p_Exception_exceptionHook__C
803753d2   ti_sysbios_gates_GateMutex_Module__id__C
803753d4   ti_sysbios_family_c64p_Exception_externalHook__C
803753d8   paMemAligns
803753e8   ti_sysbios_family_c64p_EventCombiner_EVTMASK__C
80375420   ti_sysbios_family_c66_Cache_initSize__C
80375442   ti_sysbios_hal_Hwi_Module__id__C
80375444   ti_sysbios_family_c64p_Exception_internalHook__C
80375452   ti_sysbios_heaps_HeapMem_Module__id__C
80375454   ti_sysbios_family_c64p_Exception_nmiHook__C
80375470   ti_sysbios_knl_Idle_coreList__A
80375478   ti_sysbios_knl_Idle_coreList__C
80375480   ti_sysbios_knl_Idle_funcList__A
80375488   ti_sysbios_knl_Idle_funcList__C
80375490   ti_sysbios_knl_Task_hooks__C
80375498   xdc_runtime_Startup_firstFxns__A
803754a0   xdc_runtime_Startup_firstFxns__C
803754a8   xdc_runtime_Startup_lastFxns__A
803754b0   xdc_runtime_Startup_lastFxns__C
803754be   ti_sysbios_knl_Clock_Module__id__C
803754c6   ti_sysbios_knl_Clock_Module__loggerDefined__C
803754ce   ti_sysbios_knl_Semaphore_Module__id__C
803754d0   ti_sysbios_family_c64p_Hwi_LD_end__C
803754d4   ti_sysbios_family_c64p_Hwi_LM_begin__C
803754d8   ti_sysbios_family_c64p_Hwi_Module__diagsEnabled__C
803754dc   ti_sysbios_family_c64p_Hwi_Module__diagsIncluded__C
803754e0   ti_sysbios_family_c64p_Hwi_Module__diagsMask__C
803754e4   ti_sysbios_family_c64p_Hwi_Module__loggerFxn1__C
803754e8   ti_sysbios_family_c64p_Hwi_Module__loggerFxn8__C
803754ec   ti_sysbios_family_c64p_Hwi_Module__loggerObj__C
803754f0   ti_sysbios_family_c66_Cache_atomicBlockSize__C
803754f4   ti_sysbios_gates_GateMutex_A_badContext__C
803754f8   ti_sysbios_gates_GateMutex_Instance_State_sem__O
803754fc   ti_sysbios_gates_GateMutex_Module__diagsEnabled__C
80375500   ti_sysbios_gates_GateMutex_Module__diagsIncluded__C
80375504   ti_sysbios_gates_GateMutex_Module__diagsMask__C
80375508   ti_sysbios_hal_Hwi_E_stackOverflow__C
8037550c   ti_sysbios_heaps_HeapBuf_Instance_State_freeList__O
80375510   ti_sysbios_heaps_HeapBuf_Object__count__C
80375514   ti_sysbios_heaps_HeapBuf_Object__table__C
80375518   ti_sysbios_heaps_HeapBuf_numConstructedHeaps__C
8037551c   ti_sysbios_heaps_HeapMem_A_align__C
80375520   ti_sysbios_heaps_HeapMem_A_heapSize__C
80375524   ti_sysbios_heaps_HeapMem_A_invalidFree__C
80375528   ti_sysbios_heaps_HeapMem_A_zeroBlock__C
8037552c   ti_sysbios_heaps_HeapMem_E_memory__C
80375530   ti_sysbios_heaps_HeapMem_Module__diagsEnabled__C
80375534   ti_sysbios_heaps_HeapMem_Module__diagsIncluded__C
80375538   ti_sysbios_heaps_HeapMem_Module__diagsMask__C
8037553c   ti_sysbios_heaps_HeapMem_Module__gateObj__C
80375540   ti_sysbios_heaps_HeapMem_Object__count__C
80375544   ti_sysbios_heaps_HeapMem_Object__table__C
80375548   ti_sysbios_heaps_HeapMem_reqAlign__C
8037554c   ti_sysbios_knl_Clock_A_badThreadType__C
80375550   ti_sysbios_knl_Clock_LM_begin__C
80375554   ti_sysbios_knl_Clock_LM_tick__C
80375558   ti_sysbios_knl_Clock_LW_delayed__C
8037555c   ti_sysbios_knl_Clock_Module_State_clockQ__O
80375560   ti_sysbios_knl_Clock_Module__diagsEnabled__C
80375564   ti_sysbios_knl_Clock_Module__diagsIncluded__C
80375568   ti_sysbios_knl_Clock_Module__diagsMask__C
8037556c   ti_sysbios_knl_Clock_Module__loggerFxn1__C
80375570   ti_sysbios_knl_Clock_Module__loggerFxn2__C
80375574   ti_sysbios_knl_Clock_Module__loggerObj__C
80375578   ti_sysbios_knl_Clock_tickMode__C
8037557c   ti_sysbios_knl_Clock_tickSource__C
80375580   ti_sysbios_knl_Queue_Object__count__C
80375584   ti_sysbios_knl_Queue_Object__table__C
80375588   ti_sysbios_knl_Semaphore_A_badContext__C
8037558c   ti_sysbios_knl_Semaphore_A_noEvents__C
80375590   ti_sysbios_knl_Semaphore_A_overflow__C
80375594   ti_sysbios_knl_Semaphore_A_pendTaskDisabled__C
80375598   ti_sysbios_knl_Semaphore_Instance_State_pendQ__O
8037559c   ti_sysbios_knl_Semaphore_LM_pend__C
803755a0   ti_sysbios_knl_Semaphore_LM_post__C
803755a4   ti_sysbios_knl_Semaphore_Module__diagsEnabled__C
803755a8   ti_sysbios_knl_Semaphore_Module__diagsIncluded__C
803755ac   ti_sysbios_knl_Semaphore_Module__diagsMask__C
803755b0   ti_sysbios_knl_Semaphore_Module__loggerFxn2__C
803755b4   ti_sysbios_knl_Semaphore_Module__loggerFxn4__C
803755b8   ti_sysbios_knl_Semaphore_Module__loggerObj__C
803755bc   ti_sysbios_knl_Swi_LD_end__C
803755c0   ti_sysbios_knl_Swi_LM_begin__C
803755c4   ti_sysbios_knl_Swi_LM_post__C
803755c8   ti_sysbios_knl_Swi_Module__diagsEnabled__C
803755cc   ti_sysbios_knl_Swi_Module__diagsIncluded__C
803755d0   ti_sysbios_knl_Swi_Module__diagsMask__C
803755d4   ti_sysbios_knl_Swi_Module__loggerFxn1__C
803755d8   ti_sysbios_knl_Swi_Module__loggerFxn4__C
803755dc   ti_sysbios_knl_Swi_Module__loggerObj__C
803755e0   ti_sysbios_knl_Swi_Object__count__C
803755e4   ti_sysbios_knl_Swi_Object__table__C
803755e8   ti_sysbios_knl_Task_A_badPriority__C
803755ec   ti_sysbios_knl_Task_A_badTaskState__C
803755f0   ti_sysbios_knl_Task_A_badThreadType__C
803755f4   ti_sysbios_knl_Task_A_badTimeout__C
803755f8   ti_sysbios_knl_Task_A_noPendElem__C
803755fc   ti_sysbios_knl_Task_A_sleepTaskDisabled__C
80375600   ti_sysbios_knl_Task_E_deleteNotAllowed__C
80375604   ti_sysbios_knl_Task_E_spOutOfBounds__C
80375608   ti_sysbios_knl_Task_E_stackOverflow__C
8037560c   ti_sysbios_knl_Task_LD_block__C
80375610   ti_sysbios_knl_Task_LD_exit__C
80375614   ti_sysbios_knl_Task_LD_ready__C
80375618   ti_sysbios_knl_Task_LM_setPri__C
8037561c   ti_sysbios_knl_Task_LM_sleep__C
80375620   ti_sysbios_knl_Task_LM_switch__C
80375624   ti_sysbios_knl_Task_Module_State_inactiveQ__O
80375628   ti_sysbios_knl_Task_Module_State_terminatedQ__O
8037562c   ti_sysbios_knl_Task_Module__diagsEnabled__C
80375630   ti_sysbios_knl_Task_Module__diagsIncluded__C
80375634   ti_sysbios_knl_Task_Module__diagsMask__C
80375638   ti_sysbios_knl_Task_Module__loggerFxn2__C
8037563c   ti_sysbios_knl_Task_Module__loggerFxn4__C
80375640   ti_sysbios_knl_Task_Module__loggerObj__C
80375644   ti_sysbios_knl_Task_Object__count__C
80375648   ti_sysbios_knl_Task_Object__heap__C
8037564c   ti_sysbios_knl_Task_Object__table__C
80375650   ti_sysbios_knl_Task_allBlockedFunc__C
80375654   ti_sysbios_knl_Task_defaultStackHeap__C
80375658   ti_sysbios_knl_Task_defaultStackSize__C
8037565c   ti_sysbios_knl_Task_numConstructedTasks__C
80375660   ti_sysbios_knl_Task_numPriorities__C
80375664   ti_sysbios_timers_timer64_Timer_A_notAvailable__C
80375668   ti_sysbios_timers_timer64_Timer_E_cannotSupport__C
8037566c   ti_sysbios_timers_timer64_Timer_Module__diagsEnabled__C
80375670   ti_sysbios_timers_timer64_Timer_Module__diagsIncluded__C
80375674   ti_sysbios_timers_timer64_Timer_Module__diagsMask__C
80375678   ti_sysbios_timers_timer64_Timer_anyMask__C
8037567c   ti_sysbios_timers_timer64_Timer_freqDivisor__C
80375680   ti_sysbios_timers_timer64_Timer_numLocalTimers__C
80375684   ti_sysbios_timers_timer64_Timer_numTimerDevices__C
80375688   xdc_runtime_Assert_E_assertFailed__C
8037568c   xdc_runtime_Core_A_initializedParams__C
80375690   xdc_runtime_Core_Module__diagsEnabled__C
80375694   xdc_runtime_Core_Module__diagsIncluded__C
80375698   xdc_runtime_Core_Module__diagsMask__C
8037569c   xdc_runtime_Error_E_memory__C
803756a0   xdc_runtime_Error_Module__diagsEnabled__C
803756a4   xdc_runtime_Error_Module__diagsIncluded__C
803756a8   xdc_runtime_Error_Module__diagsMask__C
803756ac   xdc_runtime_Error_Module__loggerFxn8__C
803756b0   xdc_runtime_Error_Module__loggerObj__C
803756b4   xdc_runtime_Error_policy__C
803756b8   xdc_runtime_Error_raiseHook__C
803756bc   xdc_runtime_IFilterLogger_Interface__BASE__C
803756c0   xdc_runtime_IGateProvider_Interface__BASE__C
803756c4   xdc_runtime_IHeap_Interface__BASE__C
803756c8   xdc_runtime_ILogger_Interface__BASE__C
803756cc   xdc_runtime_IModule_Interface__BASE__C
803756d0   xdc_runtime_Log_L_error__C
803756d4   xdc_runtime_LoggerBuf_E_badLevel__C
803756d8   xdc_runtime_LoggerBuf_Module__gateObj__C
803756dc   xdc_runtime_LoggerBuf_Object__count__C
803756e0   xdc_runtime_LoggerBuf_Object__table__C
803756e4   xdc_runtime_LoggerBuf_statusLogger__C
803756e8   xdc_runtime_Memory_defaultHeapInstance__C
803756ec   xdc_runtime_Startup_execImpl__C
803756f0   xdc_runtime_Startup_maxPasses__C
803756f4   xdc_runtime_Startup_sfxnRts__C
803756f8   xdc_runtime_Startup_sfxnTab__C
803756fc   xdc_runtime_Startup_startModsFxn__C
80375700   xdc_runtime_System_Module__gateObj__C
80375704   xdc_runtime_System_extendFxn__C
80375708   xdc_runtime_System_maxAtexitHandlers__C
8037570c   xdc_runtime_Text_charTab__C
80375710   xdc_runtime_Text_nameEmpty__C
80375714   xdc_runtime_Text_nameStatic__C
80375718   xdc_runtime_Text_nameUnknown__C
8037571c   xdc_runtime_Text_nodeTab__C
80375720   xdc_runtime_Text_visitRopeFxn__C
80375724   ti_sysbios_knl_Semaphore_Module__loggerDefined__C
80375726   ti_sysbios_knl_Swi_Module__id__C
80375728   ti_sysbios_knl_Swi_Module__loggerDefined__C
8037572a   ti_sysbios_knl_Task_Module__id__C
8037572c   ti_sysbios_knl_Task_Module__loggerDefined__C
8037572e   ti_sysbios_knl_Task_deleteTerminatedTasks__C
80375730   ti_sysbios_knl_Task_initStackFlag__C
80375732   ti_sysbios_timers_timer64_Timer_Module__id__C
80375734   ti_sysbios_timers_timer64_Timer_startupNeeded__C
80375736   xdc_runtime_Core_Module__id__C
80375738   xdc_runtime_Error_Module__loggerDefined__C
8037573a   xdc_runtime_Error_maxDepth__C
8037573c   xdc_runtime_LoggerBuf_Module__id__C
8037573e   xdc_runtime_LoggerBuf_filterByLevel__C
80375740   xdc_runtime_Memory_Module__id__C
80375742   xdc_runtime_Text_charCnt__C
80375744   xdc_runtime_Text_isLoaded__C
80375746   xdc_runtime_Text_registryModsLastId__C
80375748   xdc_runtime_Text_unnamedModsLastId__C
80375750   ti_sysbios_knl_Swi_Object__table__V
80375780   queueFree
80377780   qmssGObj
80377b80   ti_sysbios_BIOS_Module__state__V
80377ba0   ti_sysbios_family_c64p_EventCombiner_Module__state__V
80377fa0   ti_sysbios_family_c64p_Exception_Module__state__V
80377fd0   ti_sysbios_family_c64p_Hwi_Module__root__V
80377fd8   ti_sysbios_family_c64p_Hwi_Module__state__V
80378040   ti_sysbios_gates_GateHwi_Module__root__V
80378048   ti_sysbios_gates_GateMutex_Module__root__V
80378050   ti_sysbios_hal_Hwi_Module__root__V
80378058   ti_sysbios_hal_Timer_Module__root__V
80378060   ti_sysbios_heaps_HeapBuf_Module__root__V
80378068   ti_sysbios_heaps_HeapBuf_Module__state__V
8037806c   ti_sysbios_heaps_HeapMem_Module__root__V
80378074   ti_sysbios_knl_Clock_Module__root__V
8037807c   ti_sysbios_knl_Clock_Module__state__V
803780a4   ti_sysbios_knl_Queue_Module__root__V
803780ac   ti_sysbios_knl_Semaphore_Module__root__V
803780b4   ti_sysbios_knl_Swi_Module__root__V
803780bc   ti_sysbios_knl_Swi_Module__state__V
803780d8   ti_sysbios_knl_Task_Module__root__V
803780e0   ti_sysbios_knl_Task_Module__state__V
80378124   ti_sysbios_timers_timer64_Timer_Module__root__V
8037812c   ti_sysbios_timers_timer64_Timer_Module__state__V
80378140   xdc_runtime_Error_Module__state__V
80378144   xdc_runtime_LoggerBuf_Module__root__V
8037814c   xdc_runtime_LoggerBuf_Module__state__V
80378154   xdc_runtime_Memory_Module__state__V
80378158   xdc_runtime_Registry_Module__state__V
80378160   xdc_runtime_Startup_Module__state__V
80378168   xdc_runtime_System_Module__state__V
80378174   xdc_runtime_Text_Module__state__V
8037817c   __xdc__init__addr
80378180   _ftable
80378360   ti_sysbios_timers_timer64_Timer_Module_State_0_device__A
803784e0   qmssGblCfgParams
80378600   ti_sysbios_knl_Task_Object__table__V
803786a0   TSK_idle
803786f0   _ipcfg
803787a4   _ft_end
80378848   ti_sysbios_knl_Swi_Module_State_0_readyQ__A
803788c8   ti_sysbios_knl_Task_Module_State_0_readyQ__A
80378948   ti_sysbios_timers_timer64_Timer_Module_State_0_gctrl__A
803789c8   ti_sysbios_timers_timer64_Timer_Module_State_0_handles__A
80378a48   ti_sysbios_timers_timer64_Timer_Module_State_0_intFreqs__A
80378b40   cppiGblCfgParams
80378bb8   ti_sysbios_family_c64p_Hwi_Object__table__V
80378cd0   ti_sysbios_timers_timer64_Timer_Object__table__V
80378e20   ti_sysbios_gates_GateMutex_Object__table__V
80378ed4   _oscfg
80378ef8   xdc_runtime_LoggerBuf_Object__table__V
80378f1c   cppiLObj
80378f20   Qmss_highEoiVector
80378f40   pstrMsgName
80378f60   xdc_runtime_System_Module_State_0_atexitHandlers__A
80378f80   ti_ndk_config_Global_Id2Size
80378f9c   paLObj
80378fd0   ti_sysbios_heaps_HeapMem_Object__table__V
80379018   NIMUDeviceTable
80379034   _lock
80379038   _unlock
80379058   Qmss_lowEoiVector
80379068   _delete_mutexes_ptr
8037906c   _cleanup_ptr
80379070   _dtors_ptr
80379074   __TI_enable_exit_profile_output
803790a0   ti_sysbios_hal_Hwi_Object__table__V
803790a8   ti_sysbios_hal_Timer_Object__table__V
803790b8   ti_sysbios_gates_GateHwi_Object__table__V
803790c8   ti_sysbios_knl_Task_Module_State_0_idleTask__A
803790d0   Qmss_cdmaEoiVector
80379130   gDeviceNandBBlist
8037a35c   gDeviceNand
8037a394   gDeviceNor
8037a3cc   gDeviceEeprom0
8037a404   gDeviceEeprom1
8037a440   emac_port_mode
8037a7f4   __TI_STATIC_BASE
8037a80c   _IGMPInDiscard
8037a810   _IGMPInQuery
8037a814   _IGMPInQueryGroup
8037a818   _IGMPInResponse
8037a81c   _IGMPOutResponse
8037a820   gTxCmdReturnQHnd
8037a824   gTxCmdFreeQHnd
8037a828   ethSemHandle
8037a860   CONTENT_TYPE_APPLET
8037a864   CONTENT_TYPE_AU
8037a868   CONTENT_TYPE_CSS
8037a86c   CONTENT_TYPE_DOC
8037a870   CONTENT_TYPE_GIF
8037a874   CONTENT_TYPE_HTML
8037a878   CONTENT_TYPE_JPG
8037a87c   CONTENT_TYPE_MPEG
8037a880   CONTENT_TYPE_PDF
8037a884   CONTENT_TYPE_WAV
8037a888   CONTENT_TYPE_ZIP
8037a88c   CONTENT_TYPE
8037a890   CONTENT_LENGTH
8037a894   CRLF
8037a898   DEFAULT_NAME
8037a89c   HTTP_VER
8037a8a0   SPACE
8037a8a4   PITCount
8037a8a8   PITUsed
8037a8ac   PITHigh
8037a8c8   VerStr
8037a8cc   HostName
8037a8d0   LocalIPAddr
8037a8d4   LocalIPMask
8037a8d8   GatewayIP
8037a8dc   DomainName
8037a8e0   DNSServer
8037a954   _IGMPForceVersion1
8037a970   _ICMPInErrors
8037a974   _ICMPOutErrors
8037a978   _IPExecuting
8037a988   gFragQList
8037a9a8   tcp_iss
8037a9ac   ptTimeFirst
8037a9b0   pt6TimeFirst
8037a9b4   tcp6_iss
8037a9c0   platform_errno
8037a9c4   platform_init_return_code
8037a9c8   g_transmissionError
8037a9d8   httpErrorResponseHook
8037a9e4   _IPReasmPtr
8037a9ec   gMLDNodeList
8037aa04   qmssLObjIsValid
8037aa08   IPV6_MAX_MULTICAST_SOLICIT
8037aa0c   IPV6_MAX_UNICAST_SOLICIT
8037aa10   IPV6_RETRANS_TIME
8037aa14   IPV6_DELAY_FIRST_PROBE_TIME
8037aa18   IPV6_REACHABLE_TIME
8037aa1c   IPV6_MAX_RTR_SOLICITATION_DELAY
8037aa20   IPV6_RTR_SOLICITATION_INTERVAL
8037aa24   IPV6_MAX_RTR_SOLICITATIONS
8037aa28   INFINITE_LT
8037aa2c   ti_ndk_config_Global_rawPageSize
8037aa30   ti_ndk_config_Global_rawPageCount
8037aa34   ti_ndk_config_Global_smallest
8037aa38   ti_ndk_config_Global_largest
8037aa3c   ti_ndk_config_Global_numFrameBuf
8037aa40   ti_ndk_config_Global_sizeFrameBuf
8037aa80   cppiObject
8037ac80   __CIOBUF_
8037b000   ti_sysbios_family_c64p_Hwi0
8037b000   ti_sysbios_family_c64p_Hwi_int0
8037b020   ti_sysbios_family_c64p_Hwi_int1
8037b040   ti_sysbios_family_c64p_Hwi_int2
8037b060   ti_sysbios_family_c64p_Hwi_int3
8037b080   ti_sysbios_family_c64p_Hwi_int4
8037b0a0   ti_sysbios_family_c64p_Hwi_int5
8037b0c0   ti_sysbios_family_c64p_Hwi_int6
8037b0e0   ti_sysbios_family_c64p_Hwi_int7
8037b100   ti_sysbios_family_c64p_Hwi_int8
8037b120   ti_sysbios_family_c64p_Hwi_int9
8037b140   ti_sysbios_family_c64p_Hwi_int10
8037b160   ti_sysbios_family_c64p_Hwi_int11
8037b180   ti_sysbios_family_c64p_Hwi_int12
8037b1a0   ti_sysbios_family_c64p_Hwi_int13
8037b1c0   ti_sysbios_family_c64p_Hwi_int14
8037b1e0   ti_sysbios_family_c64p_Hwi_int15
8037c1e4   __TI_Handler_Table_Base
8037c1f0   __TI_Handler_Table_Limit
8037c254   __TI_CINIT_Base
8037c2dc   __TI_CINIT_Limit
ffffffff   __TI_pprof_out_hndl
ffffffff   __TI_prof_data_size
ffffffff   __TI_prof_data_start
ffffffff   __binit__
ffffffff   __c_args__
ffffffff   binit
UNDEFED    __TI_INITARRAY_Base
UNDEFED    __TI_INITARRAY_Limit

[1622 symbols]
