******************************************************************************
               TMS320C6x Linker PC v7.4.7                      
******************************************************************************
>> Linked Tue Mar 18 18:10:44 2014

OUTPUT FILE NAME:   <Disparity.out>
ENTRY POINT SYMBOL: "_c_int00"  address: 803545e0


MEMORY CONFIGURATION

         name            origin    length      used     unused   attr    fill
----------------------  --------  ---------  --------  --------  ----  --------
  L2SRAM                00800000   00080000  0005cf40  000230c0  RW X
  MSMCSRAM              0c000000   00400000  00000000  00400000  RW X
  DDR3                  80000000   20000000  0037c61e  1fc839e2  RWIX


SEGMENT ALLOCATION MAP

run origin  load origin   length   init length attrs members
----------  ----------- ---------- ----------- ----- -------
00800000    00800000    0005cb88   00000000    rw-
  00800000    00800000    00052b00   00000000    rw- .far:NDK_PACKETMEM
  00852b00    00852b00    00004000   00000000    rw- .resmgr_memregion
  00856b00    00856b00    00003c00   00000000    rw- .far:taskStackSection
  0085a700    0085a700    00001488   00000000    rw- .resmgr_pa
  0085bb88    0085bb88    00001000   00000000    rw- .stack
0085cc00    0085cc00    00000318   00000318    rw-
  0085cc00    0085cc00    00000318   00000318    rw- .nimu_eth_ll2
0085cf20    0085cf20    000000a0   00000000    rw-
  0085cf20    0085cf20    000000a0   00000000    rw- .resmgr_handles
80000000    80000000    00300000   00000000    rw-
  80000000    80000000    00300000   00000000    rw- systemHeap
80300000    80300000    0005e2c0   0005e2c0    r-x
  80300000    80300000    0005e2c0   0005e2c0    r-x .text
8035e2c0    8035e2c0    0000dbc8   00000000    rw-
  8035e2c0    8035e2c0    0000dbc8   00000000    rw- .far.1
8036be90    8036be90    00000060   00000000    rw-
  8036be90    8036be90    00000060   00000000    rw- .far.2
8036bef0    8036bef0    00009e48   00009e48    r--
  8036bef0    8036bef0    00009e48   00009e48    r-- .const
80375d40    80375d40    00000040   00000040    rw-
  80375d40    80375d40    00000040   00000040    rw- .fardata.1
80375d80    80375d80    00002400   00000000    rw-
  80375d80    80375d80    00002400   00000000    rw- .qmss
80378180    80378180    0000154a   0000154a    rw-
  80378180    80378180    0000154a   0000154a    rw- .fardata.2
803796d0    803796d0    00001370   00001370    rw-
  803796d0    803796d0    00001370   00001370    rw- platform_lib
8037aa40    8037aa40    000003ac   000003ac    r--
  8037aa40    8037aa40    000003ac   000003ac    r-- .switch
8037adec    8037adec    0000006c   00000000    rw-
  8037adec    8037adec    0000006c   00000000    rw- .bss
8037ae58    8037ae58    000001a5   000001a5    rw-
  8037ae58    8037ae58    000001a5   000001a5    rw- .neardata
8037b000    8037b000    0000003c   0000003c    r--
  8037b000    8037b000    0000003c   0000003c    r-- .rodata
8037b080    8037b080    00000320   00000000    rw-
  8037b080    8037b080    00000200   00000000    rw- .cppi
  8037b280    8037b280    00000120   00000000    rw- .cio
8037b400    8037b400    000012d8   000012d8    r-x
  8037b400    8037b400    00000200   00000200    r-x .vecs
  8037b600    8037b600    000010d8   000010d8    r-- .cinit


SECTION ALLOCATION MAP

 output                                  attributes/
section   page    origin      length       input sections
--------  ----  ----------  ----------   ----------------
.init_array 
*          0    80000000    00000000     UNINITIALIZED

.far:NDK_PACKETMEM 
*          0    00800000    00052b00     UNINITIALIZED
                  00800000    00052b00     stk6_ppp_pppoe.ae66 : pbm_data.oe66 (.far:NDK_PACKETMEM)

.resmgr_memregion 
*          0    00852b00    00004000     UNINITIALIZED
                  00852b00    00004000     resourcemgr.obj (.resmgr_memregion)

.far:taskStackSection 
*          0    00856b00    00003c00     UNINITIALIZED
                  00856b00    00003c00     Disparity_pe66.oe66 (.far:taskStackSection)

.resmgr_pa 
*          0    0085a700    00001488     UNINITIALIZED
                  0085a700    00001488     resourcemgr.obj (.resmgr_pa)

.stack     0    0085bb88    00001000     UNINITIALIZED
                  0085bb88    00000008     boot.ae66 : boot.oe66 (.stack)
                  0085bb90    00000ff8     --HOLE--

.nimu_eth_ll2 
*          0    0085cc00    00000318     
                  0085cc00    00000308     ti.transport.ndk.nimu.ae66 : nimu_eth.obj (.nimu_eth_ll2:uninit) [fill = 0]
                  0085cf08    00000010                                : nimu_eth.obj (.nimu_eth_ll2:init)

.resmgr_handles 
*          0    0085cf20    000000a0     UNINITIALIZED
                  0085cf20    000000a0     resourcemgr.obj (.resmgr_handles)

systemHeap 
*          0    80000000    00300000     UNINITIALIZED
                  80000000    00300000     Disparity_pe66.oe66 (systemHeap)

xdc.meta   0    80000000    00000138     COPY SECTION
                  80000000    00000138     Disparity_pe66.oe66 (xdc.meta)

.text      0    80300000    0005e2c0     
                  80300000    00002d80     ti.transport.ndk.nimu.ae66 : nimu_eth.obj (.text)
                  80302d80    00001fe0     ti.platform.evm6678l.ae66 : platform.obj (.text)
                  80304d60    00001b40                               : evmc6678.obj (.text)
                  803068a0    000019e0     stk6_ppp_pppoe.ae66 : tcp6in.oe66 (.text:TCP6Input)
                  80308280    000019e0                         : tcpin.oe66 (.text:TcpInput)
                  80309c60    00001240                         : tcpout.oe66 (.text:TcpOutput)
                  8030aea0    000011a0                         : tcp6out.oe66 (.text:TCP6Output)
                  8030c040    00001160     ti.platform.evm6678l.ae66 : evm66x_nand.obj (.text)
                  8030d1a0    00000ec0     resourcemgr.obj (.text)
                  8030e060    00000d80     ti.platform.evm6678l.ae66 : evmc66x_i2c_eeprom.obj (.text)
                  8030ede0    00000d20     DisparityInline.obj (.text)
                  8030fb00    00000c00     nettool.ae66 : httpclie.oe66 (.text:httpClientProcess)
                  80310700    00000b80     stk6_ppp_pppoe.ae66 : ipin.oe66 (.text:IPRxPacket)
                  80311280    00000aa0                         : md5.oe66 (.text:MD5Transform)
                  80311d20    000009c0                         : ipout.oe66 (.text:IPTxPacket)
                  803126e0    000009a0                         : lcp.oe66 (.text:lcpInput)
                  80313080    00000900     nettool.ae66 : httpsend.oe66 (.text:SetContentType)
                  80313980    000008a0     sysbios.ae66 : BIOS.obj (.text:ti_sysbios_family_c64p_Exception_handler__I)
                  80314220    000008a0     ti.targets.rts6000.ae66 : System.oe66 (.text:xdc_runtime_System_doPrint__I)
                  80314ac0    00000840     Initialise.obj (.text)
                  80315300    000007e0     ti.drv.qmss.ae66 : qmss_drv.oe66 (.text:Qmss_insertMemoryRegion)
                  80315ae0    000007e0     stk6_ppp_pppoe.ae66 : ipcp.oe66 (.text:ipcpInput)
                  803162c0    000007c0                         : sock.oe66 (.text:SockSet)
                  80316a80    000007a0                         : fileuser.oe66 (.text:fdPoll)
                  80317220    00000720     ti.drv.pa.ae66 : pa.oe66 (.text:Pa_addMac)
                  80317940    000006c0     stk6_ppp_pppoe.ae66 : sock6.oe66 (.text:Sock6Set)
                  80318000    000006c0     nettool.ae66 : telnetd.oe66 (.text:telnet_netdata)
                  803186c0    000006a0     stk6_ppp_pppoe.ae66 : icmpv6_ndisc.oe66 (.text:ICMPv6RecvRA)
                  80318d60    00000660     ti.drv.cppi.ae66 : cppi_drv.oe66 (.text:Cppi_configureRxFlow)
                  803193c0    00000660     stk6_ppp_pppoe.ae66 : route6.oe66 (.text:Rt6Create)
                  80319a20    00000620     sysbios.ae66 : BIOS.obj (.text:ti_sysbios_knl_Task_Instance_finalize__F)
                  8031a040    00000600                  : BIOS.obj (.text:ti_sysbios_heaps_HeapMem_alloc__E)
                  8031a640    00000600                  : BIOS.obj (.text:ti_sysbios_knl_Semaphore_pend__E)
                  8031ac40    000005e0                  : BIOS.obj (.text:ti_sysbios_heaps_HeapMem_free__E)
                  8031b220    000005c0     stk6_ppp_pppoe.ae66 : ipfrag.oe66 (.text:IPReasm)
                  8031b7e0    000005c0     rts6600_elf_mt.lib : divd.obj (.text:__c6xabi_divd)
                  8031bda0    000005c0                        : _printfi.obj (.text:_getarg_diouxp)
                  8031c360    000005a0     stk6_ppp_pppoe.ae66 : icmpin.oe66 (.text:ICMPInput)
                  8031c900    000005a0     ti.platform.evm6678l.ae66 : evmc66x_spi.obj (.text)
                  8031cea0    000005a0     sysbios.ae66 : BIOS.obj (.text:ti_sysbios_timers_timer64_Timer_Module_startup__F)
                  8031d440    00000580     stk6_ppp_pppoe.ae66 : nimuppp.oe66 (.text:pppEvent)
                  8031d9c0    00000560                         : bind6.oe66 (.text:Bind6New)
                  8031df20    00000560                         : ipv6.oe66 (.text:IPv6IPAddressToString)
                  8031e480    00000560     ti.platform.evm6678l.ae66 : evmc6678_phy.obj (.text)
                  8031e9e0    00000540     stk6_ppp_pppoe.ae66 : sock6.oe66 (.text:Sock6Connect)
                  8031ef20    00000520                         : sock.oe66 (.text:SockNew)
                  8031f440    00000520     rts6600_elf_mt.lib : _printfi.obj (.text:_setfield)
                  8031f960    00000520     nettool.ae66 : httpsend.oe66 (.text:httpSendStatusLine)
                  8031fe80    00000520     ti.platform.evm6678l.ae66 : evmc66x_nor.obj (.text)
                  803203a0    000004e0     RecieveImage.obj (.text)
                  80320880    000004e0     stk6_ppp_pppoe.ae66 : udp.oe66 (.text:UdpInput)
                  80320d60    000004e0                         : nimupppoe.oe66 (.text:pppoeInputS)
                  80321240    000004c0     ti.drv.cppi.ae66 : cppi_drv.oe66 (.text:Cppi_txChannelOpen)
                  80321700    000004c0     ti.platform.evm6678l.ae66 : evmc66x_fpga.obj (.text)
                  80321bc0    000004a0     stk6_ppp_pppoe.ae66 : lliin.oe66 (.text:LLIRxPacket)
                  80322060    000004a0                         : sock6.oe66 (.text:Sock6Recv)
                  80322500    000004a0                         : sock.oe66 (.text:SockRecv)
                  803229a0    00000460     rts6600_elf_mt.lib : _printfi.obj (.text:_printfi)
                  80322e00    00000460     stk6_ppp_pppoe.ae66 : nimuppp.oe66 (.text:pppNew)
                  80323260    00000440     ti.drv.cppi.ae66 : cppi_drv.oe66 (.text:Cppi_rxChannelOpen)
                  803236a0    00000440     stk6_ppp_pppoe.ae66 : sock6.oe66 (.text:Sock6New)
                  80323ae0    00000440                         : auth.oe66 (.text:chapInput)
                  80323f20    00000440                         : fileuser.oe66 (.text:fdSelect)
                  80324360    00000440                         : nimupppoe.oe66 (.text:pppoeInputC)
                  803247a0    00000420     nettool.ae66 : daemon.oe66 (.text:daemon)
                  80324bc0    00000420     ti.drv.pa.ae66 : pa.oe66 (.text:pa_conv_routing_info)
                  80324fe0    00000420     sysbios.ae66 : BIOS.obj (.text:ti_sysbios_knl_Task_sleep__E)
                  80325400    00000400     stk6_ppp_pppoe.ae66 : sock6.oe66 (.text:Sock6Send)
                  80325800    00000400     os.ae66 : efs.oe66 (.text:efs_filecheck)
                  80325c00    00000400     sysbios.ae66 : BIOS.obj (.text:ti_sysbios_knl_Task_Instance_init__F)
                  80326000    000003e0     stk6_ppp_pppoe.ae66 : ipv6_frag.oe66 (.text:IPv6TxFragPacket)
                  803263e0    000003e0     sysbios.ae66 : BIOS.obj (.text:ti_sysbios_knl_Task_setPri__E)
                  803267c0    000003c0     ti.drv.cppi.ae66 : cppi_desc.oe66 (.text:Cppi_initDescriptor)
                  80326b80    000003c0     stk6_ppp_pppoe.ae66 : ipv6out.oe66 (.text:IPv6TxPacket)
                  80326f40    000003c0                         : lli6.oe66 (.text:LLI6TimerCheck)
                  80327300    000003c0                         : sock.oe66 (.text:SockSend)
                  803276c0    000003c0                         : tcp6.oe66 (.text:TCP6TimeoutCheck)
                  80327a80    000003c0                         : tcp.oe66 (.text:TcpTimeoutCheck)
                  80327e40    000003c0     rts6600_elf_mt.lib : fputs.obj (.text:fputs)
                  80328200    000003a0     stk6_ppp_pppoe.ae66 : icmpv6in.oe66 (.text:ICMPv6RxPacket)
                  803285a0    000003a0                         : nimu.oe66 (.text:NIMUIoctl)
                  80328940    000003a0                         : route.oe66 (.text:RtCreate)
                  80328ce0    000003a0                         : sb.oe66 (.text:SBRead)
                  80329080    000003a0                         : auth.oe66 (.text:papInput)
                  80329420    00000380                         : sock6int.oe66 (.text:Sock6Notify)
                  803297a0    00000380                         : sock.oe66 (.text:SockConnect)
                  80329b20    00000380                         : sockint.oe66 (.text:SockNotify)
                  80329ea0    00000380     nettool.ae66 : dhcppkt.oe66 (.text:dhcpPacketProcess)
                  8032a220    00000360     stk6_ppp_pppoe.ae66 : icmpv6_ndisc.oe66 (.text:ICMPv6RecvRedirect)
                  8032a580    00000360                         : icmpv6out.oe66 (.text:ICMPv6SendDstUnreachable)
                  8032a8e0    00000360                         : igmp.oe66 (.text:IGMPInput)
                  8032ac40    00000360                         : ipv6_frag.oe66 (.text:IPv6FragReasm)
                  8032afa0    00000360                         : lliout.oe66 (.text:LLITxIpPacket)
                  8032b300    00000360     Disparity_pe66.oe66 (.text:xdc_runtime_System_printfExtend__I)
                  8032b660    00000340     stk6_ppp_pppoe.ae66 : icmpv6_ndisc.oe66 (.text:ICMPv6RecvNS)
                  8032b9a0    00000340                         : icmpv6out.oe66 (.text:ICMPv6SendParameterProblem)
                  8032bce0    00000340                         : icmpv6out.oe66 (.text:ICMPv6SendTimeExceeded)
                  8032c020    00000340     ti.drv.pa.ae66 : painit.oe66 (.text:Pa_create)
                  8032c360    00000340     ti.drv.qmss.ae66 : qmss_drv.oe66 (.text:Qmss_init)
                  8032c6a0    00000340     os.ae66 : mem.oe66 (.text:mmAlloc)
                  8032c9e0    00000340     stk6_ppp_pppoe.ae66 : nimupppoe.oe66 (.text:pppoeSI)
                  8032cd20    00000320     nettool.ae66 : config.oe66 (.text:CfgAddEntry)
                  8032d040    00000320     stk6_ppp_pppoe.ae66 : nimupppoe.oe66 (.text:SendServerMsg)
                  8032d360    00000320     rts6600_elf_mt.lib : _printfi.obj (.text:_pproc_fge)
                  8032d680    00000320     nettool.ae66 : inetaddr.oe66 (.text:inet_aton)
                  8032d9a0    00000320                  : telnetd.oe66 (.text:telnet_engine)
                  8032dcc0    00000320     ti.platform.evm6678l.ae66 : evmc66x_uart.obj (.text)
                  8032dfe0    00000300     stk6_ppp_pppoe.ae66 : sock6pcb.oe66 (.text:Sock6PcbBind)
                  8032e2e0    00000300                         : udp6.oe66 (.text:Udp6Input)
                  8032e5e0    00000300     sysbios.ae66 : BIOS.obj (.text:ti_sysbios_family_c64p_Hwi_dispatchC__I)
                  8032e8e0    000002e0     stk6_ppp_pppoe.ae66 : ipv6_frag.oe66 (.text:IPv6FragQEnqueueFrag)
                  8032ebc0    000002e0                         : ipv6_exthdrs.oe66 (.text:IPv6ParseExtnHeaders)
                  8032eea0    000002e0     netctrl.ae66 : netctrl.oe66 (.text:NetScheduler)
                  8032f180    000002e0     ti.drv.pa.ae66 : pa.oe66 (.text:Pa_forwardResult)
                  8032f460    000002e0     stk6_ppp_pppoe.ae66 : route6.oe66 (.text:Rt6Find)
                  8032f740    000002e0                         : nimupppoe.oe66 (.text:SendClientMsg)
                  8032fa20    000002e0                         : sock6pcb.oe66 (.text:Sock6PcbFind)
                  8032fd00    000002e0                         : sock6pcb.oe66 (.text:Sock6PcbResolve)
                  8032ffe0    000002e0                         : udp.oe66 (.text:UdpOutput)
                  803302c0    000002e0     rts6600_elf_mt.lib : _printfi.obj (.text:_pproc_fwp)
                  803305a0    000002e0     sysbios.ae66 : BIOS.obj (.text:ti_sysbios_heaps_HeapMem_Instance_init__F)
                  80330880    000002c0     stk6_ppp_pppoe.ae66 : bind.oe66 (.text:BindNew)
                  80330b40    000002c0                         : node.oe66 (.text:NodeAdd)
                  80330e00    000002c0                         : sb6.oe66 (.text:SB6Read)
                  803310c0    000002c0                         : nimuppp.oe66 (.text:pppInput)
                  80331380    000002a0     nettool.ae66 : dhcpmain.oe66 (.text:DHCPOpen)
                  80331620    000002a0     stk6_ppp_pppoe.ae66 : route6.oe66 (.text:Rt6Free)
                  803318c0    000002a0                         : rtable.oe66 (.text:RtFind)
                  80331b60    000002a0                         : sock6.oe66 (.text:Sock6Close)
                  80331e00    000002a0                         : sock.oe66 (.text:SockClose)
                  803320a0    000002a0                         : sockpcb.oe66 (.text:SockPcbResolve)
                  80332340    000002a0                         : tcp6prot.oe66 (.text:TCP6PrSetOption)
                  803325e0    000002a0                         : tcpprot.oe66 (.text:TcpPrSetOption)
                  80332880    000002a0     rts6600_elf_mt.lib : _printfi.obj (.text:fcvt)
                  80332b20    000002a0     sysbios.ae66 : BIOS.obj (.text:ti_sysbios_knl_Clock_Instance_init__F)
                  80332dc0    000002a0                  : BIOS.obj (.text:ti_sysbios_knl_Clock_workFunc__E)
                  80333060    000002a0                  : BIOS.obj (.text:ti_sysbios_timers_timer64_Timer_deviceConfig__I)
                  80333300    00000280     stk6_ppp_pppoe.ae66 : icmp.oe66 (.text:ICMPGenPacket)
                  80333580    00000280                         : lli6.oe66 (.text:LLI6NeighUnreachStateMachine)
                  80333800    00000280                         : lli6.oe66 (.text:LLI6TxIPPacket)
                  80333a80    00000280                         : udp6.oe66 (.text:Udp6Output)
                  80333d00    00000280     rts6600_elf_mt.lib : divf.obj (.text:__c6xabi_divf)
                  80333f80    00000280                        : _printfi.obj (.text:ecvt)
                  80334200    00000280     stk6_ppp_pppoe.ae66 : ipcp.oe66 (.text:ipcpSendCfg)
                  80334480    00000280                         : lcp.oe66 (.text:lcpSendCfg)
                  80334700    00000280     platform_osal.obj (.text)
                  80334980    00000280     ti.targets.rts6000.ae66 : Error.oe66 (.text:xdc_runtime_Error_raiseX__F)
                  80334c00    00000260     stk6_ppp_pppoe.ae66 : icmpv6in.oe66 (.text:ICMPv6RecvEchoRequest)
                  80334e60    00000260                         : ipv6in.oe66 (.text:IPv6RxPacket)
                  803350c0    00000260                         : nimu.oe66 (.text:NIMUReceivePacket)
                  80335320    00000260                         : rawethsock.oe66 (.text:RawEthSockSet)
                  80335580    00000260                         : sb6.oe66 (.text:SB6Write)
                  803357e0    00000260                         : sb.oe66 (.text:SBWrite)
                  80335a40    00000260                         : sockpcb.oe66 (.text:SockPcbBind)
                  80335ca0    00000260                         : tcp6out.oe66 (.text:TCP6GenPacket)
                  80335f00    00000260     nettool.ae66 : httppars.oe66 (.text:httpParseRecv)
                  80336160    00000260                  : httpsend.oe66 (.text:httpSendErrorHTML)
                  803363c0    00000260     sysbios.ae66 : BIOS.obj (.text:ti_sysbios_family_c64p_Exception_internalHandler__I)
                  80336620    00000260                  : BIOS.obj (.text:ti_sysbios_knl_Semaphore_post__E)
                  80336880    00000260     ti.targets.rts6000.ae66 : Startup.oe66 (.text:xdc_runtime_Startup_startMods__I)
                  80336ae0    00000240     stk6_ppp_pppoe.ae66 : bind6.oe66 (.text:Bind6Free)
                  80336d20    00000240                         : bind6.oe66 (.text:Bind6RunDAD)
                  80336f60    00000240     ti.drv.cppi.ae66 : cppi_drv.oe66 (.text:Cppi_open)
                  803371a0    00000240     nettool.ae66 : daemon.oe66 (.text:DaemonNew)
                  803373e0    00000240     stk6_ppp_pppoe.ae66 : icmpv6_ndisc.oe66 (.text:ICMPv6RecvNA)
                  80337620    00000240                         : icmpv6_ndisc.oe66 (.text:ICMPv6SendNA)
                  80337860    00000240                         : icmpv6_ndisc.oe66 (.text:ICMPv6SendNS)
                  80337aa0    00000240     ti.drv.pa.ae66 : pa.oe66 (.text:Pa_resetControl)
                  80337ce0    00000240     stk6_ppp_pppoe.ae66 : pipe.oe66 (.text:PipeRecv)
                  80337f20    00000240                         : raw.oe66 (.text:RawInput)
                  80338160    00000240                         : tcpout.oe66 (.text:TcpGenPacket)
                  803383a0    00000240     rts6600_elf_mt.lib : imath64.obj (.text:__c6xabi_divull)
                  803385e0    00000240                        : _printfi.obj (.text:_pconv_e)
                  80338820    00000240                        : _printfi.obj (.text:_pproc_diouxp)
                  80338a60    00000240     nettool.ae66 : dhcpsm.oe66 (.text:dhcpIPAdd)
                  80338ca0    00000240                  : dhcpsm.oe66 (.text:dhcpState)
                  80338ee0    00000240     rts6600_elf_mt.lib : fputc.obj (.text:fputc)
                  80339120    00000240     sysbios.ae66 : BIOS.obj (.text:ti_sysbios_knl_Task_exit__E)
                  80339360    00000240     ti.targets.rts6000.ae66 : LoggerBuf.oe66 (.text:xdc_runtime_LoggerBuf_write8__F)
                  803395a0    00000220     stk6_ppp_pppoe.ae66 : igmp.oe66 (.text:IGMPJoinHostGroup)
                  803397c0    00000220                         : ipv6_frag.oe66 (.text:IPv6ParseFragHdr)
                  803399e0    00000220                         : raw6.oe66 (.text:Raw6Output)
                  80339c00    00000220                         : rawethsock.oe66 (.text:RawEthSockNew)
                  80339e20    00000220                         : sockpcb.oe66 (.text:SockPcbFind)
                  8033a040    00000220     rts6600_elf_mt.lib : _printfi.obj (.text:_pproc_str)
                  8033a260    00000220     nettool.ae66 : dhcppkt.oe66 (.text:dhcpVerifyMessage)
                  8033a480    00000220                  : httpclie.oe66 (.text:httpGetAuthParams)
                  8033a6a0    00000220     rts6600_elf_mt.lib : setvbuf.obj (.text:setvbuf)
                  8033a8c0    00000220     sysbios.ae66 : BIOS.obj (.text:ti_sysbios_knl_Swi_run__I)
                  8033aae0    00000220                  : BIOS.obj (.text:ti_sysbios_knl_Task_schedule__I)
                  8033ad00    00000220                  : BIOS.obj (.text:ti_sysbios_knl_Task_startCore__E)
                  8033af20    00000220     ti.targets.rts6000.ae66 : Core-mem.oe66 (.text:xdc_runtime_Core_createObject__I)
                  8033b140    00000200     stk6_ppp_pppoe.ae66 : ipv6_exthdrs.oe66 (.text:IPv6ParseHopOptions)
                  8033b340    00000200                         : lli6.oe66 (.text:LLI6New)
                  8033b540    00000200     ti.drv.qmss.ae66 : qmss_drv.oe66 (.text:Qmss_internalQueueOpen)
                  8033b740    00000200                      : qmss_acc.oe66 (.text:Qmss_programAccumulator)
                  8033b940    00000200     stk6_ppp_pppoe.ae66 : rtc.oe66 (.text:RTCReport)
                  8033bb40    00000200     rts6600_elf_mt.lib : _printfi.obj (.text:_pconv_g)
                  8033bd40    00000200     sysbios.ae66 : c64p_Hwi_disp_always.obj (.text:_ti_sysbios_family_c64p_Hwi_dispatchAlways)
                  8033bf40    00000200     stk6_ppp_pppoe.ae66 : socket.oe66 (.text:accept)
                  8033c140    00000200     ti.drv.cppi.ae66 : cppi_heap.oe66 (.text:cppi_internal_heap_add)
                  8033c340    00000200     stk6_ppp_pppoe.ae66 : nimupppoe.oe66 (.text:pppoeCtrlMsg)
                  8033c540    000001e0                         : igmp.oe66 (.text:IGMPSendReply)
                  8033c720    000001e0                         : route6.oe66 (.text:Rt6Modify)
                  8033c900    000001e0                         : sock6pcb.oe66 (.text:Sock6PcbFindRaw)
                  8033cae0    000001e0                         : auth.oe66 (.text:chapSendMsg)
                  8033ccc0    000001e0     nettool.ae66 : dhcpsock.oe66 (.text:dhcpSocketOpen)
                  8033cea0    000001e0     stk6_ppp_pppoe.ae66 : socket.oe66 (.text:sendto)
                  8033d080    000001e0     sysbios.ae66 : BIOS.obj (.text:ti_sysbios_family_c64p_Exception_externalHandler__I)
                  8033d260    000001e0                  : BIOS.obj (.text:ti_sysbios_knl_Task_checkStacks__E)
                  8033d440    000001e0                  : BIOS.obj (.text:ti_sysbios_knl_Task_postInit__I)
                  8033d620    000001e0                  : BIOS.obj (.text:ti_sysbios_timers_timer64_Timer_getFreq__E)
                  8033d800    000001c0     nettool.ae66 : config.oe66 (.text:CfgExecute)
                  8033d9c0    000001c0     ti.drv.cppi.ae66 : cppi_drv.oe66 (.text:Cppi_channelClose)
                  8033db80    000001c0                      : cppi_drv.oe66 (.text:Cppi_initCfg)
                  8033dd40    000001c0     stk6_ppp_pppoe.ae66 : ip.oe66 (.text:IPGetRoute)
                  8033df00    000001c0                         : lliout.oe66 (.text:LLIGenArpPacket)
                  8033e0c0    000001c0     ti.drv.qmss.ae66 : qmss_drv.oe66 (.text:Qmss_internaldownloadFirmware)
                  8033e280    000001c0     stk6_ppp_pppoe.ae66 : raw6.oe66 (.text:Raw6Input)
                  8033e440    000001c0     netctrl.ae66 : netsrv.oe66 (.text:SPIpNet)
                  8033e600    000001c0     stk6_ppp_pppoe.ae66 : tcptime.oe66 (.text:TcpTimeoutRexmt)
                  8033e7c0    000001c0                         : lli.oe66 (.text:_LLITimeoutCheck)
                  8033e980    000001c0     rts6600_elf_mt.lib : _printfi.obj (.text:_mcpy)
                  8033eb40    000001c0     nettool.ae66 : dhcpbild.oe66 (.text:dhcpBuildHeader)
                  8033ed00    000001c0     stk6_ppp_pppoe.ae66 : fileuser.oe66 (.text:fdClose)
                  8033eec0    000001c0     sysbios.ae66 : BIOS.obj (.text:ti_sysbios_family_c64p_Exception_decodeMpfsr__I)
                  8033f080    000001c0                  : BIOS.obj (.text:ti_sysbios_gates_GateMutex_enter__E)
                  8033f240    000001c0                  : BIOS.obj (.text:ti_sysbios_timers_timer64_Timer_setPeriodMicroSecs__E)
                  8033f400    000001c0     ti.targets.rts6000.ae66 : Text.oe66 (.text:xdc_runtime_Text_putSite__F)
                  8033f5c0    000001a0     stk6_ppp_pppoe.ae66 : bind6.oe66 (.text:Bind6Msg)
                  8033f760    000001a0     nettool.ae66 : config.oe66 (.text:CfgRemoveEntry)
                  8033f900    000001a0     DisparitiesToSearch.obj (.text)
                  8033faa0    000001a0     stk6_ppp_pppoe.ae66 : icmpin.oe66 (.text:ICMPRevSrcRoute)
                  8033fc40    000001a0                         : ipv6_frag.oe66 (.text:IPv6FragMsg)
                  8033fde0    000001a0                         : ipv6_exthdrs.oe66 (.text:IPv6ParseRoutingHdr)
                  8033ff80    000001a0     netctrl.ae66 : netctrl.oe66 (.text:NC_NetStart)
                  80340120    000001a0     stk6_ppp_pppoe.ae66 : node.oe66 (.text:NodeTreeFree)
                  803402c0    000001a0     ti.drv.pa.ae66 : pa.oe66 (.text:Pa_downloadImage)
                  80340460    000001a0     stk6_ppp_pppoe.ae66 : route6.oe66 (.text:Route6LifetimeMgmt)
                  80340600    000001a0                         : sockint.oe66 (.text:SockCreatePacket)
                  803407a0    000001a0     nettool.ae66 : dhcpsm.oe66 (.text:StateRenewRebind)
                  80340940    000001a0     stk6_ppp_pppoe.ae66 : tcp6time.oe66 (.text:TCP6TimeoutRexmt)
                  80340ae0    000001a0     rts6600_elf_mt.lib : imath40.obj (.text:__c6xabi_divul)
                  80340c80    000001a0     nettool.ae66 : dhcptags.oe66 (.text:dhcpBuildOptions)
                  80340e20    000001a0     stk6_ppp_pppoe.ae66 : socket.oe66 (.text:getpeername)
                  80340fc0    000001a0                         : udp6.oe66 (.text:processMulticast)
                  80341160    000001a0     nettool.ae66 : telnetd.oe66 (.text:telnet_termdata)
                  80341300    000001a0     sysbios.ae66 : BIOS.obj (.text:ti_sysbios_family_c66_Cache_block__I)
                  803414a0    000001a0                  : BIOS.obj (.text:ti_sysbios_heaps_HeapBuf_Module_startup__F)
                  80341640    000001a0                  : BIOS.obj (.text:ti_sysbios_timers_timer64_Timer_start__E)
                  803417e0    000001a0     ti.targets.rts6000.ae66 : LoggerBuf.oe66 (.text:xdc_runtime_LoggerBuf_write4__F)
                  80341980    00000180     stk6_ppp_pppoe.ae66 : bind6.oe66 (.text:Bind6GetGlobalAddress)
                  80341b00    00000180     rts6600_elf_mt.lib : trgdrv.obj (.text:HOSTrename)
                  80341c80    00000180     stk6_ppp_pppoe.ae66 : igmp.oe66 (.text:IGMPMsg)
                  80341e00    00000180                         : nimu.oe66 (.text:NIMURegister)
                  80341f80    00000180     netctrl.ae66 : netsrv.oe66 (.text:ServiceScan)
                  80342100    00000180                  : netsrv.oe66 (.text:ServiceSpawn)
                  80342280    00000180     stk6_ppp_pppoe.ae66 : sock6int.oe66 (.text:Sock6CreatePacket)
                  80342400    00000180     nettool.ae66 : dhcpsm.oe66 (.text:StateBound)
                  80342580    00000180     rts6600_elf_mt.lib : copy_decompress_rle.obj (.text:__TI_decompress_rle_core)
                  80342700    00000180     stk6_ppp_pppoe.ae66 : socket.oe66 (.text:bind)
                  80342880    00000180     nettool.ae66 : dhcpbild.oe66 (.text:dhcpBuildRequest)
                  80342a00    00000180     os.ae66 : task.oe66 (.text:llEnter)
                  80342b80    00000180     stk6_ppp_pppoe.ae66 : auth.oe66 (.text:papSendCfg)
                  80342d00    00000180     sysbios.ae66 : c64p_Exception_asm.obj (.text)
                  80342e80    00000180                  : BIOS.obj (.text:ti_sysbios_knl_Swi_schedule__I)
                  80343000    00000180                  : BIOS.obj (.text:ti_sysbios_knl_Task_unblockI__E)
                  80343180    00000160     nettool.ae66 : config.oe66 (.text:CfgGetEntry)
                  803432e0    00000160                  : config.oe66 (.text:CfgGetNextEntry)
                  80343440    00000160     stk6_ppp_pppoe.ae66 : igmp.oe66 (.text:IGMPDoMCast)
                  803435a0    00000160                         : nimu.oe66 (.text:NIMUIoctlSpecialCmd)
                  80343700    00000160                         : nimuppp.oe66 (.text:PPPStop)
                  80343860    00000160                         : pipe.oe66 (.text:PipeSend)
                  803439c0    00000160                         : raw.oe66 (.text:RawOutput)
                  80343b20    00000160                         : rtable.oe66 (.text:RtTimeoutCheck)
                  80343c80    00000160                         : rtable.oe66 (.text:RtWalkNext)
                  80343de0    00000160     netctrl.ae66 : netsrv.oe66 (.text:SPRoute)
                  80343f40    00000160     stk6_ppp_pppoe.ae66 : sock6.oe66 (.text:Sock6Check)
                  803440a0    00000160                         : sock6pcb.oe66 (.text:Sock6PcbConnect)
                  80344200    00000160                         : sock.oe66 (.text:SockCheck)
                  80344360    00000160                         : sockpcb.oe66 (.text:SockPcbConnect)
                  803444c0    00000160     nettool.ae66 : dhcpsm.oe66 (.text:StateRequesting)
                  80344620    00000160     stk6_ppp_pppoe.ae66 : tcp6time.oe66 (.text:TCP6TimeoutKeep)
                  80344780    00000160                         : tcptime.oe66 (.text:TcpTimeoutKeep)
                  803448e0    00000160                         : auth.oe66 (.text:authInit)
                  80344a40    00000160     nettool.ae66 : httpclie.oe66 (.text:httpExtractTag)
                  80344ba0    00000160     stk6_ppp_pppoe.ae66 : sock6.oe66 (.text:joinGroup)
                  80344d00    00000160                         : socket.oe66 (.text:setsockopt)
                  80344e60    00000160     nettool.ae66 : telnetd.oe66 (.text:telnetClientProcess)
                  80344fc0    00000140     stk6_ppp_pppoe.ae66 : bind6.oe66 (.text:Bind6DADCheck)
                  80345100    00000140     ti.csl.ae66 : csl_chip.oe66 (.text:CSL_chipReadReg)
                  80345240    00000140     stk6_ppp_pppoe.ae66 : exec.oe66 (.text:ExecOpen)
                  80345380    00000140                         : icmp.oe66 (.text:ICMPSendRtAdv)
                  803454c0    00000140                         : igmp.oe66 (.text:IGMPJoin)
                  80345600    00000140                         : ipv6.oe66 (.text:IPv6DisplayIPAddress)
                  80345740    00000140                         : lli6.oe66 (.text:LLI6Find)
                  80345880    00000140                         : lli.oe66 (.text:LLINew)
                  803459c0    00000140                         : node.oe66 (.text:NodeFind)
                  80345b00    00000140                         : node.oe66 (.text:NodeWalk)
                  80345c40    00000140                         : pbm.oe66 (.text:PBM_alloc)
                  80345d80    00000140                         : pbm.oe66 (.text:PBM_free)
                  80345ec0    00000140                         : rtable.oe66 (.text:RtFlush)
                  80346000    00000140                         : sb6.oe66 (.text:SB6New)
                  80346140    00000140     netctrl.ae66 : netsrv.oe66 (.text:ServiceKill)
                  80346280    00000140     stk6_ppp_pppoe.ae66 : sock6.oe66 (.text:Sock6Accept)
                  803463c0    00000140                         : sock6.oe66 (.text:Sock6Listen)
                  80346500    00000140                         : sock.oe66 (.text:SockAccept)
                  80346640    00000140                         : sock.oe66 (.text:SockListen)
                  80346780    00000140                         : sockpcb.oe66 (.text:SockPcbCtlError)
                  803468c0    00000140     boot.ae66 : autoinit.oe66 (.text:_auto_init_elf)
                  80346a00    00000140     rts6600_elf_mt.lib : _printfi.obj (.text:_pproc_fflags)
                  80346b40    00000140     stk6_ppp_pppoe.ae66 : auth.oe66 (.text:authGetPassword)
                  80346c80    00000140     nettool.ae66 : dhcptags.oe66 (.text:dhcpDecodeType)
                  80346dc0    00000140     rts6600_elf_mt.lib : fseek.obj (.text:fseek)
                  80346f00    00000140                        : lowlev.obj (.text:getdevice)
                  80347040    00000140     nettool.ae66 : httpsend.oe66 (.text:httpAuthenticationReq)
                  80347180    00000140     os.ae66 : mem.oe66 (.text:mmCopy)
                  803472c0    00000140     stk6_ppp_pppoe.ae66 : nimuppp.oe66 (.text:pppAddClient)
                  80347400    00000140                         : socket.oe66 (.text:recv)
                  80347540    00000140                         : socket.oe66 (.text:send)
                  80347680    00000140     sysbios.ae66 : BIOS.obj (.text:ti_sysbios_family_c64p_Exception_Module_startup__F)
                  803477c0    00000140                  : BIOS.obj (.text:ti_sysbios_family_c64p_Hwi_Module_startup__F)
                  80347900    00000140                  : BIOS.obj (.text:ti_sysbios_family_c66_Cache_Module_startup__F)
                  80347a40    00000140                  : BIOS.obj (.text:ti_sysbios_knl_Semaphore_Instance_init__F)
                  80347b80    00000140                  : BIOS.obj (.text:ti_sysbios_knl_Swi_post__E)
                  80347cc0    00000140                  : BIOS.obj (.text:ti_sysbios_knl_Task_Module_startup__F)
                  80347e00    00000140                  : BIOS.obj (.text:ti_sysbios_knl_Task_blockI__E)
                  80347f40    00000140     ti.targets.rts6000.ae66 : Text.oe66 (.text:xdc_runtime_Text_putLab__F)
                  80348080    00000120     stk6_ppp_pppoe.ae66 : bind6.oe66 (.text:Bind6LifetimeMgmt)
                  803481a0    00000120                         : bind.oe66 (.text:BindFree)
                  803482c0    00000120     nettool.ae66 : config.oe66 (.text:CfgFree)
                  803483e0    00000120                  : daemon.oe66 (.text:DaemonFree)
                  80348500    00000120     stk6_ppp_pppoe.ae66 : file.oe66 (.text:FdWaitEvent)
                  80348620    00000120                         : igmp.oe66 (.text:IGMPLeaveHostGroup)
                  80348740    00000120                         : ip.oe66 (.text:IPMsg)
                  80348860    00000120                         : ipin.oe66 (.text:IPRouteIP)
                  80348980    00000120                         : ipv6_frag.oe66 (.text:IPv6CreateFragQ)
                  80348aa0    00000120                         : ipv6.oe66 (.text:IPv6Init)
                  80348bc0    00000120                         : icmpv6out.oe66 (.text:IsICMPv6ErrorPkt)
                  80348ce0    00000120                         : md5.oe66 (.text:MD5Update)
                  80348e00    00000120                         : mld.oe66 (.text:MLDJoinGroup)
                  80348f20    00000120     netctrl.ae66 : netctrl.oe66 (.text:NC_SystemOpen)
                  80349040    00000120     stk6_ppp_pppoe.ae66 : nimu.oe66 (.text:NIMUAddEthernetHeader)
                  80349160    00000120     ti.drv.qmss.ae66 : qmss_acc.oe66 (.text:Qmss_disableAccumulator)
                  80349280    00000120     stk6_ppp_pppoe.ae66 : raweth.oe66 (.text:RawEthRxPacket)
                  803493a0    00000120                         : raweth.oe66 (.text:RawEthTxPacket)
                  803494c0    00000120                         : sb.oe66 (.text:SBNew)
                  803495e0    00000120     netctrl.ae66 : netsrv.oe66 (.text:SPConfig)
                  80349700    00000120                  : netsrv.oe66 (.text:SPService)
                  80349820    00000120     stk6_ppp_pppoe.ae66 : sock6.oe66 (.text:Sock6Disconnect)
                  80349940    00000120                         : sock6.oe66 (.text:Sock6Shutdown)
                  80349a60    00000120                         : sockpcb.oe66 (.text:SockPcbFindRaw)
                  80349b80    00000120                         : sock.oe66 (.text:SockShutdown)
                  80349ca0    00000120                         : tcp6prot.oe66 (.text:TCP6PrAttach)
                  80349dc0    00000120                         : tcpprot.oe66 (.text:TcpPrAttach)
                  80349ee0    00000120     nettool.ae66 : telnetd.oe66 (.text:TelnetOpen)
                  8034a000    00000120     stk6_ppp_pppoe.ae66 : rtable.oe66 (.text:_RtNodeInsert)
                  8034a120    00000120     rts6600_elf_mt.lib : fclose.obj (.text:_closefile)
                  8034a240    00000120                        : _printfi.obj (.text:_ltostr)
                  8034a360    00000120     os.ae66 : mem.oe66 (.text:_mmInit)
                  8034a480    00000120     nettool.ae66 : daemon.oe66 (.text:dchild)
                  8034a5a0    00000120     stk6_ppp_pppoe.ae66 : fileuser.oe66 (.text:fdOpenSession)
                  8034a6c0    00000120     nettool.ae66 : http.oe66 (.text:httpOpen)
                  8034a7e0    00000120     stk6_ppp_pppoe.ae66 : lcp.oe66 (.text:lcpOpen)
                  8034a900    00000120                         : lcp.oe66 (.text:lcpReject)
                  8034aa20    00000120                         : socket.oe66 (.text:socket)
                  8034ab40    00000120     sysbios.ae66 : BIOS.obj (.text:ti_sysbios_BIOS_rtsUnlock__I)
                  8034ac60    00000120                  : BIOS.obj (.text:ti_sysbios_knl_Clock_startI__E)
                  8034ad80    00000120     ti.targets.rts6000.ae66 : LoggerBuf.oe66 (.text:xdc_runtime_LoggerBuf_setFilterLevel__F)
                  8034aea0    00000120                             : Text.oe66 (.text:xdc_runtime_Text_putMod__F)
                  8034afc0    00000100     nettool.ae66 : config.oe66 (.text:CfgNew)
                  8034b0c0    00000100                  : config.oe66 (.text:CfgSetExecuteOrder)
                  8034b1c0    00000100     os.ae66 : ossys.oe66 (.text:DbgPrintf)
                  8034b2c0    00000100     stk6_ppp_pppoe.ae66 : igmp.oe66 (.text:IGMPTimer)
                  8034b3c0    00000100                         : ipv6.oe66 (.text:IPv6GetSubnetMaskFromBits)
                  8034b4c0    00000100                         : ipv6_frag.oe66 (.text:IPv6ReasmTimeout)
                  8034b5c0    00000100                         : rtc.oe66 (.text:RTCMsg)
                  8034b6c0    00000100                         : rawethsock.oe66 (.text:RawEthSockCheck)
                  8034b7c0    00000100                         : route.oe66 (.text:RtRedirect)
                  8034b8c0    00000100                         : sockint.oe66 (.text:SockValidateRoute)
                  8034b9c0    00000100     nettool.ae66 : dhcpsm.oe66 (.text:StateSelecting)
                  8034bac0    00000100     stk6_ppp_pppoe.ae66 : tcp6prot.oe66 (.text:TCP6PrInherit)
                  8034bbc0    00000100                         : tcp6time.oe66 (.text:TCP6XmitTimer)
                  8034bcc0    00000100                         : tcpprot.oe66 (.text:TcpPrInherit)
                  8034bdc0    00000100                         : tcptime.oe66 (.text:TcpXmitTimer)
                  8034bec0    00000100                         : rtable.oe66 (.text:_RtNodeRemove)
                  8034bfc0    00000100     rts6600_elf_mt.lib : _io_perm.obj (.text:_wrt_ok)
                  8034c0c0    00000100     stk6_ppp_pppoe.ae66 : file.oe66 (.text:fdint_unlockfd)
                  8034c1c0    00000100                         : socket.oe66 (.text:listen)
                  8034c2c0    00000100     os.ae66 : mem.oe66 (.text:mmFree)
                  8034c3c0    00000100     sysbios.ae66 : BIOS.obj (.text:ti_sysbios_family_c64p_EventCombiner_dispatch__F)
                  8034c4c0    00000100                  : BIOS.obj (.text:ti_sysbios_knl_Swi_restoreHwi__E)
                  8034c5c0    00000100                  : BIOS.obj (.text:ti_sysbios_timers_timer64_Timer_initDevice__I)
                  8034c6c0    00000100     stk6_ppp_pppoe.ae66 : lliin.oe66 (.text:updateRtTable)
                  8034c7c0    00000100     ti.targets.rts6000.ae66 : Core-mem.oe66 (.text:xdc_runtime_Core_deleteObject__I)
                  8034c8c0    00000100                             : LoggerBuf.oe66 (.text:xdc_runtime_LoggerBuf_getFilterLevel__F)
                  8034c9c0    00000100                             : Startup.oe66 (.text:xdc_runtime_Startup_exec__F)
                  8034cac0    00000100                             : Text.oe66 (.text:xdc_runtime_Text_visitRope2__I)
                  8034cbc0    000000e0     stk6_ppp_pppoe.ae66 : bind6.oe66 (.text:Bind6GetLinkLocalAddress)
                  8034cca0    000000e0     nettool.ae66 : config.oe66 (.text:CfgGetEntryCnt)
                  8034cd80    000000e0                  : dhcpmain.oe66 (.text:DHCPClose)
                  8034ce60    000000e0     rts6600_elf_mt.lib : trgdrv.obj (.text:HOSTlseek)
                  8034cf40    000000e0                        : trgdrv.obj (.text:HOSTopen)
                  8034d020    000000e0     stk6_ppp_pppoe.ae66 : icmpv6in.oe66 (.text:ICMPv6SocketErrorInterface)
                  8034d100    000000e0                         : igmp.oe66 (.text:IGMPLeave)
                  8034d1e0    000000e0                         : ipv6_frag.oe66 (.text:IPv6FindFragQ)
                  8034d2c0    000000e0                         : ipv6.oe66 (.text:IPv6Layer4ComputeChecksum)
                  8034d3a0    000000e0                         : lli6.oe66 (.text:LLI6Msg)
                  8034d480    000000e0                         : lli6.oe66 (.text:LLI6Update)
                  8034d560    000000e0                         : mld.oe66 (.text:MLDFindMulticastNode)
                  8034d640    000000e0                         : nimu.oe66 (.text:NIMUAllocateIndex)
                  8034d720    000000e0                         : nimu.oe66 (.text:NIMUAllocateName)
                  8034d800    000000e0                         : node.oe66 (.text:NodeDeRef)
                  8034d8e0    000000e0                         : node.oe66 (.text:NodeNew)
                  8034d9c0    000000e0                         : node.oe66 (.text:NodeTreeNew)
                  8034daa0    000000e0                         : pbm.oe66 (.text:PBMQ_enq)
                  8034db80    000000e0                         : pbm.oe66 (.text:PBM_copy)
                  8034dc60    000000e0                         : rawethsock.oe66 (.text:RawEthSockNotify)
                  8034dd40    000000e0                         : rawethsock_pcb.oe66 (.text:RawEthSockPcbAttach)
                  8034de20    000000e0                         : rawethsock.oe66 (.text:RawEthSockSend)
                  8034df00    000000e0                         : route6.oe66 (.text:Route6Msg)
                  8034dfe0    000000e0                         : route.oe66 (.text:RtDeRef)
                  8034e0c0    000000e0                         : route.oe66 (.text:RtRemove)
                  8034e1a0    000000e0                         : sb.oe66 (.text:SBSetMax)
                  8034e280    000000e0                         : sock6int.oe66 (.text:Sock6SpawnAbort)
                  8034e360    000000e0                         : sock6int.oe66 (.text:Sock6ValidateRoute)
                  8034e440    000000e0                         : sock.oe66 (.text:SockDisconnect)
                  8034e520    000000e0                         : sockint.oe66 (.text:SockSpawnAbort)
                  8034e600    000000e0                         : tcp6prot.oe66 (.text:TCP6PrDetach)
                  8034e6e0    000000e0                         : tcp6prot.oe66 (.text:TCP6PrDisconnect)
                  8034e7c0    000000e0                         : tcp6prot.oe66 (.text:TCP6ValidateMetrics)
                  8034e8a0    000000e0                         : tcpprot.oe66 (.text:TcpPrDetach)
                  8034e980    000000e0                         : tcpprot.oe66 (.text:TcpPrDisconnect)
                  8034ea60    000000e0                         : tcpprot.oe66 (.text:TcpValidateMetrics)
                  8034eb40    000000e0                         : timer.oe66 (.text:TimerListInsert)
                  8034ec20    000000e0                         : udp.oe66 (.text:UdpChecksum)
                  8034ed00    000000e0                         : vlan.oe66 (.text:VLANDeinit)
                  8034ede0    000000e0                         : vlan.oe66 (.text:VLANReceivePacket)
                  8034eec0    000000e0     nettool.ae66 : config.oe66 (.text:_CfgEntryScan)
                  8034efa0    000000e0     stk6_ppp_pppoe.ae66 : lli.oe66 (.text:_LLIExpListInsert)
                  8034f080    000000e0                         : rtable.oe66 (.text:_RtExpListInsert)
                  8034f160    000000e0     rts6600_elf_mt.lib : divi.obj (.text:__divi)
                  8034f240    000000e0                        : _printfi.obj (.text:_div)
                  8034f320    000000e0                        : atoi.obj (.text:atoi)
                  8034f400    000000e0                        : lowlev.obj (.text:close)
                  8034f4e0    000000e0                        : copy_zero_init.obj (.text:decompress:ZI:__TI_zero_init)
                  8034f5c0    000000e0     os.ae66 : efs.oe66 (.text:efs_internal_remove)
                  8034f6a0    000000e0     rts6600_elf_mt.lib : exit.obj (.text:exit)
                  8034f780    000000e0     stk6_ppp_pppoe.ae66 : file.oe66 (.text:fdint_lockfd)
                  8034f860    000000e0     rts6600_elf_mt.lib : fflush.obj (.text:fflush)
                  8034f940    000000e0     nettool.ae66 : httpclie.oe66 (.text:httpGetMimeBits)
                  8034fa20    000000e0     os.ae66 : task.oe66 (.text:llExit)
                  8034fb00    000000e0     rts6600_elf_mt.lib : ltoa.obj (.text:ltoa)
                  8034fbe0    000000e0                        : memset.obj (.text:memset)
                  8034fcc0    000000e0     os.ae66 : mem.oe66 (.text:mmBulkAlloc)
                  8034fda0    000000e0     stk6_ppp_pppoe.ae66 : nimuppp.oe66 (.text:pppFree)
                  8034fe80    000000e0     rts6600_elf_mt.lib : printf.obj (.text:printf)
                  8034ff60    000000e0     sysbios.ae66 : BIOS.obj (.text:ti_sysbios_knl_Clock_start__E)
                  80350040    000000e0     ti.targets.rts6000.ae66 : Error.oe66 (.text:xdc_runtime_Error_print__F)
                  80350120    000000e0                             : Memory.oe66 (.text:xdc_runtime_Memory_alloc__F)
                  80350200    000000c0     rts6600_elf_mt.lib : trgdrv.obj (.text:HOSTread)
                  803502c0    000000c0                        : trgdrv.obj (.text:HOSTwrite)
                  80350380    000000c0     stk6_ppp_pppoe.ae66 : icmpv6in.oe66 (.text:ICMPv6RecvDstUnreachable)
                  80350440    000000c0                         : lli.oe66 (.text:LLIGetValidTime)
                  80350500    000000c0                         : lli.oe66 (.text:LLIMsg)
                  803505c0    000000c0                         : mld.oe66 (.text:MLDCreateMulticastNode)
                  80350680    000000c0                         : mld.oe66 (.text:MLDLeaveGroup)
                  80350740    000000c0                         : nimu.oe66 (.text:NIMUFindByName)
                  80350800    000000c0     netctrl.ae66 : netsrv.oe66 (.text:NS_BootTask)
                  803508c0    000000c0     stk6_ppp_pppoe.ae66 : node.oe66 (.text:NodeUpdatePL)
                  80350980    000000c0     nettool.ae66 : ipaddr.oe66 (.text:NtIfIdx2Ip)
                  80350a40    000000c0     ti.drv.qmss.ae66 : qmss_drv.oe66 (.text:Qmss_setEoiVector)
                  80350b00    000000c0     stk6_ppp_pppoe.ae66 : route6.oe66 (.text:Rt6FindDefaultRouter)
                  80350bc0    000000c0                         : rtable.oe66 (.text:RtWalkBegin)
                  80350c80    000000c0                         : sb6.oe66 (.text:SB6Flush)
                  80350d40    000000c0                         : sb6.oe66 (.text:SB6SetMax)
                  80350e00    000000c0                         : sb.oe66 (.text:SBFlush)
                  80350ec0    000000c0                         : sock6.oe66 (.text:Sock6IntAbort)
                  80350f80    000000c0                         : sock6pcb.oe66 (.text:Sock6PcbResolveChain)
                  80351040    000000c0                         : sock6pcb.oe66 (.text:Sock6PcbRtChange)
                  80351100    000000c0                         : sock.oe66 (.text:SockIntAbort)
                  803511c0    000000c0                         : sockpcb.oe66 (.text:SockPcbRtChange)
                  80351280    000000c0                         : tcp6prot.oe66 (.text:TCP6Close)
                  80351340    000000c0                         : tcp6time.oe66 (.text:TCP6TimeoutSackRexmt)
                  80351400    000000c0     os.ae66 : task.oe66 (.text:TaskGetEnv)
                  803514c0    000000c0     stk6_ppp_pppoe.ae66 : tcp.oe66 (.text:TcpChecksum)
                  80351580    000000c0                         : tcpprot.oe66 (.text:TcpClose)
                  80351640    000000c0                         : tcptime.oe66 (.text:TcpTimeoutSackRexmt)
                  80351700    000000c0                         : bind6.oe66 (.text:_Bind6FindByHostInList)
                  803517c0    000000c0                         : bind6.oe66 (.text:_Bind6FindByNetInList)
                  80351880    000000c0     rts6600_elf_mt.lib : dtor_list.obj (.text:__cxa_finalize)
                  80351940    000000c0                        : divu.obj (.text:__divu)
                  80351a00    000000c0                        : remi.obj (.text:__remi)
                  80351ac0    000000c0                        : fflush.obj (.text:_doflush)
                  80351b80    000000c0     ti.drv.cppi.ae66 : cppi_listlib.oe66 (.text:cppi_list_remove_node)
                  80351c40    000000c0     nettool.ae66 : dhcptags.oe66 (.text:dhcpOptionsClear)
                  80351d00    000000c0     os.ae66 : efs.oe66 (.text:efs_fopen)
                  80351dc0    000000c0     nettool.ae66 : httpsend.oe66 (.text:httpSendFullResponse)
                  80351e80    000000c0     os.ae66 : mem.oe66 (.text:mmZeroInit)
                  80351f40    000000c0     rts6600_elf_mt.lib : _mutex.obj (.text:mutex_init)
                  80352000    000000c0     stk6_ppp_pppoe.ae66 : nimuppp.oe66 (.text:pppAddIP)
                  803520c0    000000c0     rts6600_elf_mt.lib : _pthread.obj (.text:pthread_mutex_lock)
                  80352180    000000c0                        : _pthread.obj (.text:pthread_mutex_unlock)
                  80352240    000000c0                        : _pthread.obj (.text:pthread_once)
                  80352300    000000c0     sysbios.ae66 : BIOS.obj (.text:ti_sysbios_BIOS_errorRaiseHook__I)
                  803523c0    000000c0                  : BIOS.obj (.text:ti_sysbios_heaps_HeapMem_getStats__E)
                  80352480    000000c0                  : BIOS.obj (.text:ti_sysbios_knl_Clock_logTick__E)
                  80352540    000000c0     Disparity_pe66.oe66 (.text:ti_sysbios_knl_Task_Object__create__S)
                  80352600    000000c0     sysbios.ae66 : BIOS.obj (.text:ti_sysbios_knl_Task_allBlockedFunction__I)
                  803526c0    000000c0                  : BIOS.obj (.text:ti_sysbios_timers_timer64_Timer_startup__E)
                  80352780    000000c0     ti.targets.rts6000.ae66 : LoggerBuf.oe66 (.text:xdc_runtime_LoggerBuf_Instance_init__F)
                  80352840    000000c0     Disparity_pe66.oe66 (.text:xdc_runtime_LoggerBuf_Object__create__S)
                  80352900    000000c0     ti.targets.rts6000.ae66 : System.oe66 (.text:xdc_runtime_System_formatNum__I)
                  803529c0    000000a0     nettool.ae66 : config.oe66 (.text:CfgEntryDeRef)
                  80352a60    000000a0                  : config.oe66 (.text:CfgEntryGetData)
                  80352b00    000000a0                  : config.oe66 (.text:CfgGetImmediate)
                  80352ba0    000000a0                  : telnetd.oe66 (.text:CmdWriteBytes)
                  80352c40    000000a0                  : telnetd.oe66 (.text:CmdWriteCmd)
                  80352ce0    000000a0     ti.drv.cppi.ae66 : cppi_drv.oe66 (.text:Cppi_channelEnable)
                  80352d80    000000a0     stk6_ppp_pppoe.ae66 : file.oe66 (.text:FdSignalEvent)
                  80352e20    000000a0     rts6600_elf_mt.lib : trgdrv.obj (.text:HOSTunlink)
                  80352ec0    000000a0     stk6_ppp_pppoe.ae66 : ipfrag.oe66 (.text:IPReasmFree)
                  80352f60    000000a0                         : ipfrag.oe66 (.text:IPReasmTimeout)
                  80353000    000000a0                         : ipv6.oe66 (.text:IPv6CompareAddress)
                  803530a0    000000a0                         : lliin.oe66 (.text:LLIValidateRoute)
                  80353140    000000a0                         : md5.oe66 (.text:MD5Final)
                  803531e0    000000a0                         : nimu.oe66 (.text:NIMUShutdown)
                  80353280    000000a0                         : nimu.oe66 (.text:NIMUUnregister)
                  80353320    000000a0     nettool.ae66 : ipaddr.oe66 (.text:NtAddNetwork)
                  803533c0    000000a0     stk6_ppp_pppoe.ae66 : pbm.oe66 (.text:PBM_open)
                  80353460    000000a0                         : pipe.oe66 (.text:PipeCheck)
                  80353500    000000a0     ti.drv.qmss.ae66 : qmss_drv.oe66 (.text:Qmss_queueClose)
                  803535a0    000000a0                      : qmss_drv.oe66 (.text:Qmss_startCfg)
                  80353640    000000a0     stk6_ppp_pppoe.ae66 : rtable.oe66 (.text:RouteMsg)
                  803536e0    000000a0                         : route.oe66 (.text:RtNew)
                  80353780    000000a0                         : sb6.oe66 (.text:SB6Free)
                  80353820    000000a0                         : sb.oe66 (.text:SBFree)
                  803538c0    000000a0     os.ae66 : semaphore.oe66 (.text:SemCreate)
                  80353960    000000a0             : semaphore.oe66 (.text:SemCreateBinary)
                  80353a00    000000a0     stk6_ppp_pppoe.ae66 : sock6pcb.oe66 (.text:Sock6CleanPcb)
                  80353aa0    000000a0                         : sock6.oe66 (.text:Sock6GetName)
                  80353b40    000000a0                         : sock.oe66 (.text:SockBind)
                  80353be0    000000a0                         : sockpcb.oe66 (.text:SockCleanPcb)
                  80353c80    000000a0                         : sockpcb.oe66 (.text:SockPcbResolveChain)
                  80353d20    000000a0                         : tcp6prot.oe66 (.text:TCP6Drop)
                  80353dc0    000000a0                         : tcp6prot.oe66 (.text:TCP6PrCtlError)
                  80353e60    000000a0                         : tcp6prot.oe66 (.text:TCP6PrSend)
                  80353f00    000000a0                         : tcp6prot.oe66 (.text:TCP6PrSendOOB)
                  80353fa0    000000a0     os.ae66 : task.oe66 (.text:TaskCreate)
                  80354040    000000a0     stk6_ppp_pppoe.ae66 : tcpprot.oe66 (.text:TcpDrop)
                  803540e0    000000a0                         : tcpprot.oe66 (.text:TcpPrCtlError)
                  80354180    000000a0                         : tcpprot.oe66 (.text:TcpPrSend)
                  80354220    000000a0                         : tcpprot.oe66 (.text:TcpPrSendOOB)
                  803542c0    000000a0                         : timer.oe66 (.text:TimerNew)
                  80354360    000000a0     nettool.ae66 : config.oe66 (.text:_CfgRelease)
                  80354400    000000a0     stk6_ppp_pppoe.ae66 : lli.oe66 (.text:_LLITimeoutFlush)
                  803544a0    000000a0     rts6600_elf_mt.lib : dtor_list.obj (.text:_Z11__TI_atexitPFYvPvES_S_)
                  80354540    000000a0                        : remu.obj (.text:__remu)
                  803545e0    000000a0     boot.ae66 : boot.oe66 (.text:_c_int00)
                  80354680    000000a0     rts6600_elf_mt.lib : fopen.obj (.text:_cleanup)
                  80354720    000000a0                        : _printfi.obj (.text:_ecpy)
                  803547c0    000000a0                        : _printfi.obj (.text:_fcpy)
                  80354860    000000a0                        : _printfi.obj (.text:_pconv_f)
                  80354900    000000a0     stk6_ppp_pppoe.ae66 : auth.oe66 (.text:authStart)
                  803549a0    000000a0     ti.drv.cppi.ae66 : cppi_heap.oe66 (.text:cppi_internal_heap_malloc)
                  80354a40    000000a0                      : cppi_listlib.oe66 (.text:cppi_list_cat)
                  80354ae0    000000a0     nettool.ae66 : dhcpbild.oe66 (.text:dhcpBuildDecline)
                  80354b80    000000a0                  : dhcpsm.oe66 (.text:dhcpIPRemove)
                  80354c20    000000a0     os.ae66 : efs.oe66 (.text:efs_filesend)
                  80354cc0    000000a0     stk6_ppp_pppoe.ae66 : fileuser.oe66 (.text:fdCloseSession)
                  80354d60    000000a0     rts6600_elf_mt.lib : lowlev.obj (.text:finddevice)
                  80354e00    000000a0     stk6_ppp_pppoe.ae66 : lcp.oe66 (.text:lcpInit)
                  80354ea0    000000a0                         : lcp.oe66 (.text:lcpSendTerm)
                  80354f40    000000a0                         : sock6.oe66 (.text:leaveGroup)
                  80354fe0    000000a0     hal_timer_bios.ae66 : lltimer.oe66 (.text:llTimerTick)
                  80355080    000000a0     rts6600_elf_mt.lib : lowlev.obj (.text:lseek)
                  80355120    000000a0                        : memcpy64.obj (.text:memcpy)
                  803551c0    000000a0     os.ae66 : mem.oe66 (.text:mmBulkFree)
                  80355260    000000a0             : mem.oe66 (.text:mmInitPage)
                  80355300    000000a0     rts6600_elf_mt.lib : _mutex.obj (.text:mutex_unlock)
                  803553a0    000000a0     ti.drv.pa.ae66 : pa.oe66 (.text:pa_format_fcmd_header)
                  80355440    000000a0                    : pa.oe66 (.text:pa_pdsp_run)
                  803554e0    000000a0     os.ae66 : ossys.oe66 (.text:stricmp)
                  80355580    000000a0     rts6600_elf_mt.lib : strstr.obj (.text:strstr)
                  80355620    000000a0     sysbios.ae66 : BIOS.obj (.text:ti_sysbios_family_c64p_Hwi_eventMap__E)
                  803556c0    000000a0                  : BIOS.obj (.text:ti_sysbios_family_c64p_Hwi_getStackInfo__E)
                  80355760    000000a0                  : BIOS.obj (.text:ti_sysbios_heaps_HeapMem_init__I)
                  80355800    000000a0                  : BIOS.obj (.text:ti_sysbios_knl_Idle_run__E)
                  803558a0    000000a0                  : BIOS.obj (.text:ti_sysbios_knl_Semaphore_pendTimeout__I)
                  80355940    000000a0                  : BIOS.obj (.text:ti_sysbios_knl_Task_deleteTerminatedTasksFunc__I)
                  803559e0    000000a0                  : BIOS.obj (.text:ti_sysbios_knl_Task_processVitalTaskFlag__I)
                  80355a80    000000a0                  : BIOS.obj (.text:ti_sysbios_timers_timer64_Timer_stop__E)
                  80355b20    000000a0     rts6600_elf_mt.lib : lowlev.obj (.text:write)
                  80355bc0    000000a0     ti.targets.rts6000.ae66 : Assert.oe66 (.text:xdc_runtime_Assert_raise__I)
                  80355c60    000000a0                             : LoggerBuf.oe66 (.text:xdc_runtime_LoggerBuf_Module_startup__F)
                  80355d00    000000a0     Disparity_pe66.oe66 (.text:xdc_runtime_LoggerBuf_write8__E)
                  80355da0    000000a0     ti.targets.rts6000.ae66 : Text.oe66 (.text:xdc_runtime_Text_xprintf__I)
                  80355e40    00000080     ti.drv.cppi.ae66 : cppi_drv.oe66 (.text:Cppi_setCpdmaLoopback)
                  80355ec0    00000080     stk6_ppp_pppoe.ae66 : md5.oe66 (.text:Decode)
                  80355f40    00000080     rts6600_elf_mt.lib : trgdrv.obj (.text:HOSTclose)
                  80355fc0    00000080     stk6_ppp_pppoe.ae66 : icmp.oe66 (.text:ICMPChecksum)
                  80356040    00000080                         : icmpv6in.oe66 (.text:ICMPv6RecvParamProblem)
                  803560c0    00000080                         : icmpv6_ndisc.oe66 (.text:ICMPv6RecvRS)
                  80356140    00000080                         : icmpv6in.oe66 (.text:ICMPv6RecvTimeExceeded)
                  803561c0    00000080                         : ipv6out.oe66 (.text:IPv6GetRoute)
                  80356240    00000080                         : lli6.oe66 (.text:LLI6Free)
                  803562c0    00000080                         : lli6.oe66 (.text:LLI6IsRouterStatMachine)
                  80356340    00000080                         : nimu.oe66 (.text:NIMUInit)
                  803563c0    00000080                         : pbm.oe66 (.text:PBMQ_deq)
                  80356440    00000080                         : nimuppp.oe66 (.text:PPPSend)
                  803564c0    00000080     ti.drv.pa.ae66 : painit.oe66 (.text:Pa_getBufferReq)
                  80356540    00000080     stk6_ppp_pppoe.ae66 : pipe.oe66 (.text:PipeClose)
                  803565c0    00000080     ti.drv.qmss.ae66 : qmss_drv.oe66 (.text:Qmss_getMemRegQueueHandle)
                  80356640    00000080                      : qmss_drv.oe66 (.text:Qmss_queueOpen)
                  803566c0    00000080     stk6_ppp_pppoe.ae66 : rawethsock.oe66 (.text:RawEthSockClose)
                  80356740    00000080                         : rawethsock_pcb.oe66 (.text:RawEthSockPcbDetach)
                  803567c0    00000080                         : route6.oe66 (.text:Rt6Update)
                  80356840    00000080                         : route.oe66 (.text:RtSetFailure)
                  803568c0    00000080                         : route.oe66 (.text:RtSetTimeout)
                  80356940    00000080                         : sock6.oe66 (.text:Sock6Bind)
                  803569c0    00000080                         : sock6pcb.oe66 (.text:Sock6PcbCleanup)
                  80356a40    00000080                         : sock.oe66 (.text:SockGetName)
                  80356ac0    00000080                         : sockpcb.oe66 (.text:SockPcbCleanup)
                  80356b40    00000080                         : sockpcb.oe66 (.text:SockPcbDetach)
                  80356bc0    00000080                         : tcp6prot.oe66 (.text:TCP6PrListen)
                  80356c40    00000080     os.ae66 : task.oe66 (.text:TaskSetEnv)
                  80356cc0    00000080     stk6_ppp_pppoe.ae66 : tcpprot.oe66 (.text:TcpPrListen)
                  80356d40    00000080                         : timer.oe66 (.text:TimerHSTick)
                  80356dc0    00000080                         : timer.oe66 (.text:TimerListRemove)
                  80356e40    00000080     nettool.ae66 : config.oe66 (.text:_CfgAcquire)
                  80356ec0    00000080     stk6_ppp_pppoe.ae66 : lli.oe66 (.text:_LLIExpListRemove)
                  80356f40    00000080                         : rtc.oe66 (.text:_RTCSendRtAdv)
                  80356fc0    00000080                         : rtable.oe66 (.text:_RtExpListRemove)
                  80357040    00000080     rts6600_elf_mt.lib : _mutex.obj (.text:__TI_resource_lock)
                  803570c0    00000080                        : llshift.obj (.text:__c6xabi_llshl)
                  80357140    00000080     sysbios.ae66 : c62_TaskSupport_asm.obj (.text:_ti_sysbios_family_c62_TaskSupport_swap__E)
                  803571c0    00000080     ti.drv.cppi.ae66 : cppi_heap.oe66 (.text:cppi_internal_heap_cache_begin)
                  80357240    00000080                      : cppi_listlib.oe66 (.text:cppi_list_remove)
                  803572c0    00000080     nettool.ae66 : dhcpsock.oe66 (.text:dhcpSocketClose)
                  80357340    00000080     os.ae66 : efs.oe66 (.text:efs_fclose)
                  803573c0    00000080             : efs.oe66 (.text:efs_findfile)
                  80357440    00000080     stk6_ppp_pppoe.ae66 : file.oe66 (.text:fdint_waitevent)
                  803574c0    00000080     nettool.ae66 : httpsend.oe66 (.text:httpSendEntityLength)
                  80357540    00000080                  : httpsend.oe66 (.text:httpSendErrorResponse)
                  803575c0    00000080     hal_timer_bios.ae66 : lltimer.oe66 (.text:llTimerGetTime)
                  80357640    00000080     Disparity_pe66.oe66 (.text:malloc)
                  803576c0    00000080     rts6600_elf_mt.lib : _mutex.obj (.text:mutex_lock)
                  80357740    00000080     ti.drv.pa.ae66 : pa.oe66 (.text:pa_uint8_match)
                  803577c0    00000080     rts6600_elf_mt.lib : _pthread.obj (.text:pthread_mutex_init)
                  80357840    00000080                        : trgmsg.obj (.text:readmsg)
                  803578c0    00000080     nettool.ae66 : httpsend.oe66 (.text:strcat)
                  80357940    00000080     rts6600_elf_mt.lib : strncpy.obj (.text:strncpy)
                  803579c0    00000080     ti.drv.pa.ae66 : pa.oe66 (.text:swizFcmd)
                  80357a40    00000080     ti.platform.evm6678l.ae66 : evm66x_i2c.obj (.text)
                  80357ac0    00000080     sysbios.ae66 : BIOS.obj (.text:ti_sysbios_BIOS_registerRTSLock__I)
                  80357b40    00000080     Disparity_pe66.oe66 (.text:ti_sysbios_gates_GateHwi_Object__create__S)
                  80357bc0    00000080     Disparity_pe66.oe66 (.text:ti_sysbios_gates_GateMutex_Object__create__S)
                  80357c40    00000080     sysbios.ae66 : BIOS.obj (.text:ti_sysbios_hal_Hwi_checkStack:ti_sysbios_hal_Hwi_checkStack)
                  80357cc0    00000080                  : BIOS.obj (.text:ti_sysbios_hal_Hwi_initStack:ti_sysbios_hal_Hwi_initStack)
                  80357d40    00000080     Disparity_pe66.oe66 (.text:ti_sysbios_heaps_HeapMem_Object__create__S)
                  80357dc0    00000080     sysbios.ae66 : BIOS.obj (.text:ti_sysbios_knl_Clock_Module_startup__F)
                  80357e40    00000080     Disparity_pe66.oe66 (.text:ti_sysbios_knl_Clock_Object__create__S)
                  80357ec0    00000080     sysbios.ae66 : BIOS.obj (.text:ti_sysbios_knl_Clock_getTicks__E)
                  80357f40    00000080     Disparity_pe66.oe66 (.text:ti_sysbios_knl_Queue_Object__create__S)
                  80357fc0    00000080     Disparity_pe66.oe66 (.text:ti_sysbios_knl_Semaphore_Object__create__S)
                  80358040    00000080     sysbios.ae66 : BIOS.obj (.text:ti_sysbios_knl_Swi_startup__E)
                  803580c0    00000080                  : BIOS.obj (.text:ti_sysbios_knl_Task_restore__E)
                  80358140    00000080                  : BIOS.obj (.text:ti_sysbios_timers_timer64_Timer_getCount__E)
                  803581c0    00000080                  : BIOS.obj (.text:ti_sysbios_timers_timer64_Timer_getPeriod__E)
                  80358240    00000080     rts6600_elf_mt.lib : trgmsg.obj (.text:writemsg)
                  803582c0    00000080     ti.targets.rts6000.ae66 : Core-label.oe66 (.text:xdc_runtime_Core_assignLabel__I)
                  80358340    00000080                             : Core-params.oe66 (.text:xdc_runtime_Core_assignParams__I)
                  803583c0    00000080                             : LoggerBuf.oe66 (.text:xdc_runtime_LoggerBuf_filterOutEvent__I)
                  80358440    00000080                             : System.oe66 (.text:xdc_runtime_System_atexit__F)
                  803584c0    00000080                             : System.oe66 (.text:xdc_runtime_System_putchar__I)
                  80358540    00000080                             : System.oe66 (.text:xdc_runtime_System_rtsExit__I)
                  803585c0    00000080                             : Text.oe66 (.text:xdc_runtime_Text_printVisFxn__I)
                  80358640    00000060     stk6_ppp_pppoe.ae66 : bind6.oe66 (.text:Bind6FindByIF)
                  803586a0    00000060                         : bind6.oe66 (.text:Bind6IF2IPHost)
                  80358700    00000060                         : bind.oe66 (.text:BindFindByHost)
                  80358760    00000060                         : bind.oe66 (.text:BindFindByIF)
                  803587c0    00000060                         : bind.oe66 (.text:BindFindByNet)
                  80358820    00000060                         : bind.oe66 (.text:BindGetIFByDBCast)
                  80358880    00000060                         : bind.oe66 (.text:BindIF2IPHost)
                  803588e0    00000060     nettool.ae66 : config.oe66 (.text:CfgEntryInfo)
                  80358940    00000060                  : config.oe66 (.text:CfgSetService)
                  803589a0    00000060     stk6_ppp_pppoe.ae66 : md5.oe66 (.text:Encode)
                  80358a00    00000060                         : exec.oe66 (.text:ExecBroadcast)
                  80358a60    00000060                         : igmp.oe66 (.text:IGMPTestGroup)
                  80358ac0    00000060                         : ip.oe66 (.text:IPChecksum)
                  80358b20    00000060                         : lli.oe66 (.text:LLIFree)
                  80358b80    00000060     netctrl.ae66 : netctrl.oe66 (.text:NC_SystemClose)
                  80358be0    00000060     stk6_ppp_pppoe.ae66 : nimu.oe66 (.text:NIMUAddHeader)
                  80358c40    00000060                         : nimu.oe66 (.text:NIMUCreatePacket)
                  80358ca0    00000060                         : nimu.oe66 (.text:NIMUFindByIndex)
                  80358d00    00000060                         : nimu.oe66 (.text:NIMUPacketService)
                  80358d60    00000060                         : nimu.oe66 (.text:NIMUPacketServiceCheck)
                  80358dc0    00000060                         : nimu.oe66 (.text:NIMUSendPacket)
                  80358e20    00000060     netctrl.ae66 : netsrv.oe66 (.text:NS_PreBoot)
                  80358e80    00000060     stk6_ppp_pppoe.ae66 : node.oe66 (.text:NodeGetRt)
                  80358ee0    00000060                         : nimuppp.oe66 (.text:PPPStart)
                  80358f40    00000060                         : rtc.oe66 (.text:RTCAddHook)
                  80358fa0    00000060                         : rtc.oe66 (.text:RTCRemoveHook)
                  80359000    00000060                         : rawethsock_pcb.oe66 (.text:RawEthSockPcbCleanup)
                  80359060    00000060                         : rawethsock_pcb.oe66 (.text:RawEthSockPcbFind)
                  803590c0    00000060                         : route6.oe66 (.text:Rt6GetNetworkAddr)
                  80359120    00000060                         : rtable.oe66 (.text:RtWalkEnd)
                  80359180    00000060     netctrl.ae66 : netsrv.oe66 (.text:ServiceCallback)
                  803591e0    00000060     stk6_ppp_pppoe.ae66 : sock6pcb.oe66 (.text:Sock6PcbDetach)
                  80359240    00000060                         : sock6prot.oe66 (.text:Sock6PrCtlError)
                  803592a0    00000060                         : sock6prot.oe66 (.text:Sock6PrDetach)
                  80359300    00000060                         : sockprot.oe66 (.text:SockPrCtlError)
                  80359360    00000060                         : sockprot.oe66 (.text:SockPrDetach)
                  803593c0    00000060                         : tcp6prot.oe66 (.text:TCP6PrConnect)
                  80359420    00000060                         : tcp6time.oe66 (.text:TCP6SetPersist)
                  80359480    00000060                         : tcp6time.oe66 (.text:TCP6TimeoutPersist)
                  803594e0    00000060                         : tcpprot.oe66 (.text:TcpPrConnect)
                  80359540    00000060                         : tcptime.oe66 (.text:TcpSetPersist)
                  803595a0    00000060                         : tcptime.oe66 (.text:TcpTimeoutPersist)
                  80359600    00000060                         : vlan.oe66 (.text:VLANFindNode)
                  80359660    00000060                         : vlan.oe66 (.text:VLANFindSourceInterface)
                  803596c0    00000060                         : vlan.oe66 (.text:VLANInit)
                  80359720    00000060     nettool.ae66 : config.oe66 (.text:_CfgEntryProcess)
                  80359780    00000060     rts6600_elf_mt.lib : frcmpyd_div.obj (.text:__c6xabi_frcmpyd_div)
                  803597e0    00000060                        : llshift.obj (.text:__c6xabi_llshru)
                  80359840    00000060                        : imath64.obj (.text:_subcull)
                  803598a0    00000060     ti.drv.cppi.ae66 : cppi_listlib.oe66 (.text:cppi_list_add)
                  80359900    00000060                      : cppi_listlib.oe66 (.text:cppi_list_cache_invalidate)
                  80359960    00000060     rts6600_elf_mt.lib : _mutex.obj (.text:create_resource_mutexes)
                  803599c0    00000060                        : _mutex.obj (.text:destroy_resource_mutexes)
                  80359a20    00000060     nettool.ae66 : dhcpbild.oe66 (.text:dhcpBuildDiscover)
                  80359a80    00000060                  : dhcpsock.oe66 (.text:dhcpPacketReceive)
                  80359ae0    00000060                  : dhcpsock.oe66 (.text:dhcpPacketSend)
                  80359b40    00000060     stk6_ppp_pppoe.ae66 : fileuser.oe66 (.text:fdSelectAbort)
                  80359ba0    00000060                         : file.oe66 (.text:fdint_clearevent)
                  80359c00    00000060                         : file.oe66 (.text:fdint_getfdt)
                  80359c60    00000060                         : file.oe66 (.text:fdint_setevent)
                  80359cc0    00000060                         : fileuser.oe66 (.text:fdsetTestEntry)
                  80359d20    00000060     nettool.ae66 : httpsend.oe66 (.text:httpSendClientStr)
                  80359d80    00000060     stk6_ppp_pppoe.ae66 : ipcp.oe66 (.text:ipcpInit)
                  80359de0    00000060                         : ipcp.oe66 (.text:ipcpStart)
                  80359e40    00000060                         : lcp.oe66 (.text:lcpClose)
                  80359ea0    00000060                         : listlib.oe66 (.text:list_cat)
                  80359f00    00000060                         : listlib.oe66 (.text:list_remove_node)
                  80359f60    00000060     rts6600_elf_mt.lib : memccpy.obj (.text:memccpy)
                  80359fc0    00000060     os.ae66 : mem.oe66 (.text:mmUnInitPage)
                  8035a020    00000060     ti.drv.pa.ae66 : painit.oe66 (.text:pa_init_global_cfg)
                  8035a080    00000060                    : pa.oe66 (.text:pa_uint8_zero)
                  8035a0e0    00000060     stk6_ppp_pppoe.ae66 : nimupppoe.oe66 (.text:pppoeInput)
                  8035a140    00000060     rts6600_elf_mt.lib : _pthread.obj (.text:pthread_mutex_destroy)
                  8035a1a0    00000060                        : strcpy.obj (.text:strcpy)
                  8035a200    00000060     Disparity_pe66.oe66 (.text:ti_ndk_config_Global_stackThread)
                  8035a260    00000060     Disparity_pe66.oe66 (.text:ti_sysbios_BIOS_exitFunc__I)
                  8035a2c0    00000060     sysbios.ae66 : BIOS.obj (.text:ti_sysbios_BIOS_rtsLock__I)
                  8035a320    00000060                  : BIOS.obj (.text:ti_sysbios_family_c62_TaskSupport_start__E)
                  8035a380    00000060                  : BIOS.obj (.text:ti_sysbios_family_c64p_EventCombiner_Module_startup__F)
[...]
8035e180   xdc_runtime_System_vsnprintf__F
8035e1a0   NDK_vsprintf
8035e1a0   xdc_runtime_System_vsprintf__E
8035e1c0   xdc_runtime_Text_cordText__E
8035e1e0   xdc_runtime_Text_putLab__E
8035e200   xdc_runtime_Text_putSite__E
8035e220   xdc_runtime_Text_ropeText__E
8035e240   xdc_runtime_Timestamp_SupportProxy_get32__E
8035e240   xdc_runtime_Timestamp_get32__F
8035e260   xdc_runtime_Timestamp_SupportProxy_getFreq__E
8035e260   xdc_runtime_Timestamp_getFreq__F
8035e280   xdc_runtime_Timestamp_get32__E
8035e2a0   xdc_runtime_Timestamp_getFreq__E
8035e2c0   ti_ndk_config_Global_pit
8035e480   ti_ndk_config_Global_pitBuffer
8036a480   ti_sysbios_knl_Task_Instance_State_0_hookEnv__A
8036a488   ti_sysbios_knl_Task_Instance_State_1_hookEnv__A
8036a490   ti_sysbios_knl_Task_Instance_State_2_hookEnv__A
8036a498   xdc_runtime_LoggerBuf_Instance_State_0_entryArr__A
8036b450   _tmpnams
8036b590   qmssLObj
8036b898   IPV6_LINKLOCALMASK
8036b8a8   IPV6_MULTICASTMASK
8036b8b8   IPV6_UNSPECIFIED_ADDRESS
8036b8c8   IPV6_LOOPBACK_ADDRESS
8036b8d8   IPV6_HOST_MASK
8036b8e8   IPV6_ALL_NODES_ADDRESS
8036b8f8   IPV6_ALL_ROUTER_ADDRESS
8036b908   ipv6mcb
8036b960   tcps
8036ba18   tpseudo
8036ba24   tcp6_stats
8036badc   raweth_pcb
8036bae0   _ICMPIn
8036bb30   _ICMPOut
8036bb7c   gPlatformInfo
8036bc10   BlockMax
8036bc30   BlockCount
8036bc50   PageMax
8036bc70   PageCount
8036bc8c   ips
8036bcf4   nimu_mcb
8036bd58   gI2cBlock
8036bd9c   udps
8036bdc0   upseudo
8036bdd0   nimuGlobalConfigParams
8036bde0   coreKey
8036be00   vlan_mcb
8036be28   udp6_stats
8036be50   gCppiCfg
8036be70   icmp6stats
8036bea4   stkEvent
8036beb4   raws
8036bec4   raw6_stats
8036bed4   raweths
8036bee4   PBMQ_free
8036bef0   c1
8036dcb8   m
8036f568   xdc_runtime_Text_charTab__A
80370b60   c2
80372b48   acc48_le
80373178   ti_sysbios_family_c66_Cache_marvalues__C
80374486   ti_sysbios_BIOS_Module__id__C
80374488   _ctypes_
8037458a   ti_sysbios_family_c64p_EventCombiner_Module__id__C
8037458c   ti_sysbios_BIOS_Module__diagsEnabled__C
80374590   xdc_runtime_Text_nodeTab__A
80374dd6   ti_sysbios_family_c64p_Exception_Module__id__C
80374efc   ti_sysbios_BIOS_Module__diagsIncluded__C
80374f00   pap_pdsp_const_reg_map
803750c2   ti_sysbios_family_c64p_Exception_enableExternalMPC__C
803751ca   ti_sysbios_family_c64p_Exception_enablePrint__C
803751cc   ti_sysbios_BIOS_Module__diagsMask__C
803751d0   Code2Err
803753c2   ti_sysbios_family_c64p_Exception_useInternalBuffer__C
803753c4   ti_sysbios_knl_Task_Object__PARAMS__C
80375400   xdc_runtime_LoggerBuf_Module__FXNS__C
8037543c   ti_sysbios_BIOS_installedErrorHook__C
80375440   xdc_runtime_Startup_sfxnTab__A
80375512   ti_sysbios_family_c64p_Hwi_Module__id__C
80375514   ti_sysbios_family_c62_TaskSupport_stackAlignment__C
80375518   ti_sysbios_knl_Task_hooks__A
803755cc   ti_sysbios_heaps_HeapMem_Module__FXNS__C
803755f4   xdc_runtime_LoggerBuf_Object__PARAMS__C
80375644   ti_sysbios_gates_GateHwi_Module__FXNS__C
80375668   ti_sysbios_gates_GateMutex_Module__FXNS__C
8037568c   ti_sysbios_heaps_HeapMem_Object__PARAMS__C
803756b0   ti_sysbios_knl_Clock_Object__PARAMS__C
803756d4   ti_sysbios_knl_Semaphore_Object__PARAMS__C
8037571c   ti_sysbios_gates_GateHwi_Object__DESC__C
8037573c   ti_sysbios_gates_GateMutex_Object__DESC__C
8037575c   ti_sysbios_heaps_HeapMem_Object__DESC__C
8037577c   ti_sysbios_knl_Clock_Object__DESC__C
8037579c   ti_sysbios_knl_Queue_Object__DESC__C
803757bc   ti_sysbios_knl_Semaphore_Object__DESC__C
803757dc   ti_sysbios_knl_Task_Object__DESC__C
803757fc   xdc_runtime_LoggerBuf_Object__DESC__C
8037581c   ti_sysbios_family_c64p_EventCombiner_E_unpluggedEvent__C
8037587a   ti_sysbios_family_c64p_Hwi_Module__loggerDefined__C
8037587c   ti_sysbios_family_c64p_Exception_E_exceptionMax__C
80375880   xdc_runtime_Startup_sfxnRts__A
8037589c   ti_sysbios_family_c64p_Exception_E_exceptionMin__C
80375900   ti_sysbios_gates_GateHwi_Object__PARAMS__C
80375918   ti_sysbios_gates_GateMutex_Object__PARAMS__C
80375930   ti_sysbios_knl_Queue_Object__PARAMS__C
803759aa   ti_sysbios_gates_GateMutex_Module__id__C
803759ac   ti_sysbios_family_c64p_Exception_exceptionHook__C
803759c2   ti_sysbios_hal_Hwi_Module__id__C
803759c4   ti_sysbios_family_c64p_Exception_externalHook__C
803759c8   paMemAligns
803759d8   ti_sysbios_family_c64p_EventCombiner_EVTMASK__C
80375a10   ti_sysbios_family_c66_Cache_initSize__C
80375a32   ti_sysbios_heaps_HeapMem_Module__id__C
80375a34   ti_sysbios_family_c64p_Exception_internalHook__C
80375a42   ti_sysbios_knl_Clock_Module__id__C
80375a44   ti_sysbios_family_c64p_Exception_nmiHook__C
80375a60   ti_sysbios_knl_Idle_coreList__A
80375a68   ti_sysbios_knl_Idle_coreList__C
80375a70   ti_sysbios_knl_Idle_funcList__A
80375a78   ti_sysbios_knl_Idle_funcList__C
80375a80   ti_sysbios_knl_Task_hooks__C
80375a88   xdc_runtime_Startup_firstFxns__A
80375a90   xdc_runtime_Startup_firstFxns__C
80375a98   xdc_runtime_Startup_lastFxns__A
80375aa0   xdc_runtime_Startup_lastFxns__C
80375aae   ti_sysbios_knl_Clock_Module__loggerDefined__C
80375ab6   ti_sysbios_knl_Semaphore_Module__id__C
80375abe   ti_sysbios_knl_Semaphore_Module__loggerDefined__C
80375ac0   ti_sysbios_family_c64p_Hwi_LD_end__C
80375ac4   ti_sysbios_family_c64p_Hwi_LM_begin__C
80375ac8   ti_sysbios_family_c64p_Hwi_Module__diagsEnabled__C
80375acc   ti_sysbios_family_c64p_Hwi_Module__diagsIncluded__C
80375ad0   ti_sysbios_family_c64p_Hwi_Module__diagsMask__C
80375ad4   ti_sysbios_family_c64p_Hwi_Module__loggerFxn1__C
80375ad8   ti_sysbios_family_c64p_Hwi_Module__loggerFxn8__C
80375adc   ti_sysbios_family_c64p_Hwi_Module__loggerObj__C
80375ae0   ti_sysbios_family_c66_Cache_atomicBlockSize__C
80375ae4   ti_sysbios_gates_GateMutex_A_badContext__C
80375ae8   ti_sysbios_gates_GateMutex_Instance_State_sem__O
80375aec   ti_sysbios_gates_GateMutex_Module__diagsEnabled__C
80375af0   ti_sysbios_gates_GateMutex_Module__diagsIncluded__C
80375af4   ti_sysbios_gates_GateMutex_Module__diagsMask__C
80375af8   ti_sysbios_hal_Hwi_E_stackOverflow__C
80375afc   ti_sysbios_heaps_HeapBuf_Instance_State_freeList__O
80375b00   ti_sysbios_heaps_HeapBuf_Object__count__C
80375b04   ti_sysbios_heaps_HeapBuf_Object__table__C
80375b08   ti_sysbios_heaps_HeapBuf_numConstructedHeaps__C
80375b0c   ti_sysbios_heaps_HeapMem_A_align__C
80375b10   ti_sysbios_heaps_HeapMem_A_heapSize__C
80375b14   ti_sysbios_heaps_HeapMem_A_invalidFree__C
80375b18   ti_sysbios_heaps_HeapMem_A_zeroBlock__C
80375b1c   ti_sysbios_heaps_HeapMem_E_memory__C
80375b20   ti_sysbios_heaps_HeapMem_Module__diagsEnabled__C
80375b24   ti_sysbios_heaps_HeapMem_Module__diagsIncluded__C
80375b28   ti_sysbios_heaps_HeapMem_Module__diagsMask__C
80375b2c   ti_sysbios_heaps_HeapMem_Module__gateObj__C
80375b30   ti_sysbios_heaps_HeapMem_Object__count__C
80375b34   ti_sysbios_heaps_HeapMem_Object__table__C
80375b38   ti_sysbios_heaps_HeapMem_reqAlign__C
80375b3c   ti_sysbios_knl_Clock_A_badThreadType__C
80375b40   ti_sysbios_knl_Clock_LM_begin__C
80375b44   ti_sysbios_knl_Clock_LM_tick__C
80375b48   ti_sysbios_knl_Clock_LW_delayed__C
80375b4c   ti_sysbios_knl_Clock_Module_State_clockQ__O
80375b50   ti_sysbios_knl_Clock_Module__diagsEnabled__C
80375b54   ti_sysbios_knl_Clock_Module__diagsIncluded__C
80375b58   ti_sysbios_knl_Clock_Module__diagsMask__C
80375b5c   ti_sysbios_knl_Clock_Module__loggerFxn1__C
80375b60   ti_sysbios_knl_Clock_Module__loggerFxn2__C
80375b64   ti_sysbios_knl_Clock_Module__loggerObj__C
80375b68   ti_sysbios_knl_Clock_tickMode__C
80375b6c   ti_sysbios_knl_Clock_tickSource__C
80375b70   ti_sysbios_knl_Queue_Object__count__C
80375b74   ti_sysbios_knl_Queue_Object__table__C
80375b78   ti_sysbios_knl_Semaphore_A_badContext__C
80375b7c   ti_sysbios_knl_Semaphore_A_noEvents__C
80375b80   ti_sysbios_knl_Semaphore_A_overflow__C
80375b84   ti_sysbios_knl_Semaphore_A_pendTaskDisabled__C
80375b88   ti_sysbios_knl_Semaphore_Instance_State_pendQ__O
80375b8c   ti_sysbios_knl_Semaphore_LM_pend__C
80375b90   ti_sysbios_knl_Semaphore_LM_post__C
80375b94   ti_sysbios_knl_Semaphore_Module__diagsEnabled__C
80375b98   ti_sysbios_knl_Semaphore_Module__diagsIncluded__C
80375b9c   ti_sysbios_knl_Semaphore_Module__diagsMask__C
80375ba0   ti_sysbios_knl_Semaphore_Module__loggerFxn2__C
80375ba4   ti_sysbios_knl_Semaphore_Module__loggerFxn4__C
80375ba8   ti_sysbios_knl_Semaphore_Module__loggerObj__C
80375bac   ti_sysbios_knl_Swi_LD_end__C
80375bb0   ti_sysbios_knl_Swi_LM_begin__C
80375bb4   ti_sysbios_knl_Swi_LM_post__C
80375bb8   ti_sysbios_knl_Swi_Module__diagsEnabled__C
80375bbc   ti_sysbios_knl_Swi_Module__diagsIncluded__C
80375bc0   ti_sysbios_knl_Swi_Module__diagsMask__C
80375bc4   ti_sysbios_knl_Swi_Module__loggerFxn1__C
80375bc8   ti_sysbios_knl_Swi_Module__loggerFxn4__C
80375bcc   ti_sysbios_knl_Swi_Module__loggerObj__C
80375bd0   ti_sysbios_knl_Swi_Object__count__C
80375bd4   ti_sysbios_knl_Swi_Object__table__C
80375bd8   ti_sysbios_knl_Task_A_badPriority__C
80375bdc   ti_sysbios_knl_Task_A_badTaskState__C
80375be0   ti_sysbios_knl_Task_A_badThreadType__C
80375be4   ti_sysbios_knl_Task_A_badTimeout__C
80375be8   ti_sysbios_knl_Task_A_noPendElem__C
80375bec   ti_sysbios_knl_Task_A_sleepTaskDisabled__C
80375bf0   ti_sysbios_knl_Task_E_deleteNotAllowed__C
80375bf4   ti_sysbios_knl_Task_E_spOutOfBounds__C
80375bf8   ti_sysbios_knl_Task_E_stackOverflow__C
80375bfc   ti_sysbios_knl_Task_LD_block__C
80375c00   ti_sysbios_knl_Task_LD_exit__C
80375c04   ti_sysbios_knl_Task_LD_ready__C
80375c08   ti_sysbios_knl_Task_LM_setPri__C
80375c0c   ti_sysbios_knl_Task_LM_sleep__C
80375c10   ti_sysbios_knl_Task_LM_switch__C
80375c14   ti_sysbios_knl_Task_Module_State_inactiveQ__O
80375c18   ti_sysbios_knl_Task_Module_State_terminatedQ__O
80375c1c   ti_sysbios_knl_Task_Module__diagsEnabled__C
80375c20   ti_sysbios_knl_Task_Module__diagsIncluded__C
80375c24   ti_sysbios_knl_Task_Module__diagsMask__C
80375c28   ti_sysbios_knl_Task_Module__loggerFxn2__C
80375c2c   ti_sysbios_knl_Task_Module__loggerFxn4__C
80375c30   ti_sysbios_knl_Task_Module__loggerObj__C
80375c34   ti_sysbios_knl_Task_Object__count__C
80375c38   ti_sysbios_knl_Task_Object__heap__C
80375c3c   ti_sysbios_knl_Task_Object__table__C
80375c40   ti_sysbios_knl_Task_allBlockedFunc__C
80375c44   ti_sysbios_knl_Task_defaultStackHeap__C
80375c48   ti_sysbios_knl_Task_defaultStackSize__C
80375c4c   ti_sysbios_knl_Task_numConstructedTasks__C
80375c50   ti_sysbios_knl_Task_numPriorities__C
80375c54   ti_sysbios_timers_timer64_Timer_A_notAvailable__C
80375c58   ti_sysbios_timers_timer64_Timer_E_cannotSupport__C
80375c5c   ti_sysbios_timers_timer64_Timer_Module__diagsEnabled__C
80375c60   ti_sysbios_timers_timer64_Timer_Module__diagsIncluded__C
80375c64   ti_sysbios_timers_timer64_Timer_Module__diagsMask__C
80375c68   ti_sysbios_timers_timer64_Timer_anyMask__C
80375c6c   ti_sysbios_timers_timer64_Timer_freqDivisor__C
80375c70   ti_sysbios_timers_timer64_Timer_numLocalTimers__C
80375c74   ti_sysbios_timers_timer64_Timer_numTimerDevices__C
80375c78   xdc_runtime_Assert_E_assertFailed__C
80375c7c   xdc_runtime_Core_A_initializedParams__C
80375c80   xdc_runtime_Core_Module__diagsEnabled__C
80375c84   xdc_runtime_Core_Module__diagsIncluded__C
80375c88   xdc_runtime_Core_Module__diagsMask__C
80375c8c   xdc_runtime_Error_E_memory__C
80375c90   xdc_runtime_Error_Module__diagsEnabled__C
80375c94   xdc_runtime_Error_Module__diagsIncluded__C
80375c98   xdc_runtime_Error_Module__diagsMask__C
80375c9c   xdc_runtime_Error_Module__loggerFxn8__C
80375ca0   xdc_runtime_Error_Module__loggerObj__C
80375ca4   xdc_runtime_Error_policy__C
80375ca8   xdc_runtime_Error_raiseHook__C
80375cac   xdc_runtime_IFilterLogger_Interface__BASE__C
80375cb0   xdc_runtime_IGateProvider_Interface__BASE__C
80375cb4   xdc_runtime_IHeap_Interface__BASE__C
80375cb8   xdc_runtime_ILogger_Interface__BASE__C
80375cbc   xdc_runtime_IModule_Interface__BASE__C
80375cc0   xdc_runtime_Log_L_error__C
80375cc4   xdc_runtime_LoggerBuf_E_badLevel__C
80375cc8   xdc_runtime_LoggerBuf_Module__gateObj__C
80375ccc   xdc_runtime_LoggerBuf_Object__count__C
80375cd0   xdc_runtime_LoggerBuf_Object__table__C
80375cd4   xdc_runtime_LoggerBuf_statusLogger__C
80375cd8   xdc_runtime_Memory_defaultHeapInstance__C
80375cdc   xdc_runtime_Startup_execImpl__C
80375ce0   xdc_runtime_Startup_maxPasses__C
80375ce4   xdc_runtime_Startup_sfxnRts__C
80375ce8   xdc_runtime_Startup_sfxnTab__C
80375cec   xdc_runtime_Startup_startModsFxn__C
80375cf0   xdc_runtime_System_Module__gateObj__C
80375cf4   xdc_runtime_System_extendFxn__C
80375cf8   xdc_runtime_System_maxAtexitHandlers__C
80375cfc   xdc_runtime_Text_charTab__C
80375d00   xdc_runtime_Text_nameEmpty__C
80375d04   xdc_runtime_Text_nameStatic__C
80375d08   xdc_runtime_Text_nameUnknown__C
80375d0c   xdc_runtime_Text_nodeTab__C
80375d10   xdc_runtime_Text_visitRopeFxn__C
80375d14   ti_sysbios_knl_Swi_Module__id__C
80375d16   ti_sysbios_knl_Swi_Module__loggerDefined__C
80375d18   ti_sysbios_knl_Task_Module__id__C
80375d1a   ti_sysbios_knl_Task_Module__loggerDefined__C
80375d1c   ti_sysbios_knl_Task_deleteTerminatedTasks__C
80375d1e   ti_sysbios_knl_Task_initStackFlag__C
80375d20   ti_sysbios_timers_timer64_Timer_Module__id__C
80375d22   ti_sysbios_timers_timer64_Timer_startupNeeded__C
80375d24   xdc_runtime_Core_Module__id__C
80375d26   xdc_runtime_Error_Module__loggerDefined__C
80375d28   xdc_runtime_Error_maxDepth__C
80375d2a   xdc_runtime_LoggerBuf_Module__id__C
80375d2c   xdc_runtime_LoggerBuf_filterByLevel__C
80375d2e   xdc_runtime_Memory_Module__id__C
80375d30   xdc_runtime_Text_charCnt__C
80375d32   xdc_runtime_Text_isLoaded__C
80375d34   xdc_runtime_Text_registryModsLastId__C
80375d36   xdc_runtime_Text_unnamedModsLastId__C
80375d80   queueFree
80377d80   qmssGObj
80378180   ti_sysbios_BIOS_Module__state__V
803781a0   ti_sysbios_family_c64p_EventCombiner_Module__state__V
803785a0   ti_sysbios_family_c64p_Exception_Module__state__V
803785d0   ti_sysbios_family_c64p_Hwi_Module__root__V
803785d8   ti_sysbios_family_c64p_Hwi_Module__state__V
80378640   ti_sysbios_gates_GateHwi_Module__root__V
80378648   ti_sysbios_gates_GateMutex_Module__root__V
80378650   ti_sysbios_hal_Hwi_Module__root__V
80378658   ti_sysbios_hal_Timer_Module__root__V
80378660   ti_sysbios_heaps_HeapBuf_Module__root__V
80378668   ti_sysbios_heaps_HeapBuf_Module__state__V
8037866c   ti_sysbios_heaps_HeapMem_Module__root__V
80378674   ti_sysbios_knl_Clock_Module__root__V
8037867c   ti_sysbios_knl_Clock_Module__state__V
803786a4   ti_sysbios_knl_Queue_Module__root__V
803786ac   ti_sysbios_knl_Semaphore_Module__root__V
803786b4   ti_sysbios_knl_Swi_Module__root__V
803786bc   ti_sysbios_knl_Swi_Module__state__V
803786d8   ti_sysbios_knl_Task_Module__root__V
803786e0   ti_sysbios_knl_Task_Module__state__V
80378724   ti_sysbios_timers_timer64_Timer_Module__root__V
8037872c   ti_sysbios_timers_timer64_Timer_Module__state__V
80378740   xdc_runtime_Error_Module__state__V
80378744   xdc_runtime_LoggerBuf_Module__root__V
8037874c   xdc_runtime_LoggerBuf_Module__state__V
80378754   xdc_runtime_Memory_Module__state__V
80378758   xdc_runtime_Registry_Module__state__V
80378760   xdc_runtime_Startup_Module__state__V
80378768   xdc_runtime_System_Module__state__V
80378774   xdc_runtime_Text_Module__state__V
8037877c   __xdc__init__addr
80378780   _ftable
80378960   ti_sysbios_timers_timer64_Timer_Module_State_0_device__A
80378ae0   qmssGblCfgParams
80378c00   ti_sysbios_knl_Task_Object__table__V
80378ca0   TSK_idle
80378cf0   _ipcfg
80378da4   _ft_end
80378e48   ti_sysbios_knl_Swi_Module_State_0_readyQ__A
80378ec8   ti_sysbios_knl_Task_Module_State_0_readyQ__A
80378f48   ti_sysbios_timers_timer64_Timer_Module_State_0_gctrl__A
80378fc8   ti_sysbios_timers_timer64_Timer_Module_State_0_handles__A
80379048   ti_sysbios_timers_timer64_Timer_Module_State_0_intFreqs__A
80379140   cppiGblCfgParams
803791b8   ti_sysbios_family_c64p_Hwi_Object__table__V
803792d0   ti_sysbios_timers_timer64_Timer_Object__table__V
803793e0   ti_sysbios_gates_GateMutex_Object__table__V
80379494   cppiLObj
80379498   ti_sysbios_knl_Swi_Object__table__V
803794c8   _oscfg
803794ec   paLObj
803794f0   xdc_runtime_LoggerBuf_Object__table__V
80379518   Qmss_highEoiVector
80379538   NIMUDeviceTable
80379540   pstrMsgName
80379560   xdc_runtime_System_Module_State_0_atexitHandlers__A
80379580   ti_ndk_config_Global_Id2Size
803795d0   ti_sysbios_heaps_HeapMem_Object__table__V
80379614   _lock
80379618   _unlock
80379658   Qmss_lowEoiVector
80379668   _delete_mutexes_ptr
8037966c   _cleanup_ptr
80379670   _dtors_ptr
80379674   __TI_enable_exit_profile_output
80379678   ti_sysbios_hal_Hwi_Object__table__V
803796a0   ti_sysbios_hal_Timer_Object__table__V
803796a8   ti_sysbios_gates_GateHwi_Object__table__V
803796b8   ti_sysbios_knl_Task_Module_State_0_idleTask__A
803796c8   Qmss_cdmaEoiVector
80379728   gDeviceNandBBlist
8037a954   gDeviceNand
8037a98c   gDeviceNor
8037a9c4   gDeviceEeprom0
8037a9fc   gDeviceEeprom1
8037aa38   emac_port_mode
8037adec   __TI_STATIC_BASE
8037ae04   _IGMPInDiscard
8037ae08   _IGMPInQuery
8037ae0c   _IGMPInQueryGroup
8037ae10   _IGMPInResponse
8037ae14   _IGMPOutResponse
8037ae18   gTxCmdReturnQHnd
8037ae1c   gTxCmdFreeQHnd
8037ae20   ethSemHandle
8037ae58   CONTENT_TYPE_APPLET
8037ae5c   CONTENT_TYPE_AU
8037ae60   CONTENT_TYPE_CSS
8037ae64   CONTENT_TYPE_DOC
8037ae68   CONTENT_TYPE_GIF
8037ae6c   CONTENT_TYPE_HTML
8037ae70   CONTENT_TYPE_JPG
8037ae74   CONTENT_TYPE_MPEG
8037ae78   CONTENT_TYPE_PDF
8037ae7c   CONTENT_TYPE_WAV
8037ae80   CONTENT_TYPE_ZIP
8037ae84   CONTENT_TYPE
8037ae88   CONTENT_LENGTH
8037ae8c   CRLF
8037ae90   DEFAULT_NAME
8037ae94   HTTP_VER
8037ae98   SPACE
8037ae9c   PITCount
8037aea0   PITUsed
8037aea4   PITHigh
8037aec0   VerStr
8037aec4   HostName
8037aec8   LocalIPAddr
8037aecc   LocalIPMask
8037aed0   GatewayIP
8037aed4   DomainName
8037aed8   DNSServer
8037af4c   _IGMPForceVersion1
8037af68   _ICMPInErrors
8037af6c   _ICMPOutErrors
8037af70   _IPExecuting
8037af80   gFragQList
8037afa0   tcp_iss
8037afa4   ptTimeFirst
8037afa8   pt6TimeFirst
8037afac   tcp6_iss
8037afb8   platform_errno
8037afbc   platform_init_return_code
8037afc0   g_transmissionError
8037afd0   httpErrorResponseHook
8037afdc   _IPReasmPtr
8037afe4   gMLDNodeList
8037affc   qmssLObjIsValid
8037b000   IPV6_MAX_MULTICAST_SOLICIT
8037b004   IPV6_MAX_UNICAST_SOLICIT
8037b008   IPV6_RETRANS_TIME
8037b00c   IPV6_DELAY_FIRST_PROBE_TIME
8037b010   IPV6_REACHABLE_TIME
8037b014   IPV6_MAX_RTR_SOLICITATION_DELAY
8037b018   IPV6_RTR_SOLICITATION_INTERVAL
8037b01c   IPV6_MAX_RTR_SOLICITATIONS
8037b020   INFINITE_LT
8037b024   ti_ndk_config_Global_rawPageSize
8037b028   ti_ndk_config_Global_rawPageCount
8037b02c   ti_ndk_config_Global_smallest
8037b030   ti_ndk_config_Global_largest
8037b034   ti_ndk_config_Global_numFrameBuf
8037b038   ti_ndk_config_Global_sizeFrameBuf
8037b080   cppiObject
8037b280   __CIOBUF_
8037b400   ti_sysbios_family_c64p_Hwi0
8037b400   ti_sysbios_family_c64p_Hwi_int0
8037b420   ti_sysbios_family_c64p_Hwi_int1
8037b440   ti_sysbios_family_c64p_Hwi_int2
8037b460   ti_sysbios_family_c64p_Hwi_int3
8037b480   ti_sysbios_family_c64p_Hwi_int4
8037b4a0   ti_sysbios_family_c64p_Hwi_int5
8037b4c0   ti_sysbios_family_c64p_Hwi_int6
8037b4e0   ti_sysbios_family_c64p_Hwi_int7
8037b500   ti_sysbios_family_c64p_Hwi_int8
8037b520   ti_sysbios_family_c64p_Hwi_int9
8037b540   ti_sysbios_family_c64p_Hwi_int10
8037b560   ti_sysbios_family_c64p_Hwi_int11
8037b580   ti_sysbios_family_c64p_Hwi_int12
8037b5a0   ti_sysbios_family_c64p_Hwi_int13
8037b5c0   ti_sysbios_family_c64p_Hwi_int14
8037b5e0   ti_sysbios_family_c64p_Hwi_int15
8037c5e0   __TI_Handler_Table_Base
8037c5ec   __TI_Handler_Table_Limit
8037c650   __TI_CINIT_Base
8037c6d8   __TI_CINIT_Limit
ffffffff   __TI_pprof_out_hndl
ffffffff   __TI_prof_data_size
ffffffff   __TI_prof_data_start
ffffffff   __binit__
ffffffff   __c_args__
ffffffff   binit
UNDEFED    __TI_INITARRAY_Base
UNDEFED    __TI_INITARRAY_Limit

[1623 symbols]
