******************************************************************************
               TMS320C6x Linker PC v7.4.7                      
******************************************************************************
>> Linked Fri Apr 25 10:44:30 2014

OUTPUT FILE NAME:   <Disparity.out>
ENTRY POINT SYMBOL: "_c_int00"  address: 80350140


MEMORY CONFIGURATION

         name            origin    length      used     unused   attr    fill
----------------------  --------  ---------  --------  --------  ----  --------
  L2SRAM                00800000   00080000  0005cf40  000230c0  RW X
  MSMCSRAM              0c000000   00400000  00000000  00400000  RW X
  DDR3                  80000000   20000000  00377352  1fc88cae  RWIX


SEGMENT ALLOCATION MAP

run origin  load origin   length   init length attrs members
----------  ----------- ---------- ----------- ----- -------
00800000    00800000    0005cb88   00000000    rw-
  00800000    00800000    00052b00   00000000    rw- .far:NDK_PACKETMEM
  00852b00    00852b00    00004000   00000000    rw- .resmgr_memregion
  00856b00    00856b00    00003c00   00000000    rw- .far:taskStackSection
  0085a700    0085a700    00001488   00000000    rw- .resmgr_pa
  0085bb88    0085bb88    00001000   00000000    rw- .stack
0085cc00    0085cc00    00000318   00000318    rw-
  0085cc00    0085cc00    00000318   00000318    rw- .nimu_eth_ll2
0085cf20    0085cf20    000000a0   00000000    rw-
  0085cf20    0085cf20    000000a0   00000000    rw- .resmgr_handles
80000000    80000000    00300000   00000000    rw-
  80000000    80000000    00300000   00000000    rw- systemHeap
80300000    80300000    00058f80   00058f80    r-x
  80300000    80300000    00058f80   00058f80    r-x .text
80358f80    80358f80    0000dbc8   00000000    rw-
  80358f80    80358f80    0000dbc8   00000000    rw- .far.1
80366b50    80366b50    00000060   00000000    rw-
  80366b50    80366b50    00000060   00000000    rw- .far.2
80366bb0    80366bb0    00009ebc   00009ebc    r--
  80366bb0    80366bb0    00009ebc   00009ebc    r-- .const
80370a70    80370a70    00000010   00000010    rw-
  80370a70    80370a70    00000010   00000010    rw- .fardata.1
80370a80    80370a80    00002400   00000000    rw-
  80370a80    80370a80    00002400   00000000    rw- .qmss
80372e80    80372e80    0000157a   0000157a    rw-
  80372e80    80372e80    0000157a   0000157a    rw- .fardata.2
80374400    80374400    00001370   00001370    rw-
  80374400    80374400    00001370   00001370    rw- platform_lib
80375770    80375770    000003a8   000003a8    r--
  80375770    80375770    000003a8   000003a8    r-- .switch
80375b18    80375b18    0000006c   00000000    rw-
  80375b18    80375b18    0000006c   00000000    rw- .bss
80375b84    80375b84    000001a5   000001a5    rw-
  80375b84    80375b84    000001a5   000001a5    rw- .neardata
80375d2c    80375d2c    0000003c   0000003c    r--
  80375d2c    80375d2c    0000003c   0000003c    r-- .rodata
80375d80    80375d80    00000200   00000000    rw-
  80375d80    80375d80    00000200   00000000    rw- .cppi
80376000    80376000    00000200   00000200    r-x
  80376000    80376000    00000200   00000200    r-x .vecs
80376200    80376200    00000120   00000000    rw-
  80376200    80376200    00000120   00000000    rw- .cio
80376320    80376320    000010dc   000010dc    r--
  80376320    80376320    000010dc   000010dc    r-- .cinit


SECTION ALLOCATION MAP

 output                                  attributes/
section   page    origin      length       input sections
--------  ----  ----------  ----------   ----------------
.init_array 
*          0    80000000    00000000     UNINITIALIZED

.far:NDK_PACKETMEM 
*          0    00800000    00052b00     UNINITIALIZED
                  00800000    00052b00     stk6_ppp_pppoe.ae66 : pbm_data.oe66 (.far:NDK_PACKETMEM)

.resmgr_memregion 
*          0    00852b00    00004000     UNINITIALIZED
                  00852b00    00004000     resourcemgr.obj (.resmgr_memregion)

.far:taskStackSection 
*          0    00856b00    00003c00     UNINITIALIZED
                  00856b00    00003c00     Disparity_pe66.oe66 (.far:taskStackSection)

.resmgr_pa 
*          0    0085a700    00001488     UNINITIALIZED
                  0085a700    00001488     resourcemgr.obj (.resmgr_pa)

.stack     0    0085bb88    00001000     UNINITIALIZED
                  0085bb88    00000008     boot.ae66 : boot.oe66 (.stack)
                  0085bb90    00000ff8     --HOLE--

.nimu_eth_ll2 
*          0    0085cc00    00000318     
                  0085cc00    00000308     ti.transport.ndk.nimu.ae66 : nimu_eth.obj (.nimu_eth_ll2:uninit) [fill = 0]
                  0085cf08    00000010                                : nimu_eth.obj (.nimu_eth_ll2:init)

.resmgr_handles 
*          0    0085cf20    000000a0     UNINITIALIZED
                  0085cf20    000000a0     resourcemgr.obj (.resmgr_handles)

systemHeap 
*          0    80000000    00300000     UNINITIALIZED
                  80000000    00300000     Disparity_pe66.oe66 (systemHeap)

xdc.meta   0    80000000    00000100     COPY SECTION
                  80000000    00000100     Disparity_pe66.oe66 (xdc.meta)

.text      0    80300000    00058f80     
                  80300000    00001e40     ti.transport.ndk.nimu.ae66 : nimu_eth.obj (.text)
                  80301e40    00001a20     ti.platform.evm6678l.ae66 : platform.obj (.text)
                  80303860    000019e0     stk6_ppp_pppoe.ae66 : tcp6in.oe66 (.text:TCP6Input)
                  80305240    000019e0                         : tcpin.oe66 (.text:TcpInput)
                  80306c20    00001240                         : tcpout.oe66 (.text:TcpOutput)
                  80307e60    000011a0                         : tcp6out.oe66 (.text:TCP6Output)
                  80309000    00000ea0     resourcemgr.obj (.text)
                  80309ea0    00000c00     nettool.ae66 : httpclie.oe66 (.text:httpClientProcess)
                  8030aaa0    00000b80     stk6_ppp_pppoe.ae66 : ipin.oe66 (.text:IPRxPacket)
                  8030b620    00000b40     ti.platform.evm6678l.ae66 : evm66x_nand.obj (.text)
                  8030c160    00000aa0     stk6_ppp_pppoe.ae66 : md5.oe66 (.text:MD5Transform)
                  8030cc00    000009c0                         : ipout.oe66 (.text:IPTxPacket)
                  8030d5c0    000009a0                         : lcp.oe66 (.text:lcpInput)
                  8030df60    000009a0     ti.platform.evm6678l.ae66 : evmc6678.obj (.text)
                  8030e900    00000900     nettool.ae66 : httpsend.oe66 (.text:SetContentType)
                  8030f200    000008a0     sysbios.ae66 : BIOS.obj (.text:ti_sysbios_family_c64p_Exception_handler__I)
                  8030faa0    000008a0     ti.targets.rts6000.ae66 : System.oe66 (.text:xdc_runtime_System_doPrint__I)
                  80310340    00000840     Initialise.obj (.text)
                  80310b80    000007e0     ti.drv.qmss.ae66 : qmss_drv.oe66 (.text:Qmss_insertMemoryRegion)
                  80311360    000007e0     stk6_ppp_pppoe.ae66 : ipcp.oe66 (.text:ipcpInput)
                  80311b40    000007c0                         : sock.oe66 (.text:SockSet)
                  80312300    000007a0                         : fileuser.oe66 (.text:fdPoll)
                  80312aa0    000007a0     ti.platform.evm6678l.ae66 : evmc66x_i2c_eeprom.obj (.text)
                  80313240    00000720     ti.drv.pa.ae66 : pa.oe66 (.text:Pa_addMac)
                  80313960    000006c0     stk6_ppp_pppoe.ae66 : sock6.oe66 (.text:Sock6Set)
                  80314020    000006c0     nettool.ae66 : telnetd.oe66 (.text:telnet_netdata)
                  803146e0    000006a0     stk6_ppp_pppoe.ae66 : icmpv6_ndisc.oe66 (.text:ICMPv6RecvRA)
                  80314d80    00000660     ti.drv.cppi.ae66 : cppi_drv.oe66 (.text:Cppi_configureRxFlow)
                  803153e0    00000660     stk6_ppp_pppoe.ae66 : route6.oe66 (.text:Rt6Create)
                  80315a40    00000620     sysbios.ae66 : BIOS.obj (.text:ti_sysbios_knl_Task_Instance_finalize__F)
                  80316060    00000600                  : BIOS.obj (.text:ti_sysbios_heaps_HeapMem_alloc__E)
                  80316660    00000600                  : BIOS.obj (.text:ti_sysbios_knl_Semaphore_pend__E)
                  80316c60    000005e0                  : BIOS.obj (.text:ti_sysbios_heaps_HeapMem_free__E)
                  80317240    000005c0     stk6_ppp_pppoe.ae66 : ipfrag.oe66 (.text:IPReasm)
                  80317800    000005c0     rts6600_elf_mt.lib : divd.obj (.text:__c6xabi_divd)
                  80317dc0    000005c0                        : _printfi.obj (.text:_getarg_diouxp)
                  80318380    000005a0     stk6_ppp_pppoe.ae66 : icmpin.oe66 (.text:ICMPInput)
                  80318920    000005a0     sysbios.ae66 : BIOS.obj (.text:ti_sysbios_timers_timer64_Timer_Module_startup__F)
                  80318ec0    00000580     stk6_ppp_pppoe.ae66 : nimuppp.oe66 (.text:pppEvent)
                  80319440    00000560                         : bind6.oe66 (.text:Bind6New)
                  803199a0    00000560                         : ipv6.oe66 (.text:IPv6IPAddressToString)
                  80319f00    00000540                         : sock6.oe66 (.text:Sock6Connect)
                  8031a440    00000520                         : sock.oe66 (.text:SockNew)
                  8031a960    00000520     rts6600_elf_mt.lib : _printfi.obj (.text:_setfield)
                  8031ae80    00000520     nettool.ae66 : httpsend.oe66 (.text:httpSendStatusLine)
                  8031b3a0    00000500     DisparityInline.obj (.text)
                  8031b8a0    00000500     RecieveImage.obj (.text)
                  8031bda0    000004e0     stk6_ppp_pppoe.ae66 : udp.oe66 (.text:UdpInput)
                  8031c280    000004e0                         : nimupppoe.oe66 (.text:pppoeInputS)
                  8031c760    000004c0     ti.drv.cppi.ae66 : cppi_drv.oe66 (.text:Cppi_txChannelOpen)
                  8031cc20    000004a0     stk6_ppp_pppoe.ae66 : lliin.oe66 (.text:LLIRxPacket)
                  8031d0c0    000004a0                         : sock6.oe66 (.text:Sock6Recv)
                  8031d560    000004a0                         : sock.oe66 (.text:SockRecv)
                  8031da00    00000460     rts6600_elf_mt.lib : _printfi.obj (.text:_printfi)
                  8031de60    00000460     stk6_ppp_pppoe.ae66 : nimuppp.oe66 (.text:pppNew)
                  8031e2c0    00000460     ti.platform.evm6678l.ae66 : evmc66x_spi.obj (.text)
                  8031e720    00000440     ti.drv.cppi.ae66 : cppi_drv.oe66 (.text:Cppi_rxChannelOpen)
                  8031eb60    00000440     stk6_ppp_pppoe.ae66 : sock6.oe66 (.text:Sock6New)
                  8031efa0    00000440                         : auth.oe66 (.text:chapInput)
                  8031f3e0    00000440                         : fileuser.oe66 (.text:fdSelect)
                  8031f820    00000440                         : nimupppoe.oe66 (.text:pppoeInputC)
                  8031fc60    00000420     nettool.ae66 : daemon.oe66 (.text:daemon)
                  80320080    00000420     ti.drv.pa.ae66 : pa.oe66 (.text:pa_conv_routing_info)
                  803204a0    00000420     sysbios.ae66 : BIOS.obj (.text:ti_sysbios_knl_Task_sleep__E)
                  803208c0    00000400     stk6_ppp_pppoe.ae66 : sock6.oe66 (.text:Sock6Send)
                  80320cc0    00000400     os.ae66 : efs.oe66 (.text:efs_filecheck)
                  803210c0    00000400     sysbios.ae66 : BIOS.obj (.text:ti_sysbios_knl_Task_Instance_init__F)
                  803214c0    000003e0     stk6_ppp_pppoe.ae66 : ipv6_frag.oe66 (.text:IPv6TxFragPacket)
                  803218a0    000003e0     sysbios.ae66 : BIOS.obj (.text:ti_sysbios_knl_Task_setPri__E)
                  80321c80    000003c0     ti.drv.cppi.ae66 : cppi_desc.oe66 (.text:Cppi_initDescriptor)
                  80322040    000003c0     stk6_ppp_pppoe.ae66 : ipv6out.oe66 (.text:IPv6TxPacket)
                  80322400    000003c0                         : lli6.oe66 (.text:LLI6TimerCheck)
                  803227c0    000003c0                         : sock.oe66 (.text:SockSend)
                  80322b80    000003c0                         : tcp6.oe66 (.text:TCP6TimeoutCheck)
                  80322f40    000003c0                         : tcp.oe66 (.text:TcpTimeoutCheck)
                  80323300    000003c0     rts6600_elf_mt.lib : fputs.obj (.text:fputs)
                  803236c0    000003c0     ti.platform.evm6678l.ae66 : evmc66x_nor.obj (.text)
                  80323a80    000003a0     stk6_ppp_pppoe.ae66 : icmpv6in.oe66 (.text:ICMPv6RxPacket)
                  80323e20    000003a0                         : nimu.oe66 (.text:NIMUIoctl)
                  803241c0    000003a0                         : route.oe66 (.text:RtCreate)
                  80324560    000003a0                         : sb.oe66 (.text:SBRead)
                  80324900    000003a0                         : auth.oe66 (.text:papInput)
                  80324ca0    00000380                         : sock6int.oe66 (.text:Sock6Notify)
                  80325020    00000380                         : sock.oe66 (.text:SockConnect)
                  803253a0    00000380                         : sockint.oe66 (.text:SockNotify)
                  80325720    00000380     nettool.ae66 : dhcppkt.oe66 (.text:dhcpPacketProcess)
                  80325aa0    00000380     ti.platform.evm6678l.ae66 : evmc66x_fpga.obj (.text)
                  80325e20    00000360     stk6_ppp_pppoe.ae66 : icmpv6_ndisc.oe66 (.text:ICMPv6RecvRedirect)
                  80326180    00000360                         : icmpv6out.oe66 (.text:ICMPv6SendDstUnreachable)
                  803264e0    00000360                         : igmp.oe66 (.text:IGMPInput)
                  80326840    00000360                         : ipv6_frag.oe66 (.text:IPv6FragReasm)
                  80326ba0    00000360                         : lliout.oe66 (.text:LLITxIpPacket)
                  80326f00    00000340                         : icmpv6_ndisc.oe66 (.text:ICMPv6RecvNS)
                  80327240    00000340                         : icmpv6out.oe66 (.text:ICMPv6SendParameterProblem)
                  80327580    00000340                         : icmpv6out.oe66 (.text:ICMPv6SendTimeExceeded)
                  803278c0    00000340     ti.drv.pa.ae66 : painit.oe66 (.text:Pa_create)
                  80327c00    00000340     ti.drv.qmss.ae66 : qmss_drv.oe66 (.text:Qmss_init)
                  80327f40    00000340     os.ae66 : mem.oe66 (.text:mmAlloc)
                  80328280    00000340     stk6_ppp_pppoe.ae66 : nimupppoe.oe66 (.text:pppoeSI)
                  803285c0    00000320     nettool.ae66 : config.oe66 (.text:CfgAddEntry)
                  803288e0    00000320     stk6_ppp_pppoe.ae66 : nimupppoe.oe66 (.text:SendServerMsg)
                  80328c00    00000320     rts6600_elf_mt.lib : _printfi.obj (.text:_pproc_fge)
                  80328f20    00000320     nettool.ae66 : inetaddr.oe66 (.text:inet_aton)
                  80329240    00000320                  : telnetd.oe66 (.text:telnet_engine)
                  80329560    00000320     ti.platform.evm6678l.ae66 : evmc6678_phy.obj (.text)
                  80329880    00000300     stk6_ppp_pppoe.ae66 : sock6pcb.oe66 (.text:Sock6PcbBind)
                  80329b80    00000300                         : udp6.oe66 (.text:Udp6Input)
                  80329e80    00000300     sysbios.ae66 : BIOS.obj (.text:ti_sysbios_family_c64p_Hwi_dispatchC__I)
                  8032a180    000002e0     stk6_ppp_pppoe.ae66 : ipv6_frag.oe66 (.text:IPv6FragQEnqueueFrag)
                  8032a460    000002e0                         : ipv6_exthdrs.oe66 (.text:IPv6ParseExtnHeaders)
                  8032a740    000002e0     netctrl.ae66 : netctrl.oe66 (.text:NetScheduler)
                  8032aa20    000002e0     ti.drv.pa.ae66 : pa.oe66 (.text:Pa_forwardResult)
                  8032ad00    000002e0     stk6_ppp_pppoe.ae66 : route6.oe66 (.text:Rt6Find)
                  8032afe0    000002e0                         : nimupppoe.oe66 (.text:SendClientMsg)
                  8032b2c0    000002e0                         : sock6pcb.oe66 (.text:Sock6PcbFind)
                  8032b5a0    000002e0                         : sock6pcb.oe66 (.text:Sock6PcbResolve)
                  8032b880    000002e0                         : udp.oe66 (.text:UdpOutput)
                  8032bb60    000002e0     rts6600_elf_mt.lib : _printfi.obj (.text:_pproc_fwp)
                  8032be40    000002e0     sysbios.ae66 : BIOS.obj (.text:ti_sysbios_heaps_HeapMem_Instance_init__F)
                  8032c120    000002c0     stk6_ppp_pppoe.ae66 : bind.oe66 (.text:BindNew)
                  8032c3e0    000002c0                         : node.oe66 (.text:NodeAdd)
                  8032c6a0    000002c0                         : sb6.oe66 (.text:SB6Read)
                  8032c960    000002c0                         : nimuppp.oe66 (.text:pppInput)
                  8032cc20    000002a0     nettool.ae66 : dhcpmain.oe66 (.text:DHCPOpen)
                  8032cec0    000002a0     stk6_ppp_pppoe.ae66 : route6.oe66 (.text:Rt6Free)
                  8032d160    000002a0                         : rtable.oe66 (.text:RtFind)
                  8032d400    000002a0                         : sock6.oe66 (.text:Sock6Close)
                  8032d6a0    000002a0                         : sock.oe66 (.text:SockClose)
                  8032d940    000002a0                         : sockpcb.oe66 (.text:SockPcbResolve)
                  8032dbe0    000002a0                         : tcp6prot.oe66 (.text:TCP6PrSetOption)
                  8032de80    000002a0                         : tcpprot.oe66 (.text:TcpPrSetOption)
                  8032e120    000002a0     rts6600_elf_mt.lib : _printfi.obj (.text:fcvt)
                  8032e3c0    000002a0     sysbios.ae66 : BIOS.obj (.text:ti_sysbios_knl_Clock_Instance_init__F)
                  8032e660    000002a0                  : BIOS.obj (.text:ti_sysbios_knl_Clock_workFunc__E)
                  8032e900    000002a0                  : BIOS.obj (.text:ti_sysbios_timers_timer64_Timer_deviceConfig__I)
                  8032eba0    00000280     stk6_ppp_pppoe.ae66 : icmp.oe66 (.text:ICMPGenPacket)
                  8032ee20    00000280                         : lli6.oe66 (.text:LLI6NeighUnreachStateMachine)
                  8032f0a0    00000280                         : lli6.oe66 (.text:LLI6TxIPPacket)
                  8032f320    00000280                         : udp6.oe66 (.text:Udp6Output)
                  8032f5a0    00000280     rts6600_elf_mt.lib : divf.obj (.text:__c6xabi_divf)
                  8032f820    00000280                        : _printfi.obj (.text:ecvt)
                  8032faa0    00000280     stk6_ppp_pppoe.ae66 : ipcp.oe66 (.text:ipcpSendCfg)
                  8032fd20    00000280                         : lcp.oe66 (.text:lcpSendCfg)
                  8032ffa0    00000280     platform_osal.obj (.text)
                  80330220    00000280     ti.targets.rts6000.ae66 : Error.oe66 (.text:xdc_runtime_Error_raiseX__F)
                  803304a0    00000260     stk6_ppp_pppoe.ae66 : icmpv6in.oe66 (.text:ICMPv6RecvEchoRequest)
                  80330700    00000260                         : ipv6in.oe66 (.text:IPv6RxPacket)
                  80330960    00000260                         : nimu.oe66 (.text:NIMUReceivePacket)
                  80330bc0    00000260                         : rawethsock.oe66 (.text:RawEthSockSet)
                  80330e20    00000260                         : sb6.oe66 (.text:SB6Write)
                  80331080    00000260                         : sb.oe66 (.text:SBWrite)
                  803312e0    00000260                         : sockpcb.oe66 (.text:SockPcbBind)
                  80331540    00000260                         : tcp6out.oe66 (.text:TCP6GenPacket)
                  803317a0    00000260     nettool.ae66 : httppars.oe66 (.text:httpParseRecv)
                  80331a00    00000260                  : httpsend.oe66 (.text:httpSendErrorHTML)
                  80331c60    00000260     sysbios.ae66 : BIOS.obj (.text:ti_sysbios_family_c64p_Exception_internalHandler__I)
                  80331ec0    00000260                  : BIOS.obj (.text:ti_sysbios_knl_Semaphore_post__E)
                  80332120    00000260     ti.targets.rts6000.ae66 : Startup.oe66 (.text:xdc_runtime_Startup_startMods__I)
                  80332380    00000260     Disparity_pe66.oe66 (.text:xdc_runtime_System_printfExtend__I)
                  803325e0    00000240     stk6_ppp_pppoe.ae66 : bind6.oe66 (.text:Bind6Free)
                  80332820    00000240                         : bind6.oe66 (.text:Bind6RunDAD)
                  80332a60    00000240     ti.drv.cppi.ae66 : cppi_drv.oe66 (.text:Cppi_open)
                  80332ca0    00000240     nettool.ae66 : daemon.oe66 (.text:DaemonNew)
                  80332ee0    00000240     stk6_ppp_pppoe.ae66 : icmpv6_ndisc.oe66 (.text:ICMPv6RecvNA)
                  80333120    00000240                         : icmpv6_ndisc.oe66 (.text:ICMPv6SendNA)
                  80333360    00000240                         : icmpv6_ndisc.oe66 (.text:ICMPv6SendNS)
                  803335a0    00000240     ti.drv.pa.ae66 : pa.oe66 (.text:Pa_resetControl)
                  803337e0    00000240     stk6_ppp_pppoe.ae66 : pipe.oe66 (.text:PipeRecv)
                  80333a20    00000240                         : raw.oe66 (.text:RawInput)
                  80333c60    00000240                         : tcpout.oe66 (.text:TcpGenPacket)
                  80333ea0    00000240     rts6600_elf_mt.lib : imath64.obj (.text:__c6xabi_divull)
                  803340e0    00000240                        : _printfi.obj (.text:_pconv_e)
                  80334320    00000240                        : _printfi.obj (.text:_pproc_diouxp)
                  80334560    00000240     nettool.ae66 : dhcpsm.oe66 (.text:dhcpIPAdd)
                  803347a0    00000240                  : dhcpsm.oe66 (.text:dhcpState)
                  803349e0    00000240     rts6600_elf_mt.lib : fputc.obj (.text:fputc)
                  80334c20    00000240     sysbios.ae66 : BIOS.obj (.text:ti_sysbios_knl_Task_exit__E)
                  80334e60    00000240     ti.targets.rts6000.ae66 : LoggerBuf.oe66 (.text:xdc_runtime_LoggerBuf_write8__F)
                  803350a0    00000220     stk6_ppp_pppoe.ae66 : igmp.oe66 (.text:IGMPJoinHostGroup)
                  803352c0    00000220                         : ipv6_frag.oe66 (.text:IPv6ParseFragHdr)
                  803354e0    00000220                         : raw6.oe66 (.text:Raw6Output)
                  80335700    00000220                         : rawethsock.oe66 (.text:RawEthSockNew)
                  80335920    00000220                         : sockpcb.oe66 (.text:SockPcbFind)
                  80335b40    00000220     rts6600_elf_mt.lib : _printfi.obj (.text:_pproc_str)
                  80335d60    00000220     nettool.ae66 : dhcppkt.oe66 (.text:dhcpVerifyMessage)
                  80335f80    00000220                  : httpclie.oe66 (.text:httpGetAuthParams)
                  803361a0    00000220     rts6600_elf_mt.lib : setvbuf.obj (.text:setvbuf)
                  803363c0    00000220     sysbios.ae66 : BIOS.obj (.text:ti_sysbios_knl_Swi_run__I)
                  803365e0    00000220                  : BIOS.obj (.text:ti_sysbios_knl_Task_schedule__I)
                  80336800    00000220                  : BIOS.obj (.text:ti_sysbios_knl_Task_startCore__E)
                  80336a20    00000220     ti.targets.rts6000.ae66 : Core-mem.oe66 (.text:xdc_runtime_Core_createObject__I)
                  80336c40    00000200     stk6_ppp_pppoe.ae66 : ipv6_exthdrs.oe66 (.text:IPv6ParseHopOptions)
                  80336e40    00000200                         : lli6.oe66 (.text:LLI6New)
                  80337040    00000200     ti.drv.qmss.ae66 : qmss_drv.oe66 (.text:Qmss_internalQueueOpen)
                  80337240    00000200                      : qmss_acc.oe66 (.text:Qmss_programAccumulator)
                  80337440    00000200     stk6_ppp_pppoe.ae66 : rtc.oe66 (.text:RTCReport)
                  80337640    00000200     rts6600_elf_mt.lib : _printfi.obj (.text:_pconv_g)
                  80337840    00000200     sysbios.ae66 : c64p_Hwi_disp_always.obj (.text:_ti_sysbios_family_c64p_Hwi_dispatchAlways)
                  80337a40    00000200     stk6_ppp_pppoe.ae66 : socket.oe66 (.text:accept)
                  80337c40    00000200     ti.drv.cppi.ae66 : cppi_heap.oe66 (.text:cppi_internal_heap_add)
                  80337e40    00000200     stk6_ppp_pppoe.ae66 : nimupppoe.oe66 (.text:pppoeCtrlMsg)
                  80338040    000001e0                         : igmp.oe66 (.text:IGMPSendReply)
                  80338220    000001e0                         : route6.oe66 (.text:Rt6Modify)
                  80338400    000001e0                         : sock6pcb.oe66 (.text:Sock6PcbFindRaw)
                  803385e0    000001e0                         : auth.oe66 (.text:chapSendMsg)
                  803387c0    000001e0     nettool.ae66 : dhcpsock.oe66 (.text:dhcpSocketOpen)
                  803389a0    000001e0     stk6_ppp_pppoe.ae66 : socket.oe66 (.text:sendto)
                  80338b80    000001e0     sysbios.ae66 : BIOS.obj (.text:ti_sysbios_family_c64p_Exception_externalHandler__I)
                  80338d60    000001e0                  : BIOS.obj (.text:ti_sysbios_knl_Task_checkStacks__E)
                  80338f40    000001e0                  : BIOS.obj (.text:ti_sysbios_knl_Task_postInit__I)
                  80339120    000001e0                  : BIOS.obj (.text:ti_sysbios_timers_timer64_Timer_getFreq__E)
                  80339300    000001c0     nettool.ae66 : config.oe66 (.text:CfgExecute)
                  803394c0    000001c0     ti.drv.cppi.ae66 : cppi_drv.oe66 (.text:Cppi_channelClose)
                  80339680    000001c0                      : cppi_drv.oe66 (.text:Cppi_initCfg)
                  80339840    000001c0     stk6_ppp_pppoe.ae66 : ip.oe66 (.text:IPGetRoute)
                  80339a00    000001c0                         : lliout.oe66 (.text:LLIGenArpPacket)
                  80339bc0    000001c0     ti.drv.qmss.ae66 : qmss_drv.oe66 (.text:Qmss_internaldownloadFirmware)
                  80339d80    000001c0     stk6_ppp_pppoe.ae66 : raw6.oe66 (.text:Raw6Input)
                  80339f40    000001c0     netctrl.ae66 : netsrv.oe66 (.text:SPIpNet)
                  8033a100    000001c0     stk6_ppp_pppoe.ae66 : tcptime.oe66 (.text:TcpTimeoutRexmt)
                  8033a2c0    000001c0                         : lli.oe66 (.text:_LLITimeoutCheck)
                  8033a480    000001c0     rts6600_elf_mt.lib : _printfi.obj (.text:_mcpy)
                  8033a640    000001c0     nettool.ae66 : dhcpbild.oe66 (.text:dhcpBuildHeader)
                  8033a800    000001c0     stk6_ppp_pppoe.ae66 : fileuser.oe66 (.text:fdClose)
                  8033a9c0    000001c0     ti.platform.evm6678l.ae66 : evmc66x_uart.obj (.text)
                  8033ab80    000001c0     sysbios.ae66 : BIOS.obj (.text:ti_sysbios_family_c64p_Exception_decodeMpfsr__I)
                  8033ad40    000001c0                  : BIOS.obj (.text:ti_sysbios_gates_GateMutex_enter__E)
                  8033af00    000001c0                  : BIOS.obj (.text:ti_sysbios_timers_timer64_Timer_setPeriodMicroSecs__E)
                  8033b0c0    000001c0     ti.targets.rts6000.ae66 : Text.oe66 (.text:xdc_runtime_Text_putSite__F)
                  8033b280    000001a0     stk6_ppp_pppoe.ae66 : bind6.oe66 (.text:Bind6Msg)
                  8033b420    000001a0     nettool.ae66 : config.oe66 (.text:CfgRemoveEntry)
                  8033b5c0    000001a0     stk6_ppp_pppoe.ae66 : icmpin.oe66 (.text:ICMPRevSrcRoute)
                  8033b760    000001a0                         : ipv6_frag.oe66 (.text:IPv6FragMsg)
                  8033b900    000001a0                         : ipv6_exthdrs.oe66 (.text:IPv6ParseRoutingHdr)
                  8033baa0    000001a0     netctrl.ae66 : netctrl.oe66 (.text:NC_NetStart)
                  8033bc40    000001a0     stk6_ppp_pppoe.ae66 : node.oe66 (.text:NodeTreeFree)
                  8033bde0    000001a0     ti.drv.pa.ae66 : pa.oe66 (.text:Pa_downloadImage)
                  8033bf80    000001a0     stk6_ppp_pppoe.ae66 : route6.oe66 (.text:Route6LifetimeMgmt)
                  8033c120    000001a0                         : sockint.oe66 (.text:SockCreatePacket)
                  8033c2c0    000001a0     nettool.ae66 : dhcpsm.oe66 (.text:StateRenewRebind)
                  8033c460    000001a0     stk6_ppp_pppoe.ae66 : tcp6time.oe66 (.text:TCP6TimeoutRexmt)
                  8033c600    000001a0     rts6600_elf_mt.lib : imath40.obj (.text:__c6xabi_divul)
                  8033c7a0    000001a0     nettool.ae66 : dhcptags.oe66 (.text:dhcpBuildOptions)
                  8033c940    000001a0     stk6_ppp_pppoe.ae66 : socket.oe66 (.text:getpeername)
                  8033cae0    000001a0                         : udp6.oe66 (.text:processMulticast)
                  8033cc80    000001a0     nettool.ae66 : telnetd.oe66 (.text:telnet_termdata)
                  8033ce20    000001a0     sysbios.ae66 : BIOS.obj (.text:ti_sysbios_family_c66_Cache_block__I)
                  8033cfc0    000001a0                  : BIOS.obj (.text:ti_sysbios_heaps_HeapBuf_Module_startup__F)
                  8033d160    000001a0                  : BIOS.obj (.text:ti_sysbios_timers_timer64_Timer_start__E)
                  8033d300    000001a0     ti.targets.rts6000.ae66 : LoggerBuf.oe66 (.text:xdc_runtime_LoggerBuf_write4__F)
                  8033d4a0    00000180     stk6_ppp_pppoe.ae66 : bind6.oe66 (.text:Bind6GetGlobalAddress)
                  8033d620    00000180     rts6600_elf_mt.lib : trgdrv.obj (.text:HOSTrename)
                  8033d7a0    00000180     stk6_ppp_pppoe.ae66 : igmp.oe66 (.text:IGMPMsg)
                  8033d920    00000180                         : nimu.oe66 (.text:NIMURegister)
                  8033daa0    00000180     netctrl.ae66 : netsrv.oe66 (.text:ServiceScan)
                  8033dc20    00000180                  : netsrv.oe66 (.text:ServiceSpawn)
                  8033dda0    00000180     stk6_ppp_pppoe.ae66 : sock6int.oe66 (.text:Sock6CreatePacket)
                  8033df20    00000180     nettool.ae66 : dhcpsm.oe66 (.text:StateBound)
                  8033e0a0    00000180     rts6600_elf_mt.lib : copy_decompress_rle.obj (.text:__TI_decompress_rle_core)
                  8033e220    00000180     stk6_ppp_pppoe.ae66 : socket.oe66 (.text:bind)
                  8033e3a0    00000180     nettool.ae66 : dhcpbild.oe66 (.text:dhcpBuildRequest)
                  8033e520    00000180     os.ae66 : task.oe66 (.text:llEnter)
                  8033e6a0    00000180     stk6_ppp_pppoe.ae66 : auth.oe66 (.text:papSendCfg)
                  8033e820    00000180     sysbios.ae66 : c64p_Exception_asm.obj (.text)
                  8033e9a0    00000180                  : BIOS.obj (.text:ti_sysbios_knl_Swi_schedule__I)
                  8033eb20    00000180                  : BIOS.obj (.text:ti_sysbios_knl_Task_unblockI__E)
                  8033eca0    00000160     nettool.ae66 : config.oe66 (.text:CfgGetEntry)
                  8033ee00    00000160                  : config.oe66 (.text:CfgGetNextEntry)
                  8033ef60    00000160     stk6_ppp_pppoe.ae66 : igmp.oe66 (.text:IGMPDoMCast)
                  8033f0c0    00000160                         : nimu.oe66 (.text:NIMUIoctlSpecialCmd)
                  8033f220    00000160                         : nimuppp.oe66 (.text:PPPStop)
                  8033f380    00000160                         : pipe.oe66 (.text:PipeSend)
                  8033f4e0    00000160                         : raw.oe66 (.text:RawOutput)
                  8033f640    00000160                         : rtable.oe66 (.text:RtTimeoutCheck)
                  8033f7a0    00000160                         : rtable.oe66 (.text:RtWalkNext)
                  8033f900    00000160     netctrl.ae66 : netsrv.oe66 (.text:SPRoute)
                  8033fa60    00000160     stk6_ppp_pppoe.ae66 : sock6.oe66 (.text:Sock6Check)
                  8033fbc0    00000160                         : sock6pcb.oe66 (.text:Sock6PcbConnect)
                  8033fd20    00000160                         : sock.oe66 (.text:SockCheck)
                  8033fe80    00000160                         : sockpcb.oe66 (.text:SockPcbConnect)
                  8033ffe0    00000160     nettool.ae66 : dhcpsm.oe66 (.text:StateRequesting)
                  80340140    00000160     stk6_ppp_pppoe.ae66 : tcp6time.oe66 (.text:TCP6TimeoutKeep)
                  803402a0    00000160                         : tcptime.oe66 (.text:TcpTimeoutKeep)
                  80340400    00000160                         : auth.oe66 (.text:authInit)
                  80340560    00000160     nettool.ae66 : httpclie.oe66 (.text:httpExtractTag)
                  803406c0    00000160     stk6_ppp_pppoe.ae66 : sock6.oe66 (.text:joinGroup)
                  80340820    00000160                         : socket.oe66 (.text:setsockopt)
                  80340980    00000160     nettool.ae66 : telnetd.oe66 (.text:telnetClientProcess)
                  80340ae0    00000140     stk6_ppp_pppoe.ae66 : bind6.oe66 (.text:Bind6DADCheck)
                  80340c20    00000140     ti.csl.ae66 : csl_chip.oe66 (.text:CSL_chipReadReg)
                  80340d60    00000140     stk6_ppp_pppoe.ae66 : exec.oe66 (.text:ExecOpen)
                  80340ea0    00000140                         : icmp.oe66 (.text:ICMPSendRtAdv)
                  80340fe0    00000140                         : igmp.oe66 (.text:IGMPJoin)
                  80341120    00000140                         : ipv6.oe66 (.text:IPv6DisplayIPAddress)
                  80341260    00000140                         : lli6.oe66 (.text:LLI6Find)
                  803413a0    00000140                         : lli.oe66 (.text:LLINew)
                  803414e0    00000140                         : node.oe66 (.text:NodeFind)
                  80341620    00000140                         : node.oe66 (.text:NodeWalk)
                  80341760    00000140                         : pbm.oe66 (.text:PBM_alloc)
                  803418a0    00000140                         : pbm.oe66 (.text:PBM_free)
                  803419e0    00000140                         : rtable.oe66 (.text:RtFlush)
                  80341b20    00000140                         : sb6.oe66 (.text:SB6New)
                  80341c60    00000140     netctrl.ae66 : netsrv.oe66 (.text:ServiceKill)
                  80341da0    00000140     stk6_ppp_pppoe.ae66 : sock6.oe66 (.text:Sock6Accept)
                  80341ee0    00000140                         : sock6.oe66 (.text:Sock6Listen)
                  80342020    00000140                         : sock.oe66 (.text:SockAccept)
                  80342160    00000140                         : sock.oe66 (.text:SockListen)
                  803422a0    00000140                         : sockpcb.oe66 (.text:SockPcbCtlError)
                  803423e0    00000140     boot.ae66 : autoinit.oe66 (.text:_auto_init_elf)
                  80342520    00000140     rts6600_elf_mt.lib : _printfi.obj (.text:_pproc_fflags)
                  80342660    00000140     stk6_ppp_pppoe.ae66 : auth.oe66 (.text:authGetPassword)
                  803427a0    00000140     nettool.ae66 : dhcptags.oe66 (.text:dhcpDecodeType)
                  803428e0    00000140     rts6600_elf_mt.lib : fseek.obj (.text:fseek)
                  80342a20    00000140                        : lowlev.obj (.text:getdevice)
                  80342b60    00000140     nettool.ae66 : httpsend.oe66 (.text:httpAuthenticationReq)
                  80342ca0    00000140     os.ae66 : mem.oe66 (.text:mmCopy)
                  80342de0    00000140     stk6_ppp_pppoe.ae66 : nimuppp.oe66 (.text:pppAddClient)
                  80342f20    00000140                         : socket.oe66 (.text:recv)
                  80343060    00000140                         : socket.oe66 (.text:send)
                  803431a0    00000140     sysbios.ae66 : BIOS.obj (.text:ti_sysbios_family_c64p_Exception_Module_startup__F)
                  803432e0    00000140                  : BIOS.obj (.text:ti_sysbios_family_c64p_Hwi_Module_startup__F)
                  80343420    00000140                  : BIOS.obj (.text:ti_sysbios_family_c66_Cache_Module_startup__F)
                  80343560    00000140                  : BIOS.obj (.text:ti_sysbios_knl_Semaphore_Instance_init__F)
                  803436a0    00000140                  : BIOS.obj (.text:ti_sysbios_knl_Swi_post__E)
                  803437e0    00000140                  : BIOS.obj (.text:ti_sysbios_knl_Task_Module_startup__F)
                  80343920    00000140                  : BIOS.obj (.text:ti_sysbios_knl_Task_blockI__E)
                  80343a60    00000140     ti.targets.rts6000.ae66 : Text.oe66 (.text:xdc_runtime_Text_putLab__F)
                  80343ba0    00000120     stk6_ppp_pppoe.ae66 : bind6.oe66 (.text:Bind6LifetimeMgmt)
                  80343cc0    00000120                         : bind.oe66 (.text:BindFree)
                  80343de0    00000120     nettool.ae66 : config.oe66 (.text:CfgFree)
                  80343f00    00000120                  : daemon.oe66 (.text:DaemonFree)
                  80344020    00000120     stk6_ppp_pppoe.ae66 : file.oe66 (.text:FdWaitEvent)
                  80344140    00000120                         : igmp.oe66 (.text:IGMPLeaveHostGroup)
                  80344260    00000120                         : ip.oe66 (.text:IPMsg)
                  80344380    00000120                         : ipin.oe66 (.text:IPRouteIP)
                  803444a0    00000120                         : ipv6_frag.oe66 (.text:IPv6CreateFragQ)
                  803445c0    00000120                         : ipv6.oe66 (.text:IPv6Init)
                  803446e0    00000120                         : icmpv6out.oe66 (.text:IsICMPv6ErrorPkt)
                  80344800    00000120                         : md5.oe66 (.text:MD5Update)
                  80344920    00000120                         : mld.oe66 (.text:MLDJoinGroup)
                  80344a40    00000120     netctrl.ae66 : netctrl.oe66 (.text:NC_SystemOpen)
                  80344b60    00000120     stk6_ppp_pppoe.ae66 : nimu.oe66 (.text:NIMUAddEthernetHeader)
                  80344c80    00000120     ti.drv.qmss.ae66 : qmss_acc.oe66 (.text:Qmss_disableAccumulator)
                  80344da0    00000120     stk6_ppp_pppoe.ae66 : raweth.oe66 (.text:RawEthRxPacket)
                  80344ec0    00000120                         : raweth.oe66 (.text:RawEthTxPacket)
                  80344fe0    00000120                         : sb.oe66 (.text:SBNew)
                  80345100    00000120     netctrl.ae66 : netsrv.oe66 (.text:SPConfig)
                  80345220    00000120                  : netsrv.oe66 (.text:SPService)
                  80345340    00000120     stk6_ppp_pppoe.ae66 : sock6.oe66 (.text:Sock6Disconnect)
                  80345460    00000120                         : sock6.oe66 (.text:Sock6Shutdown)
                  80345580    00000120                         : sockpcb.oe66 (.text:SockPcbFindRaw)
                  803456a0    00000120                         : sock.oe66 (.text:SockShutdown)
                  803457c0    00000120                         : tcp6prot.oe66 (.text:TCP6PrAttach)
                  803458e0    00000120                         : tcpprot.oe66 (.text:TcpPrAttach)
                  80345a00    00000120     nettool.ae66 : telnetd.oe66 (.text:TelnetOpen)
                  80345b20    00000120     stk6_ppp_pppoe.ae66 : rtable.oe66 (.text:_RtNodeInsert)
                  80345c40    00000120     rts6600_elf_mt.lib : fclose.obj (.text:_closefile)
                  80345d60    00000120                        : _printfi.obj (.text:_ltostr)
                  80345e80    00000120     os.ae66 : mem.oe66 (.text:_mmInit)
                  80345fa0    00000120     nettool.ae66 : daemon.oe66 (.text:dchild)
                  803460c0    00000120     stk6_ppp_pppoe.ae66 : fileuser.oe66 (.text:fdOpenSession)
                  803461e0    00000120     nettool.ae66 : http.oe66 (.text:httpOpen)
                  80346300    00000120     stk6_ppp_pppoe.ae66 : lcp.oe66 (.text:lcpOpen)
                  80346420    00000120                         : lcp.oe66 (.text:lcpReject)
                  80346540    00000120                         : socket.oe66 (.text:socket)
                  80346660    00000120     sysbios.ae66 : BIOS.obj (.text:ti_sysbios_BIOS_rtsUnlock__I)
                  80346780    00000120                  : BIOS.obj (.text:ti_sysbios_knl_Clock_startI__E)
                  803468a0    00000120     ti.targets.rts6000.ae66 : LoggerBuf.oe66 (.text:xdc_runtime_LoggerBuf_setFilterLevel__F)
                  803469c0    00000120                             : Text.oe66 (.text:xdc_runtime_Text_putMod__F)
                  80346ae0    00000100     nettool.ae66 : config.oe66 (.text:CfgNew)
                  80346be0    00000100                  : config.oe66 (.text:CfgSetExecuteOrder)
                  80346ce0    00000100     os.ae66 : ossys.oe66 (.text:DbgPrintf)
                  80346de0    00000100     stk6_ppp_pppoe.ae66 : igmp.oe66 (.text:IGMPTimer)
                  80346ee0    00000100                         : ipv6.oe66 (.text:IPv6GetSubnetMaskFromBits)
                  80346fe0    00000100                         : ipv6_frag.oe66 (.text:IPv6ReasmTimeout)
                  803470e0    00000100                         : rtc.oe66 (.text:RTCMsg)
                  803471e0    00000100                         : rawethsock.oe66 (.text:RawEthSockCheck)
                  803472e0    00000100                         : route.oe66 (.text:RtRedirect)
                  803473e0    00000100                         : sockint.oe66 (.text:SockValidateRoute)
                  803474e0    00000100     nettool.ae66 : dhcpsm.oe66 (.text:StateSelecting)
                  803475e0    00000100     stk6_ppp_pppoe.ae66 : tcp6prot.oe66 (.text:TCP6PrInherit)
                  803476e0    00000100                         : tcp6time.oe66 (.text:TCP6XmitTimer)
                  803477e0    00000100                         : tcpprot.oe66 (.text:TcpPrInherit)
                  803478e0    00000100                         : tcptime.oe66 (.text:TcpXmitTimer)
                  803479e0    00000100                         : rtable.oe66 (.text:_RtNodeRemove)
                  80347ae0    00000100     rts6600_elf_mt.lib : _io_perm.obj (.text:_wrt_ok)
                  80347be0    00000100     stk6_ppp_pppoe.ae66 : file.oe66 (.text:fdint_unlockfd)
                  80347ce0    00000100                         : socket.oe66 (.text:listen)
                  80347de0    00000100     os.ae66 : mem.oe66 (.text:mmFree)
                  80347ee0    00000100     sysbios.ae66 : BIOS.obj (.text:ti_sysbios_family_c64p_EventCombiner_dispatch__F)
                  80347fe0    00000100                  : BIOS.obj (.text:ti_sysbios_knl_Swi_restoreHwi__E)
                  803480e0    00000100     Disparity_pe66.oe66 (.text:ti_sysbios_knl_Task_Object__create__S)
                  803481e0    00000100     sysbios.ae66 : BIOS.obj (.text:ti_sysbios_timers_timer64_Timer_initDevice__I)
                  803482e0    00000100     stk6_ppp_pppoe.ae66 : lliin.oe66 (.text:updateRtTable)
                  803483e0    00000100     ti.targets.rts6000.ae66 : Core-mem.oe66 (.text:xdc_runtime_Core_deleteObject__I)
                  803484e0    00000100                             : LoggerBuf.oe66 (.text:xdc_runtime_LoggerBuf_getFilterLevel__F)
                  803485e0    00000100                             : Startup.oe66 (.text:xdc_runtime_Startup_exec__F)
                  803486e0    00000100                             : Text.oe66 (.text:xdc_runtime_Text_visitRope2__I)
                  803487e0    000000e0     stk6_ppp_pppoe.ae66 : bind6.oe66 (.text:Bind6GetLinkLocalAddress)
                  803488c0    000000e0     nettool.ae66 : config.oe66 (.text:CfgGetEntryCnt)
                  803489a0    000000e0                  : dhcpmain.oe66 (.text:DHCPClose)
                  80348a80    000000e0     rts6600_elf_mt.lib : trgdrv.obj (.text:HOSTlseek)
                  80348b60    000000e0                        : trgdrv.obj (.text:HOSTopen)
                  80348c40    000000e0     stk6_ppp_pppoe.ae66 : icmpv6in.oe66 (.text:ICMPv6SocketErrorInterface)
                  80348d20    000000e0                         : igmp.oe66 (.text:IGMPLeave)
                  80348e00    000000e0                         : ipv6_frag.oe66 (.text:IPv6FindFragQ)
                  80348ee0    000000e0                         : ipv6.oe66 (.text:IPv6Layer4ComputeChecksum)
                  80348fc0    000000e0                         : lli6.oe66 (.text:LLI6Msg)
                  803490a0    000000e0                         : lli6.oe66 (.text:LLI6Update)
                  80349180    000000e0                         : mld.oe66 (.text:MLDFindMulticastNode)
                  80349260    000000e0                         : nimu.oe66 (.text:NIMUAllocateIndex)
                  80349340    000000e0                         : nimu.oe66 (.text:NIMUAllocateName)
                  80349420    000000e0                         : node.oe66 (.text:NodeDeRef)
                  80349500    000000e0                         : node.oe66 (.text:NodeNew)
                  803495e0    000000e0                         : node.oe66 (.text:NodeTreeNew)
                  803496c0    000000e0                         : pbm.oe66 (.text:PBMQ_enq)
                  803497a0    000000e0                         : pbm.oe66 (.text:PBM_copy)
                  80349880    000000e0                         : rawethsock.oe66 (.text:RawEthSockNotify)
                  80349960    000000e0                         : rawethsock_pcb.oe66 (.text:RawEthSockPcbAttach)
                  80349a40    000000e0                         : rawethsock.oe66 (.text:RawEthSockSend)
                  80349b20    000000e0                         : route6.oe66 (.text:Route6Msg)
                  80349c00    000000e0                         : route.oe66 (.text:RtDeRef)
                  80349ce0    000000e0                         : route.oe66 (.text:RtRemove)
                  80349dc0    000000e0                         : sb.oe66 (.text:SBSetMax)
                  80349ea0    000000e0                         : sock6int.oe66 (.text:Sock6SpawnAbort)
                  80349f80    000000e0                         : sock6int.oe66 (.text:Sock6ValidateRoute)
                  8034a060    000000e0                         : sock.oe66 (.text:SockDisconnect)
                  8034a140    000000e0                         : sockint.oe66 (.text:SockSpawnAbort)
                  8034a220    000000e0                         : tcp6prot.oe66 (.text:TCP6PrDetach)
                  8034a300    000000e0                         : tcp6prot.oe66 (.text:TCP6PrDisconnect)
                  8034a3e0    000000e0                         : tcp6prot.oe66 (.text:TCP6ValidateMetrics)
                  8034a4c0    000000e0                         : tcpprot.oe66 (.text:TcpPrDetach)
                  8034a5a0    000000e0                         : tcpprot.oe66 (.text:TcpPrDisconnect)
                  8034a680    000000e0                         : tcpprot.oe66 (.text:TcpValidateMetrics)
                  8034a760    000000e0                         : timer.oe66 (.text:TimerListInsert)
                  8034a840    000000e0                         : udp.oe66 (.text:UdpChecksum)
                  8034a920    000000e0                         : vlan.oe66 (.text:VLANDeinit)
                  8034aa00    000000e0                         : vlan.oe66 (.text:VLANReceivePacket)
                  8034aae0    000000e0     nettool.ae66 : config.oe66 (.text:_CfgEntryScan)
                  8034abc0    000000e0     stk6_ppp_pppoe.ae66 : lli.oe66 (.text:_LLIExpListInsert)
                  8034aca0    000000e0                         : rtable.oe66 (.text:_RtExpListInsert)
                  8034ad80    000000e0     rts6600_elf_mt.lib : _printfi.obj (.text:_div)
                  8034ae60    000000e0                        : atoi.obj (.text:atoi)
                  8034af40    000000e0                        : lowlev.obj (.text:close)
                  8034b020    000000e0                        : copy_zero_init.obj (.text:decompress:ZI:__TI_zero_init)
                  8034b100    000000e0     os.ae66 : efs.oe66 (.text:efs_internal_remove)
                  8034b1e0    000000e0     rts6600_elf_mt.lib : exit.obj (.text:exit)
                  8034b2c0    000000e0     stk6_ppp_pppoe.ae66 : file.oe66 (.text:fdint_lockfd)
                  8034b3a0    000000e0     rts6600_elf_mt.lib : fflush.obj (.text:fflush)
                  8034b480    000000e0     nettool.ae66 : httpclie.oe66 (.text:httpGetMimeBits)
                  8034b560    000000e0     os.ae66 : task.oe66 (.text:llExit)
                  8034b640    000000e0     rts6600_elf_mt.lib : ltoa.obj (.text:ltoa)
                  8034b720    000000e0                        : memset.obj (.text:memset)
                  8034b800    000000e0     os.ae66 : mem.oe66 (.text:mmBulkAlloc)
                  8034b8e0    000000e0     stk6_ppp_pppoe.ae66 : nimuppp.oe66 (.text:pppFree)
                  8034b9c0    000000e0     rts6600_elf_mt.lib : printf.obj (.text:printf)
                  8034baa0    000000e0     sysbios.ae66 : BIOS.obj (.text:ti_sysbios_knl_Clock_start__E)
                  8034bb80    000000e0     ti.targets.rts6000.ae66 : Error.oe66 (.text:xdc_runtime_Error_print__F)
                  8034bc60    000000e0     Disparity_pe66.oe66 (.text:xdc_runtime_LoggerBuf_Object__create__S)
                  8034bd40    000000e0     ti.targets.rts6000.ae66 : Memory.oe66 (.text:xdc_runtime_Memory_alloc__F)
                  8034be20    000000c0     rts6600_elf_mt.lib : trgdrv.obj (.text:HOSTread)
                  8034bee0    000000c0                        : trgdrv.obj (.text:HOSTwrite)
                  8034bfa0    000000c0     stk6_ppp_pppoe.ae66 : icmpv6in.oe66 (.text:ICMPv6RecvDstUnreachable)
                  8034c060    000000c0                         : lli.oe66 (.text:LLIGetValidTime)
                  8034c120    000000c0                         : lli.oe66 (.text:LLIMsg)
                  8034c1e0    000000c0                         : mld.oe66 (.text:MLDCreateMulticastNode)
                  8034c2a0    000000c0                         : mld.oe66 (.text:MLDLeaveGroup)
                  8034c360    000000c0                         : nimu.oe66 (.text:NIMUFindByName)
                  8034c420    000000c0     netctrl.ae66 : netsrv.oe66 (.text:NS_BootTask)
                  8034c4e0    000000c0     stk6_ppp_pppoe.ae66 : node.oe66 (.text:NodeUpdatePL)
                  8034c5a0    000000c0     nettool.ae66 : ipaddr.oe66 (.text:NtIfIdx2Ip)
                  8034c660    000000c0     ti.drv.qmss.ae66 : qmss_drv.oe66 (.text:Qmss_setEoiVector)
                  8034c720    000000c0     stk6_ppp_pppoe.ae66 : route6.oe66 (.text:Rt6FindDefaultRouter)
                  8034c7e0    000000c0                         : rtable.oe66 (.text:RtWalkBegin)
                  8034c8a0    000000c0                         : sb6.oe66 (.text:SB6Flush)
                  8034c960    000000c0                         : sb6.oe66 (.text:SB6SetMax)
                  8034ca20    000000c0                         : sb.oe66 (.text:SBFlush)
                  8034cae0    000000c0                         : sock6.oe66 (.text:Sock6IntAbort)
                  8034cba0    000000c0                         : sock6pcb.oe66 (.text:Sock6PcbResolveChain)
                  8034cc60    000000c0                         : sock6pcb.oe66 (.text:Sock6PcbRtChange)
                  8034cd20    000000c0                         : sock.oe66 (.text:SockIntAbort)
                  8034cde0    000000c0                         : sockpcb.oe66 (.text:SockPcbRtChange)
                  8034cea0    000000c0                         : tcp6prot.oe66 (.text:TCP6Close)
                  8034cf60    000000c0                         : tcp6time.oe66 (.text:TCP6TimeoutSackRexmt)
                  8034d020    000000c0     os.ae66 : task.oe66 (.text:TaskGetEnv)
                  8034d0e0    000000c0     stk6_ppp_pppoe.ae66 : tcp.oe66 (.text:TcpChecksum)
                  8034d1a0    000000c0                         : tcpprot.oe66 (.text:TcpClose)
                  8034d260    000000c0                         : tcptime.oe66 (.text:TcpTimeoutSackRexmt)
                  8034d320    000000c0                         : bind6.oe66 (.text:_Bind6FindByHostInList)
                  8034d3e0    000000c0                         : bind6.oe66 (.text:_Bind6FindByNetInList)
                  8034d4a0    000000c0     rts6600_elf_mt.lib : dtor_list.obj (.text:__cxa_finalize)
                  8034d560    000000c0                        : divu.obj (.text:__divu)
                  8034d620    000000c0                        : remi.obj (.text:__remi)
                  8034d6e0    000000c0                        : fflush.obj (.text:_doflush)
                  8034d7a0    000000c0     ti.drv.cppi.ae66 : cppi_listlib.oe66 (.text:cppi_list_remove_node)
                  8034d860    000000c0     nettool.ae66 : dhcptags.oe66 (.text:dhcpOptionsClear)
                  8034d920    000000c0     os.ae66 : efs.oe66 (.text:efs_fopen)
                  8034d9e0    000000c0     nettool.ae66 : httpsend.oe66 (.text:httpSendFullResponse)
                  8034daa0    000000c0     os.ae66 : mem.oe66 (.text:mmZeroInit)
                  8034db60    000000c0     rts6600_elf_mt.lib : _mutex.obj (.text:mutex_init)
                  8034dc20    000000c0     stk6_ppp_pppoe.ae66 : nimuppp.oe66 (.text:pppAddIP)
                  8034dce0    000000c0     rts6600_elf_mt.lib : _pthread.obj (.text:pthread_mutex_lock)
                  8034dda0    000000c0                        : _pthread.obj (.text:pthread_mutex_unlock)
                  8034de60    000000c0                        : _pthread.obj (.text:pthread_once)
                  8034df20    000000c0     Disparity_pe66.oe66 (.text:ti_ndk_config_Global_stackThread)
                  8034dfe0    000000c0     sysbios.ae66 : BIOS.obj (.text:ti_sysbios_BIOS_errorRaiseHook__I)
                  8034e0a0    000000c0                  : BIOS.obj (.text:ti_sysbios_heaps_HeapMem_getStats__E)
                  8034e160    000000c0                  : BIOS.obj (.text:ti_sysbios_knl_Clock_logTick__E)
                  8034e220    000000c0                  : BIOS.obj (.text:ti_sysbios_knl_Task_allBlockedFunction__I)
                  8034e2e0    000000c0                  : BIOS.obj (.text:ti_sysbios_timers_timer64_Timer_startup__E)
                  8034e3a0    000000c0     ti.targets.rts6000.ae66 : LoggerBuf.oe66 (.text:xdc_runtime_LoggerBuf_Instance_init__F)
                  8034e460    000000c0                             : System.oe66 (.text:xdc_runtime_System_formatNum__I)
                  8034e520    000000a0     nettool.ae66 : config.oe66 (.text:CfgEntryDeRef)
                  8034e5c0    000000a0                  : config.oe66 (.text:CfgEntryGetData)
                  8034e660    000000a0                  : config.oe66 (.text:CfgGetImmediate)
                  8034e700    000000a0                  : telnetd.oe66 (.text:CmdWriteBytes)
                  8034e7a0    000000a0                  : telnetd.oe66 (.text:CmdWriteCmd)
                  8034e840    000000a0     ti.drv.cppi.ae66 : cppi_drv.oe66 (.text:Cppi_channelEnable)
                  8034e8e0    000000a0     stk6_ppp_pppoe.ae66 : file.oe66 (.text:FdSignalEvent)
                  8034e980    000000a0     rts6600_elf_mt.lib : trgdrv.obj (.text:HOSTunlink)
                  8034ea20    000000a0     stk6_ppp_pppoe.ae66 : ipfrag.oe66 (.text:IPReasmFree)
                  8034eac0    000000a0                         : ipfrag.oe66 (.text:IPReasmTimeout)
                  8034eb60    000000a0                         : ipv6.oe66 (.text:IPv6CompareAddress)
                  8034ec00    000000a0                         : lliin.oe66 (.text:LLIValidateRoute)
                  8034eca0    000000a0                         : md5.oe66 (.text:MD5Final)
                  8034ed40    000000a0                         : nimu.oe66 (.text:NIMUShutdown)
                  8034ede0    000000a0                         : nimu.oe66 (.text:NIMUUnregister)
                  8034ee80    000000a0     nettool.ae66 : ipaddr.oe66 (.text:NtAddNetwork)
                  8034ef20    000000a0     stk6_ppp_pppoe.ae66 : pbm.oe66 (.text:PBM_open)
                  8034efc0    000000a0                         : pipe.oe66 (.text:PipeCheck)
                  8034f060    000000a0     ti.drv.qmss.ae66 : qmss_drv.oe66 (.text:Qmss_queueClose)
                  8034f100    000000a0                      : qmss_drv.oe66 (.text:Qmss_startCfg)
                  8034f1a0    000000a0     stk6_ppp_pppoe.ae66 : rtable.oe66 (.text:RouteMsg)
                  8034f240    000000a0                         : route.oe66 (.text:RtNew)
                  8034f2e0    000000a0                         : sb6.oe66 (.text:SB6Free)
                  8034f380    000000a0                         : sb.oe66 (.text:SBFree)
                  8034f420    000000a0     os.ae66 : semaphore.oe66 (.text:SemCreate)
                  8034f4c0    000000a0             : semaphore.oe66 (.text:SemCreateBinary)
                  8034f560    000000a0     stk6_ppp_pppoe.ae66 : sock6pcb.oe66 (.text:Sock6CleanPcb)
                  8034f600    000000a0                         : sock6.oe66 (.text:Sock6GetName)
                  8034f6a0    000000a0                         : sock.oe66 (.text:SockBind)
                  8034f740    000000a0                         : sockpcb.oe66 (.text:SockCleanPcb)
                  8034f7e0    000000a0                         : sockpcb.oe66 (.text:SockPcbResolveChain)
                  8034f880    000000a0                         : tcp6prot.oe66 (.text:TCP6Drop)
                  8034f920    000000a0                         : tcp6prot.oe66 (.text:TCP6PrCtlError)
                  8034f9c0    000000a0                         : tcp6prot.oe66 (.text:TCP6PrSend)
                  8034fa60    000000a0                         : tcp6prot.oe66 (.text:TCP6PrSendOOB)
                  8034fb00    000000a0     os.ae66 : task.oe66 (.text:TaskCreate)
                  8034fba0    000000a0     stk6_ppp_pppoe.ae66 : tcpprot.oe66 (.text:TcpDrop)
                  8034fc40    000000a0                         : tcpprot.oe66 (.text:TcpPrCtlError)
                  8034fce0    000000a0                         : tcpprot.oe66 (.text:TcpPrSend)
                  8034fd80    000000a0                         : tcpprot.oe66 (.text:TcpPrSendOOB)
                  8034fe20    000000a0                         : timer.oe66 (.text:TimerNew)
                  8034fec0    000000a0     nettool.ae66 : config.oe66 (.text:_CfgRelease)
                  8034ff60    000000a0     stk6_ppp_pppoe.ae66 : lli.oe66 (.text:_LLITimeoutFlush)
                  80350000    000000a0     rts6600_elf_mt.lib : dtor_list.obj (.text:_Z11__TI_atexitPFYvPvES_S_)
                  803500a0    000000a0                        : remu.obj (.text:__remu)
                  80350140    000000a0     boot.ae66 : boot.oe66 (.text:_c_int00)
                  803501e0    000000a0     rts6600_elf_mt.lib : fopen.obj (.text:_cleanup)
                  80350280    000000a0                        : _printfi.obj (.text:_ecpy)
                  80350320    000000a0                        : _printfi.obj (.text:_fcpy)
                  803503c0    000000a0                        : _printfi.obj (.text:_pconv_f)
                  80350460    000000a0     stk6_ppp_pppoe.ae66 : auth.oe66 (.text:authStart)
                  80350500    000000a0     ti.drv.cppi.ae66 : cppi_heap.oe66 (.text:cppi_internal_heap_malloc)
                  803505a0    000000a0                      : cppi_listlib.oe66 (.text:cppi_list_cat)
                  80350640    000000a0     nettool.ae66 : dhcpbild.oe66 (.text:dhcpBuildDecline)
                  803506e0    000000a0                  : dhcpsm.oe66 (.text:dhcpIPRemove)
                  80350780    000000a0     os.ae66 : efs.oe66 (.text:efs_filesend)
                  80350820    000000a0     stk6_ppp_pppoe.ae66 : fileuser.oe66 (.text:fdCloseSession)
                  803508c0    000000a0     rts6600_elf_mt.lib : lowlev.obj (.text:finddevice)
                  80350960    000000a0     stk6_ppp_pppoe.ae66 : lcp.oe66 (.text:lcpInit)
                  80350a00    000000a0                         : lcp.oe66 (.text:lcpSendTerm)
                  80350aa0    000000a0                         : sock6.oe66 (.text:leaveGroup)
                  80350b40    000000a0     hal_timer_bios.ae66 : lltimer.oe66 (.text:llTimerTick)
                  80350be0    000000a0     rts6600_elf_mt.lib : lowlev.obj (.text:lseek)
                  80350c80    000000a0                        : memcpy64.obj (.text:memcpy)
                  80350d20    000000a0     os.ae66 : mem.oe66 (.text:mmBulkFree)
                  80350dc0    000000a0             : mem.oe66 (.text:mmInitPage)
                  80350e60    000000a0     rts6600_elf_mt.lib : _mutex.obj (.text:mutex_unlock)
                  80350f00    000000a0     ti.drv.pa.ae66 : pa.oe66 (.text:pa_format_fcmd_header)
                  80350fa0    000000a0                    : pa.oe66 (.text:pa_pdsp_run)
                  80351040    000000a0     os.ae66 : ossys.oe66 (.text:stricmp)
                  803510e0    000000a0     rts6600_elf_mt.lib : strstr.obj (.text:strstr)
                  80351180    000000a0     sysbios.ae66 : BIOS.obj (.text:ti_sysbios_family_c64p_Hwi_eventMap__E)
                  80351220    000000a0                  : BIOS.obj (.text:ti_sysbios_family_c64p_Hwi_getStackInfo__E)
                  803512c0    000000a0                  : BIOS.obj (.text:ti_sysbios_heaps_HeapMem_init__I)
                  80351360    000000a0     Disparity_pe66.oe66 (.text:ti_sysbios_knl_Clock_Object__create__S)
                  80351400    000000a0     sysbios.ae66 : BIOS.obj (.text:ti_sysbios_knl_Idle_run__E)
                  803514a0    000000a0                  : BIOS.obj (.text:ti_sysbios_knl_Semaphore_pendTimeout__I)
                  80351540    000000a0                  : BIOS.obj (.text:ti_sysbios_knl_Task_deleteTerminatedTasksFunc__I)
                  803515e0    000000a0                  : BIOS.obj (.text:ti_sysbios_knl_Task_processVitalTaskFlag__I)
                  80351680    000000a0                  : BIOS.obj (.text:ti_sysbios_timers_timer64_Timer_stop__E)
                  80351720    000000a0     rts6600_elf_mt.lib : lowlev.obj (.text:write)
                  803517c0    000000a0     ti.targets.rts6000.ae66 : Assert.oe66 (.text:xdc_runtime_Assert_raise__I)
                  80351860    000000a0                             : LoggerBuf.oe66 (.text:xdc_runtime_LoggerBuf_Module_startup__F)
                  80351900    000000a0                             : Text.oe66 (.text:xdc_runtime_Text_xprintf__I)
                  803519a0    00000080     ti.drv.cppi.ae66 : cppi_drv.oe66 (.text:Cppi_setCpdmaLoopback)
                  80351a20    00000080     stk6_ppp_pppoe.ae66 : md5.oe66 (.text:Decode)
                  80351aa0    00000080     rts6600_elf_mt.lib : trgdrv.obj (.text:HOSTclose)
                  80351b20    00000080     stk6_ppp_pppoe.ae66 : icmp.oe66 (.text:ICMPChecksum)
                  80351ba0    00000080                         : icmpv6in.oe66 (.text:ICMPv6RecvParamProblem)
                  80351c20    00000080                         : icmpv6_ndisc.oe66 (.text:ICMPv6RecvRS)
                  80351ca0    00000080                         : icmpv6in.oe66 (.text:ICMPv6RecvTimeExceeded)
                  80351d20    00000080                         : ipv6out.oe66 (.text:IPv6GetRoute)
                  80351da0    00000080                         : lli6.oe66 (.text:LLI6Free)
                  80351e20    00000080                         : lli6.oe66 (.text:LLI6IsRouterStatMachine)
                  80351ea0    00000080                         : nimu.oe66 (.text:NIMUInit)
                  80351f20    00000080                         : pbm.oe66 (.text:PBMQ_deq)
                  80351fa0    00000080                         : nimuppp.oe66 (.text:PPPSend)
                  80352020    00000080     ti.drv.pa.ae66 : painit.oe66 (.text:Pa_getBufferReq)
                  803520a0    00000080     stk6_ppp_pppoe.ae66 : pipe.oe66 (.text:PipeClose)
                  80352120    00000080     ti.drv.qmss.ae66 : qmss_drv.oe66 (.text:Qmss_getMemRegQueueHandle)
                  803521a0    00000080                      : qmss_drv.oe66 (.text:Qmss_queueOpen)
                  80352220    00000080     stk6_ppp_pppoe.ae66 : rawethsock.oe66 (.text:RawEthSockClose)
                  803522a0    00000080                         : rawethsock_pcb.oe66 (.text:RawEthSockPcbDetach)
                  80352320    00000080                         : route6.oe66 (.text:Rt6Update)
                  803523a0    00000080                         : route.oe66 (.text:RtSetFailure)
                  80352420    00000080                         : route.oe66 (.text:RtSetTimeout)
                  803524a0    00000080                         : sock6.oe66 (.text:Sock6Bind)
                  80352520    00000080                         : sock6pcb.oe66 (.text:Sock6PcbCleanup)
                  803525a0    00000080                         : sock.oe66 (.text:SockGetName)
                  80352620    00000080                         : sockpcb.oe66 (.text:SockPcbCleanup)
                  803526a0    00000080                         : sockpcb.oe66 (.text:SockPcbDetach)
                  80352720    00000080                         : tcp6prot.oe66 (.text:TCP6PrListen)
                  803527a0    00000080     os.ae66 : task.oe66 (.text:TaskSetEnv)
                  80352820    00000080     stk6_ppp_pppoe.ae66 : tcpprot.oe66 (.text:TcpPrListen)
                  803528a0    00000080                         : timer.oe66 (.text:TimerHSTick)
                  80352920    00000080                         : timer.oe66 (.text:TimerListRemove)
                  803529a0    00000080     nettool.ae66 : config.oe66 (.text:_CfgAcquire)
                  80352a20    00000080     stk6_ppp_pppoe.ae66 : lli.oe66 (.text:_LLIExpListRemove)
                  80352aa0    00000080                         : rtc.oe66 (.text:_RTCSendRtAdv)
                  80352b20    00000080                         : rtable.oe66 (.text:_RtExpListRemove)
                  80352ba0    00000080     rts6600_elf_mt.lib : _mutex.obj (.text:__TI_resource_lock)
                  80352c20    00000080                        : llshift.obj (.text:__c6xabi_llshl)
                  80352ca0    00000080     sysbios.ae66 : c62_TaskSupport_asm.obj (.text:_ti_sysbios_family_c62_TaskSupport_swap__E)
                  80352d20    00000080     ti.drv.cppi.ae66 : cppi_heap.oe66 (.text:cppi_internal_heap_cache_begin)
                  80352da0    00000080                      : cppi_listlib.oe66 (.text:cppi_list_remove)
                  80352e20    00000080     nettool.ae66 : dhcpsock.oe66 (.text:dhcpSocketClose)
                  80352ea0    00000080     os.ae66 : efs.oe66 (.text:efs_fclose)
                  80352f20    00000080             : efs.oe66 (.text:efs_findfile)
                  80352fa0    00000080     stk6_ppp_pppoe.ae66 : file.oe66 (.text:fdint_waitevent)
                  80353020    00000080     nettool.ae66 : httpsend.oe66 (.text:httpSendEntityLength)
                  803530a0    00000080                  : httpsend.oe66 (.text:httpSendErrorResponse)
                  80353120    00000080     hal_timer_bios.ae66 : lltimer.oe66 (.text:llTimerGetTime)
                  803531a0    00000080     Disparity_pe66.oe66 (.text:malloc)
                  80353220    00000080     rts6600_elf_mt.lib : _mutex.obj (.text:mutex_lock)
                  803532a0    00000080     ti.drv.pa.ae66 : pa.oe66 (.text:pa_uint8_match)
                  80353320    00000080     rts6600_elf_mt.lib : _pthread.obj (.text:pthread_mutex_init)
                  803533a0    00000080                        : trgmsg.obj (.text:readmsg)
                  80353420    00000080     nettool.ae66 : httpsend.oe66 (.text:strcat)
                  803534a0    00000080     ti.drv.pa.ae66 : pa.oe66 (.text:swizFcmd)
                  80353520    00000080     ti.platform.evm6678l.ae66 : evm66x_i2c.obj (.text)
                  803535a0    00000080     Disparity_pe66.oe66 (.text:ti_sysbios_BIOS_exitFunc__I)
                  80353620    00000080     sysbios.ae66 : BIOS.obj (.text:ti_sysbios_BIOS_registerRTSLock__I)
                  803536a0    00000080     Disparity_pe66.oe66 (.text:ti_sysbios_gates_GateHwi_Object__create__S)
                  80353720    00000080     Disparity_pe66.oe66 (.text:ti_sysbios_gates_GateMutex_Object__create__S)
                  803537a0    00000080     sysbios.ae66 : BIOS.obj (.text:ti_sysbios_hal_Hwi_checkStack:ti_sysbios_hal_Hwi_checkStack)
                  80353820    00000080                  : BIOS.obj (.text:ti_sysbios_hal_Hwi_initStack:ti_sysbios_hal_Hwi_initStack)
                  803538a0    00000080     Disparity_pe66.oe66 (.text:ti_sysbios_heaps_HeapMem_Object__create__S)
                  80353920    00000080     sysbios.ae66 : BIOS.obj (.text:ti_sysbios_knl_Clock_Module_startup__F)
                  803539a0    00000080     Disparity_pe66.oe66 (.text:ti_sysbios_knl_Clock_doTick__I)
                  80353a20    00000080     sysbios.ae66 : BIOS.obj (.text:ti_sysbios_knl_Clock_getTicks__E)
                  80353aa0    00000080     Disparity_pe66.oe66 (.text:ti_sysbios_knl_Queue_Object__create__S)
                  80353b20    00000080     Disparity_pe66.oe66 (.text:ti_sysbios_knl_Semaphore_Object__create__S)
                  80353ba0    00000080     sysbios.ae66 : BIOS.obj (.text:ti_sysbios_knl_Swi_startup__E)
                  80353c20    00000080                  : BIOS.obj (.text:ti_sysbios_knl_Task_restore__E)
                  80353ca0    00000080                  : BIOS.obj (.text:ti_sysbios_timers_timer64_Timer_getCount__E)
                  80353d20    00000080                  : BIOS.obj (.text:ti_sysbios_timers_timer64_Timer_getPeriod__E)
                  80353da0    00000080     rts6600_elf_mt.lib : trgmsg.obj (.text:writemsg)
                  80353e20    00000080     ti.targets.rts6000.ae66 : Core-label.oe66 (.text:xdc_runtime_Core_assignLabel__I)
                  80353ea0    00000080                             : Core-params.oe66 (.text:xdc_runtime_Core_assignParams__I)
                  80353f20    00000080                             : LoggerBuf.oe66 (.text:xdc_runtime_LoggerBuf_filterOutEvent__I)
                  80353fa0    00000080                             : System.oe66 (.text:xdc_runtime_System_atexit__F)
                  80354020    00000080                             : System.oe66 (.text:xdc_runtime_System_putchar__I)
                  803540a0    00000080                             : System.oe66 (.text:xdc_runtime_System_rtsExit__I)
                  80354120    00000080                             : Text.oe66 (.text:xdc_runtime_Text_printVisFxn__I)
                  803541a0    00000060     stk6_ppp_pppoe.ae66 : bind6.oe66 (.text:Bind6FindByIF)
                  80354200    00000060                         : bind6.oe66 (.text:Bind6IF2IPHost)
                  80354260    00000060                         : bind.oe66 (.text:BindFindByHost)
                  803542c0    00000060                         : bind.oe66 (.text:BindFindByIF)
                  80354320    00000060                         : bind.oe66 (.text:BindFindByNet)
                  80354380    00000060                         : bind.oe66 (.text:BindGetIFByDBCast)
                  803543e0    00000060                         : bind.oe66 (.text:BindIF2IPHost)
                  80354440    00000060     nettool.ae66 : config.oe66 (.text:CfgEntryInfo)
                  803544a0    00000060                  : config.oe66 (.text:CfgSetService)
                  80354500    00000060     stk6_ppp_pppoe.ae66 : md5.oe66 (.text:Encode)
                  80354560    00000060                         : exec.oe66 (.text:ExecBroadcast)
                  803545c0    00000060                         : igmp.oe66 (.text:IGMPTestGroup)
                  80354620    00000060                         : ip.oe66 (.text:IPChecksum)
                  80354680    00000060                         : lli.oe66 (.text:LLIFree)
                  803546e0    00000060     netctrl.ae66 : netctrl.oe66 (.text:NC_SystemClose)
                  80354740    00000060     stk6_ppp_pppoe.ae66 : nimu.oe66 (.text:NIMUAddHeader)
                  803547a0    00000060                         : nimu.oe66 (.text:NIMUCreatePacket)
                  80354800    00000060                         : nimu.oe66 (.text:NIMUFindByIndex)
                  80354860    00000060                         : nimu.oe66 (.text:NIMUPacketService)
                  803548c0    00000060                         : nimu.oe66 (.text:NIMUPacketServiceCheck)
                  80354920    00000060                         : nimu.oe66 (.text:NIMUSendPacket)
                  80354980    00000060     netctrl.ae66 : netsrv.oe66 (.text:NS_PreBoot)
                  803549e0    00000060     stk6_ppp_pppoe.ae66 : node.oe66 (.text:NodeGetRt)
                  80354a40    00000060                         : nimuppp.oe66 (.text:PPPStart)
                  80354aa0    00000060                         : rtc.oe66 (.text:RTCAddHook)
                  80354b00    00000060                         : rtc.oe66 (.text:RTCRemoveHook)
                  80354b60    00000060                         : rawethsock_pcb.oe66 (.text:RawEthSockPcbCleanup)
                  80354bc0    00000060                         : rawethsock_pcb.oe66 (.text:RawEthSockPcbFind)
                  80354c20    00000060                         : route6.oe66 (.text:Rt6GetNetworkAddr)
                  80354c80    00000060                         : rtable.oe66 (.text:RtWalkEnd)
                  80354ce0    00000060     netctrl.ae66 : netsrv.oe66 (.text:ServiceCallback)
                  80354d40    00000060     stk6_ppp_pppoe.ae66 : sock6pcb.oe66 (.text:Sock6PcbDetach)
                  80354da0    00000060                         : sock6prot.oe66 (.text:Sock6PrCtlError)
                  80354e00    00000060                         : sock6prot.oe66 (.text:Sock6PrDetach)
                  80354e60    00000060                         : sockprot.oe66 (.text:SockPrCtlError)
                  80354ec0    00000060                         : sockprot.oe66 (.text:SockPrDetach)
                  80354f20    00000060                         : tcp6prot.oe66 (.text:TCP6PrConnect)
                  80354f80    00000060                         : tcp6time.oe66 (.text:TCP6SetPersist)
                  80354fe0    00000060                         : tcp6time.oe66 (.text:TCP6TimeoutPersist)
                  80355040    00000060                         : tcpprot.oe66 (.text:TcpPrConnect)
                  803550a0    00000060                         : tcptime.oe66 (.text:TcpSetPersist)
                  80355100    00000060                         : tcptime.oe66 (.text:TcpTimeoutPersist)
                  80355160    00000060                         : vlan.oe66 (.text:VLANFindNode)
                  803551c0    00000060                         : vlan.oe66 (.text:VLANFindSourceInterface)
                  80355220    00000060                         : vlan.oe66 (.text:VLANInit)
                  80355280    00000060     nettool.ae66 : config.oe66 (.text:_CfgEntryProcess)
                  803552e0    00000060     rts6600_elf_mt.lib : frcmpyd_div.obj (.text:__c6xabi_frcmpyd_div)
                  80355340    00000060                        : llshift.obj (.text:__c6xabi_llshru)
                  803553a0    00000060                        : imath64.obj (.text:_subcull)
                  80355400    00000060     ti.drv.cppi.ae66 : cppi_listlib.oe66 (.text:cppi_list_add)
                  80355460    00000060                      : cppi_listlib.oe66 (.text:cppi_list_cache_invalidate)
                  803554c0    00000060     rts6600_elf_mt.lib : _mutex.obj (.text:create_resource_mutexes)
                  80355520    00000060                        : _mutex.obj (.text:destroy_resource_mutexes)
                  80355580    00000060     nettool.ae66 : dhcpbild.oe66 (.text:dhcpBuildDiscover)
                  803555e0    00000060                  : dhcpsock.oe66 (.text:dhcpPacketReceive)
                  80355640    00000060                  : dhcpsock.oe66 (.text:dhcpPacketSend)
                  803556a0    00000060     stk6_ppp_pppoe.ae66 : fileuser.oe66 (.text:fdSelectAbort)
                  80355700    00000060                         : file.oe66 (.text:fdint_clearevent)
                  80355760    00000060                         : file.oe66 (.text:fdint_getfdt)
                  803557c0    00000060                         : file.oe66 (.text:fdint_setevent)
                  80355820    00000060                         : fileuser.oe66 (.text:fdsetTestEntry)
                  80355880    00000060     nettool.ae66 : httpsend.oe66 (.text:httpSendClientStr)
                  803558e0    00000060     stk6_ppp_pppoe.ae66 : ipcp.oe66 (.text:ipcpInit)
                  80355940    00000060                         : ipcp.oe66 (.text:ipcpStart)
                  803559a0    00000060                         : lcp.oe66 (.text:lcpClose)
                  80355a00    00000060                         : listlib.oe66 (.text:list_cat)
                  80355a60    00000060                         : listlib.oe66 (.text:list_remove_node)
                  80355ac0    00000060     rts6600_elf_mt.lib : memccpy.obj (.text:memccpy)
                  80355b20    00000060     os.ae66 : mem.oe66 (.text:mmUnInitPage)
                  80355b80    00000060     ti.drv.pa.ae66 : painit.oe66 (.text:pa_init_global_cfg)
                  80355be0    00000060                    : pa.oe66 (.text:pa_uint8_zero)
                  80355c40    00000060     stk6_ppp_pppoe.ae66 : nimupppoe.oe66 (.text:pppoeInput)
                  80355ca0    00000060     rts6600_elf_mt.lib : _pthread.obj (.text:pthread_mutex_destroy)
                  80355d00    00000060     sysbios.ae66 : BIOS.obj (.text:ti_sysbios_BIOS_rtsLock__I)
                  80355d60    00000060                  : BIOS.obj (.text:ti_sysbios_family_c62_TaskSupport_start__E)
                  80355dc0    00000060                  : BIOS.obj (.text:ti_sysbios_family_c64p_EventCombiner_Module_startup__F)
                  80355e20    00000060                  : BIOS.obj (.text:ti_sysbios_family_c64p_EventCombiner_dispatchPlug__F)
                  80355e80    00000060                  : BIOS.obj (.text:ti_sysbios_family_c64p_EventCombiner_unused__F)
[...]
80358e40   xdc_runtime_SysStd_exit__E
80358e40   xdc_runtime_SysStd_exit__F
80358e40   xdc_runtime_System_SupportProxy_exit__E
80358e60   xdc_runtime_SysStd_putch__E
80358e60   xdc_runtime_SysStd_putch__F
80358e60   xdc_runtime_System_SupportProxy_putch__E
80358e80   xdc_runtime_SysStd_ready__E
80358e80   xdc_runtime_SysStd_ready__F
80358e80   xdc_runtime_System_SupportProxy_ready__E
80358ea0   xdc_runtime_System_Module_GateProxy_enter__E
80358ec0   xdc_runtime_System_Module_GateProxy_leave__E
80358ee0   xdc_runtime_System_Module_startup__E
80358ee0   xdc_runtime_System_Module_startup__F
80358f00   xdc_runtime_System_exit__E
80358f00   xdc_runtime_System_exit__F
80358f20   xdc_runtime_System_lastFxn__I
80358f40   xdc_runtime_System_snprintf_va__E
80358f40   xdc_runtime_System_snprintf_va__F
80358f40   xdc_runtime_System_vsnprintf__E
80358f40   xdc_runtime_System_vsnprintf__F
80358f60   xdc_runtime_Text_visitRope__I
80358f80   ti_ndk_config_Global_pit
80359140   ti_ndk_config_Global_pitBuffer
80365140   ti_sysbios_knl_Task_Instance_State_0_hookEnv__A
80365148   ti_sysbios_knl_Task_Instance_State_1_hookEnv__A
80365150   ti_sysbios_knl_Task_Instance_State_2_hookEnv__A
80365158   xdc_runtime_LoggerBuf_Instance_State_0_entryArr__A
80366110   _tmpnams
80366250   qmssLObj
80366558   IPV6_LINKLOCALMASK
80366568   IPV6_MULTICASTMASK
80366578   IPV6_UNSPECIFIED_ADDRESS
80366588   IPV6_LOOPBACK_ADDRESS
80366598   IPV6_HOST_MASK
803665a8   IPV6_ALL_NODES_ADDRESS
803665b8   IPV6_ALL_ROUTER_ADDRESS
803665c8   ipv6mcb
80366620   tcps
803666d8   tpseudo
803666e4   tcp6_stats
8036679c   raweth_pcb
803667a0   _ICMPIn
803667f0   _ICMPOut
8036683c   gPlatformInfo
803668d0   BlockMax
803668f0   BlockCount
80366910   PageMax
80366930   PageCount
8036694c   ips
803669b4   nimu_mcb
80366a18   gI2cBlock
80366a5c   udps
80366a80   upseudo
80366a90   nimuGlobalConfigParams
80366aa0   coreKey
80366ac0   vlan_mcb
80366ae8   udp6_stats
80366b10   gCppiCfg
80366b30   icmp6stats
80366b64   stkEvent
80366b74   raws
80366b84   raw6_stats
80366b94   raweths
80366ba4   PBMQ_free
80366bb0   c1
80368978   m
8036a228   xdc_runtime_Text_charTab__A
8036b820   c2
8036d808   acc48_le
8036de38   ti_sysbios_family_c66_Cache_marvalues__C
8036f146   ti_sysbios_BIOS_Module__id__C
8036f148   _ctypes_
8036f24a   ti_sysbios_family_c64p_EventCombiner_Module__id__C
8036f250   xdc_runtime_Text_nodeTab__A
8036fa96   ti_sysbios_family_c64p_Exception_Module__id__C
8036fbc0   pap_pdsp_const_reg_map
8036fde2   ti_sysbios_family_c64p_Exception_enableExternalMPC__C
8036fef0   Code2Err
803700e2   ti_sysbios_family_c64p_Exception_enablePrint__C
803700e4   ti_sysbios_knl_Task_Object__PARAMS__C
80370120   xdc_runtime_LoggerBuf_Module__FXNS__C
80370160   xdc_runtime_Startup_sfxnTab__A
80370232   ti_sysbios_family_c64p_Exception_useInternalBuffer__C
80370238   ti_sysbios_knl_Task_hooks__A
803702ec   ti_sysbios_heaps_HeapMem_Module__FXNS__C
80370314   xdc_runtime_LoggerBuf_Object__PARAMS__C
80370364   ti_sysbios_gates_GateHwi_Module__FXNS__C
80370388   ti_sysbios_gates_GateMutex_Module__FXNS__C
803703ac   ti_sysbios_heaps_HeapMem_Object__PARAMS__C
803703d0   ti_sysbios_knl_Clock_Object__PARAMS__C
803703f4   ti_sysbios_knl_Semaphore_Object__PARAMS__C
8037043c   ti_sysbios_gates_GateHwi_Object__DESC__C
8037045c   ti_sysbios_gates_GateMutex_Object__DESC__C
8037047c   ti_sysbios_heaps_HeapMem_Object__DESC__C
8037049c   ti_sysbios_knl_Clock_Object__DESC__C
803704bc   ti_sysbios_knl_Queue_Object__DESC__C
803704dc   ti_sysbios_knl_Semaphore_Object__DESC__C
803704fc   ti_sysbios_knl_Task_Object__DESC__C
8037051c   xdc_runtime_LoggerBuf_Object__DESC__C
8037053c   ti_sysbios_BIOS_Module__diagsEnabled__C
8037059a   ti_sysbios_family_c64p_Hwi_Module__id__C
8037059c   ti_sysbios_BIOS_Module__diagsIncluded__C
803705a0   xdc_runtime_Startup_sfxnRts__A
803705bc   ti_sysbios_BIOS_Module__diagsMask__C
80370620   ti_sysbios_gates_GateHwi_Object__PARAMS__C
80370638   ti_sysbios_gates_GateMutex_Object__PARAMS__C
80370650   ti_sysbios_knl_Queue_Object__PARAMS__C
80370696   ti_sysbios_family_c64p_Hwi_Module__loggerDefined__C
80370702   ti_sysbios_gates_GateMutex_Module__id__C
80370704   ti_sysbios_BIOS_installedErrorHook__C
80370708   paMemAligns
80370718   ti_sysbios_family_c64p_EventCombiner_EVTMASK__C
80370742   ti_sysbios_hal_Hwi_Module__id__C
80370744   ti_sysbios_family_c66_Cache_initSize__C
8037075c   ti_sysbios_family_c62_TaskSupport_stackAlignment__C
8037076a   ti_sysbios_heaps_HeapMem_Module__id__C
8037076c   ti_sysbios_family_c64p_EventCombiner_E_unpluggedEvent__C
8037077a   ti_sysbios_knl_Clock_Module__id__C
8037077c   ti_sysbios_family_c64p_Exception_E_exceptionMax__C
803707a0   ti_sysbios_knl_Idle_coreList__A
803707a8   ti_sysbios_knl_Idle_coreList__C
803707b0   ti_sysbios_knl_Idle_funcList__A
803707b8   ti_sysbios_knl_Idle_funcList__C
803707c0   ti_sysbios_knl_Task_hooks__C
803707c8   xdc_runtime_Startup_firstFxns__A
803707d0   xdc_runtime_Startup_firstFxns__C
803707d8   xdc_runtime_Startup_lastFxns__A
803707e0   xdc_runtime_Startup_lastFxns__C
803707ee   ti_sysbios_knl_Clock_Module__loggerDefined__C
803707f6   ti_sysbios_knl_Semaphore_Module__id__C
803707fe   ti_sysbios_knl_Semaphore_Module__loggerDefined__C
80370800   ti_sysbios_family_c64p_Exception_E_exceptionMin__C
80370804   ti_sysbios_family_c64p_Exception_exceptionHook__C
80370808   ti_sysbios_family_c64p_Exception_externalHook__C
8037080c   ti_sysbios_family_c64p_Exception_internalHook__C
80370810   ti_sysbios_family_c64p_Exception_nmiHook__C
80370814   ti_sysbios_family_c64p_Hwi_LD_end__C
80370818   ti_sysbios_family_c64p_Hwi_LM_begin__C
8037081c   ti_sysbios_family_c64p_Hwi_Module__diagsEnabled__C
80370820   ti_sysbios_family_c64p_Hwi_Module__diagsIncluded__C
80370824   ti_sysbios_family_c64p_Hwi_Module__diagsMask__C
80370828   ti_sysbios_family_c64p_Hwi_Module__loggerFxn1__C
8037082c   ti_sysbios_family_c64p_Hwi_Module__loggerFxn8__C
80370830   ti_sysbios_family_c64p_Hwi_Module__loggerObj__C
80370834   ti_sysbios_family_c66_Cache_atomicBlockSize__C
80370838   ti_sysbios_gates_GateMutex_A_badContext__C
8037083c   ti_sysbios_gates_GateMutex_Instance_State_sem__O
80370840   ti_sysbios_gates_GateMutex_Module__diagsEnabled__C
80370844   ti_sysbios_gates_GateMutex_Module__diagsIncluded__C
80370848   ti_sysbios_gates_GateMutex_Module__diagsMask__C
8037084c   ti_sysbios_hal_Hwi_E_stackOverflow__C
80370850   ti_sysbios_heaps_HeapBuf_Instance_State_freeList__O
80370854   ti_sysbios_heaps_HeapBuf_Object__count__C
80370858   ti_sysbios_heaps_HeapBuf_numConstructedHeaps__C
8037085c   ti_sysbios_heaps_HeapMem_A_align__C
80370860   ti_sysbios_heaps_HeapMem_A_heapSize__C
80370864   ti_sysbios_heaps_HeapMem_A_invalidFree__C
80370868   ti_sysbios_heaps_HeapMem_A_zeroBlock__C
8037086c   ti_sysbios_heaps_HeapMem_E_memory__C
80370870   ti_sysbios_heaps_HeapMem_Module__diagsEnabled__C
80370874   ti_sysbios_heaps_HeapMem_Module__diagsIncluded__C
80370878   ti_sysbios_heaps_HeapMem_Module__diagsMask__C
8037087c   ti_sysbios_heaps_HeapMem_Module__gateObj__C
80370880   ti_sysbios_heaps_HeapMem_Object__count__C
80370884   ti_sysbios_heaps_HeapMem_reqAlign__C
80370888   ti_sysbios_knl_Clock_A_badThreadType__C
8037088c   ti_sysbios_knl_Clock_LM_begin__C
80370890   ti_sysbios_knl_Clock_LM_tick__C
80370894   ti_sysbios_knl_Clock_LW_delayed__C
80370898   ti_sysbios_knl_Clock_Module_State_clockQ__O
8037089c   ti_sysbios_knl_Clock_Module__diagsEnabled__C
803708a0   ti_sysbios_knl_Clock_Module__diagsIncluded__C
803708a4   ti_sysbios_knl_Clock_Module__diagsMask__C
803708a8   ti_sysbios_knl_Clock_Module__loggerFxn1__C
803708ac   ti_sysbios_knl_Clock_Module__loggerFxn2__C
803708b0   ti_sysbios_knl_Clock_Module__loggerObj__C
803708b4   ti_sysbios_knl_Clock_tickMode__C
803708b8   ti_sysbios_knl_Clock_tickSource__C
803708bc   ti_sysbios_knl_Semaphore_A_badContext__C
803708c0   ti_sysbios_knl_Semaphore_A_noEvents__C
803708c4   ti_sysbios_knl_Semaphore_A_overflow__C
803708c8   ti_sysbios_knl_Semaphore_A_pendTaskDisabled__C
803708cc   ti_sysbios_knl_Semaphore_Instance_State_pendQ__O
803708d0   ti_sysbios_knl_Semaphore_LM_pend__C
803708d4   ti_sysbios_knl_Semaphore_LM_post__C
803708d8   ti_sysbios_knl_Semaphore_Module__diagsEnabled__C
803708dc   ti_sysbios_knl_Semaphore_Module__diagsIncluded__C
803708e0   ti_sysbios_knl_Semaphore_Module__diagsMask__C
803708e4   ti_sysbios_knl_Semaphore_Module__loggerFxn2__C
803708e8   ti_sysbios_knl_Semaphore_Module__loggerFxn4__C
803708ec   ti_sysbios_knl_Semaphore_Module__loggerObj__C
803708f0   ti_sysbios_knl_Swi_LD_end__C
803708f4   ti_sysbios_knl_Swi_LM_begin__C
803708f8   ti_sysbios_knl_Swi_LM_post__C
803708fc   ti_sysbios_knl_Swi_Module__diagsEnabled__C
80370900   ti_sysbios_knl_Swi_Module__diagsIncluded__C
80370904   ti_sysbios_knl_Swi_Module__diagsMask__C
80370908   ti_sysbios_knl_Swi_Module__loggerFxn1__C
8037090c   ti_sysbios_knl_Swi_Module__loggerFxn4__C
80370910   ti_sysbios_knl_Swi_Module__loggerObj__C
80370914   ti_sysbios_knl_Swi_Object__count__C
80370918   ti_sysbios_knl_Task_A_badPriority__C
8037091c   ti_sysbios_knl_Task_A_badTaskState__C
80370920   ti_sysbios_knl_Task_A_badThreadType__C
80370924   ti_sysbios_knl_Task_A_badTimeout__C
80370928   ti_sysbios_knl_Task_A_noPendElem__C
8037092c   ti_sysbios_knl_Task_A_sleepTaskDisabled__C
80370930   ti_sysbios_knl_Task_E_deleteNotAllowed__C
80370934   ti_sysbios_knl_Task_E_spOutOfBounds__C
80370938   ti_sysbios_knl_Task_E_stackOverflow__C
8037093c   ti_sysbios_knl_Task_LD_block__C
80370940   ti_sysbios_knl_Task_LD_exit__C
80370944   ti_sysbios_knl_Task_LD_ready__C
80370948   ti_sysbios_knl_Task_LM_setPri__C
8037094c   ti_sysbios_knl_Task_LM_sleep__C
80370950   ti_sysbios_knl_Task_LM_switch__C
80370954   ti_sysbios_knl_Task_Module_State_inactiveQ__O
80370958   ti_sysbios_knl_Task_Module_State_terminatedQ__O
8037095c   ti_sysbios_knl_Task_Module__diagsEnabled__C
80370960   ti_sysbios_knl_Task_Module__diagsIncluded__C
80370964   ti_sysbios_knl_Task_Module__diagsMask__C
80370968   ti_sysbios_knl_Task_Module__loggerFxn2__C
8037096c   ti_sysbios_knl_Task_Module__loggerFxn4__C
80370970   ti_sysbios_knl_Task_Module__loggerObj__C
80370974   ti_sysbios_knl_Task_Object__count__C
80370978   ti_sysbios_knl_Task_Object__heap__C
8037097c   ti_sysbios_knl_Task_allBlockedFunc__C
80370980   ti_sysbios_knl_Task_defaultStackHeap__C
80370984   ti_sysbios_knl_Task_defaultStackSize__C
80370988   ti_sysbios_knl_Task_numConstructedTasks__C
8037098c   ti_sysbios_knl_Task_numPriorities__C
80370990   ti_sysbios_timers_timer64_Timer_A_notAvailable__C
80370994   ti_sysbios_timers_timer64_Timer_E_cannotSupport__C
80370998   ti_sysbios_timers_timer64_Timer_Module__diagsEnabled__C
8037099c   ti_sysbios_timers_timer64_Timer_Module__diagsIncluded__C
803709a0   ti_sysbios_timers_timer64_Timer_Module__diagsMask__C
803709a4   ti_sysbios_timers_timer64_Timer_anyMask__C
803709a8   ti_sysbios_timers_timer64_Timer_freqDivisor__C
803709ac   ti_sysbios_timers_timer64_Timer_numLocalTimers__C
803709b0   ti_sysbios_timers_timer64_Timer_numTimerDevices__C
803709b4   xdc_runtime_Assert_E_assertFailed__C
803709b8   xdc_runtime_Core_A_initializedParams__C
803709bc   xdc_runtime_Core_Module__diagsEnabled__C
803709c0   xdc_runtime_Core_Module__diagsIncluded__C
803709c4   xdc_runtime_Core_Module__diagsMask__C
803709c8   xdc_runtime_Error_E_memory__C
803709cc   xdc_runtime_Error_Module__diagsEnabled__C
803709d0   xdc_runtime_Error_Module__diagsIncluded__C
803709d4   xdc_runtime_Error_Module__diagsMask__C
803709d8   xdc_runtime_Error_Module__loggerFxn8__C
803709dc   xdc_runtime_Error_Module__loggerObj__C
803709e0   xdc_runtime_Error_policy__C
803709e4   xdc_runtime_Error_raiseHook__C
803709e8   xdc_runtime_IFilterLogger_Interface__BASE__C
803709ec   xdc_runtime_IGateProvider_Interface__BASE__C
803709f0   xdc_runtime_IHeap_Interface__BASE__C
803709f4   xdc_runtime_ILogger_Interface__BASE__C
803709f8   xdc_runtime_IModule_Interface__BASE__C
803709fc   xdc_runtime_Log_L_error__C
80370a00   xdc_runtime_LoggerBuf_E_badLevel__C
80370a04   xdc_runtime_LoggerBuf_Module__gateObj__C
80370a08   xdc_runtime_LoggerBuf_Object__count__C
80370a0c   xdc_runtime_LoggerBuf_statusLogger__C
80370a10   xdc_runtime_Memory_defaultHeapInstance__C
80370a14   xdc_runtime_Startup_execImpl__C
80370a18   xdc_runtime_Startup_maxPasses__C
80370a1c   xdc_runtime_Startup_sfxnRts__C
80370a20   xdc_runtime_Startup_sfxnTab__C
80370a24   xdc_runtime_System_Module__gateObj__C
80370a28   xdc_runtime_System_extendFxn__C
80370a2c   xdc_runtime_System_maxAtexitHandlers__C
80370a30   xdc_runtime_Text_charTab__C
80370a34   xdc_runtime_Text_nameEmpty__C
80370a38   xdc_runtime_Text_nameStatic__C
80370a3c   xdc_runtime_Text_nameUnknown__C
80370a40   xdc_runtime_Text_nodeTab__C
80370a44   xdc_runtime_Text_visitRopeFxn__C
80370a48   ti_sysbios_knl_Swi_Module__id__C
80370a4a   ti_sysbios_knl_Swi_Module__loggerDefined__C
80370a4c   ti_sysbios_knl_Task_Module__id__C
80370a4e   ti_sysbios_knl_Task_Module__loggerDefined__C
80370a50   ti_sysbios_knl_Task_deleteTerminatedTasks__C
80370a52   ti_sysbios_knl_Task_initStackFlag__C
80370a54   ti_sysbios_timers_timer64_Timer_Module__id__C
80370a56   ti_sysbios_timers_timer64_Timer_startupNeeded__C
80370a58   xdc_runtime_Core_Module__id__C
80370a5a   xdc_runtime_Error_Module__loggerDefined__C
80370a5c   xdc_runtime_Error_maxDepth__C
80370a5e   xdc_runtime_LoggerBuf_Module__id__C
80370a60   xdc_runtime_LoggerBuf_filterByLevel__C
80370a62   xdc_runtime_Memory_Module__id__C
80370a64   xdc_runtime_Text_charCnt__C
80370a66   xdc_runtime_Text_isLoaded__C
80370a68   xdc_runtime_Text_registryModsLastId__C
80370a6a   xdc_runtime_Text_unnamedModsLastId__C
80370a70   Qmss_lowEoiVector
80370a80   queueFree
80372a80   qmssGObj
80372e80   ti_sysbios_BIOS_Module__state__V
80372ea0   ti_sysbios_family_c64p_EventCombiner_Module__state__V
803732a0   ti_sysbios_family_c64p_Exception_Module__state__V
803732d0   ti_sysbios_family_c64p_Hwi_Module__root__V
803732d8   ti_sysbios_family_c64p_Hwi_Module__state__V
80373340   ti_sysbios_gates_GateHwi_Module__root__V
80373348   ti_sysbios_gates_GateMutex_Module__root__V
80373350   ti_sysbios_hal_Hwi_Module__root__V
80373358   ti_sysbios_hal_Timer_Module__root__V
80373360   ti_sysbios_heaps_HeapBuf_Module__root__V
80373368   ti_sysbios_heaps_HeapBuf_Module__state__V
8037336c   ti_sysbios_heaps_HeapMem_Module__root__V
80373374   ti_sysbios_knl_Clock_Module__root__V
8037337c   ti_sysbios_knl_Clock_Module__state__V
803733a4   ti_sysbios_knl_Queue_Module__root__V
803733ac   ti_sysbios_knl_Semaphore_Module__root__V
803733b4   ti_sysbios_knl_Swi_Module__root__V
803733bc   ti_sysbios_knl_Swi_Module__state__V
803733d8   ti_sysbios_knl_Task_Module__root__V
803733e0   ti_sysbios_knl_Task_Module__state__V
80373424   ti_sysbios_timers_timer64_Timer_Module__root__V
8037342c   ti_sysbios_timers_timer64_Timer_Module__state__V
80373440   xdc_runtime_Error_Module__state__V
80373444   xdc_runtime_LoggerBuf_Module__root__V
8037344c   xdc_runtime_LoggerBuf_Module__state__V
80373454   xdc_runtime_Memory_Module__state__V
80373458   xdc_runtime_Registry_Module__state__V
80373460   xdc_runtime_Startup_Module__state__V
80373468   xdc_runtime_System_Module__state__V
80373474   xdc_runtime_Text_Module__state__V
8037347c   __xdc__init__addr
80373480   _ftable
80373660   ti_sysbios_timers_timer64_Timer_Module_State_0_device__A
803737e0   qmssGblCfgParams
80373900   ti_sysbios_knl_Task_Object__table__V
803739a0   TSK_idle
803739f0   _ipcfg
80373aa4   _ft_end
80373b48   ti_sysbios_knl_Swi_Module_State_0_readyQ__A
80373bc8   ti_sysbios_knl_Task_Module_State_0_readyQ__A
80373c48   ti_sysbios_timers_timer64_Timer_Module_State_0_gctrl__A
80373cc8   ti_sysbios_timers_timer64_Timer_Module_State_0_handles__A
80373d48   ti_sysbios_timers_timer64_Timer_Module_State_0_intFreqs__A
80373e40   cppiGblCfgParams
80373eb8   ti_sysbios_family_c64p_Hwi_Object__table__V
80373fd0   ti_sysbios_timers_timer64_Timer_Object__table__V
80374120   ti_sysbios_gates_GateMutex_Object__table__V
803741d4   cppiLObj
803741d8   ti_sysbios_knl_Swi_Object__table__V
80374208   _oscfg
8037422c   paLObj
80374230   xdc_runtime_LoggerBuf_Object__table__V
80374258   Qmss_highEoiVector
80374278   NIMUDeviceTable
80374280   pstrMsgName
803742a0   xdc_runtime_System_Module_State_0_atexitHandlers__A
803742c0   ti_ndk_config_Global_Id2Size
80374310   ti_sysbios_heaps_HeapMem_Object__table__V
80374354   _lock
80374358   _unlock
80374394   _delete_mutexes_ptr
80374398   _cleanup_ptr
8037439c   _dtors_ptr
803743a0   __TI_enable_exit_profile_output
803743a8   ti_sysbios_hal_Hwi_Object__table__V
803743d0   ti_sysbios_hal_Timer_Object__table__V
803743d8   ti_sysbios_gates_GateHwi_Object__table__V
803743e8   ti_sysbios_knl_Task_Module_State_0_idleTask__A
803743f8   Qmss_cdmaEoiVector
80374458   gDeviceNandBBlist
80375684   gDeviceNand
803756bc   gDeviceNor
803756f4   gDeviceEeprom0
8037572c   gDeviceEeprom1
80375768   emac_port_mode
80375b18   __TI_STATIC_BASE
80375b30   _IGMPInDiscard
80375b34   _IGMPInQuery
80375b38   _IGMPInQueryGroup
80375b3c   _IGMPInResponse
80375b40   _IGMPOutResponse
80375b44   gTxCmdReturnQHnd
80375b48   gTxCmdFreeQHnd
80375b4c   ethSemHandle
80375b84   CONTENT_TYPE_APPLET
80375b88   CONTENT_TYPE_AU
80375b8c   CONTENT_TYPE_CSS
80375b90   CONTENT_TYPE_DOC
80375b94   CONTENT_TYPE_GIF
80375b98   CONTENT_TYPE_HTML
80375b9c   CONTENT_TYPE_JPG
80375ba0   CONTENT_TYPE_MPEG
80375ba4   CONTENT_TYPE_PDF
80375ba8   CONTENT_TYPE_WAV
80375bac   CONTENT_TYPE_ZIP
80375bb0   CONTENT_TYPE
80375bb4   CONTENT_LENGTH
80375bb8   CRLF
80375bbc   DEFAULT_NAME
80375bc0   HTTP_VER
80375bc4   SPACE
80375bc8   PITCount
80375bcc   PITUsed
80375bd0   PITHigh
80375bec   VerStr
80375bf0   HostName
80375bf4   LocalIPAddr
80375bf8   LocalIPMask
80375bfc   GatewayIP
80375c00   DomainName
80375c04   DNSServer
80375c78   _IGMPForceVersion1
80375c94   _ICMPInErrors
80375c98   _ICMPOutErrors
80375c9c   _IPExecuting
80375cac   gFragQList
80375ccc   tcp_iss
80375cd0   ptTimeFirst
80375cd4   pt6TimeFirst
80375cd8   tcp6_iss
80375ce4   platform_errno
80375ce8   platform_init_return_code
80375cec   g_transmissionError
80375cfc   httpErrorResponseHook
80375d08   _IPReasmPtr
80375d10   gMLDNodeList
80375d28   qmssLObjIsValid
80375d2c   IPV6_MAX_MULTICAST_SOLICIT
80375d30   IPV6_MAX_UNICAST_SOLICIT
80375d34   IPV6_RETRANS_TIME
80375d38   IPV6_DELAY_FIRST_PROBE_TIME
80375d3c   IPV6_REACHABLE_TIME
80375d40   IPV6_MAX_RTR_SOLICITATION_DELAY
80375d44   IPV6_RTR_SOLICITATION_INTERVAL
80375d48   IPV6_MAX_RTR_SOLICITATIONS
80375d4c   INFINITE_LT
80375d50   ti_ndk_config_Global_rawPageSize
80375d54   ti_ndk_config_Global_rawPageCount
80375d58   ti_ndk_config_Global_smallest
80375d5c   ti_ndk_config_Global_largest
80375d60   ti_ndk_config_Global_numFrameBuf
80375d64   ti_ndk_config_Global_sizeFrameBuf
80375d80   cppiObject
80376000   ti_sysbios_family_c64p_Hwi0
80376000   ti_sysbios_family_c64p_Hwi_int0
80376020   ti_sysbios_family_c64p_Hwi_int1
80376040   ti_sysbios_family_c64p_Hwi_int2
80376060   ti_sysbios_family_c64p_Hwi_int3
80376080   ti_sysbios_family_c64p_Hwi_int4
803760a0   ti_sysbios_family_c64p_Hwi_int5
803760c0   ti_sysbios_family_c64p_Hwi_int6
803760e0   ti_sysbios_family_c64p_Hwi_int7
80376100   ti_sysbios_family_c64p_Hwi_int8
80376120   ti_sysbios_family_c64p_Hwi_int9
80376140   ti_sysbios_family_c64p_Hwi_int10
80376160   ti_sysbios_family_c64p_Hwi_int11
80376180   ti_sysbios_family_c64p_Hwi_int12
803761a0   ti_sysbios_family_c64p_Hwi_int13
803761c0   ti_sysbios_family_c64p_Hwi_int14
803761e0   ti_sysbios_family_c64p_Hwi_int15
80376200   __CIOBUF_
80377304   __TI_Handler_Table_Base
80377310   __TI_Handler_Table_Limit
80377374   __TI_CINIT_Base
803773fc   __TI_CINIT_Limit
ffffffff   __TI_pprof_out_hndl
ffffffff   __TI_prof_data_size
ffffffff   __TI_prof_data_start
ffffffff   __binit__
ffffffff   __c_args__
ffffffff   binit
UNDEFED    __TI_INITARRAY_Base
UNDEFED    __TI_INITARRAY_Limit

[1631 symbols]
