******************************************************************************
               TMS320C6x Linker PC v7.4.7                      
******************************************************************************
>> Linked Thu Mar 13 18:13:47 2014

OUTPUT FILE NAME:   <Disparity.out>
ENTRY POINT SYMBOL: "_c_int00"  address: 80353d40


MEMORY CONFIGURATION

         name            origin    length      used     unused   attr    fill
----------------------  --------  ---------  --------  --------  ----  --------
  L2SRAM                00800000   00080000  0005cf40  000230c0  RW X
  MSMCSRAM              0c000000   00400000  00000000  00400000  RW X
  DDR3                  80000000   20000000  0037be14  1fc841ec  RWIX


SEGMENT ALLOCATION MAP

run origin  load origin   length   init length attrs members
----------  ----------- ---------- ----------- ----- -------
00800000    00800000    0005cb88   00000000    rw-
  00800000    00800000    00052b00   00000000    rw- .far:NDK_PACKETMEM
  00852b00    00852b00    00004000   00000000    rw- .resmgr_memregion
  00856b00    00856b00    00003c00   00000000    rw- .far:taskStackSection
  0085a700    0085a700    00001488   00000000    rw- .resmgr_pa
  0085bb88    0085bb88    00001000   00000000    rw- .stack
0085cc00    0085cc00    00000318   00000318    rw-
  0085cc00    0085cc00    00000318   00000318    rw- .nimu_eth_ll2
0085cf20    0085cf20    000000a0   00000000    rw-
  0085cf20    0085cf20    000000a0   00000000    rw- .resmgr_handles
80000000    80000000    00300000   00000000    rw-
  80000000    80000000    00300000   00000000    rw- systemHeap
80300000    80300000    0005daa0   0005daa0    r-x
  80300000    80300000    0005daa0   0005daa0    r-x .text
8035daa0    8035daa0    0000dbc8   00000000    rw-
  8035daa0    8035daa0    0000dbc8   00000000    rw- .far.1
8036b670    8036b670    00000060   00000000    rw-
  8036b670    8036b670    00000060   00000000    rw- .far.2
8036b6d0    8036b6d0    00009e5a   00009e5a    r--
  8036b6d0    8036b6d0    00009e5a   00009e5a    r-- .const
80375530    80375530    00000050   00000050    rw-
  80375530    80375530    00000050   00000050    rw- .fardata.1
80375580    80375580    00002400   00000000    rw-
  80375580    80375580    00002400   00000000    rw- .qmss
80377980    80377980    0000153a   0000153a    rw-
  80377980    80377980    0000153a   0000153a    rw- .fardata.2
80378ec0    80378ec0    00001370   00001370    rw-
  80378ec0    80378ec0    00001370   00001370    rw- platform_lib
8037a230    8037a230    000003ac   000003ac    r--
  8037a230    8037a230    000003ac   000003ac    r-- .switch
8037a5dc    8037a5dc    0000006c   00000000    rw-
  8037a5dc    8037a5dc    0000006c   00000000    rw- .bss
8037a648    8037a648    000001a5   000001a5    rw-
  8037a648    8037a648    000001a5   000001a5    rw- .neardata
8037a7f0    8037a7f0    0000003c   0000003c    r--
  8037a7f0    8037a7f0    0000003c   0000003c    r-- .rodata
8037a880    8037a880    00000320   00000000    rw-
  8037a880    8037a880    00000200   00000000    rw- .cppi
  8037aa80    8037aa80    00000120   00000000    rw- .cio
8037ac00    8037ac00    000012dc   000012dc    r-x
  8037ac00    8037ac00    00000200   00000200    r-x .vecs
  8037ae00    8037ae00    000010dc   000010dc    r-- .cinit


SECTION ALLOCATION MAP

 output                                  attributes/
section   page    origin      length       input sections
--------  ----  ----------  ----------   ----------------
.init_array 
*          0    80000000    00000000     UNINITIALIZED

.far:NDK_PACKETMEM 
*          0    00800000    00052b00     UNINITIALIZED
                  00800000    00052b00     stk6_ppp_pppoe.ae66 : pbm_data.oe66 (.far:NDK_PACKETMEM)

.resmgr_memregion 
*          0    00852b00    00004000     UNINITIALIZED
                  00852b00    00004000     resourcemgr.obj (.resmgr_memregion)

.far:taskStackSection 
*          0    00856b00    00003c00     UNINITIALIZED
                  00856b00    00003c00     Disparity_pe66.oe66 (.far:taskStackSection)

.resmgr_pa 
*          0    0085a700    00001488     UNINITIALIZED
                  0085a700    00001488     resourcemgr.obj (.resmgr_pa)

.stack     0    0085bb88    00001000     UNINITIALIZED
                  0085bb88    00000008     boot.ae66 : boot.oe66 (.stack)
                  0085bb90    00000ff8     --HOLE--

.nimu_eth_ll2 
*          0    0085cc00    00000318     
                  0085cc00    00000308     ti.transport.ndk.nimu.ae66 : nimu_eth.obj (.nimu_eth_ll2:uninit) [fill = 0]
                  0085cf08    00000010                                : nimu_eth.obj (.nimu_eth_ll2:init)

.resmgr_handles 
*          0    0085cf20    000000a0     UNINITIALIZED
                  0085cf20    000000a0     resourcemgr.obj (.resmgr_handles)

systemHeap 
*          0    80000000    00300000     UNINITIALIZED
                  80000000    00300000     Disparity_pe66.oe66 (systemHeap)

xdc.meta   0    80000000    00000138     COPY SECTION
                  80000000    00000138     Disparity_pe66.oe66 (xdc.meta)

.text      0    80300000    0005daa0     
                  80300000    00002d80     ti.transport.ndk.nimu.ae66 : nimu_eth.obj (.text)
                  80302d80    00001fe0     ti.platform.evm6678l.ae66 : platform.obj (.text)
                  80304d60    00001b40                               : evmc6678.obj (.text)
                  803068a0    000019e0     stk6_ppp_pppoe.ae66 : tcp6in.oe66 (.text:TCP6Input)
                  80308280    000019e0                         : tcpin.oe66 (.text:TcpInput)
                  80309c60    00001240                         : tcpout.oe66 (.text:TcpOutput)
                  8030aea0    000011a0                         : tcp6out.oe66 (.text:TCP6Output)
                  8030c040    00001160     ti.platform.evm6678l.ae66 : evm66x_nand.obj (.text)
                  8030d1a0    00000ea0     resourcemgr.obj (.text)
                  8030e040    00000d80     ti.platform.evm6678l.ae66 : evmc66x_i2c_eeprom.obj (.text)
                  8030edc0    00000c00     nettool.ae66 : httpclie.oe66 (.text:httpClientProcess)
                  8030f9c0    00000b80     stk6_ppp_pppoe.ae66 : ipin.oe66 (.text:IPRxPacket)
                  80310540    00000aa0                         : md5.oe66 (.text:MD5Transform)
                  80310fe0    000009c0                         : ipout.oe66 (.text:IPTxPacket)
                  803119a0    000009a0                         : lcp.oe66 (.text:lcpInput)
                  80312340    00000900     nettool.ae66 : httpsend.oe66 (.text:SetContentType)
                  80312c40    000008a0     sysbios.ae66 : BIOS.obj (.text:ti_sysbios_family_c64p_Exception_handler__I)
                  803134e0    000008a0     ti.targets.rts6000.ae66 : System.oe66 (.text:xdc_runtime_System_doPrint__I)
                  80313d80    00000840     Disparity.obj (.text)
                  803145c0    00000840     Initialise.obj (.text)
                  80314e00    000007e0     ti.drv.qmss.ae66 : qmss_drv.oe66 (.text:Qmss_insertMemoryRegion)
                  803155e0    000007e0     stk6_ppp_pppoe.ae66 : ipcp.oe66 (.text:ipcpInput)
                  80315dc0    000007c0                         : sock.oe66 (.text:SockSet)
                  80316580    000007a0                         : fileuser.oe66 (.text:fdPoll)
                  80316d20    00000720     ti.drv.pa.ae66 : pa.oe66 (.text:Pa_addMac)
                  80317440    000006c0     stk6_ppp_pppoe.ae66 : sock6.oe66 (.text:Sock6Set)
                  80317b00    000006c0     nettool.ae66 : telnetd.oe66 (.text:telnet_netdata)
                  803181c0    000006a0     stk6_ppp_pppoe.ae66 : icmpv6_ndisc.oe66 (.text:ICMPv6RecvRA)
                  80318860    00000660     ti.drv.cppi.ae66 : cppi_drv.oe66 (.text:Cppi_configureRxFlow)
                  80318ec0    00000660     stk6_ppp_pppoe.ae66 : route6.oe66 (.text:Rt6Create)
                  80319520    00000620     sysbios.ae66 : BIOS.obj (.text:ti_sysbios_knl_Task_Instance_finalize__F)
                  80319b40    00000600                  : BIOS.obj (.text:ti_sysbios_heaps_HeapMem_alloc__E)
                  8031a140    00000600                  : BIOS.obj (.text:ti_sysbios_knl_Semaphore_pend__E)
                  8031a740    000005e0                  : BIOS.obj (.text:ti_sysbios_heaps_HeapMem_free__E)
                  8031ad20    000005c0     stk6_ppp_pppoe.ae66 : ipfrag.oe66 (.text:IPReasm)
                  8031b2e0    000005c0     rts6600_elf_mt.lib : divd.obj (.text:__c6xabi_divd)
                  8031b8a0    000005c0                        : _printfi.obj (.text:_getarg_diouxp)
                  8031be60    000005a0     stk6_ppp_pppoe.ae66 : icmpin.oe66 (.text:ICMPInput)
                  8031c400    000005a0     ti.platform.evm6678l.ae66 : evmc66x_spi.obj (.text)
                  8031c9a0    000005a0     sysbios.ae66 : BIOS.obj (.text:ti_sysbios_timers_timer64_Timer_Module_startup__F)
                  8031cf40    00000580     stk6_ppp_pppoe.ae66 : nimuppp.oe66 (.text:pppEvent)
                  8031d4c0    00000560                         : bind6.oe66 (.text:Bind6New)
                  8031da20    00000560                         : ipv6.oe66 (.text:IPv6IPAddressToString)
                  8031df80    00000560     RecieveImage.obj (.text)
                  8031e4e0    00000560     ti.platform.evm6678l.ae66 : evmc6678_phy.obj (.text)
                  8031ea40    00000540     stk6_ppp_pppoe.ae66 : sock6.oe66 (.text:Sock6Connect)
                  8031ef80    00000520                         : sock.oe66 (.text:SockNew)
                  8031f4a0    00000520     rts6600_elf_mt.lib : _printfi.obj (.text:_setfield)
                  8031f9c0    00000520     nettool.ae66 : httpsend.oe66 (.text:httpSendStatusLine)
                  8031fee0    00000520     ti.platform.evm6678l.ae66 : evmc66x_nor.obj (.text)
                  80320400    000004e0     stk6_ppp_pppoe.ae66 : udp.oe66 (.text:UdpInput)
                  803208e0    000004e0                         : nimupppoe.oe66 (.text:pppoeInputS)
                  80320dc0    000004c0     ti.drv.cppi.ae66 : cppi_drv.oe66 (.text:Cppi_txChannelOpen)
                  80321280    000004c0     ti.platform.evm6678l.ae66 : evmc66x_fpga.obj (.text)
                  80321740    000004a0     stk6_ppp_pppoe.ae66 : lliin.oe66 (.text:LLIRxPacket)
                  80321be0    000004a0                         : sock6.oe66 (.text:Sock6Recv)
                  80322080    000004a0                         : sock.oe66 (.text:SockRecv)
                  80322520    00000460     rts6600_elf_mt.lib : _printfi.obj (.text:_printfi)
                  80322980    00000460     stk6_ppp_pppoe.ae66 : nimuppp.oe66 (.text:pppNew)
                  80322de0    00000440     ti.drv.cppi.ae66 : cppi_drv.oe66 (.text:Cppi_rxChannelOpen)
                  80323220    00000440     stk6_ppp_pppoe.ae66 : sock6.oe66 (.text:Sock6New)
                  80323660    00000440                         : auth.oe66 (.text:chapInput)
                  80323aa0    00000440                         : fileuser.oe66 (.text:fdSelect)
                  80323ee0    00000440                         : nimupppoe.oe66 (.text:pppoeInputC)
                  80324320    00000420     nettool.ae66 : daemon.oe66 (.text:daemon)
                  80324740    00000420     ti.drv.pa.ae66 : pa.oe66 (.text:pa_conv_routing_info)
                  80324b60    00000420     sysbios.ae66 : BIOS.obj (.text:ti_sysbios_knl_Task_sleep__E)
                  80324f80    00000400     stk6_ppp_pppoe.ae66 : sock6.oe66 (.text:Sock6Send)
                  80325380    00000400     os.ae66 : efs.oe66 (.text:efs_filecheck)
                  80325780    00000400     sysbios.ae66 : BIOS.obj (.text:ti_sysbios_knl_Task_Instance_init__F)
                  80325b80    000003e0     stk6_ppp_pppoe.ae66 : ipv6_frag.oe66 (.text:IPv6TxFragPacket)
                  80325f60    000003e0     sysbios.ae66 : BIOS.obj (.text:ti_sysbios_knl_Task_setPri__E)
                  80326340    000003c0     ti.drv.cppi.ae66 : cppi_desc.oe66 (.text:Cppi_initDescriptor)
                  80326700    000003c0     stk6_ppp_pppoe.ae66 : ipv6out.oe66 (.text:IPv6TxPacket)
                  80326ac0    000003c0                         : lli6.oe66 (.text:LLI6TimerCheck)
                  80326e80    000003c0                         : sock.oe66 (.text:SockSend)
                  80327240    000003c0                         : tcp6.oe66 (.text:TCP6TimeoutCheck)
                  80327600    000003c0                         : tcp.oe66 (.text:TcpTimeoutCheck)
                  803279c0    000003c0     rts6600_elf_mt.lib : fputs.obj (.text:fputs)
                  80327d80    000003a0     stk6_ppp_pppoe.ae66 : icmpv6in.oe66 (.text:ICMPv6RxPacket)
                  80328120    000003a0                         : nimu.oe66 (.text:NIMUIoctl)
                  803284c0    000003a0                         : route.oe66 (.text:RtCreate)
                  80328860    000003a0                         : sb.oe66 (.text:SBRead)
                  80328c00    000003a0                         : auth.oe66 (.text:papInput)
                  80328fa0    00000380                         : sock6int.oe66 (.text:Sock6Notify)
                  80329320    00000380                         : sock.oe66 (.text:SockConnect)
                  803296a0    00000380                         : sockint.oe66 (.text:SockNotify)
                  80329a20    00000380     nettool.ae66 : dhcppkt.oe66 (.text:dhcpPacketProcess)
                  80329da0    00000360     stk6_ppp_pppoe.ae66 : icmpv6_ndisc.oe66 (.text:ICMPv6RecvRedirect)
                  8032a100    00000360                         : icmpv6out.oe66 (.text:ICMPv6SendDstUnreachable)
                  8032a460    00000360                         : igmp.oe66 (.text:IGMPInput)
                  8032a7c0    00000360                         : ipv6_frag.oe66 (.text:IPv6FragReasm)
                  8032ab20    00000360                         : lliout.oe66 (.text:LLITxIpPacket)
                  8032ae80    00000360     Disparity_pe66.oe66 (.text:xdc_runtime_System_printfExtend__I)
                  8032b1e0    00000340     stk6_ppp_pppoe.ae66 : icmpv6_ndisc.oe66 (.text:ICMPv6RecvNS)
                  8032b520    00000340                         : icmpv6out.oe66 (.text:ICMPv6SendParameterProblem)
                  8032b860    00000340                         : icmpv6out.oe66 (.text:ICMPv6SendTimeExceeded)
                  8032bba0    00000340     ti.drv.pa.ae66 : painit.oe66 (.text:Pa_create)
                  8032bee0    00000340     ti.drv.qmss.ae66 : qmss_drv.oe66 (.text:Qmss_init)
                  8032c220    00000340     os.ae66 : mem.oe66 (.text:mmAlloc)
                  8032c560    00000340     stk6_ppp_pppoe.ae66 : nimupppoe.oe66 (.text:pppoeSI)
                  8032c8a0    00000320     nettool.ae66 : config.oe66 (.text:CfgAddEntry)
                  8032cbc0    00000320     stk6_ppp_pppoe.ae66 : nimupppoe.oe66 (.text:SendServerMsg)
                  8032cee0    00000320     rts6600_elf_mt.lib : _printfi.obj (.text:_pproc_fge)
                  8032d200    00000320     nettool.ae66 : inetaddr.oe66 (.text:inet_aton)
                  8032d520    00000320                  : telnetd.oe66 (.text:telnet_engine)
                  8032d840    00000320     ti.platform.evm6678l.ae66 : evmc66x_uart.obj (.text)
                  8032db60    00000300     stk6_ppp_pppoe.ae66 : sock6pcb.oe66 (.text:Sock6PcbBind)
                  8032de60    00000300                         : udp6.oe66 (.text:Udp6Input)
                  8032e160    00000300     sysbios.ae66 : BIOS.obj (.text:ti_sysbios_family_c64p_Hwi_dispatchC__I)
                  8032e460    000002e0     stk6_ppp_pppoe.ae66 : ipv6_frag.oe66 (.text:IPv6FragQEnqueueFrag)
                  8032e740    000002e0                         : ipv6_exthdrs.oe66 (.text:IPv6ParseExtnHeaders)
                  8032ea20    000002e0     netctrl.ae66 : netctrl.oe66 (.text:NetScheduler)
                  8032ed00    000002e0     ti.drv.pa.ae66 : pa.oe66 (.text:Pa_forwardResult)
                  8032efe0    000002e0     stk6_ppp_pppoe.ae66 : route6.oe66 (.text:Rt6Find)
                  8032f2c0    000002e0                         : nimupppoe.oe66 (.text:SendClientMsg)
                  8032f5a0    000002e0                         : sock6pcb.oe66 (.text:Sock6PcbFind)
                  8032f880    000002e0                         : sock6pcb.oe66 (.text:Sock6PcbResolve)
                  8032fb60    000002e0                         : udp.oe66 (.text:UdpOutput)
                  8032fe40    000002e0     rts6600_elf_mt.lib : _printfi.obj (.text:_pproc_fwp)
                  80330120    000002e0     sysbios.ae66 : BIOS.obj (.text:ti_sysbios_heaps_HeapMem_Instance_init__F)
                  80330400    000002c0     stk6_ppp_pppoe.ae66 : bind.oe66 (.text:BindNew)
                  803306c0    000002c0                         : node.oe66 (.text:NodeAdd)
                  80330980    000002c0                         : sb6.oe66 (.text:SB6Read)
                  80330c40    000002c0                         : nimuppp.oe66 (.text:pppInput)
                  80330f00    000002a0     nettool.ae66 : dhcpmain.oe66 (.text:DHCPOpen)
                  803311a0    000002a0     stk6_ppp_pppoe.ae66 : route6.oe66 (.text:Rt6Free)
                  80331440    000002a0                         : rtable.oe66 (.text:RtFind)
                  803316e0    000002a0                         : sock6.oe66 (.text:Sock6Close)
                  80331980    000002a0                         : sock.oe66 (.text:SockClose)
                  80331c20    000002a0                         : sockpcb.oe66 (.text:SockPcbResolve)
                  80331ec0    000002a0                         : tcp6prot.oe66 (.text:TCP6PrSetOption)
                  80332160    000002a0                         : tcpprot.oe66 (.text:TcpPrSetOption)
                  80332400    000002a0     rts6600_elf_mt.lib : _printfi.obj (.text:fcvt)
                  803326a0    000002a0     sysbios.ae66 : BIOS.obj (.text:ti_sysbios_knl_Clock_Instance_init__F)
                  80332940    000002a0                  : BIOS.obj (.text:ti_sysbios_knl_Clock_workFunc__E)
                  80332be0    000002a0                  : BIOS.obj (.text:ti_sysbios_timers_timer64_Timer_deviceConfig__I)
                  80332e80    00000280     stk6_ppp_pppoe.ae66 : icmp.oe66 (.text:ICMPGenPacket)
                  80333100    00000280                         : lli6.oe66 (.text:LLI6NeighUnreachStateMachine)
                  80333380    00000280                         : lli6.oe66 (.text:LLI6TxIPPacket)
                  80333600    00000280                         : udp6.oe66 (.text:Udp6Output)
                  80333880    00000280     rts6600_elf_mt.lib : _printfi.obj (.text:ecvt)
                  80333b00    00000280     stk6_ppp_pppoe.ae66 : ipcp.oe66 (.text:ipcpSendCfg)
                  80333d80    00000280                         : lcp.oe66 (.text:lcpSendCfg)
                  80334000    00000280     platform_osal.obj (.text)
                  80334280    00000280     ti.targets.rts6000.ae66 : Error.oe66 (.text:xdc_runtime_Error_raiseX__F)
                  80334500    00000260     stk6_ppp_pppoe.ae66 : icmpv6in.oe66 (.text:ICMPv6RecvEchoRequest)
                  80334760    00000260                         : ipv6in.oe66 (.text:IPv6RxPacket)
                  803349c0    00000260                         : nimu.oe66 (.text:NIMUReceivePacket)
                  80334c20    00000260                         : rawethsock.oe66 (.text:RawEthSockSet)
                  80334e80    00000260                         : sb6.oe66 (.text:SB6Write)
                  803350e0    00000260                         : sb.oe66 (.text:SBWrite)
                  80335340    00000260                         : sockpcb.oe66 (.text:SockPcbBind)
                  803355a0    00000260                         : tcp6out.oe66 (.text:TCP6GenPacket)
                  80335800    00000260     nettool.ae66 : httppars.oe66 (.text:httpParseRecv)
                  80335a60    00000260                  : httpsend.oe66 (.text:httpSendErrorHTML)
                  80335cc0    00000260     sysbios.ae66 : BIOS.obj (.text:ti_sysbios_family_c64p_Exception_internalHandler__I)
                  80335f20    00000260                  : BIOS.obj (.text:ti_sysbios_knl_Semaphore_post__E)
                  80336180    00000260     ti.targets.rts6000.ae66 : Startup.oe66 (.text:xdc_runtime_Startup_startMods__I)
                  803363e0    00000240     stk6_ppp_pppoe.ae66 : bind6.oe66 (.text:Bind6Free)
                  80336620    00000240                         : bind6.oe66 (.text:Bind6RunDAD)
                  80336860    00000240     ti.drv.cppi.ae66 : cppi_drv.oe66 (.text:Cppi_open)
                  80336aa0    00000240     nettool.ae66 : daemon.oe66 (.text:DaemonNew)
                  80336ce0    00000240     stk6_ppp_pppoe.ae66 : icmpv6_ndisc.oe66 (.text:ICMPv6RecvNA)
                  80336f20    00000240                         : icmpv6_ndisc.oe66 (.text:ICMPv6SendNA)
                  80337160    00000240                         : icmpv6_ndisc.oe66 (.text:ICMPv6SendNS)
                  803373a0    00000240     ti.drv.pa.ae66 : pa.oe66 (.text:Pa_resetControl)
                  803375e0    00000240     stk6_ppp_pppoe.ae66 : pipe.oe66 (.text:PipeRecv)
                  80337820    00000240                         : raw.oe66 (.text:RawInput)
                  80337a60    00000240                         : tcpout.oe66 (.text:TcpGenPacket)
                  80337ca0    00000240     rts6600_elf_mt.lib : imath64.obj (.text:__c6xabi_divull)
                  80337ee0    00000240                        : _printfi.obj (.text:_pconv_e)
                  80338120    00000240                        : _printfi.obj (.text:_pproc_diouxp)
                  80338360    00000240     nettool.ae66 : dhcpsm.oe66 (.text:dhcpIPAdd)
                  803385a0    00000240                  : dhcpsm.oe66 (.text:dhcpState)
                  803387e0    00000240     rts6600_elf_mt.lib : fputc.obj (.text:fputc)
                  80338a20    00000240     sysbios.ae66 : BIOS.obj (.text:ti_sysbios_knl_Task_exit__E)
                  80338c60    00000240     ti.targets.rts6000.ae66 : LoggerBuf.oe66 (.text:xdc_runtime_LoggerBuf_write8__F)
                  80338ea0    00000220     stk6_ppp_pppoe.ae66 : igmp.oe66 (.text:IGMPJoinHostGroup)
                  803390c0    00000220                         : ipv6_frag.oe66 (.text:IPv6ParseFragHdr)
                  803392e0    00000220                         : raw6.oe66 (.text:Raw6Output)
                  80339500    00000220                         : rawethsock.oe66 (.text:RawEthSockNew)
                  80339720    00000220                         : sockpcb.oe66 (.text:SockPcbFind)
                  80339940    00000220     rts6600_elf_mt.lib : _printfi.obj (.text:_pproc_str)
                  80339b60    00000220     nettool.ae66 : dhcppkt.oe66 (.text:dhcpVerifyMessage)
                  80339d80    00000220                  : httpclie.oe66 (.text:httpGetAuthParams)
                  80339fa0    00000220     rts6600_elf_mt.lib : setvbuf.obj (.text:setvbuf)
                  8033a1c0    00000220     sysbios.ae66 : BIOS.obj (.text:ti_sysbios_knl_Swi_run__I)
                  8033a3e0    00000220                  : BIOS.obj (.text:ti_sysbios_knl_Task_schedule__I)
                  8033a600    00000220                  : BIOS.obj (.text:ti_sysbios_knl_Task_startCore__E)
                  8033a820    00000220     ti.targets.rts6000.ae66 : Core-mem.oe66 (.text:xdc_runtime_Core_createObject__I)
                  8033aa40    00000200     stk6_ppp_pppoe.ae66 : ipv6_exthdrs.oe66 (.text:IPv6ParseHopOptions)
                  8033ac40    00000200                         : lli6.oe66 (.text:LLI6New)
                  8033ae40    00000200     ti.drv.qmss.ae66 : qmss_drv.oe66 (.text:Qmss_internalQueueOpen)
                  8033b040    00000200                      : qmss_acc.oe66 (.text:Qmss_programAccumulator)
                  8033b240    00000200     stk6_ppp_pppoe.ae66 : rtc.oe66 (.text:RTCReport)
                  8033b440    00000200     rts6600_elf_mt.lib : _printfi.obj (.text:_pconv_g)
                  8033b640    00000200     sysbios.ae66 : c64p_Hwi_disp_always.obj (.text:_ti_sysbios_family_c64p_Hwi_dispatchAlways)
                  8033b840    00000200     stk6_ppp_pppoe.ae66 : socket.oe66 (.text:accept)
                  8033ba40    00000200     ti.drv.cppi.ae66 : cppi_heap.oe66 (.text:cppi_internal_heap_add)
                  8033bc40    00000200     stk6_ppp_pppoe.ae66 : nimupppoe.oe66 (.text:pppoeCtrlMsg)
                  8033be40    000001e0                         : igmp.oe66 (.text:IGMPSendReply)
                  8033c020    000001e0                         : route6.oe66 (.text:Rt6Modify)
                  8033c200    000001e0                         : sock6pcb.oe66 (.text:Sock6PcbFindRaw)
                  8033c3e0    000001e0                         : auth.oe66 (.text:chapSendMsg)
                  8033c5c0    000001e0     nettool.ae66 : dhcpsock.oe66 (.text:dhcpSocketOpen)
                  8033c7a0    000001e0     stk6_ppp_pppoe.ae66 : socket.oe66 (.text:sendto)
                  8033c980    000001e0     sysbios.ae66 : BIOS.obj (.text:ti_sysbios_family_c64p_Exception_externalHandler__I)
                  8033cb60    000001e0                  : BIOS.obj (.text:ti_sysbios_knl_Task_checkStacks__E)
                  8033cd40    000001e0                  : BIOS.obj (.text:ti_sysbios_knl_Task_postInit__I)
                  8033cf20    000001e0                  : BIOS.obj (.text:ti_sysbios_timers_timer64_Timer_getFreq__E)
                  8033d100    000001c0     nettool.ae66 : config.oe66 (.text:CfgExecute)
                  8033d2c0    000001c0     ti.drv.cppi.ae66 : cppi_drv.oe66 (.text:Cppi_channelClose)
                  8033d480    000001c0                      : cppi_drv.oe66 (.text:Cppi_initCfg)
                  8033d640    000001c0     stk6_ppp_pppoe.ae66 : ip.oe66 (.text:IPGetRoute)
                  8033d800    000001c0                         : lliout.oe66 (.text:LLIGenArpPacket)
                  8033d9c0    000001c0     ti.drv.qmss.ae66 : qmss_drv.oe66 (.text:Qmss_internaldownloadFirmware)
                  8033db80    000001c0     stk6_ppp_pppoe.ae66 : raw6.oe66 (.text:Raw6Input)
                  8033dd40    000001c0     netctrl.ae66 : netsrv.oe66 (.text:SPIpNet)
                  8033df00    000001c0     stk6_ppp_pppoe.ae66 : tcptime.oe66 (.text:TcpTimeoutRexmt)
                  8033e0c0    000001c0                         : lli.oe66 (.text:_LLITimeoutCheck)
                  8033e280    000001c0     rts6600_elf_mt.lib : _printfi.obj (.text:_mcpy)
                  8033e440    000001c0     nettool.ae66 : dhcpbild.oe66 (.text:dhcpBuildHeader)
                  8033e600    000001c0     stk6_ppp_pppoe.ae66 : fileuser.oe66 (.text:fdClose)
                  8033e7c0    000001c0     sysbios.ae66 : BIOS.obj (.text:ti_sysbios_family_c64p_Exception_decodeMpfsr__I)
                  8033e980    000001c0                  : BIOS.obj (.text:ti_sysbios_gates_GateMutex_enter__E)
                  8033eb40    000001c0                  : BIOS.obj (.text:ti_sysbios_timers_timer64_Timer_setPeriodMicroSecs__E)
                  8033ed00    000001c0     ti.targets.rts6000.ae66 : Text.oe66 (.text:xdc_runtime_Text_putSite__F)
                  8033eec0    000001a0     stk6_ppp_pppoe.ae66 : bind6.oe66 (.text:Bind6Msg)
                  8033f060    000001a0     nettool.ae66 : config.oe66 (.text:CfgRemoveEntry)
                  8033f200    000001a0     stk6_ppp_pppoe.ae66 : icmpin.oe66 (.text:ICMPRevSrcRoute)
                  8033f3a0    000001a0                         : ipv6_frag.oe66 (.text:IPv6FragMsg)
                  8033f540    000001a0                         : ipv6_exthdrs.oe66 (.text:IPv6ParseRoutingHdr)
                  8033f6e0    000001a0     netctrl.ae66 : netctrl.oe66 (.text:NC_NetStart)
                  8033f880    000001a0     stk6_ppp_pppoe.ae66 : node.oe66 (.text:NodeTreeFree)
                  8033fa20    000001a0     ti.drv.pa.ae66 : pa.oe66 (.text:Pa_downloadImage)
                  8033fbc0    000001a0     stk6_ppp_pppoe.ae66 : route6.oe66 (.text:Route6LifetimeMgmt)
                  8033fd60    000001a0                         : sockint.oe66 (.text:SockCreatePacket)
                  8033ff00    000001a0     nettool.ae66 : dhcpsm.oe66 (.text:StateRenewRebind)
                  803400a0    000001a0     stk6_ppp_pppoe.ae66 : tcp6time.oe66 (.text:TCP6TimeoutRexmt)
                  80340240    000001a0     rts6600_elf_mt.lib : imath40.obj (.text:__c6xabi_divul)
                  803403e0    000001a0     nettool.ae66 : dhcptags.oe66 (.text:dhcpBuildOptions)
                  80340580    000001a0     stk6_ppp_pppoe.ae66 : socket.oe66 (.text:getpeername)
                  80340720    000001a0                         : udp6.oe66 (.text:processMulticast)
                  803408c0    000001a0     nettool.ae66 : telnetd.oe66 (.text:telnet_termdata)
                  80340a60    000001a0     sysbios.ae66 : BIOS.obj (.text:ti_sysbios_family_c66_Cache_block__I)
                  80340c00    000001a0                  : BIOS.obj (.text:ti_sysbios_heaps_HeapBuf_Module_startup__F)
                  80340da0    000001a0                  : BIOS.obj (.text:ti_sysbios_timers_timer64_Timer_start__E)
                  80340f40    000001a0     ti.targets.rts6000.ae66 : LoggerBuf.oe66 (.text:xdc_runtime_LoggerBuf_write4__F)
                  803410e0    00000180     stk6_ppp_pppoe.ae66 : bind6.oe66 (.text:Bind6GetGlobalAddress)
                  80341260    00000180     rts6600_elf_mt.lib : trgdrv.obj (.text:HOSTrename)
                  803413e0    00000180     stk6_ppp_pppoe.ae66 : igmp.oe66 (.text:IGMPMsg)
                  80341560    00000180                         : nimu.oe66 (.text:NIMURegister)
                  803416e0    00000180     netctrl.ae66 : netsrv.oe66 (.text:ServiceScan)
                  80341860    00000180                  : netsrv.oe66 (.text:ServiceSpawn)
                  803419e0    00000180     stk6_ppp_pppoe.ae66 : sock6int.oe66 (.text:Sock6CreatePacket)
                  80341b60    00000180     nettool.ae66 : dhcpsm.oe66 (.text:StateBound)
                  80341ce0    00000180     rts6600_elf_mt.lib : copy_decompress_rle.obj (.text:__TI_decompress_rle_core)
                  80341e60    00000180     stk6_ppp_pppoe.ae66 : socket.oe66 (.text:bind)
                  80341fe0    00000180     nettool.ae66 : dhcpbild.oe66 (.text:dhcpBuildRequest)
                  80342160    00000180     os.ae66 : task.oe66 (.text:llEnter)
                  803422e0    00000180     stk6_ppp_pppoe.ae66 : auth.oe66 (.text:papSendCfg)
                  80342460    00000180     sysbios.ae66 : c64p_Exception_asm.obj (.text)
                  803425e0    00000180                  : BIOS.obj (.text:ti_sysbios_knl_Swi_schedule__I)
                  80342760    00000180                  : BIOS.obj (.text:ti_sysbios_knl_Task_unblockI__E)
                  803428e0    00000160     nettool.ae66 : config.oe66 (.text:CfgGetEntry)
                  80342a40    00000160                  : config.oe66 (.text:CfgGetNextEntry)
                  80342ba0    00000160     stk6_ppp_pppoe.ae66 : igmp.oe66 (.text:IGMPDoMCast)
                  80342d00    00000160                         : nimu.oe66 (.text:NIMUIoctlSpecialCmd)
                  80342e60    00000160                         : nimuppp.oe66 (.text:PPPStop)
                  80342fc0    00000160                         : pipe.oe66 (.text:PipeSend)
                  80343120    00000160                         : raw.oe66 (.text:RawOutput)
                  80343280    00000160                         : rtable.oe66 (.text:RtTimeoutCheck)
                  803433e0    00000160                         : rtable.oe66 (.text:RtWalkNext)
                  80343540    00000160     netctrl.ae66 : netsrv.oe66 (.text:SPRoute)
                  803436a0    00000160     stk6_ppp_pppoe.ae66 : sock6.oe66 (.text:Sock6Check)
                  80343800    00000160                         : sock6pcb.oe66 (.text:Sock6PcbConnect)
                  80343960    00000160                         : sock.oe66 (.text:SockCheck)
                  80343ac0    00000160                         : sockpcb.oe66 (.text:SockPcbConnect)
                  80343c20    00000160     nettool.ae66 : dhcpsm.oe66 (.text:StateRequesting)
                  80343d80    00000160     stk6_ppp_pppoe.ae66 : tcp6time.oe66 (.text:TCP6TimeoutKeep)
                  80343ee0    00000160                         : tcptime.oe66 (.text:TcpTimeoutKeep)
                  80344040    00000160                         : auth.oe66 (.text:authInit)
                  803441a0    00000160     nettool.ae66 : httpclie.oe66 (.text:httpExtractTag)
                  80344300    00000160     stk6_ppp_pppoe.ae66 : sock6.oe66 (.text:joinGroup)
                  80344460    00000160                         : socket.oe66 (.text:setsockopt)
                  803445c0    00000160     nettool.ae66 : telnetd.oe66 (.text:telnetClientProcess)
                  80344720    00000140     stk6_ppp_pppoe.ae66 : bind6.oe66 (.text:Bind6DADCheck)
                  80344860    00000140     ti.csl.ae66 : csl_chip.oe66 (.text:CSL_chipReadReg)
                  803449a0    00000140     stk6_ppp_pppoe.ae66 : exec.oe66 (.text:ExecOpen)
                  80344ae0    00000140                         : icmp.oe66 (.text:ICMPSendRtAdv)
                  80344c20    00000140                         : igmp.oe66 (.text:IGMPJoin)
                  80344d60    00000140                         : ipv6.oe66 (.text:IPv6DisplayIPAddress)
                  80344ea0    00000140                         : lli6.oe66 (.text:LLI6Find)
                  80344fe0    00000140                         : lli.oe66 (.text:LLINew)
                  80345120    00000140                         : node.oe66 (.text:NodeFind)
                  80345260    00000140                         : node.oe66 (.text:NodeWalk)
                  803453a0    00000140                         : pbm.oe66 (.text:PBM_alloc)
                  803454e0    00000140                         : pbm.oe66 (.text:PBM_free)
                  80345620    00000140                         : rtable.oe66 (.text:RtFlush)
                  80345760    00000140                         : sb6.oe66 (.text:SB6New)
                  803458a0    00000140     netctrl.ae66 : netsrv.oe66 (.text:ServiceKill)
                  803459e0    00000140     stk6_ppp_pppoe.ae66 : sock6.oe66 (.text:Sock6Accept)
                  80345b20    00000140                         : sock6.oe66 (.text:Sock6Listen)
                  80345c60    00000140                         : sock.oe66 (.text:SockAccept)
                  80345da0    00000140                         : sock.oe66 (.text:SockListen)
                  80345ee0    00000140                         : sockpcb.oe66 (.text:SockPcbCtlError)
                  80346020    00000140     boot.ae66 : autoinit.oe66 (.text:_auto_init_elf)
                  80346160    00000140     rts6600_elf_mt.lib : _printfi.obj (.text:_pproc_fflags)
                  803462a0    00000140     stk6_ppp_pppoe.ae66 : auth.oe66 (.text:authGetPassword)
                  803463e0    00000140     nettool.ae66 : dhcptags.oe66 (.text:dhcpDecodeType)
                  80346520    00000140     rts6600_elf_mt.lib : fseek.obj (.text:fseek)
                  80346660    00000140                        : lowlev.obj (.text:getdevice)
                  803467a0    00000140     nettool.ae66 : httpsend.oe66 (.text:httpAuthenticationReq)
                  803468e0    00000140     os.ae66 : mem.oe66 (.text:mmCopy)
                  80346a20    00000140     stk6_ppp_pppoe.ae66 : nimuppp.oe66 (.text:pppAddClient)
                  80346b60    00000140                         : socket.oe66 (.text:recv)
                  80346ca0    00000140                         : socket.oe66 (.text:send)
                  80346de0    00000140     sysbios.ae66 : BIOS.obj (.text:ti_sysbios_family_c64p_Exception_Module_startup__F)
                  80346f20    00000140                  : BIOS.obj (.text:ti_sysbios_family_c64p_Hwi_Module_startup__F)
                  80347060    00000140                  : BIOS.obj (.text:ti_sysbios_family_c66_Cache_Module_startup__F)
                  803471a0    00000140                  : BIOS.obj (.text:ti_sysbios_knl_Semaphore_Instance_init__F)
                  803472e0    00000140                  : BIOS.obj (.text:ti_sysbios_knl_Swi_post__E)
                  80347420    00000140                  : BIOS.obj (.text:ti_sysbios_knl_Task_Module_startup__F)
                  80347560    00000140                  : BIOS.obj (.text:ti_sysbios_knl_Task_blockI__E)
                  803476a0    00000140     ti.targets.rts6000.ae66 : Text.oe66 (.text:xdc_runtime_Text_putLab__F)
                  803477e0    00000120     stk6_ppp_pppoe.ae66 : bind6.oe66 (.text:Bind6LifetimeMgmt)
                  80347900    00000120                         : bind.oe66 (.text:BindFree)
                  80347a20    00000120     nettool.ae66 : config.oe66 (.text:CfgFree)
                  80347b40    00000120                  : daemon.oe66 (.text:DaemonFree)
                  80347c60    00000120     stk6_ppp_pppoe.ae66 : file.oe66 (.text:FdWaitEvent)
                  80347d80    00000120                         : igmp.oe66 (.text:IGMPLeaveHostGroup)
                  80347ea0    00000120                         : ip.oe66 (.text:IPMsg)
                  80347fc0    00000120                         : ipin.oe66 (.text:IPRouteIP)
                  803480e0    00000120                         : ipv6_frag.oe66 (.text:IPv6CreateFragQ)
                  80348200    00000120                         : ipv6.oe66 (.text:IPv6Init)
                  80348320    00000120                         : icmpv6out.oe66 (.text:IsICMPv6ErrorPkt)
                  80348440    00000120                         : md5.oe66 (.text:MD5Update)
                  80348560    00000120                         : mld.oe66 (.text:MLDJoinGroup)
                  80348680    00000120     netctrl.ae66 : netctrl.oe66 (.text:NC_SystemOpen)
                  803487a0    00000120     stk6_ppp_pppoe.ae66 : nimu.oe66 (.text:NIMUAddEthernetHeader)
                  803488c0    00000120     ti.drv.qmss.ae66 : qmss_acc.oe66 (.text:Qmss_disableAccumulator)
                  803489e0    00000120     stk6_ppp_pppoe.ae66 : raweth.oe66 (.text:RawEthRxPacket)
                  80348b00    00000120                         : raweth.oe66 (.text:RawEthTxPacket)
                  80348c20    00000120                         : sb.oe66 (.text:SBNew)
                  80348d40    00000120     netctrl.ae66 : netsrv.oe66 (.text:SPConfig)
                  80348e60    00000120                  : netsrv.oe66 (.text:SPService)
                  80348f80    00000120     stk6_ppp_pppoe.ae66 : sock6.oe66 (.text:Sock6Disconnect)
                  803490a0    00000120                         : sock6.oe66 (.text:Sock6Shutdown)
                  803491c0    00000120                         : sockpcb.oe66 (.text:SockPcbFindRaw)
                  803492e0    00000120                         : sock.oe66 (.text:SockShutdown)
                  80349400    00000120                         : tcp6prot.oe66 (.text:TCP6PrAttach)
                  80349520    00000120                         : tcpprot.oe66 (.text:TcpPrAttach)
                  80349640    00000120     nettool.ae66 : telnetd.oe66 (.text:TelnetOpen)
                  80349760    00000120     stk6_ppp_pppoe.ae66 : rtable.oe66 (.text:_RtNodeInsert)
                  80349880    00000120     rts6600_elf_mt.lib : fclose.obj (.text:_closefile)
                  803499a0    00000120                        : _printfi.obj (.text:_ltostr)
                  80349ac0    00000120     os.ae66 : mem.oe66 (.text:_mmInit)
                  80349be0    00000120     nettool.ae66 : daemon.oe66 (.text:dchild)
                  80349d00    00000120     stk6_ppp_pppoe.ae66 : fileuser.oe66 (.text:fdOpenSession)
                  80349e20    00000120     nettool.ae66 : http.oe66 (.text:httpOpen)
                  80349f40    00000120     stk6_ppp_pppoe.ae66 : lcp.oe66 (.text:lcpOpen)
                  8034a060    00000120                         : lcp.oe66 (.text:lcpReject)
                  8034a180    00000120                         : socket.oe66 (.text:socket)
                  8034a2a0    00000120     sysbios.ae66 : BIOS.obj (.text:ti_sysbios_BIOS_rtsUnlock__I)
                  8034a3c0    00000120                  : BIOS.obj (.text:ti_sysbios_knl_Clock_startI__E)
                  8034a4e0    00000120     ti.targets.rts6000.ae66 : LoggerBuf.oe66 (.text:xdc_runtime_LoggerBuf_setFilterLevel__F)
                  8034a600    00000120                             : Text.oe66 (.text:xdc_runtime_Text_putMod__F)
                  8034a720    00000100     nettool.ae66 : config.oe66 (.text:CfgNew)
                  8034a820    00000100                  : config.oe66 (.text:CfgSetExecuteOrder)
                  8034a920    00000100     os.ae66 : ossys.oe66 (.text:DbgPrintf)
                  8034aa20    00000100     stk6_ppp_pppoe.ae66 : igmp.oe66 (.text:IGMPTimer)
                  8034ab20    00000100                         : ipv6.oe66 (.text:IPv6GetSubnetMaskFromBits)
                  8034ac20    00000100                         : ipv6_frag.oe66 (.text:IPv6ReasmTimeout)
                  8034ad20    00000100                         : rtc.oe66 (.text:RTCMsg)
                  8034ae20    00000100                         : rawethsock.oe66 (.text:RawEthSockCheck)
                  8034af20    00000100                         : route.oe66 (.text:RtRedirect)
                  8034b020    00000100                         : sockint.oe66 (.text:SockValidateRoute)
                  8034b120    00000100     nettool.ae66 : dhcpsm.oe66 (.text:StateSelecting)
                  8034b220    00000100     stk6_ppp_pppoe.ae66 : tcp6prot.oe66 (.text:TCP6PrInherit)
                  8034b320    00000100                         : tcp6time.oe66 (.text:TCP6XmitTimer)
                  8034b420    00000100                         : tcpprot.oe66 (.text:TcpPrInherit)
                  8034b520    00000100                         : tcptime.oe66 (.text:TcpXmitTimer)
                  8034b620    00000100                         : rtable.oe66 (.text:_RtNodeRemove)
                  8034b720    00000100     rts6600_elf_mt.lib : _io_perm.obj (.text:_wrt_ok)
                  8034b820    00000100     stk6_ppp_pppoe.ae66 : file.oe66 (.text:fdint_unlockfd)
                  8034b920    00000100                         : socket.oe66 (.text:listen)
                  8034ba20    00000100     os.ae66 : mem.oe66 (.text:mmFree)
                  8034bb20    00000100     sysbios.ae66 : BIOS.obj (.text:ti_sysbios_family_c64p_EventCombiner_dispatch__F)
                  8034bc20    00000100                  : BIOS.obj (.text:ti_sysbios_knl_Swi_restoreHwi__E)
                  8034bd20    00000100                  : BIOS.obj (.text:ti_sysbios_timers_timer64_Timer_initDevice__I)
                  8034be20    00000100     stk6_ppp_pppoe.ae66 : lliin.oe66 (.text:updateRtTable)
                  8034bf20    00000100     ti.targets.rts6000.ae66 : Core-mem.oe66 (.text:xdc_runtime_Core_deleteObject__I)
                  8034c020    00000100                             : LoggerBuf.oe66 (.text:xdc_runtime_LoggerBuf_getFilterLevel__F)
                  8034c120    00000100                             : Startup.oe66 (.text:xdc_runtime_Startup_exec__F)
                  8034c220    00000100                             : Text.oe66 (.text:xdc_runtime_Text_visitRope2__I)
                  8034c320    000000e0     stk6_ppp_pppoe.ae66 : bind6.oe66 (.text:Bind6GetLinkLocalAddress)
                  8034c400    000000e0     nettool.ae66 : config.oe66 (.text:CfgGetEntryCnt)
                  8034c4e0    000000e0                  : dhcpmain.oe66 (.text:DHCPClose)
                  8034c5c0    000000e0     rts6600_elf_mt.lib : trgdrv.obj (.text:HOSTlseek)
                  8034c6a0    000000e0                        : trgdrv.obj (.text:HOSTopen)
                  8034c780    000000e0     stk6_ppp_pppoe.ae66 : icmpv6in.oe66 (.text:ICMPv6SocketErrorInterface)
                  8034c860    000000e0                         : igmp.oe66 (.text:IGMPLeave)
                  8034c940    000000e0                         : ipv6_frag.oe66 (.text:IPv6FindFragQ)
                  8034ca20    000000e0                         : ipv6.oe66 (.text:IPv6Layer4ComputeChecksum)
                  8034cb00    000000e0                         : lli6.oe66 (.text:LLI6Msg)
                  8034cbe0    000000e0                         : lli6.oe66 (.text:LLI6Update)
                  8034ccc0    000000e0                         : mld.oe66 (.text:MLDFindMulticastNode)
                  8034cda0    000000e0                         : nimu.oe66 (.text:NIMUAllocateIndex)
                  8034ce80    000000e0                         : nimu.oe66 (.text:NIMUAllocateName)
                  8034cf60    000000e0                         : node.oe66 (.text:NodeDeRef)
                  8034d040    000000e0                         : node.oe66 (.text:NodeNew)
                  8034d120    000000e0                         : node.oe66 (.text:NodeTreeNew)
                  8034d200    000000e0                         : pbm.oe66 (.text:PBMQ_enq)
                  8034d2e0    000000e0                         : pbm.oe66 (.text:PBM_copy)
                  8034d3c0    000000e0                         : rawethsock.oe66 (.text:RawEthSockNotify)
                  8034d4a0    000000e0                         : rawethsock_pcb.oe66 (.text:RawEthSockPcbAttach)
                  8034d580    000000e0                         : rawethsock.oe66 (.text:RawEthSockSend)
                  8034d660    000000e0                         : route6.oe66 (.text:Route6Msg)
                  8034d740    000000e0                         : route.oe66 (.text:RtDeRef)
                  8034d820    000000e0                         : route.oe66 (.text:RtRemove)
                  8034d900    000000e0                         : sb.oe66 (.text:SBSetMax)
                  8034d9e0    000000e0                         : sock6int.oe66 (.text:Sock6SpawnAbort)
                  8034dac0    000000e0                         : sock6int.oe66 (.text:Sock6ValidateRoute)
                  8034dba0    000000e0                         : sock.oe66 (.text:SockDisconnect)
                  8034dc80    000000e0                         : sockint.oe66 (.text:SockSpawnAbort)
                  8034dd60    000000e0                         : tcp6prot.oe66 (.text:TCP6PrDetach)
                  8034de40    000000e0                         : tcp6prot.oe66 (.text:TCP6PrDisconnect)
                  8034df20    000000e0                         : tcp6prot.oe66 (.text:TCP6ValidateMetrics)
                  8034e000    000000e0                         : tcpprot.oe66 (.text:TcpPrDetach)
                  8034e0e0    000000e0                         : tcpprot.oe66 (.text:TcpPrDisconnect)
                  8034e1c0    000000e0                         : tcpprot.oe66 (.text:TcpValidateMetrics)
                  8034e2a0    000000e0                         : timer.oe66 (.text:TimerListInsert)
                  8034e380    000000e0                         : udp.oe66 (.text:UdpChecksum)
                  8034e460    000000e0                         : vlan.oe66 (.text:VLANDeinit)
                  8034e540    000000e0                         : vlan.oe66 (.text:VLANReceivePacket)
                  8034e620    000000e0     nettool.ae66 : config.oe66 (.text:_CfgEntryScan)
                  8034e700    000000e0     stk6_ppp_pppoe.ae66 : lli.oe66 (.text:_LLIExpListInsert)
                  8034e7e0    000000e0                         : rtable.oe66 (.text:_RtExpListInsert)
                  8034e8c0    000000e0     rts6600_elf_mt.lib : divi.obj (.text:__divi)
                  8034e9a0    000000e0                        : _printfi.obj (.text:_div)
                  8034ea80    000000e0                        : atoi.obj (.text:atoi)
                  8034eb60    000000e0                        : lowlev.obj (.text:close)
                  8034ec40    000000e0                        : copy_zero_init.obj (.text:decompress:ZI:__TI_zero_init)
                  8034ed20    000000e0     os.ae66 : efs.oe66 (.text:efs_internal_remove)
                  8034ee00    000000e0     rts6600_elf_mt.lib : exit.obj (.text:exit)
                  8034eee0    000000e0     stk6_ppp_pppoe.ae66 : file.oe66 (.text:fdint_lockfd)
                  8034efc0    000000e0     rts6600_elf_mt.lib : fflush.obj (.text:fflush)
                  8034f0a0    000000e0     nettool.ae66 : httpclie.oe66 (.text:httpGetMimeBits)
                  8034f180    000000e0     os.ae66 : task.oe66 (.text:llExit)
                  8034f260    000000e0     rts6600_elf_mt.lib : ltoa.obj (.text:ltoa)
                  8034f340    000000e0                        : memset.obj (.text:memset)
                  8034f420    000000e0     os.ae66 : mem.oe66 (.text:mmBulkAlloc)
                  8034f500    000000e0     stk6_ppp_pppoe.ae66 : nimuppp.oe66 (.text:pppFree)
                  8034f5e0    000000e0     rts6600_elf_mt.lib : printf.obj (.text:printf)
                  8034f6c0    000000e0     sysbios.ae66 : BIOS.obj (.text:ti_sysbios_knl_Clock_start__E)
                  8034f7a0    000000e0     ti.targets.rts6000.ae66 : Error.oe66 (.text:xdc_runtime_Error_print__F)
                  8034f880    000000e0                             : Memory.oe66 (.text:xdc_runtime_Memory_alloc__F)
                  8034f960    000000c0     rts6600_elf_mt.lib : trgdrv.obj (.text:HOSTread)
                  8034fa20    000000c0                        : trgdrv.obj (.text:HOSTwrite)
                  8034fae0    000000c0     stk6_ppp_pppoe.ae66 : icmpv6in.oe66 (.text:ICMPv6RecvDstUnreachable)
                  8034fba0    000000c0                         : lli.oe66 (.text:LLIGetValidTime)
                  8034fc60    000000c0                         : lli.oe66 (.text:LLIMsg)
                  8034fd20    000000c0                         : mld.oe66 (.text:MLDCreateMulticastNode)
                  8034fde0    000000c0                         : mld.oe66 (.text:MLDLeaveGroup)
                  8034fea0    000000c0                         : nimu.oe66 (.text:NIMUFindByName)
                  8034ff60    000000c0     netctrl.ae66 : netsrv.oe66 (.text:NS_BootTask)
                  80350020    000000c0     stk6_ppp_pppoe.ae66 : node.oe66 (.text:NodeUpdatePL)
                  803500e0    000000c0     nettool.ae66 : ipaddr.oe66 (.text:NtIfIdx2Ip)
                  803501a0    000000c0     ti.drv.qmss.ae66 : qmss_drv.oe66 (.text:Qmss_setEoiVector)
                  80350260    000000c0     stk6_ppp_pppoe.ae66 : route6.oe66 (.text:Rt6FindDefaultRouter)
                  80350320    000000c0                         : rtable.oe66 (.text:RtWalkBegin)
                  803503e0    000000c0                         : sb6.oe66 (.text:SB6Flush)
                  803504a0    000000c0                         : sb6.oe66 (.text:SB6SetMax)
                  80350560    000000c0                         : sb.oe66 (.text:SBFlush)
                  80350620    000000c0                         : sock6.oe66 (.text:Sock6IntAbort)
                  803506e0    000000c0                         : sock6pcb.oe66 (.text:Sock6PcbResolveChain)
                  803507a0    000000c0                         : sock6pcb.oe66 (.text:Sock6PcbRtChange)
                  80350860    000000c0                         : sock.oe66 (.text:SockIntAbort)
                  80350920    000000c0                         : sockpcb.oe66 (.text:SockPcbRtChange)
                  803509e0    000000c0                         : tcp6prot.oe66 (.text:TCP6Close)
                  80350aa0    000000c0                         : tcp6time.oe66 (.text:TCP6TimeoutSackRexmt)
                  80350b60    000000c0     os.ae66 : task.oe66 (.text:TaskGetEnv)
                  80350c20    000000c0     stk6_ppp_pppoe.ae66 : tcp.oe66 (.text:TcpChecksum)
                  80350ce0    000000c0                         : tcpprot.oe66 (.text:TcpClose)
                  80350da0    000000c0                         : tcptime.oe66 (.text:TcpTimeoutSackRexmt)
                  80350e60    000000c0                         : bind6.oe66 (.text:_Bind6FindByHostInList)
                  80350f20    000000c0                         : bind6.oe66 (.text:_Bind6FindByNetInList)
                  80350fe0    000000c0     rts6600_elf_mt.lib : dtor_list.obj (.text:__cxa_finalize)
                  803510a0    000000c0                        : divu.obj (.text:__divu)
                  80351160    000000c0                        : remi.obj (.text:__remi)
                  80351220    000000c0                        : fflush.obj (.text:_doflush)
                  803512e0    000000c0     ti.drv.cppi.ae66 : cppi_listlib.oe66 (.text:cppi_list_remove_node)
                  803513a0    000000c0     nettool.ae66 : dhcptags.oe66 (.text:dhcpOptionsClear)
                  80351460    000000c0     os.ae66 : efs.oe66 (.text:efs_fopen)
                  80351520    000000c0     nettool.ae66 : httpsend.oe66 (.text:httpSendFullResponse)
                  803515e0    000000c0     os.ae66 : mem.oe66 (.text:mmZeroInit)
                  803516a0    000000c0     rts6600_elf_mt.lib : _mutex.obj (.text:mutex_init)
                  80351760    000000c0     stk6_ppp_pppoe.ae66 : nimuppp.oe66 (.text:pppAddIP)
                  80351820    000000c0     rts6600_elf_mt.lib : _pthread.obj (.text:pthread_mutex_lock)
                  803518e0    000000c0                        : _pthread.obj (.text:pthread_mutex_unlock)
                  803519a0    000000c0                        : _pthread.obj (.text:pthread_once)
                  80351a60    000000c0     sysbios.ae66 : BIOS.obj (.text:ti_sysbios_BIOS_errorRaiseHook__I)
                  80351b20    000000c0                  : BIOS.obj (.text:ti_sysbios_heaps_HeapMem_getStats__E)
                  80351be0    000000c0                  : BIOS.obj (.text:ti_sysbios_knl_Clock_logTick__E)
                  80351ca0    000000c0     Disparity_pe66.oe66 (.text:ti_sysbios_knl_Task_Object__create__S)
                  80351d60    000000c0     sysbios.ae66 : BIOS.obj (.text:ti_sysbios_knl_Task_allBlockedFunction__I)
                  80351e20    000000c0                  : BIOS.obj (.text:ti_sysbios_timers_timer64_Timer_startup__E)
                  80351ee0    000000c0     ti.targets.rts6000.ae66 : LoggerBuf.oe66 (.text:xdc_runtime_LoggerBuf_Instance_init__F)
                  80351fa0    000000c0     Disparity_pe66.oe66 (.text:xdc_runtime_LoggerBuf_Object__create__S)
                  80352060    000000c0     ti.targets.rts6000.ae66 : System.oe66 (.text:xdc_runtime_System_formatNum__I)
                  80352120    000000a0     nettool.ae66 : config.oe66 (.text:CfgEntryDeRef)
                  803521c0    000000a0                  : config.oe66 (.text:CfgEntryGetData)
                  80352260    000000a0                  : config.oe66 (.text:CfgGetImmediate)
                  80352300    000000a0                  : telnetd.oe66 (.text:CmdWriteBytes)
                  803523a0    000000a0                  : telnetd.oe66 (.text:CmdWriteCmd)
                  80352440    000000a0     ti.drv.cppi.ae66 : cppi_drv.oe66 (.text:Cppi_channelEnable)
                  803524e0    000000a0     stk6_ppp_pppoe.ae66 : file.oe66 (.text:FdSignalEvent)
                  80352580    000000a0     rts6600_elf_mt.lib : trgdrv.obj (.text:HOSTunlink)
                  80352620    000000a0     stk6_ppp_pppoe.ae66 : ipfrag.oe66 (.text:IPReasmFree)
                  803526c0    000000a0                         : ipfrag.oe66 (.text:IPReasmTimeout)
                  80352760    000000a0                         : ipv6.oe66 (.text:IPv6CompareAddress)
                  80352800    000000a0                         : lliin.oe66 (.text:LLIValidateRoute)
                  803528a0    000000a0                         : md5.oe66 (.text:MD5Final)
                  80352940    000000a0                         : nimu.oe66 (.text:NIMUShutdown)
                  803529e0    000000a0                         : nimu.oe66 (.text:NIMUUnregister)
                  80352a80    000000a0     nettool.ae66 : ipaddr.oe66 (.text:NtAddNetwork)
                  80352b20    000000a0     stk6_ppp_pppoe.ae66 : pbm.oe66 (.text:PBM_open)
                  80352bc0    000000a0                         : pipe.oe66 (.text:PipeCheck)
                  80352c60    000000a0     ti.drv.qmss.ae66 : qmss_drv.oe66 (.text:Qmss_queueClose)
                  80352d00    000000a0                      : qmss_drv.oe66 (.text:Qmss_startCfg)
                  80352da0    000000a0     stk6_ppp_pppoe.ae66 : rtable.oe66 (.text:RouteMsg)
                  80352e40    000000a0                         : route.oe66 (.text:RtNew)
                  80352ee0    000000a0                         : sb6.oe66 (.text:SB6Free)
                  80352f80    000000a0                         : sb.oe66 (.text:SBFree)
                  80353020    000000a0     os.ae66 : semaphore.oe66 (.text:SemCreate)
                  803530c0    000000a0             : semaphore.oe66 (.text:SemCreateBinary)
                  80353160    000000a0     stk6_ppp_pppoe.ae66 : sock6pcb.oe66 (.text:Sock6CleanPcb)
                  80353200    000000a0                         : sock6.oe66 (.text:Sock6GetName)
                  803532a0    000000a0                         : sock.oe66 (.text:SockBind)
                  80353340    000000a0                         : sockpcb.oe66 (.text:SockCleanPcb)
                  803533e0    000000a0                         : sockpcb.oe66 (.text:SockPcbResolveChain)
                  80353480    000000a0                         : tcp6prot.oe66 (.text:TCP6Drop)
                  80353520    000000a0                         : tcp6prot.oe66 (.text:TCP6PrCtlError)
                  803535c0    000000a0                         : tcp6prot.oe66 (.text:TCP6PrSend)
                  80353660    000000a0                         : tcp6prot.oe66 (.text:TCP6PrSendOOB)
                  80353700    000000a0     os.ae66 : task.oe66 (.text:TaskCreate)
                  803537a0    000000a0     stk6_ppp_pppoe.ae66 : tcpprot.oe66 (.text:TcpDrop)
                  80353840    000000a0                         : tcpprot.oe66 (.text:TcpPrCtlError)
                  803538e0    000000a0                         : tcpprot.oe66 (.text:TcpPrSend)
                  80353980    000000a0                         : tcpprot.oe66 (.text:TcpPrSendOOB)
                  80353a20    000000a0                         : timer.oe66 (.text:TimerNew)
                  80353ac0    000000a0     nettool.ae66 : config.oe66 (.text:_CfgRelease)
                  80353b60    000000a0     stk6_ppp_pppoe.ae66 : lli.oe66 (.text:_LLITimeoutFlush)
                  80353c00    000000a0     rts6600_elf_mt.lib : dtor_list.obj (.text:_Z11__TI_atexitPFYvPvES_S_)
                  80353ca0    000000a0                        : remu.obj (.text:__remu)
                  80353d40    000000a0     boot.ae66 : boot.oe66 (.text:_c_int00)
                  80353de0    000000a0     rts6600_elf_mt.lib : fopen.obj (.text:_cleanup)
                  80353e80    000000a0                        : _printfi.obj (.text:_ecpy)
                  80353f20    000000a0                        : _printfi.obj (.text:_fcpy)
                  80353fc0    000000a0                        : _printfi.obj (.text:_pconv_f)
                  80354060    000000a0     stk6_ppp_pppoe.ae66 : auth.oe66 (.text:authStart)
                  80354100    000000a0     ti.drv.cppi.ae66 : cppi_heap.oe66 (.text:cppi_internal_heap_malloc)
                  803541a0    000000a0                      : cppi_listlib.oe66 (.text:cppi_list_cat)
                  80354240    000000a0     nettool.ae66 : dhcpbild.oe66 (.text:dhcpBuildDecline)
                  803542e0    000000a0                  : dhcpsm.oe66 (.text:dhcpIPRemove)
                  80354380    000000a0     os.ae66 : efs.oe66 (.text:efs_filesend)
                  80354420    000000a0     stk6_ppp_pppoe.ae66 : fileuser.oe66 (.text:fdCloseSession)
                  803544c0    000000a0     rts6600_elf_mt.lib : lowlev.obj (.text:finddevice)
                  80354560    000000a0     stk6_ppp_pppoe.ae66 : lcp.oe66 (.text:lcpInit)
                  80354600    000000a0                         : lcp.oe66 (.text:lcpSendTerm)
                  803546a0    000000a0                         : sock6.oe66 (.text:leaveGroup)
                  80354740    000000a0     hal_timer_bios.ae66 : lltimer.oe66 (.text:llTimerTick)
                  803547e0    000000a0     rts6600_elf_mt.lib : lowlev.obj (.text:lseek)
                  80354880    000000a0                        : memcpy64.obj (.text:memcpy)
                  80354920    000000a0     os.ae66 : mem.oe66 (.text:mmBulkFree)
                  803549c0    000000a0             : mem.oe66 (.text:mmInitPage)
                  80354a60    000000a0     rts6600_elf_mt.lib : _mutex.obj (.text:mutex_unlock)
                  80354b00    000000a0     ti.drv.pa.ae66 : pa.oe66 (.text:pa_format_fcmd_header)
                  80354ba0    000000a0                    : pa.oe66 (.text:pa_pdsp_run)
                  80354c40    000000a0     os.ae66 : ossys.oe66 (.text:stricmp)
                  80354ce0    000000a0     rts6600_elf_mt.lib : strstr.obj (.text:strstr)
                  80354d80    000000a0     sysbios.ae66 : BIOS.obj (.text:ti_sysbios_family_c64p_Hwi_eventMap__E)
                  80354e20    000000a0                  : BIOS.obj (.text:ti_sysbios_family_c64p_Hwi_getStackInfo__E)
                  80354ec0    000000a0                  : BIOS.obj (.text:ti_sysbios_heaps_HeapMem_init__I)
                  80354f60    000000a0                  : BIOS.obj (.text:ti_sysbios_knl_Idle_run__E)
                  80355000    000000a0                  : BIOS.obj (.text:ti_sysbios_knl_Semaphore_pendTimeout__I)
                  803550a0    000000a0                  : BIOS.obj (.text:ti_sysbios_knl_Task_deleteTerminatedTasksFunc__I)
                  80355140    000000a0                  : BIOS.obj (.text:ti_sysbios_knl_Task_processVitalTaskFlag__I)
                  803551e0    000000a0                  : BIOS.obj (.text:ti_sysbios_timers_timer64_Timer_stop__E)
                  80355280    000000a0     rts6600_elf_mt.lib : lowlev.obj (.text:write)
                  80355320    000000a0     ti.targets.rts6000.ae66 : Assert.oe66 (.text:xdc_runtime_Assert_raise__I)
                  803553c0    000000a0                             : LoggerBuf.oe66 (.text:xdc_runtime_LoggerBuf_Module_startup__F)
                  80355460    000000a0     Disparity_pe66.oe66 (.text:xdc_runtime_LoggerBuf_write8__E)
                  80355500    000000a0     ti.targets.rts6000.ae66 : Text.oe66 (.text:xdc_runtime_Text_xprintf__I)
                  803555a0    00000080     ti.drv.cppi.ae66 : cppi_drv.oe66 (.text:Cppi_setCpdmaLoopback)
                  80355620    00000080     stk6_ppp_pppoe.ae66 : md5.oe66 (.text:Decode)
                  803556a0    00000080     rts6600_elf_mt.lib : trgdrv.obj (.text:HOSTclose)
                  80355720    00000080     stk6_ppp_pppoe.ae66 : icmp.oe66 (.text:ICMPChecksum)
                  803557a0    00000080                         : icmpv6in.oe66 (.text:ICMPv6RecvParamProblem)
                  80355820    00000080                         : icmpv6_ndisc.oe66 (.text:ICMPv6RecvRS)
                  803558a0    00000080                         : icmpv6in.oe66 (.text:ICMPv6RecvTimeExceeded)
                  80355920    00000080                         : ipv6out.oe66 (.text:IPv6GetRoute)
                  803559a0    00000080                         : lli6.oe66 (.text:LLI6Free)
                  80355a20    00000080                         : lli6.oe66 (.text:LLI6IsRouterStatMachine)
                  80355aa0    00000080                         : nimu.oe66 (.text:NIMUInit)
                  80355b20    00000080                         : pbm.oe66 (.text:PBMQ_deq)
                  80355ba0    00000080                         : nimuppp.oe66 (.text:PPPSend)
                  80355c20    00000080     ti.drv.pa.ae66 : painit.oe66 (.text:Pa_getBufferReq)
                  80355ca0    00000080     stk6_ppp_pppoe.ae66 : pipe.oe66 (.text:PipeClose)
                  80355d20    00000080     ti.drv.qmss.ae66 : qmss_drv.oe66 (.text:Qmss_getMemRegQueueHandle)
                  80355da0    00000080                      : qmss_drv.oe66 (.text:Qmss_queueOpen)
                  80355e20    00000080     stk6_ppp_pppoe.ae66 : rawethsock.oe66 (.text:RawEthSockClose)
                  80355ea0    00000080                         : rawethsock_pcb.oe66 (.text:RawEthSockPcbDetach)
                  80355f20    00000080                         : route6.oe66 (.text:Rt6Update)
                  80355fa0    00000080                         : route.oe66 (.text:RtSetFailure)
                  80356020    00000080                         : route.oe66 (.text:RtSetTimeout)
                  803560a0    00000080                         : sock6.oe66 (.text:Sock6Bind)
                  80356120    00000080                         : sock6pcb.oe66 (.text:Sock6PcbCleanup)
                  803561a0    00000080                         : sock.oe66 (.text:SockGetName)
                  80356220    00000080                         : sockpcb.oe66 (.text:SockPcbCleanup)
                  803562a0    00000080                         : sockpcb.oe66 (.text:SockPcbDetach)
                  80356320    00000080                         : tcp6prot.oe66 (.text:TCP6PrListen)
                  803563a0    00000080     os.ae66 : task.oe66 (.text:TaskSetEnv)
                  80356420    00000080     stk6_ppp_pppoe.ae66 : tcpprot.oe66 (.text:TcpPrListen)
                  803564a0    00000080                         : timer.oe66 (.text:TimerHSTick)
                  80356520    00000080                         : timer.oe66 (.text:TimerListRemove)
                  803565a0    00000080     nettool.ae66 : config.oe66 (.text:_CfgAcquire)
                  80356620    00000080     stk6_ppp_pppoe.ae66 : lli.oe66 (.text:_LLIExpListRemove)
                  803566a0    00000080                         : rtc.oe66 (.text:_RTCSendRtAdv)
                  80356720    00000080                         : rtable.oe66 (.text:_RtExpListRemove)
                  803567a0    00000080     rts6600_elf_mt.lib : _mutex.obj (.text:__TI_resource_lock)
                  80356820    00000080                        : llshift.obj (.text:__c6xabi_llshl)
                  803568a0    00000080     sysbios.ae66 : c62_TaskSupport_asm.obj (.text:_ti_sysbios_family_c62_TaskSupport_swap__E)
                  80356920    00000080     ti.drv.cppi.ae66 : cppi_heap.oe66 (.text:cppi_internal_heap_cache_begin)
                  803569a0    00000080                      : cppi_listlib.oe66 (.text:cppi_list_remove)
                  80356a20    00000080     nettool.ae66 : dhcpsock.oe66 (.text:dhcpSocketClose)
                  80356aa0    00000080     os.ae66 : efs.oe66 (.text:efs_fclose)
                  80356b20    00000080             : efs.oe66 (.text:efs_findfile)
                  80356ba0    00000080     stk6_ppp_pppoe.ae66 : file.oe66 (.text:fdint_waitevent)
                  80356c20    00000080     nettool.ae66 : httpsend.oe66 (.text:httpSendEntityLength)
                  80356ca0    00000080                  : httpsend.oe66 (.text:httpSendErrorResponse)
                  80356d20    00000080     hal_timer_bios.ae66 : lltimer.oe66 (.text:llTimerGetTime)
                  80356da0    00000080     Disparity_pe66.oe66 (.text:malloc)
                  80356e20    00000080     rts6600_elf_mt.lib : _mutex.obj (.text:mutex_lock)
                  80356ea0    00000080     mathlib.ae66 : rsqrtsp.obj (.text:optasm)
                  80356f20    00000080     ti.drv.pa.ae66 : pa.oe66 (.text:pa_uint8_match)
                  80356fa0    00000080     rts6600_elf_mt.lib : _pthread.obj (.text:pthread_mutex_init)
                  80357020    00000080                        : trgmsg.obj (.text:readmsg)
                  803570a0    00000080     nettool.ae66 : httpsend.oe66 (.text:strcat)
                  80357120    00000080     rts6600_elf_mt.lib : strncpy.obj (.text:strncpy)
                  803571a0    00000080     ti.drv.pa.ae66 : pa.oe66 (.text:swizFcmd)
                  80357220    00000080     ti.platform.evm6678l.ae66 : evm66x_i2c.obj (.text)
                  803572a0    00000080     sysbios.ae66 : BIOS.obj (.text:ti_sysbios_BIOS_registerRTSLock__I)
                  80357320    00000080     Disparity_pe66.oe66 (.text:ti_sysbios_gates_GateHwi_Object__create__S)
                  803573a0    00000080     Disparity_pe66.oe66 (.text:ti_sysbios_gates_GateMutex_Object__create__S)
                  80357420    00000080     sysbios.ae66 : BIOS.obj (.text:ti_sysbios_hal_Hwi_checkStack:ti_sysbios_hal_Hwi_checkStack)
                  803574a0    00000080                  : BIOS.obj (.text:ti_sysbios_hal_Hwi_initStack:ti_sysbios_hal_Hwi_initStack)
                  80357520    00000080     Disparity_pe66.oe66 (.text:ti_sysbios_heaps_HeapMem_Object__create__S)
                  803575a0    00000080     sysbios.ae66 : BIOS.obj (.text:ti_sysbios_knl_Clock_Module_startup__F)
                  80357620    00000080     Disparity_pe66.oe66 (.text:ti_sysbios_knl_Clock_Object__create__S)
                  803576a0    00000080     sysbios.ae66 : BIOS.obj (.text:ti_sysbios_knl_Clock_getTicks__E)
                  80357720    00000080     Disparity_pe66.oe66 (.text:ti_sysbios_knl_Queue_Object__create__S)
                  803577a0    00000080     Disparity_pe66.oe66 (.text:ti_sysbios_knl_Semaphore_Object__create__S)
                  80357820    00000080     sysbios.ae66 : BIOS.obj (.text:ti_sysbios_knl_Swi_startup__E)
                  803578a0    00000080                  : BIOS.obj (.text:ti_sysbios_knl_Task_restore__E)
                  80357920    00000080                  : BIOS.obj (.text:ti_sysbios_timers_timer64_Timer_getCount__E)
                  803579a0    00000080                  : BIOS.obj (.text:ti_sysbios_timers_timer64_Timer_getPeriod__E)
                  80357a20    00000080     rts6600_elf_mt.lib : trgmsg.obj (.text:writemsg)
                  80357aa0    00000080     ti.targets.rts6000.ae66 : Core-label.oe66 (.text:xdc_runtime_Core_assignLabel__I)
                  80357b20    00000080                             : Core-params.oe66 (.text:xdc_runtime_Core_assignParams__I)
                  80357ba0    00000080                             : LoggerBuf.oe66 (.text:xdc_runtime_LoggerBuf_filterOutEvent__I)
                  80357c20    00000080                             : System.oe66 (.text:xdc_runtime_System_atexit__F)
                  80357ca0    00000080                             : System.oe66 (.text:xdc_runtime_System_putchar__I)
                  80357d20    00000080                             : System.oe66 (.text:xdc_runtime_System_rtsExit__I)
                  80357da0    00000080                             : Text.oe66 (.text:xdc_runtime_Text_printVisFxn__I)
                  80357e20    00000060     stk6_ppp_pppoe.ae66 : bind6.oe66 (.text:Bind6FindByIF)
                  80357e80    00000060                         : bind6.oe66 (.text:Bind6IF2IPHost)
                  80357ee0    00000060                         : bind.oe66 (.text:BindFindByHost)
                  80357f40    00000060                         : bind.oe66 (.text:BindFindByIF)
                  80357fa0    00000060                         : bind.oe66 (.text:BindFindByNet)
                  80358000    00000060                         : bind.oe66 (.text:BindGetIFByDBCast)
                  80358060    00000060                         : bind.oe66 (.text:BindIF2IPHost)
                  803580c0    00000060     nettool.ae66 : config.oe66 (.text:CfgEntryInfo)
                  80358120    00000060                  : config.oe66 (.text:CfgSetService)
                  80358180    00000060     stk6_ppp_pppoe.ae66 : md5.oe66 (.text:Encode)
                  803581e0    00000060                         : exec.oe66 (.text:ExecBroadcast)
                  80358240    00000060                         : igmp.oe66 (.text:IGMPTestGroup)
                  803582a0    00000060                         : ip.oe66 (.text:IPChecksum)
                  80358300    00000060                         : lli.oe66 (.text:LLIFree)
                  80358360    00000060     netctrl.ae66 : netctrl.oe66 (.text:NC_SystemClose)
                  803583c0    00000060     stk6_ppp_pppoe.ae66 : nimu.oe66 (.text:NIMUAddHeader)
                  80358420    00000060                         : nimu.oe66 (.text:NIMUCreatePacket)
                  80358480    00000060                         : nimu.oe66 (.text:NIMUFindByIndex)
                  803584e0    00000060                         : nimu.oe66 (.text:NIMUPacketService)
                  80358540    00000060                         : nimu.oe66 (.text:NIMUPacketServiceCheck)
                  803585a0    00000060                         : nimu.oe66 (.text:NIMUSendPacket)
                  80358600    00000060     netctrl.ae66 : netsrv.oe66 (.text:NS_PreBoot)
                  80358660    00000060     stk6_ppp_pppoe.ae66 : node.oe66 (.text:NodeGetRt)
                  803586c0    00000060                         : nimuppp.oe66 (.text:PPPStart)
                  80358720    00000060                         : rtc.oe66 (.text:RTCAddHook)
                  80358780    00000060                         : rtc.oe66 (.text:RTCRemoveHook)
                  803587e0    00000060                         : rawethsock_pcb.oe66 (.text:RawEthSockPcbCleanup)
                  80358840    00000060                         : rawethsock_pcb.oe66 (.text:RawEthSockPcbFind)
                  803588a0    00000060                         : route6.oe66 (.text:Rt6GetNetworkAddr)
                  80358900    00000060                         : rtable.oe66 (.text:RtWalkEnd)
                  80358960    00000060     netctrl.ae66 : netsrv.oe66 (.text:ServiceCallback)
                  803589c0    00000060     stk6_ppp_pppoe.ae66 : sock6pcb.oe66 (.text:Sock6PcbDetach)
                  80358a20    00000060                         : sock6prot.oe66 (.text:Sock6PrCtlError)
                  80358a80    00000060                         : sock6prot.oe66 (.text:Sock6PrDetach)
                  80358ae0    00000060                         : sockprot.oe66 (.text:SockPrCtlError)
                  80358b40    00000060                         : sockprot.oe66 (.text:SockPrDetach)
                  80358ba0    00000060                         : tcp6prot.oe66 (.text:TCP6PrConnect)
                  80358c00    00000060                         : tcp6time.oe66 (.text:TCP6SetPersist)
                  80358c60    00000060                         : tcp6time.oe66 (.text:TCP6TimeoutPersist)
                  80358cc0    00000060                         : tcpprot.oe66 (.text:TcpPrConnect)
                  80358d20    00000060                         : tcptime.oe66 (.text:TcpSetPersist)
                  80358d80    00000060                         : tcptime.oe66 (.text:TcpTimeoutPersist)
                  80358de0    00000060                         : vlan.oe66 (.text:VLANFindNode)
                  80358e40    00000060                         : vlan.oe66 (.text:VLANFindSourceInterface)
                  80358ea0    00000060                         : vlan.oe66 (.text:VLANInit)
                  80358f00    00000060     nettool.ae66 : config.oe66 (.text:_CfgEntryProcess)
                  80358f60    00000060     rts6600_elf_mt.lib : frcmpyd_div.obj (.text:__c6xabi_frcmpyd_div)
                  80358fc0    00000060                        : llshift.obj (.text:__c6xabi_llshru)
                  80359020    00000060                        : imath64.obj (.text:_subcull)
                  80359080    00000060     ti.drv.cppi.ae66 : cppi_listlib.oe66 (.text:cppi_list_add)
                  803590e0    00000060                      : cppi_listlib.oe66 (.text:cppi_list_cache_invalidate)
                  80359140    00000060     rts6600_elf_mt.lib : _mutex.obj (.text:create_resource_mutexes)
                  803591a0    00000060                        : _mutex.obj (.text:destroy_resource_mutexes)
                  80359200    00000060     nettool.ae66 : dhcpbild.oe66 (.text:dhcpBuildDiscover)
                  80359260    00000060                  : dhcpsock.oe66 (.text:dhcpPacketReceive)
                  803592c0    00000060                  : dhcpsock.oe66 (.text:dhcpPacketSend)
                  80359320    00000060     stk6_ppp_pppoe.ae66 : fileuser.oe66 (.text:fdSelectAbort)
                  80359380    00000060                         : file.oe66 (.text:fdint_clearevent)
                  803593e0    00000060                         : file.oe66 (.text:fdint_getfdt)
                  80359440    00000060                         : file.oe66 (.text:fdint_setevent)
                  803594a0    00000060                         : fileuser.oe66 (.text:fdsetTestEntry)
                  80359500    00000060     nettool.ae66 : httpsend.oe66 (.text:httpSendClientStr)
                  80359560    00000060     stk6_ppp_pppoe.ae66 : ipcp.oe66 (.text:ipcpInit)
                  803595c0    00000060                         : ipcp.oe66 (.text:ipcpStart)
                  80359620    00000060                         : lcp.oe66 (.text:lcpClose)
                  80359680    00000060                         : listlib.oe66 (.text:list_cat)
                  803596e0    00000060                         : listlib.oe66 (.text:list_remove_node)
                  80359740    00000060     rts6600_elf_mt.lib : memccpy.obj (.text:memccpy)
                  803597a0    00000060     os.ae66 : mem.oe66 (.text:mmUnInitPage)
                  80359800    00000060     ti.drv.pa.ae66 : painit.oe66 (.text:pa_init_global_cfg)
                  80359860    00000060                    : pa.oe66 (.text:pa_uint8_zero)
                  803598c0    00000060     stk6_ppp_pppoe.ae66 : nimupppoe.oe66 (.text:pppoeInput)
                  80359920    00000060     rts6600_elf_mt.lib : _pthread.obj (.text:pthread_mutex_destroy)
                  80359980    00000060                        : strcpy.obj (.text:strcpy)
                  803599e0    00000060     Disparity_pe66.oe66 (.text:ti_ndk_config_Global_stackThread)
                  80359a40    00000060     Disparity_pe66.oe66 (.text:ti_sysbios_BIOS_exitFunc__I)
                  80359aa0    00000060     sysbios.ae66 : BIOS.obj (.text:ti_sysbios_BIOS_rtsLock__I)
                  80359b00    00000060                  : BIOS.obj (.text:ti_sysbios_family_c62_TaskSupport_start__E)
                  80359b60    00000060                  : BIOS.obj (.text:ti_sysbios_family_c64p_EventCombiner_Module_startup__F)
                  80359bc0    00000060                  : BIOS.obj (.text:ti_sysbios_family_c64p_EventCombiner_dispatchPlug__F)
[...]
8035d960   xdc_runtime_System_vsnprintf__F
8035d980   NDK_vsprintf
8035d980   xdc_runtime_System_vsprintf__E
8035d9a0   xdc_runtime_Text_cordText__E
8035d9c0   xdc_runtime_Text_putLab__E
8035d9e0   xdc_runtime_Text_putSite__E
8035da00   xdc_runtime_Text_ropeText__E
8035da20   xdc_runtime_Timestamp_SupportProxy_get32__E
8035da20   xdc_runtime_Timestamp_get32__F
8035da40   xdc_runtime_Timestamp_SupportProxy_getFreq__E
8035da40   xdc_runtime_Timestamp_getFreq__F
8035da60   xdc_runtime_Timestamp_get32__E
8035da80   xdc_runtime_Timestamp_getFreq__E
8035daa0   ti_ndk_config_Global_pit
8035dc60   ti_ndk_config_Global_pitBuffer
80369c60   ti_sysbios_knl_Task_Instance_State_0_hookEnv__A
80369c68   ti_sysbios_knl_Task_Instance_State_1_hookEnv__A
80369c70   ti_sysbios_knl_Task_Instance_State_2_hookEnv__A
80369c78   xdc_runtime_LoggerBuf_Instance_State_0_entryArr__A
8036ac30   _tmpnams
8036ad70   qmssLObj
8036b078   IPV6_LINKLOCALMASK
8036b088   IPV6_MULTICASTMASK
8036b098   IPV6_UNSPECIFIED_ADDRESS
8036b0a8   IPV6_LOOPBACK_ADDRESS
8036b0b8   IPV6_HOST_MASK
8036b0c8   IPV6_ALL_NODES_ADDRESS
8036b0d8   IPV6_ALL_ROUTER_ADDRESS
8036b0e8   ipv6mcb
8036b140   tcps
8036b1f8   tpseudo
8036b204   tcp6_stats
8036b2bc   raweth_pcb
8036b2c0   _ICMPIn
8036b310   _ICMPOut
8036b35c   gPlatformInfo
8036b3f0   BlockMax
8036b410   BlockCount
8036b430   PageMax
8036b450   PageCount
8036b46c   ips
8036b4d4   nimu_mcb
8036b538   gI2cBlock
8036b57c   udps
8036b5a0   upseudo
8036b5b0   nimuGlobalConfigParams
8036b5c0   coreKey
8036b5e0   vlan_mcb
8036b608   udp6_stats
8036b630   gCppiCfg
8036b650   icmp6stats
8036b684   stkEvent
8036b694   raws
8036b6a4   raw6_stats
8036b6b4   raweths
8036b6c4   PBMQ_free
8036b6d0   c1
8036d498   m
8036ed48   xdc_runtime_Text_charTab__A
80370340   c2
80372328   acc48_le
80372958   ti_sysbios_family_c66_Cache_marvalues__C
80373c78   _ctypes_
80373d7a   ti_sysbios_BIOS_Module__id__C
80373d7c   ti_sysbios_BIOS_Module__diagsEnabled__C
80373d80   xdc_runtime_Text_nodeTab__A
803745c6   ti_sysbios_family_c64p_EventCombiner_Module__id__C
803746ec   ti_sysbios_BIOS_Module__diagsIncluded__C
803746f0   pap_pdsp_const_reg_map
803748b2   ti_sysbios_family_c64p_Exception_Module__id__C
803749ba   ti_sysbios_family_c64p_Exception_enableExternalMPC__C
803749bc   ti_sysbios_BIOS_Module__diagsMask__C
803749c0   Code2Err
80374bb2   ti_sysbios_family_c64p_Exception_enablePrint__C
80374bb4   ti_sysbios_knl_Task_Object__PARAMS__C
80374bf0   xdc_runtime_LoggerBuf_Module__FXNS__C
80374c2c   ti_sysbios_BIOS_installedErrorHook__C
80374c30   xdc_runtime_Startup_sfxnTab__A
80374d02   ti_sysbios_family_c64p_Exception_useInternalBuffer__C
80374d04   ti_sysbios_family_c62_TaskSupport_stackAlignment__C
80374d08   ti_sysbios_knl_Task_hooks__A
80374dbc   ti_sysbios_heaps_HeapMem_Module__FXNS__C
80374de4   xdc_runtime_LoggerBuf_Object__PARAMS__C
80374e34   ti_sysbios_gates_GateHwi_Module__FXNS__C
80374e58   ti_sysbios_gates_GateMutex_Module__FXNS__C
80374e7c   ti_sysbios_heaps_HeapMem_Object__PARAMS__C
80374ea0   ti_sysbios_knl_Clock_Object__PARAMS__C
80374ec4   ti_sysbios_knl_Semaphore_Object__PARAMS__C
80374f0c   ti_sysbios_gates_GateHwi_Object__DESC__C
80374f2c   ti_sysbios_gates_GateMutex_Object__DESC__C
80374f4c   ti_sysbios_heaps_HeapMem_Object__DESC__C
80374f6c   ti_sysbios_knl_Clock_Object__DESC__C
80374f8c   ti_sysbios_knl_Queue_Object__DESC__C
80374fac   ti_sysbios_knl_Semaphore_Object__DESC__C
80374fcc   ti_sysbios_knl_Task_Object__DESC__C
80374fec   xdc_runtime_LoggerBuf_Object__DESC__C
8037500c   ti_sysbios_family_c64p_EventCombiner_E_unpluggedEvent__C
8037506a   ti_sysbios_family_c64p_Hwi_Module__id__C
8037506c   ti_sysbios_family_c64p_Exception_E_exceptionMax__C
80375070   xdc_runtime_Startup_sfxnRts__A
8037508c   ti_sysbios_family_c64p_Exception_E_exceptionMin__C
803750f0   ti_sysbios_gates_GateHwi_Object__PARAMS__C
80375108   ti_sysbios_gates_GateMutex_Object__PARAMS__C
80375120   ti_sysbios_knl_Queue_Object__PARAMS__C
8037519a   ti_sysbios_family_c64p_Hwi_Module__loggerDefined__C
8037519c   ti_sysbios_family_c64p_Exception_exceptionHook__C
803751b2   ti_sysbios_gates_GateMutex_Module__id__C
803751b4   ti_sysbios_family_c64p_Exception_externalHook__C
803751b8   paMemAligns
803751c8   ti_sysbios_family_c64p_EventCombiner_EVTMASK__C
80375200   ti_sysbios_family_c66_Cache_initSize__C
80375222   ti_sysbios_hal_Hwi_Module__id__C
80375224   ti_sysbios_family_c64p_Exception_internalHook__C
80375232   ti_sysbios_heaps_HeapMem_Module__id__C
80375234   ti_sysbios_family_c64p_Exception_nmiHook__C
80375250   ti_sysbios_knl_Idle_coreList__A
80375258   ti_sysbios_knl_Idle_coreList__C
80375260   ti_sysbios_knl_Idle_funcList__A
80375268   ti_sysbios_knl_Idle_funcList__C
80375270   ti_sysbios_knl_Task_hooks__C
80375278   xdc_runtime_Startup_firstFxns__A
80375280   xdc_runtime_Startup_firstFxns__C
80375288   xdc_runtime_Startup_lastFxns__A
80375290   xdc_runtime_Startup_lastFxns__C
8037529e   ti_sysbios_knl_Clock_Module__id__C
803752a6   ti_sysbios_knl_Clock_Module__loggerDefined__C
803752ae   ti_sysbios_knl_Semaphore_Module__id__C
803752b0   ti_sysbios_family_c64p_Hwi_LD_end__C
803752b4   ti_sysbios_family_c64p_Hwi_LM_begin__C
803752b8   ti_sysbios_family_c64p_Hwi_Module__diagsEnabled__C
803752bc   ti_sysbios_family_c64p_Hwi_Module__diagsIncluded__C
803752c0   ti_sysbios_family_c64p_Hwi_Module__diagsMask__C
803752c4   ti_sysbios_family_c64p_Hwi_Module__loggerFxn1__C
803752c8   ti_sysbios_family_c64p_Hwi_Module__loggerFxn8__C
803752cc   ti_sysbios_family_c64p_Hwi_Module__loggerObj__C
803752d0   ti_sysbios_family_c66_Cache_atomicBlockSize__C
803752d4   ti_sysbios_gates_GateMutex_A_badContext__C
803752d8   ti_sysbios_gates_GateMutex_Instance_State_sem__O
803752dc   ti_sysbios_gates_GateMutex_Module__diagsEnabled__C
803752e0   ti_sysbios_gates_GateMutex_Module__diagsIncluded__C
803752e4   ti_sysbios_gates_GateMutex_Module__diagsMask__C
803752e8   ti_sysbios_hal_Hwi_E_stackOverflow__C
803752ec   ti_sysbios_heaps_HeapBuf_Instance_State_freeList__O
803752f0   ti_sysbios_heaps_HeapBuf_Object__count__C
803752f4   ti_sysbios_heaps_HeapBuf_Object__table__C
803752f8   ti_sysbios_heaps_HeapBuf_numConstructedHeaps__C
803752fc   ti_sysbios_heaps_HeapMem_A_align__C
80375300   ti_sysbios_heaps_HeapMem_A_heapSize__C
80375304   ti_sysbios_heaps_HeapMem_A_invalidFree__C
80375308   ti_sysbios_heaps_HeapMem_A_zeroBlock__C
8037530c   ti_sysbios_heaps_HeapMem_E_memory__C
80375310   ti_sysbios_heaps_HeapMem_Module__diagsEnabled__C
80375314   ti_sysbios_heaps_HeapMem_Module__diagsIncluded__C
80375318   ti_sysbios_heaps_HeapMem_Module__diagsMask__C
8037531c   ti_sysbios_heaps_HeapMem_Module__gateObj__C
80375320   ti_sysbios_heaps_HeapMem_Object__count__C
80375324   ti_sysbios_heaps_HeapMem_Object__table__C
80375328   ti_sysbios_heaps_HeapMem_reqAlign__C
8037532c   ti_sysbios_knl_Clock_A_badThreadType__C
80375330   ti_sysbios_knl_Clock_LM_begin__C
80375334   ti_sysbios_knl_Clock_LM_tick__C
80375338   ti_sysbios_knl_Clock_LW_delayed__C
8037533c   ti_sysbios_knl_Clock_Module_State_clockQ__O
80375340   ti_sysbios_knl_Clock_Module__diagsEnabled__C
80375344   ti_sysbios_knl_Clock_Module__diagsIncluded__C
80375348   ti_sysbios_knl_Clock_Module__diagsMask__C
8037534c   ti_sysbios_knl_Clock_Module__loggerFxn1__C
80375350   ti_sysbios_knl_Clock_Module__loggerFxn2__C
80375354   ti_sysbios_knl_Clock_Module__loggerObj__C
80375358   ti_sysbios_knl_Clock_tickMode__C
8037535c   ti_sysbios_knl_Clock_tickSource__C
80375360   ti_sysbios_knl_Queue_Object__count__C
80375364   ti_sysbios_knl_Queue_Object__table__C
80375368   ti_sysbios_knl_Semaphore_A_badContext__C
8037536c   ti_sysbios_knl_Semaphore_A_noEvents__C
80375370   ti_sysbios_knl_Semaphore_A_overflow__C
80375374   ti_sysbios_knl_Semaphore_A_pendTaskDisabled__C
80375378   ti_sysbios_knl_Semaphore_Instance_State_pendQ__O
8037537c   ti_sysbios_knl_Semaphore_LM_pend__C
80375380   ti_sysbios_knl_Semaphore_LM_post__C
80375384   ti_sysbios_knl_Semaphore_Module__diagsEnabled__C
80375388   ti_sysbios_knl_Semaphore_Module__diagsIncluded__C
8037538c   ti_sysbios_knl_Semaphore_Module__diagsMask__C
80375390   ti_sysbios_knl_Semaphore_Module__loggerFxn2__C
80375394   ti_sysbios_knl_Semaphore_Module__loggerFxn4__C
80375398   ti_sysbios_knl_Semaphore_Module__loggerObj__C
8037539c   ti_sysbios_knl_Swi_LD_end__C
803753a0   ti_sysbios_knl_Swi_LM_begin__C
803753a4   ti_sysbios_knl_Swi_LM_post__C
803753a8   ti_sysbios_knl_Swi_Module__diagsEnabled__C
803753ac   ti_sysbios_knl_Swi_Module__diagsIncluded__C
803753b0   ti_sysbios_knl_Swi_Module__diagsMask__C
803753b4   ti_sysbios_knl_Swi_Module__loggerFxn1__C
803753b8   ti_sysbios_knl_Swi_Module__loggerFxn4__C
803753bc   ti_sysbios_knl_Swi_Module__loggerObj__C
803753c0   ti_sysbios_knl_Swi_Object__count__C
803753c4   ti_sysbios_knl_Swi_Object__table__C
803753c8   ti_sysbios_knl_Task_A_badPriority__C
803753cc   ti_sysbios_knl_Task_A_badTaskState__C
803753d0   ti_sysbios_knl_Task_A_badThreadType__C
803753d4   ti_sysbios_knl_Task_A_badTimeout__C
803753d8   ti_sysbios_knl_Task_A_noPendElem__C
803753dc   ti_sysbios_knl_Task_A_sleepTaskDisabled__C
803753e0   ti_sysbios_knl_Task_E_deleteNotAllowed__C
803753e4   ti_sysbios_knl_Task_E_spOutOfBounds__C
803753e8   ti_sysbios_knl_Task_E_stackOverflow__C
803753ec   ti_sysbios_knl_Task_LD_block__C
803753f0   ti_sysbios_knl_Task_LD_exit__C
803753f4   ti_sysbios_knl_Task_LD_ready__C
803753f8   ti_sysbios_knl_Task_LM_setPri__C
803753fc   ti_sysbios_knl_Task_LM_sleep__C
80375400   ti_sysbios_knl_Task_LM_switch__C
80375404   ti_sysbios_knl_Task_Module_State_inactiveQ__O
80375408   ti_sysbios_knl_Task_Module_State_terminatedQ__O
8037540c   ti_sysbios_knl_Task_Module__diagsEnabled__C
80375410   ti_sysbios_knl_Task_Module__diagsIncluded__C
80375414   ti_sysbios_knl_Task_Module__diagsMask__C
80375418   ti_sysbios_knl_Task_Module__loggerFxn2__C
8037541c   ti_sysbios_knl_Task_Module__loggerFxn4__C
80375420   ti_sysbios_knl_Task_Module__loggerObj__C
80375424   ti_sysbios_knl_Task_Object__count__C
80375428   ti_sysbios_knl_Task_Object__heap__C
8037542c   ti_sysbios_knl_Task_Object__table__C
80375430   ti_sysbios_knl_Task_allBlockedFunc__C
80375434   ti_sysbios_knl_Task_defaultStackHeap__C
80375438   ti_sysbios_knl_Task_defaultStackSize__C
8037543c   ti_sysbios_knl_Task_numConstructedTasks__C
80375440   ti_sysbios_knl_Task_numPriorities__C
80375444   ti_sysbios_timers_timer64_Timer_A_notAvailable__C
80375448   ti_sysbios_timers_timer64_Timer_E_cannotSupport__C
8037544c   ti_sysbios_timers_timer64_Timer_Module__diagsEnabled__C
80375450   ti_sysbios_timers_timer64_Timer_Module__diagsIncluded__C
80375454   ti_sysbios_timers_timer64_Timer_Module__diagsMask__C
80375458   ti_sysbios_timers_timer64_Timer_anyMask__C
8037545c   ti_sysbios_timers_timer64_Timer_freqDivisor__C
80375460   ti_sysbios_timers_timer64_Timer_numLocalTimers__C
80375464   ti_sysbios_timers_timer64_Timer_numTimerDevices__C
80375468   xdc_runtime_Assert_E_assertFailed__C
8037546c   xdc_runtime_Core_A_initializedParams__C
80375470   xdc_runtime_Core_Module__diagsEnabled__C
80375474   xdc_runtime_Core_Module__diagsIncluded__C
80375478   xdc_runtime_Core_Module__diagsMask__C
8037547c   xdc_runtime_Error_E_memory__C
80375480   xdc_runtime_Error_Module__diagsEnabled__C
80375484   xdc_runtime_Error_Module__diagsIncluded__C
80375488   xdc_runtime_Error_Module__diagsMask__C
8037548c   xdc_runtime_Error_Module__loggerFxn8__C
80375490   xdc_runtime_Error_Module__loggerObj__C
80375494   xdc_runtime_Error_policy__C
80375498   xdc_runtime_Error_raiseHook__C
8037549c   xdc_runtime_IFilterLogger_Interface__BASE__C
803754a0   xdc_runtime_IGateProvider_Interface__BASE__C
803754a4   xdc_runtime_IHeap_Interface__BASE__C
803754a8   xdc_runtime_ILogger_Interface__BASE__C
803754ac   xdc_runtime_IModule_Interface__BASE__C
803754b0   xdc_runtime_Log_L_error__C
803754b4   xdc_runtime_LoggerBuf_E_badLevel__C
803754b8   xdc_runtime_LoggerBuf_Module__gateObj__C
803754bc   xdc_runtime_LoggerBuf_Object__count__C
803754c0   xdc_runtime_LoggerBuf_Object__table__C
803754c4   xdc_runtime_LoggerBuf_statusLogger__C
803754c8   xdc_runtime_Memory_defaultHeapInstance__C
803754cc   xdc_runtime_Startup_execImpl__C
803754d0   xdc_runtime_Startup_maxPasses__C
803754d4   xdc_runtime_Startup_sfxnRts__C
803754d8   xdc_runtime_Startup_sfxnTab__C
803754dc   xdc_runtime_Startup_startModsFxn__C
803754e0   xdc_runtime_System_Module__gateObj__C
803754e4   xdc_runtime_System_extendFxn__C
803754e8   xdc_runtime_System_maxAtexitHandlers__C
803754ec   xdc_runtime_Text_charTab__C
803754f0   xdc_runtime_Text_nameEmpty__C
803754f4   xdc_runtime_Text_nameStatic__C
803754f8   xdc_runtime_Text_nameUnknown__C
803754fc   xdc_runtime_Text_nodeTab__C
80375500   xdc_runtime_Text_visitRopeFxn__C
80375504   ti_sysbios_knl_Semaphore_Module__loggerDefined__C
80375506   ti_sysbios_knl_Swi_Module__id__C
80375508   ti_sysbios_knl_Swi_Module__loggerDefined__C
8037550a   ti_sysbios_knl_Task_Module__id__C
8037550c   ti_sysbios_knl_Task_Module__loggerDefined__C
8037550e   ti_sysbios_knl_Task_deleteTerminatedTasks__C
80375510   ti_sysbios_knl_Task_initStackFlag__C
80375512   ti_sysbios_timers_timer64_Timer_Module__id__C
80375514   ti_sysbios_timers_timer64_Timer_startupNeeded__C
80375516   xdc_runtime_Core_Module__id__C
80375518   xdc_runtime_Error_Module__loggerDefined__C
8037551a   xdc_runtime_Error_maxDepth__C
8037551c   xdc_runtime_LoggerBuf_Module__id__C
8037551e   xdc_runtime_LoggerBuf_filterByLevel__C
80375520   xdc_runtime_Memory_Module__id__C
80375522   xdc_runtime_Text_charCnt__C
80375524   xdc_runtime_Text_isLoaded__C
80375526   xdc_runtime_Text_registryModsLastId__C
80375528   xdc_runtime_Text_unnamedModsLastId__C
80375580   queueFree
80377580   qmssGObj
80377980   ti_sysbios_BIOS_Module__state__V
803779a0   ti_sysbios_family_c64p_EventCombiner_Module__state__V
80377da0   ti_sysbios_family_c64p_Exception_Module__state__V
80377dd0   ti_sysbios_family_c64p_Hwi_Module__root__V
80377dd8   ti_sysbios_family_c64p_Hwi_Module__state__V
80377e40   ti_sysbios_gates_GateHwi_Module__root__V
80377e48   ti_sysbios_gates_GateMutex_Module__root__V
80377e50   ti_sysbios_hal_Hwi_Module__root__V
80377e58   ti_sysbios_hal_Timer_Module__root__V
80377e60   ti_sysbios_heaps_HeapBuf_Module__root__V
80377e68   ti_sysbios_heaps_HeapBuf_Module__state__V
80377e6c   ti_sysbios_heaps_HeapMem_Module__root__V
80377e74   ti_sysbios_knl_Clock_Module__root__V
80377e7c   ti_sysbios_knl_Clock_Module__state__V
80377ea4   ti_sysbios_knl_Queue_Module__root__V
80377eac   ti_sysbios_knl_Semaphore_Module__root__V
80377eb4   ti_sysbios_knl_Swi_Module__root__V
80377ebc   ti_sysbios_knl_Swi_Module__state__V
80377ed8   ti_sysbios_knl_Task_Module__root__V
80377ee0   ti_sysbios_knl_Task_Module__state__V
80377f24   ti_sysbios_timers_timer64_Timer_Module__root__V
80377f2c   ti_sysbios_timers_timer64_Timer_Module__state__V
80377f40   xdc_runtime_Error_Module__state__V
80377f44   xdc_runtime_LoggerBuf_Module__root__V
80377f4c   xdc_runtime_LoggerBuf_Module__state__V
80377f54   xdc_runtime_Memory_Module__state__V
80377f58   xdc_runtime_Registry_Module__state__V
80377f60   xdc_runtime_Startup_Module__state__V
80377f68   xdc_runtime_System_Module__state__V
80377f74   xdc_runtime_Text_Module__state__V
80377f7c   __xdc__init__addr
80377f80   _ftable
80378160   ti_sysbios_timers_timer64_Timer_Module_State_0_device__A
803782e0   qmssGblCfgParams
80378400   ti_sysbios_knl_Task_Object__table__V
803784a0   TSK_idle
803784f0   _ipcfg
803785a4   _ft_end
80378648   ti_sysbios_knl_Swi_Module_State_0_readyQ__A
803786c8   ti_sysbios_knl_Task_Module_State_0_readyQ__A
80378748   ti_sysbios_timers_timer64_Timer_Module_State_0_gctrl__A
803787c8   ti_sysbios_timers_timer64_Timer_Module_State_0_handles__A
80378848   ti_sysbios_timers_timer64_Timer_Module_State_0_intFreqs__A
80378940   cppiGblCfgParams
803789b8   ti_sysbios_family_c64p_Hwi_Object__table__V
80378a80   ti_sysbios_timers_timer64_Timer_Object__table__V
80378bd0   ti_sysbios_gates_GateMutex_Object__table__V
80378c84   cppiLObj
80378c88   ti_sysbios_knl_Swi_Object__table__V
80378cb8   _oscfg
80378cdc   paLObj
80378ce0   xdc_runtime_LoggerBuf_Object__table__V
80378d08   Qmss_highEoiVector
80378d28   NIMUDeviceTable
80378d30   pstrMsgName
80378d50   xdc_runtime_System_Module_State_0_atexitHandlers__A
80378d70   ti_ndk_config_Global_Id2Size
80378dc0   ti_sysbios_heaps_HeapMem_Object__table__V
80378e04   _lock
80378e08   _unlock
80378e48   Qmss_lowEoiVector
80378e58   _delete_mutexes_ptr
80378e5c   _cleanup_ptr
80378e60   _dtors_ptr
80378e64   __TI_enable_exit_profile_output
80378e68   ti_sysbios_hal_Hwi_Object__table__V
80378e90   ti_sysbios_hal_Timer_Object__table__V
80378e98   ti_sysbios_gates_GateHwi_Object__table__V
80378ea8   ti_sysbios_knl_Task_Module_State_0_idleTask__A
80378eb8   Qmss_cdmaEoiVector
80378f18   gDeviceNandBBlist
8037a144   gDeviceNand
8037a17c   gDeviceNor
8037a1b4   gDeviceEeprom0
8037a1ec   gDeviceEeprom1
8037a228   emac_port_mode
8037a5dc   __TI_STATIC_BASE
8037a5f4   _IGMPInDiscard
8037a5f8   _IGMPInQuery
8037a5fc   _IGMPInQueryGroup
8037a600   _IGMPInResponse
8037a604   _IGMPOutResponse
8037a608   gTxCmdReturnQHnd
8037a60c   gTxCmdFreeQHnd
8037a610   ethSemHandle
8037a648   CONTENT_TYPE_APPLET
8037a64c   CONTENT_TYPE_AU
8037a650   CONTENT_TYPE_CSS
8037a654   CONTENT_TYPE_DOC
8037a658   CONTENT_TYPE_GIF
8037a65c   CONTENT_TYPE_HTML
8037a660   CONTENT_TYPE_JPG
8037a664   CONTENT_TYPE_MPEG
8037a668   CONTENT_TYPE_PDF
8037a66c   CONTENT_TYPE_WAV
8037a670   CONTENT_TYPE_ZIP
8037a674   CONTENT_TYPE
8037a678   CONTENT_LENGTH
8037a67c   CRLF
8037a680   DEFAULT_NAME
8037a684   HTTP_VER
8037a688   SPACE
8037a68c   PITCount
8037a690   PITUsed
8037a694   PITHigh
8037a6b0   VerStr
8037a6b4   HostName
8037a6b8   LocalIPAddr
8037a6bc   LocalIPMask
8037a6c0   GatewayIP
8037a6c4   DomainName
8037a6c8   DNSServer
8037a73c   _IGMPForceVersion1
8037a758   _ICMPInErrors
8037a75c   _ICMPOutErrors
8037a760   _IPExecuting
8037a770   gFragQList
8037a790   tcp_iss
8037a794   ptTimeFirst
8037a798   pt6TimeFirst
8037a79c   tcp6_iss
8037a7a8   platform_errno
8037a7ac   platform_init_return_code
8037a7b0   g_transmissionError
8037a7c0   httpErrorResponseHook
8037a7cc   _IPReasmPtr
8037a7d4   gMLDNodeList
8037a7ec   qmssLObjIsValid
8037a7f0   IPV6_MAX_MULTICAST_SOLICIT
8037a7f4   IPV6_MAX_UNICAST_SOLICIT
8037a7f8   IPV6_RETRANS_TIME
8037a7fc   IPV6_DELAY_FIRST_PROBE_TIME
8037a800   IPV6_REACHABLE_TIME
8037a804   IPV6_MAX_RTR_SOLICITATION_DELAY
8037a808   IPV6_RTR_SOLICITATION_INTERVAL
8037a80c   IPV6_MAX_RTR_SOLICITATIONS
8037a810   INFINITE_LT
8037a814   ti_ndk_config_Global_rawPageSize
8037a818   ti_ndk_config_Global_rawPageCount
8037a81c   ti_ndk_config_Global_smallest
8037a820   ti_ndk_config_Global_largest
8037a824   ti_ndk_config_Global_numFrameBuf
8037a828   ti_ndk_config_Global_sizeFrameBuf
8037a880   cppiObject
8037aa80   __CIOBUF_
8037ac00   ti_sysbios_family_c64p_Hwi0
8037ac00   ti_sysbios_family_c64p_Hwi_int0
8037ac20   ti_sysbios_family_c64p_Hwi_int1
8037ac40   ti_sysbios_family_c64p_Hwi_int2
8037ac60   ti_sysbios_family_c64p_Hwi_int3
8037ac80   ti_sysbios_family_c64p_Hwi_int4
8037aca0   ti_sysbios_family_c64p_Hwi_int5
8037acc0   ti_sysbios_family_c64p_Hwi_int6
8037ace0   ti_sysbios_family_c64p_Hwi_int7
8037ad00   ti_sysbios_family_c64p_Hwi_int8
8037ad20   ti_sysbios_family_c64p_Hwi_int9
8037ad40   ti_sysbios_family_c64p_Hwi_int10
8037ad60   ti_sysbios_family_c64p_Hwi_int11
8037ad80   ti_sysbios_family_c64p_Hwi_int12
8037ada0   ti_sysbios_family_c64p_Hwi_int13
8037adc0   ti_sysbios_family_c64p_Hwi_int14
8037ade0   ti_sysbios_family_c64p_Hwi_int15
8037bde4   __TI_Handler_Table_Base
8037bdf0   __TI_Handler_Table_Limit
8037be54   __TI_CINIT_Base
8037bedc   __TI_CINIT_Limit
ffffffff   __TI_pprof_out_hndl
ffffffff   __TI_prof_data_size
ffffffff   __TI_prof_data_start
ffffffff   __binit__
ffffffff   __c_args__
ffffffff   binit
UNDEFED    __TI_INITARRAY_Base
UNDEFED    __TI_INITARRAY_Limit

[1621 symbols]
