******************************************************************************
               TMS320C6x Linker PC v7.4.6                      
******************************************************************************
>> Linked Thu Mar 06 17:05:40 2014

OUTPUT FILE NAME:   <Disparity.out>
ENTRY POINT SYMBOL: "_c_int00"  address: 803539a0


MEMORY CONFIGURATION

         name            origin    length      used     unused   attr    fill
----------------------  --------  ---------  --------  --------  ----  --------
  L2SRAM                00800000   00080000  0005cf40  000230c0  RW X
  MSMCSRAM              0c000000   00400000  00000000  00400000  RW X
  DDR3                  80000000   20000000  0037ba66  1fc8459a  RWIX


SEGMENT ALLOCATION MAP

run origin  load origin   length   init length attrs members
----------  ----------- ---------- ----------- ----- -------
00800000    00800000    0005cb88   00000000    rw-
  00800000    00800000    00052b00   00000000    rw- .far:NDK_PACKETMEM
  00852b00    00852b00    00004000   00000000    rw- .resmgr_memregion
  00856b00    00856b00    00003c00   00000000    rw- .far:taskStackSection
  0085a700    0085a700    00001488   00000000    rw- .resmgr_pa
  0085bb88    0085bb88    00001000   00000000    rw- .stack
0085cc00    0085cc00    00000318   00000318    rw-
  0085cc00    0085cc00    00000318   00000318    rw- .nimu_eth_ll2
0085cf20    0085cf20    000000a0   00000000    rw-
  0085cf20    0085cf20    000000a0   00000000    rw- .resmgr_handles
80000000    80000000    00300000   00000000    rw-
  80000000    80000000    00300000   00000000    rw- systemHeap
80300000    80300000    0005d700   0005d700    r-x
  80300000    80300000    0005d700   0005d700    r-x .text
8035d700    8035d700    0000dbc8   00000000    rw-
  8035d700    8035d700    0000dbc8   00000000    rw- .far.1
8036b2d0    8036b2d0    00000060   00000000    rw-
  8036b2d0    8036b2d0    00000060   00000000    rw- .far.2
8036b330    8036b330    00009ec8   00009ec8    r--
  8036b330    8036b330    00009ec8   00009ec8    r-- .const
80375200    80375200    00002400   00000000    rw-
  80375200    80375200    00002400   00000000    rw- .qmss
80377600    80377600    0000158a   0000158a    rw-
  80377600    80377600    0000158a   0000158a    rw- .fardata
80378b90    80378b90    00001370   00001370    rw-
  80378b90    80378b90    00001370   00001370    rw- platform_lib
80379f00    80379f00    000003ac   000003ac    r--
  80379f00    80379f00    000003ac   000003ac    r-- .switch
8037a2ac    8037a2ac    00000080   00000000    rw-
  8037a2ac    8037a2ac    00000080   00000000    rw- .bss
8037a32c    8037a32c    000001a5   000001a5    rw-
  8037a32c    8037a32c    000001a5   000001a5    rw- .neardata
8037a4d4    8037a4d4    0000003c   0000003c    r--
  8037a4d4    8037a4d4    0000003c   0000003c    r-- .rodata
8037a580    8037a580    00000200   00000000    rw-
  8037a580    8037a580    00000200   00000000    rw- .cppi
8037a800    8037a800    00000200   00000200    r-x
  8037a800    8037a800    00000200   00000200    r-x .vecs
8037aa00    8037aa00    00000120   00000000    rw-
  8037aa00    8037aa00    00000120   00000000    rw- .cio
8037ab20    8037ab20    0000104c   0000104c    r--
  8037ab20    8037ab20    0000104c   0000104c    r-- .cinit


SECTION ALLOCATION MAP

 output                                  attributes/
section   page    origin      length       input sections
--------  ----  ----------  ----------   ----------------
.init_array 
*          0    80000000    00000000     UNINITIALIZED

.far:NDK_PACKETMEM 
*          0    00800000    00052b00     UNINITIALIZED
                  00800000    00052b00     stk6_ppp_pppoe.ae66 : pbm_data.oe66 (.far:NDK_PACKETMEM)

.resmgr_memregion 
*          0    00852b00    00004000     UNINITIALIZED
                  00852b00    00004000     resourcemgr.obj (.resmgr_memregion)

.far:taskStackSection 
*          0    00856b00    00003c00     UNINITIALIZED
                  00856b00    00003c00     Disparity_pe66.oe66 (.far:taskStackSection)

.resmgr_pa 
*          0    0085a700    00001488     UNINITIALIZED
                  0085a700    00001488     resourcemgr.obj (.resmgr_pa)

.stack     0    0085bb88    00001000     UNINITIALIZED
                  0085bb88    00000008     boot.ae66 : boot.oe66 (.stack)
                  0085bb90    00000ff8     --HOLE--

.nimu_eth_ll2 
*          0    0085cc00    00000318     
                  0085cc00    00000308     ti.transport.ndk.nimu.ae66 : nimu_eth.obj (.nimu_eth_ll2:uninit) [fill = 0]
                  0085cf08    00000010                                : nimu_eth.obj (.nimu_eth_ll2:init)

.resmgr_handles 
*          0    0085cf20    000000a0     UNINITIALIZED
                  0085cf20    000000a0     resourcemgr.obj (.resmgr_handles)

systemHeap 
*          0    80000000    00300000     UNINITIALIZED
                  80000000    00300000     Disparity_pe66.oe66 (systemHeap)

xdc.meta   0    80000000    00000138     COPY SECTION
                  80000000    00000138     Disparity_pe66.oe66 (xdc.meta)

.text      0    80300000    0005d700     
                  80300000    00002d80     ti.transport.ndk.nimu.ae66 : nimu_eth.obj (.text)
                  80302d80    00001fe0     ti.platform.evm6678l.ae66 : platform.obj (.text)
                  80304d60    00001b40                               : evmc6678.obj (.text)
                  803068a0    000019e0     stk6_ppp_pppoe.ae66 : tcp6in.oe66 (.text:TCP6Input)
                  80308280    000019e0                         : tcpin.oe66 (.text:TcpInput)
                  80309c60    00001240                         : tcpout.oe66 (.text:TcpOutput)
                  8030aea0    000011a0                         : tcp6out.oe66 (.text:TCP6Output)
                  8030c040    00001160     ti.platform.evm6678l.ae66 : evm66x_nand.obj (.text)
                  8030d1a0    00000ea0     resourcemgr.obj (.text)
                  8030e040    00000d80     ti.platform.evm6678l.ae66 : evmc66x_i2c_eeprom.obj (.text)
                  8030edc0    00000c00     nettool.ae66 : httpclie.oe66 (.text:httpClientProcess)
                  8030f9c0    00000b80     stk6_ppp_pppoe.ae66 : ipin.oe66 (.text:IPRxPacket)
                  80310540    00000aa0                         : md5.oe66 (.text:MD5Transform)
                  80310fe0    000009c0                         : ipout.oe66 (.text:IPTxPacket)
                  803119a0    000009a0                         : lcp.oe66 (.text:lcpInput)
                  80312340    00000900     nettool.ae66 : httpsend.oe66 (.text:SetContentType)
                  80312c40    000008a0     sysbios.ae66 : BIOS.obj (.text:ti_sysbios_family_c64p_Exception_handler__I)
                  803134e0    000008a0     ti.targets.rts6000.ae66 : System.oe66 (.text:xdc_runtime_System_doPrint__I)
                  80313d80    00000840     Initialise.obj (.text)
                  803145c0    000007e0     ti.drv.qmss.ae66 : qmss_drv.oe66 (.text:Qmss_insertMemoryRegion)
                  80314da0    000007e0     stk6_ppp_pppoe.ae66 : ipcp.oe66 (.text:ipcpInput)
                  80315580    000007c0                         : sock.oe66 (.text:SockSet)
                  80315d40    000007a0                         : fileuser.oe66 (.text:fdPoll)
                  803164e0    00000720     ti.drv.pa.ae66 : pa.oe66 (.text:Pa_addMac)
                  80316c00    000006c0     stk6_ppp_pppoe.ae66 : sock6.oe66 (.text:Sock6Set)
                  803172c0    000006c0     nettool.ae66 : telnetd.oe66 (.text:telnet_netdata)
                  80317980    000006a0     stk6_ppp_pppoe.ae66 : icmpv6_ndisc.oe66 (.text:ICMPv6RecvRA)
                  80318020    00000660     ti.drv.cppi.ae66 : cppi_drv.oe66 (.text:Cppi_configureRxFlow)
                  80318680    00000660     stk6_ppp_pppoe.ae66 : route6.oe66 (.text:Rt6Create)
                  80318ce0    00000640     RecieveImage.obj (.text)
                  80319320    00000620     sysbios.ae66 : BIOS.obj (.text:ti_sysbios_knl_Task_Instance_finalize__F)
                  80319940    00000600                  : BIOS.obj (.text:ti_sysbios_heaps_HeapMem_alloc__E)
                  80319f40    00000600                  : BIOS.obj (.text:ti_sysbios_knl_Semaphore_pend__E)
                  8031a540    000005e0                  : BIOS.obj (.text:ti_sysbios_heaps_HeapMem_free__E)
                  8031ab20    000005c0     stk6_ppp_pppoe.ae66 : ipfrag.oe66 (.text:IPReasm)
                  8031b0e0    000005c0     rts6600_elf_mt.lib : divd.obj (.text:__c6xabi_divd)
                  8031b6a0    000005c0                        : _printfi.obj (.text:_getarg_diouxp)
                  8031bc60    000005a0     stk6_ppp_pppoe.ae66 : icmpin.oe66 (.text:ICMPInput)
                  8031c200    000005a0     ti.platform.evm6678l.ae66 : evmc66x_spi.obj (.text)
                  8031c7a0    000005a0     sysbios.ae66 : BIOS.obj (.text:ti_sysbios_timers_timer64_Timer_Module_startup__F)
                  8031cd40    00000580     stk6_ppp_pppoe.ae66 : nimuppp.oe66 (.text:pppEvent)
                  8031d2c0    00000560                         : bind6.oe66 (.text:Bind6New)
                  8031d820    00000560                         : ipv6.oe66 (.text:IPv6IPAddressToString)
                  8031dd80    00000560     ti.platform.evm6678l.ae66 : evmc6678_phy.obj (.text)
                  8031e2e0    00000540     stk6_ppp_pppoe.ae66 : sock6.oe66 (.text:Sock6Connect)
                  8031e820    00000520                         : sock.oe66 (.text:SockNew)
                  8031ed40    00000520     rts6600_elf_mt.lib : _printfi.obj (.text:_setfield)
                  8031f260    00000520     nettool.ae66 : httpsend.oe66 (.text:httpSendStatusLine)
                  8031f780    00000520     ti.platform.evm6678l.ae66 : evmc66x_nor.obj (.text)
                  8031fca0    000004e0     stk6_ppp_pppoe.ae66 : udp.oe66 (.text:UdpInput)
                  80320180    000004e0                         : nimupppoe.oe66 (.text:pppoeInputS)
                  80320660    000004c0     ti.drv.cppi.ae66 : cppi_drv.oe66 (.text:Cppi_txChannelOpen)
                  80320b20    000004c0     ti.platform.evm6678l.ae66 : evmc66x_fpga.obj (.text)
                  80320fe0    000004a0     stk6_ppp_pppoe.ae66 : lliin.oe66 (.text:LLIRxPacket)
                  80321480    000004a0                         : sock6.oe66 (.text:Sock6Recv)
                  80321920    000004a0                         : sock.oe66 (.text:SockRecv)
                  80321dc0    00000460     rts6600_elf_mt.lib : _printfi.obj (.text:_printfi)
                  80322220    00000460     stk6_ppp_pppoe.ae66 : nimuppp.oe66 (.text:pppNew)
                  80322680    00000440     ti.drv.cppi.ae66 : cppi_drv.oe66 (.text:Cppi_rxChannelOpen)
                  80322ac0    00000440     stk6_ppp_pppoe.ae66 : sock6.oe66 (.text:Sock6New)
                  80322f00    00000440                         : auth.oe66 (.text:chapInput)
                  80323340    00000440                         : fileuser.oe66 (.text:fdSelect)
                  80323780    00000440                         : nimupppoe.oe66 (.text:pppoeInputC)
                  80323bc0    00000420     nettool.ae66 : daemon.oe66 (.text:daemon)
                  80323fe0    00000420     ti.drv.pa.ae66 : pa.oe66 (.text:pa_conv_routing_info)
                  80324400    00000420     sysbios.ae66 : BIOS.obj (.text:ti_sysbios_knl_Task_sleep__E)
                  80324820    00000400     stk6_ppp_pppoe.ae66 : sock6.oe66 (.text:Sock6Send)
                  80324c20    00000400     os.ae66 : efs.oe66 (.text:efs_filecheck)
                  80325020    00000400     sysbios.ae66 : BIOS.obj (.text:ti_sysbios_knl_Task_Instance_init__F)
                  80325420    000003e0     stk6_ppp_pppoe.ae66 : ipv6_frag.oe66 (.text:IPv6TxFragPacket)
                  80325800    000003e0     sysbios.ae66 : BIOS.obj (.text:ti_sysbios_knl_Task_setPri__E)
                  80325be0    000003c0     ti.drv.cppi.ae66 : cppi_desc.oe66 (.text:Cppi_initDescriptor)
                  80325fa0    000003c0     Disparity.obj (.text)
                  80326360    000003c0     stk6_ppp_pppoe.ae66 : ipv6out.oe66 (.text:IPv6TxPacket)
                  80326720    000003c0                         : lli6.oe66 (.text:LLI6TimerCheck)
                  80326ae0    000003c0                         : sock.oe66 (.text:SockSend)
                  80326ea0    000003c0                         : tcp6.oe66 (.text:TCP6TimeoutCheck)
                  80327260    000003c0                         : tcp.oe66 (.text:TcpTimeoutCheck)
                  80327620    000003c0     rts6600_elf_mt.lib : fputs.obj (.text:fputs)
                  803279e0    000003a0     stk6_ppp_pppoe.ae66 : icmpv6in.oe66 (.text:ICMPv6RxPacket)
                  80327d80    000003a0                         : nimu.oe66 (.text:NIMUIoctl)
                  80328120    000003a0                         : route.oe66 (.text:RtCreate)
                  803284c0    000003a0                         : sb.oe66 (.text:SBRead)
                  80328860    000003a0                         : auth.oe66 (.text:papInput)
                  80328c00    00000380                         : sock6int.oe66 (.text:Sock6Notify)
                  80328f80    00000380                         : sock.oe66 (.text:SockConnect)
                  80329300    00000380                         : sockint.oe66 (.text:SockNotify)
                  80329680    00000380     nettool.ae66 : dhcppkt.oe66 (.text:dhcpPacketProcess)
                  80329a00    00000360     stk6_ppp_pppoe.ae66 : icmpv6_ndisc.oe66 (.text:ICMPv6RecvRedirect)
                  80329d60    00000360                         : icmpv6out.oe66 (.text:ICMPv6SendDstUnreachable)
                  8032a0c0    00000360                         : igmp.oe66 (.text:IGMPInput)
                  8032a420    00000360                         : ipv6_frag.oe66 (.text:IPv6FragReasm)
                  8032a780    00000360                         : lliout.oe66 (.text:LLITxIpPacket)
                  8032aae0    00000360     Disparity_pe66.oe66 (.text:xdc_runtime_System_printfExtend__I)
                  8032ae40    00000340     stk6_ppp_pppoe.ae66 : icmpv6_ndisc.oe66 (.text:ICMPv6RecvNS)
                  8032b180    00000340                         : icmpv6out.oe66 (.text:ICMPv6SendParameterProblem)
                  8032b4c0    00000340                         : icmpv6out.oe66 (.text:ICMPv6SendTimeExceeded)
                  8032b800    00000340     ti.drv.pa.ae66 : painit.oe66 (.text:Pa_create)
                  8032bb40    00000340     ti.drv.qmss.ae66 : qmss_drv.oe66 (.text:Qmss_init)
                  8032be80    00000340     os.ae66 : mem.oe66 (.text:mmAlloc)
                  8032c1c0    00000340     stk6_ppp_pppoe.ae66 : nimupppoe.oe66 (.text:pppoeSI)
                  8032c500    00000320     nettool.ae66 : config.oe66 (.text:CfgAddEntry)
                  8032c820    00000320     stk6_ppp_pppoe.ae66 : nimupppoe.oe66 (.text:SendServerMsg)
                  8032cb40    00000320     rts6600_elf_mt.lib : _printfi.obj (.text:_pproc_fge)
                  8032ce60    00000320     nettool.ae66 : inetaddr.oe66 (.text:inet_aton)
                  8032d180    00000320                  : telnetd.oe66 (.text:telnet_engine)
                  8032d4a0    00000320     ti.platform.evm6678l.ae66 : evmc66x_uart.obj (.text)
                  8032d7c0    00000300     stk6_ppp_pppoe.ae66 : sock6pcb.oe66 (.text:Sock6PcbBind)
                  8032dac0    00000300                         : udp6.oe66 (.text:Udp6Input)
                  8032ddc0    00000300     sysbios.ae66 : BIOS.obj (.text:ti_sysbios_family_c64p_Hwi_dispatchC__I)
                  8032e0c0    000002e0     stk6_ppp_pppoe.ae66 : ipv6_frag.oe66 (.text:IPv6FragQEnqueueFrag)
                  8032e3a0    000002e0                         : ipv6_exthdrs.oe66 (.text:IPv6ParseExtnHeaders)
                  8032e680    000002e0     netctrl.ae66 : netctrl.oe66 (.text:NetScheduler)
                  8032e960    000002e0     ti.drv.pa.ae66 : pa.oe66 (.text:Pa_forwardResult)
                  8032ec40    000002e0     stk6_ppp_pppoe.ae66 : route6.oe66 (.text:Rt6Find)
                  8032ef20    000002e0                         : nimupppoe.oe66 (.text:SendClientMsg)
                  8032f200    000002e0                         : sock6pcb.oe66 (.text:Sock6PcbFind)
                  8032f4e0    000002e0                         : sock6pcb.oe66 (.text:Sock6PcbResolve)
                  8032f7c0    000002e0                         : udp.oe66 (.text:UdpOutput)
                  8032faa0    000002e0     rts6600_elf_mt.lib : _printfi.obj (.text:_pproc_fwp)
                  8032fd80    000002e0     sysbios.ae66 : BIOS.obj (.text:ti_sysbios_heaps_HeapMem_Instance_init__F)
                  80330060    000002c0     stk6_ppp_pppoe.ae66 : bind.oe66 (.text:BindNew)
                  80330320    000002c0                         : node.oe66 (.text:NodeAdd)
                  803305e0    000002c0                         : sb6.oe66 (.text:SB6Read)
                  803308a0    000002c0                         : nimuppp.oe66 (.text:pppInput)
                  80330b60    000002a0     nettool.ae66 : dhcpmain.oe66 (.text:DHCPOpen)
                  80330e00    000002a0     stk6_ppp_pppoe.ae66 : route6.oe66 (.text:Rt6Free)
                  803310a0    000002a0                         : rtable.oe66 (.text:RtFind)
                  80331340    000002a0                         : sock6.oe66 (.text:Sock6Close)
                  803315e0    000002a0                         : sock.oe66 (.text:SockClose)
                  80331880    000002a0                         : sockpcb.oe66 (.text:SockPcbResolve)
                  80331b20    000002a0                         : tcp6prot.oe66 (.text:TCP6PrSetOption)
                  80331dc0    000002a0                         : tcpprot.oe66 (.text:TcpPrSetOption)
                  80332060    000002a0     rts6600_elf_mt.lib : _printfi.obj (.text:fcvt)
                  80332300    000002a0     sysbios.ae66 : BIOS.obj (.text:ti_sysbios_knl_Clock_Instance_init__F)
                  803325a0    000002a0                  : BIOS.obj (.text:ti_sysbios_knl_Clock_workFunc__E)
                  80332840    000002a0                  : BIOS.obj (.text:ti_sysbios_timers_timer64_Timer_deviceConfig__I)
                  80332ae0    00000280     stk6_ppp_pppoe.ae66 : icmp.oe66 (.text:ICMPGenPacket)
                  80332d60    00000280                         : lli6.oe66 (.text:LLI6NeighUnreachStateMachine)
                  80332fe0    00000280                         : lli6.oe66 (.text:LLI6TxIPPacket)
                  80333260    00000280                         : udp6.oe66 (.text:Udp6Output)
                  803334e0    00000280     rts6600_elf_mt.lib : _printfi.obj (.text:ecvt)
                  80333760    00000280     stk6_ppp_pppoe.ae66 : ipcp.oe66 (.text:ipcpSendCfg)
                  803339e0    00000280                         : lcp.oe66 (.text:lcpSendCfg)
                  80333c60    00000280     platform_osal.obj (.text)
                  80333ee0    00000280     ti.targets.rts6000.ae66 : Error.oe66 (.text:xdc_runtime_Error_raiseX__F)
                  80334160    00000260     stk6_ppp_pppoe.ae66 : icmpv6in.oe66 (.text:ICMPv6RecvEchoRequest)
                  803343c0    00000260                         : ipv6in.oe66 (.text:IPv6RxPacket)
                  80334620    00000260                         : nimu.oe66 (.text:NIMUReceivePacket)
                  80334880    00000260                         : rawethsock.oe66 (.text:RawEthSockSet)
                  80334ae0    00000260                         : sb6.oe66 (.text:SB6Write)
                  80334d40    00000260                         : sb.oe66 (.text:SBWrite)
                  80334fa0    00000260                         : sockpcb.oe66 (.text:SockPcbBind)
                  80335200    00000260                         : tcp6out.oe66 (.text:TCP6GenPacket)
                  80335460    00000260     nettool.ae66 : httppars.oe66 (.text:httpParseRecv)
                  803356c0    00000260                  : httpsend.oe66 (.text:httpSendErrorHTML)
                  80335920    00000260     sysbios.ae66 : BIOS.obj (.text:ti_sysbios_family_c64p_Exception_internalHandler__I)
                  80335b80    00000260                  : BIOS.obj (.text:ti_sysbios_knl_Semaphore_post__E)
                  80335de0    00000260     ti.targets.rts6000.ae66 : Startup.oe66 (.text:xdc_runtime_Startup_startMods__I)
                  80336040    00000240     stk6_ppp_pppoe.ae66 : bind6.oe66 (.text:Bind6Free)
                  80336280    00000240                         : bind6.oe66 (.text:Bind6RunDAD)
                  803364c0    00000240     ti.drv.cppi.ae66 : cppi_drv.oe66 (.text:Cppi_open)
                  80336700    00000240     nettool.ae66 : daemon.oe66 (.text:DaemonNew)
                  80336940    00000240     stk6_ppp_pppoe.ae66 : icmpv6_ndisc.oe66 (.text:ICMPv6RecvNA)
                  80336b80    00000240                         : icmpv6_ndisc.oe66 (.text:ICMPv6SendNA)
                  80336dc0    00000240                         : icmpv6_ndisc.oe66 (.text:ICMPv6SendNS)
                  80337000    00000240     ti.drv.pa.ae66 : pa.oe66 (.text:Pa_resetControl)
                  80337240    00000240     stk6_ppp_pppoe.ae66 : pipe.oe66 (.text:PipeRecv)
                  80337480    00000240                         : raw.oe66 (.text:RawInput)
                  803376c0    00000240                         : tcpout.oe66 (.text:TcpGenPacket)
                  80337900    00000240     rts6600_elf_mt.lib : imath64.obj (.text:__c6xabi_divull)
                  80337b40    00000240                        : _printfi.obj (.text:_pconv_e)
                  80337d80    00000240                        : _printfi.obj (.text:_pproc_diouxp)
                  80337fc0    00000240     nettool.ae66 : dhcpsm.oe66 (.text:dhcpIPAdd)
                  80338200    00000240                  : dhcpsm.oe66 (.text:dhcpState)
                  80338440    00000240     rts6600_elf_mt.lib : fputc.obj (.text:fputc)
                  80338680    00000240     sysbios.ae66 : BIOS.obj (.text:ti_sysbios_knl_Task_exit__E)
                  803388c0    00000240     ti.targets.rts6000.ae66 : LoggerBuf.oe66 (.text:xdc_runtime_LoggerBuf_write8__F)
                  80338b00    00000220     stk6_ppp_pppoe.ae66 : igmp.oe66 (.text:IGMPJoinHostGroup)
                  80338d20    00000220                         : ipv6_frag.oe66 (.text:IPv6ParseFragHdr)
                  80338f40    00000220                         : raw6.oe66 (.text:Raw6Output)
                  80339160    00000220                         : rawethsock.oe66 (.text:RawEthSockNew)
                  80339380    00000220                         : sockpcb.oe66 (.text:SockPcbFind)
                  803395a0    00000220     rts6600_elf_mt.lib : _printfi.obj (.text:_pproc_str)
                  803397c0    00000220     nettool.ae66 : dhcppkt.oe66 (.text:dhcpVerifyMessage)
                  803399e0    00000220                  : httpclie.oe66 (.text:httpGetAuthParams)
                  80339c00    00000220     rts6600_elf_mt.lib : setvbuf.obj (.text:setvbuf)
                  80339e20    00000220     sysbios.ae66 : BIOS.obj (.text:ti_sysbios_knl_Swi_run__I)
                  8033a040    00000220                  : BIOS.obj (.text:ti_sysbios_knl_Task_schedule__I)
                  8033a260    00000220                  : BIOS.obj (.text:ti_sysbios_knl_Task_startCore__E)
                  8033a480    00000220     ti.targets.rts6000.ae66 : Core-mem.oe66 (.text:xdc_runtime_Core_createObject__I)
                  8033a6a0    00000200     stk6_ppp_pppoe.ae66 : ipv6_exthdrs.oe66 (.text:IPv6ParseHopOptions)
                  8033a8a0    00000200                         : lli6.oe66 (.text:LLI6New)
                  8033aaa0    00000200     ti.drv.qmss.ae66 : qmss_drv.oe66 (.text:Qmss_internalQueueOpen)
                  8033aca0    00000200                      : qmss_acc.oe66 (.text:Qmss_programAccumulator)
                  8033aea0    00000200     stk6_ppp_pppoe.ae66 : rtc.oe66 (.text:RTCReport)
                  8033b0a0    00000200     rts6600_elf_mt.lib : _printfi.obj (.text:_pconv_g)
                  8033b2a0    00000200     sysbios.ae66 : c64p_Hwi_disp_always.obj (.text:_ti_sysbios_family_c64p_Hwi_dispatchAlways)
                  8033b4a0    00000200     stk6_ppp_pppoe.ae66 : socket.oe66 (.text:accept)
                  8033b6a0    00000200     ti.drv.cppi.ae66 : cppi_heap.oe66 (.text:cppi_internal_heap_add)
                  8033b8a0    00000200     stk6_ppp_pppoe.ae66 : nimupppoe.oe66 (.text:pppoeCtrlMsg)
                  8033baa0    000001e0                         : igmp.oe66 (.text:IGMPSendReply)
                  8033bc80    000001e0                         : route6.oe66 (.text:Rt6Modify)
                  8033be60    000001e0                         : sock6pcb.oe66 (.text:Sock6PcbFindRaw)
                  8033c040    000001e0                         : auth.oe66 (.text:chapSendMsg)
                  8033c220    000001e0     nettool.ae66 : dhcpsock.oe66 (.text:dhcpSocketOpen)
                  8033c400    000001e0     stk6_ppp_pppoe.ae66 : socket.oe66 (.text:sendto)
                  8033c5e0    000001e0     sysbios.ae66 : BIOS.obj (.text:ti_sysbios_family_c64p_Exception_externalHandler__I)
                  8033c7c0    000001e0                  : BIOS.obj (.text:ti_sysbios_knl_Task_checkStacks__E)
                  8033c9a0    000001e0                  : BIOS.obj (.text:ti_sysbios_knl_Task_postInit__I)
                  8033cb80    000001e0                  : BIOS.obj (.text:ti_sysbios_timers_timer64_Timer_getFreq__E)
                  8033cd60    000001c0     nettool.ae66 : config.oe66 (.text:CfgExecute)
                  8033cf20    000001c0     ti.drv.cppi.ae66 : cppi_drv.oe66 (.text:Cppi_channelClose)
                  8033d0e0    000001c0                      : cppi_drv.oe66 (.text:Cppi_initCfg)
                  8033d2a0    000001c0     stk6_ppp_pppoe.ae66 : ip.oe66 (.text:IPGetRoute)
                  8033d460    000001c0                         : lliout.oe66 (.text:LLIGenArpPacket)
                  8033d620    000001c0     ti.drv.qmss.ae66 : qmss_drv.oe66 (.text:Qmss_internaldownloadFirmware)
                  8033d7e0    000001c0     stk6_ppp_pppoe.ae66 : raw6.oe66 (.text:Raw6Input)
                  8033d9a0    000001c0     netctrl.ae66 : netsrv.oe66 (.text:SPIpNet)
                  8033db60    000001c0     stk6_ppp_pppoe.ae66 : tcptime.oe66 (.text:TcpTimeoutRexmt)
                  8033dd20    000001c0                         : lli.oe66 (.text:_LLITimeoutCheck)
                  8033dee0    000001c0     rts6600_elf_mt.lib : _printfi.obj (.text:_mcpy)
                  8033e0a0    000001c0     nettool.ae66 : dhcpbild.oe66 (.text:dhcpBuildHeader)
                  8033e260    000001c0     stk6_ppp_pppoe.ae66 : fileuser.oe66 (.text:fdClose)
                  8033e420    000001c0     sysbios.ae66 : BIOS.obj (.text:ti_sysbios_family_c64p_Exception_decodeMpfsr__I)
                  8033e5e0    000001c0                  : BIOS.obj (.text:ti_sysbios_gates_GateMutex_enter__E)
                  8033e7a0    000001c0                  : BIOS.obj (.text:ti_sysbios_timers_timer64_Timer_setPeriodMicroSecs__E)
                  8033e960    000001c0     ti.targets.rts6000.ae66 : Text.oe66 (.text:xdc_runtime_Text_putSite__F)
                  8033eb20    000001a0     stk6_ppp_pppoe.ae66 : bind6.oe66 (.text:Bind6Msg)
                  8033ecc0    000001a0     nettool.ae66 : config.oe66 (.text:CfgRemoveEntry)
                  8033ee60    000001a0     stk6_ppp_pppoe.ae66 : icmpin.oe66 (.text:ICMPRevSrcRoute)
                  8033f000    000001a0                         : ipv6_frag.oe66 (.text:IPv6FragMsg)
                  8033f1a0    000001a0                         : ipv6_exthdrs.oe66 (.text:IPv6ParseRoutingHdr)
                  8033f340    000001a0     netctrl.ae66 : netctrl.oe66 (.text:NC_NetStart)
                  8033f4e0    000001a0     stk6_ppp_pppoe.ae66 : node.oe66 (.text:NodeTreeFree)
                  8033f680    000001a0     ti.drv.pa.ae66 : pa.oe66 (.text:Pa_downloadImage)
                  8033f820    000001a0     stk6_ppp_pppoe.ae66 : route6.oe66 (.text:Route6LifetimeMgmt)
                  8033f9c0    000001a0                         : sockint.oe66 (.text:SockCreatePacket)
                  8033fb60    000001a0     nettool.ae66 : dhcpsm.oe66 (.text:StateRenewRebind)
                  8033fd00    000001a0     stk6_ppp_pppoe.ae66 : tcp6time.oe66 (.text:TCP6TimeoutRexmt)
                  8033fea0    000001a0     rts6600_elf_mt.lib : imath40.obj (.text:__c6xabi_divul)
                  80340040    000001a0     nettool.ae66 : dhcptags.oe66 (.text:dhcpBuildOptions)
                  803401e0    000001a0     stk6_ppp_pppoe.ae66 : socket.oe66 (.text:getpeername)
                  80340380    000001a0                         : udp6.oe66 (.text:processMulticast)
                  80340520    000001a0     nettool.ae66 : telnetd.oe66 (.text:telnet_termdata)
                  803406c0    000001a0     sysbios.ae66 : BIOS.obj (.text:ti_sysbios_family_c66_Cache_block__I)
                  80340860    000001a0                  : BIOS.obj (.text:ti_sysbios_heaps_HeapBuf_Module_startup__F)
                  80340a00    000001a0                  : BIOS.obj (.text:ti_sysbios_timers_timer64_Timer_start__E)
                  80340ba0    000001a0     ti.targets.rts6000.ae66 : LoggerBuf.oe66 (.text:xdc_runtime_LoggerBuf_write4__F)
                  80340d40    00000180     stk6_ppp_pppoe.ae66 : bind6.oe66 (.text:Bind6GetGlobalAddress)
                  80340ec0    00000180     rts6600_elf_mt.lib : trgdrv.obj (.text:HOSTrename)
                  80341040    00000180     stk6_ppp_pppoe.ae66 : igmp.oe66 (.text:IGMPMsg)
                  803411c0    00000180                         : nimu.oe66 (.text:NIMURegister)
                  80341340    00000180     netctrl.ae66 : netsrv.oe66 (.text:ServiceScan)
                  803414c0    00000180                  : netsrv.oe66 (.text:ServiceSpawn)
                  80341640    00000180     stk6_ppp_pppoe.ae66 : sock6int.oe66 (.text:Sock6CreatePacket)
                  803417c0    00000180     nettool.ae66 : dhcpsm.oe66 (.text:StateBound)
                  80341940    00000180     rts6600_elf_mt.lib : copy_decompress_rle.obj (.text:__TI_decompress_rle_core)
                  80341ac0    00000180     stk6_ppp_pppoe.ae66 : socket.oe66 (.text:bind)
                  80341c40    00000180     nettool.ae66 : dhcpbild.oe66 (.text:dhcpBuildRequest)
                  80341dc0    00000180     os.ae66 : task.oe66 (.text:llEnter)
                  80341f40    00000180     stk6_ppp_pppoe.ae66 : auth.oe66 (.text:papSendCfg)
                  803420c0    00000180     sysbios.ae66 : c64p_Exception_asm.obj (.text)
                  80342240    00000180                  : BIOS.obj (.text:ti_sysbios_knl_Swi_schedule__I)
                  803423c0    00000180                  : BIOS.obj (.text:ti_sysbios_knl_Task_unblockI__E)
                  80342540    00000160     nettool.ae66 : config.oe66 (.text:CfgGetEntry)
                  803426a0    00000160                  : config.oe66 (.text:CfgGetNextEntry)
                  80342800    00000160     stk6_ppp_pppoe.ae66 : igmp.oe66 (.text:IGMPDoMCast)
                  80342960    00000160                         : nimu.oe66 (.text:NIMUIoctlSpecialCmd)
                  80342ac0    00000160                         : nimuppp.oe66 (.text:PPPStop)
                  80342c20    00000160                         : pipe.oe66 (.text:PipeSend)
                  80342d80    00000160                         : raw.oe66 (.text:RawOutput)
                  80342ee0    00000160                         : rtable.oe66 (.text:RtTimeoutCheck)
                  80343040    00000160                         : rtable.oe66 (.text:RtWalkNext)
                  803431a0    00000160     netctrl.ae66 : netsrv.oe66 (.text:SPRoute)
                  80343300    00000160     stk6_ppp_pppoe.ae66 : sock6.oe66 (.text:Sock6Check)
                  80343460    00000160                         : sock6pcb.oe66 (.text:Sock6PcbConnect)
                  803435c0    00000160                         : sock.oe66 (.text:SockCheck)
                  80343720    00000160                         : sockpcb.oe66 (.text:SockPcbConnect)
                  80343880    00000160     nettool.ae66 : dhcpsm.oe66 (.text:StateRequesting)
                  803439e0    00000160     stk6_ppp_pppoe.ae66 : tcp6time.oe66 (.text:TCP6TimeoutKeep)
                  80343b40    00000160                         : tcptime.oe66 (.text:TcpTimeoutKeep)
                  80343ca0    00000160                         : auth.oe66 (.text:authInit)
                  80343e00    00000160     nettool.ae66 : httpclie.oe66 (.text:httpExtractTag)
                  80343f60    00000160     stk6_ppp_pppoe.ae66 : sock6.oe66 (.text:joinGroup)
                  803440c0    00000160                         : socket.oe66 (.text:setsockopt)
                  80344220    00000160     nettool.ae66 : telnetd.oe66 (.text:telnetClientProcess)
                  80344380    00000140     stk6_ppp_pppoe.ae66 : bind6.oe66 (.text:Bind6DADCheck)
                  803444c0    00000140     ti.csl.ae66 : csl_chip.oe66 (.text:CSL_chipReadReg)
                  80344600    00000140     stk6_ppp_pppoe.ae66 : exec.oe66 (.text:ExecOpen)
                  80344740    00000140                         : icmp.oe66 (.text:ICMPSendRtAdv)
                  80344880    00000140                         : igmp.oe66 (.text:IGMPJoin)
                  803449c0    00000140                         : ipv6.oe66 (.text:IPv6DisplayIPAddress)
                  80344b00    00000140                         : lli6.oe66 (.text:LLI6Find)
                  80344c40    00000140                         : lli.oe66 (.text:LLINew)
                  80344d80    00000140                         : node.oe66 (.text:NodeFind)
                  80344ec0    00000140                         : node.oe66 (.text:NodeWalk)
                  80345000    00000140                         : pbm.oe66 (.text:PBM_alloc)
                  80345140    00000140                         : pbm.oe66 (.text:PBM_free)
                  80345280    00000140                         : rtable.oe66 (.text:RtFlush)
                  803453c0    00000140                         : sb6.oe66 (.text:SB6New)
                  80345500    00000140     netctrl.ae66 : netsrv.oe66 (.text:ServiceKill)
                  80345640    00000140     stk6_ppp_pppoe.ae66 : sock6.oe66 (.text:Sock6Accept)
                  80345780    00000140                         : sock6.oe66 (.text:Sock6Listen)
                  803458c0    00000140                         : sock.oe66 (.text:SockAccept)
                  80345a00    00000140                         : sock.oe66 (.text:SockListen)
                  80345b40    00000140                         : sockpcb.oe66 (.text:SockPcbCtlError)
                  80345c80    00000140     boot.ae66 : autoinit.oe66 (.text:_auto_init_elf)
                  80345dc0    00000140     rts6600_elf_mt.lib : _printfi.obj (.text:_pproc_fflags)
                  80345f00    00000140     stk6_ppp_pppoe.ae66 : auth.oe66 (.text:authGetPassword)
                  80346040    00000140     nettool.ae66 : dhcptags.oe66 (.text:dhcpDecodeType)
                  80346180    00000140     rts6600_elf_mt.lib : fseek.obj (.text:fseek)
                  803462c0    00000140                        : lowlev.obj (.text:getdevice)
                  80346400    00000140     nettool.ae66 : httpsend.oe66 (.text:httpAuthenticationReq)
                  80346540    00000140     os.ae66 : mem.oe66 (.text:mmCopy)
                  80346680    00000140     stk6_ppp_pppoe.ae66 : nimuppp.oe66 (.text:pppAddClient)
                  803467c0    00000140                         : socket.oe66 (.text:recv)
                  80346900    00000140                         : socket.oe66 (.text:send)
                  80346a40    00000140     sysbios.ae66 : BIOS.obj (.text:ti_sysbios_family_c64p_Exception_Module_startup__F)
                  80346b80    00000140                  : BIOS.obj (.text:ti_sysbios_family_c64p_Hwi_Module_startup__F)
                  80346cc0    00000140                  : BIOS.obj (.text:ti_sysbios_family_c66_Cache_Module_startup__F)
                  80346e00    00000140                  : BIOS.obj (.text:ti_sysbios_knl_Semaphore_Instance_init__F)
                  80346f40    00000140                  : BIOS.obj (.text:ti_sysbios_knl_Swi_post__E)
                  80347080    00000140                  : BIOS.obj (.text:ti_sysbios_knl_Task_Module_startup__F)
                  803471c0    00000140                  : BIOS.obj (.text:ti_sysbios_knl_Task_blockI__E)
                  80347300    00000140     ti.targets.rts6000.ae66 : Text.oe66 (.text:xdc_runtime_Text_putLab__F)
                  80347440    00000120     stk6_ppp_pppoe.ae66 : bind6.oe66 (.text:Bind6LifetimeMgmt)
                  80347560    00000120                         : bind.oe66 (.text:BindFree)
                  80347680    00000120     nettool.ae66 : config.oe66 (.text:CfgFree)
                  803477a0    00000120                  : daemon.oe66 (.text:DaemonFree)
                  803478c0    00000120     stk6_ppp_pppoe.ae66 : file.oe66 (.text:FdWaitEvent)
                  803479e0    00000120                         : igmp.oe66 (.text:IGMPLeaveHostGroup)
                  80347b00    00000120                         : ip.oe66 (.text:IPMsg)
                  80347c20    00000120                         : ipin.oe66 (.text:IPRouteIP)
                  80347d40    00000120                         : ipv6_frag.oe66 (.text:IPv6CreateFragQ)
                  80347e60    00000120                         : ipv6.oe66 (.text:IPv6Init)
                  80347f80    00000120                         : icmpv6out.oe66 (.text:IsICMPv6ErrorPkt)
                  803480a0    00000120                         : md5.oe66 (.text:MD5Update)
                  803481c0    00000120                         : mld.oe66 (.text:MLDJoinGroup)
                  803482e0    00000120     netctrl.ae66 : netctrl.oe66 (.text:NC_SystemOpen)
                  80348400    00000120     stk6_ppp_pppoe.ae66 : nimu.oe66 (.text:NIMUAddEthernetHeader)
                  80348520    00000120     ti.drv.qmss.ae66 : qmss_acc.oe66 (.text:Qmss_disableAccumulator)
                  80348640    00000120     stk6_ppp_pppoe.ae66 : raweth.oe66 (.text:RawEthRxPacket)
                  80348760    00000120                         : raweth.oe66 (.text:RawEthTxPacket)
                  80348880    00000120                         : sb.oe66 (.text:SBNew)
                  803489a0    00000120     netctrl.ae66 : netsrv.oe66 (.text:SPConfig)
                  80348ac0    00000120                  : netsrv.oe66 (.text:SPService)
                  80348be0    00000120     stk6_ppp_pppoe.ae66 : sock6.oe66 (.text:Sock6Disconnect)
                  80348d00    00000120                         : sock6.oe66 (.text:Sock6Shutdown)
                  80348e20    00000120                         : sockpcb.oe66 (.text:SockPcbFindRaw)
                  80348f40    00000120                         : sock.oe66 (.text:SockShutdown)
                  80349060    00000120                         : tcp6prot.oe66 (.text:TCP6PrAttach)
                  80349180    00000120                         : tcpprot.oe66 (.text:TcpPrAttach)
                  803492a0    00000120     nettool.ae66 : telnetd.oe66 (.text:TelnetOpen)
                  803493c0    00000120     stk6_ppp_pppoe.ae66 : rtable.oe66 (.text:_RtNodeInsert)
                  803494e0    00000120     rts6600_elf_mt.lib : fclose.obj (.text:_closefile)
                  80349600    00000120                        : _printfi.obj (.text:_ltostr)
                  80349720    00000120     os.ae66 : mem.oe66 (.text:_mmInit)
                  80349840    00000120     nettool.ae66 : daemon.oe66 (.text:dchild)
                  80349960    00000120     stk6_ppp_pppoe.ae66 : fileuser.oe66 (.text:fdOpenSession)
                  80349a80    00000120     nettool.ae66 : http.oe66 (.text:httpOpen)
                  80349ba0    00000120     stk6_ppp_pppoe.ae66 : lcp.oe66 (.text:lcpOpen)
                  80349cc0    00000120                         : lcp.oe66 (.text:lcpReject)
                  80349de0    00000120                         : socket.oe66 (.text:socket)
                  80349f00    00000120     sysbios.ae66 : BIOS.obj (.text:ti_sysbios_BIOS_rtsUnlock__I)
                  8034a020    00000120                  : BIOS.obj (.text:ti_sysbios_knl_Clock_startI__E)
                  8034a140    00000120     ti.targets.rts6000.ae66 : LoggerBuf.oe66 (.text:xdc_runtime_LoggerBuf_setFilterLevel__F)
                  8034a260    00000120                             : Text.oe66 (.text:xdc_runtime_Text_putMod__F)
                  8034a380    00000100     nettool.ae66 : config.oe66 (.text:CfgNew)
                  8034a480    00000100                  : config.oe66 (.text:CfgSetExecuteOrder)
                  8034a580    00000100     os.ae66 : ossys.oe66 (.text:DbgPrintf)
                  8034a680    00000100     stk6_ppp_pppoe.ae66 : igmp.oe66 (.text:IGMPTimer)
                  8034a780    00000100                         : ipv6.oe66 (.text:IPv6GetSubnetMaskFromBits)
                  8034a880    00000100                         : ipv6_frag.oe66 (.text:IPv6ReasmTimeout)
                  8034a980    00000100                         : rtc.oe66 (.text:RTCMsg)
                  8034aa80    00000100                         : rawethsock.oe66 (.text:RawEthSockCheck)
                  8034ab80    00000100                         : route.oe66 (.text:RtRedirect)
                  8034ac80    00000100                         : sockint.oe66 (.text:SockValidateRoute)
                  8034ad80    00000100     nettool.ae66 : dhcpsm.oe66 (.text:StateSelecting)
                  8034ae80    00000100     stk6_ppp_pppoe.ae66 : tcp6prot.oe66 (.text:TCP6PrInherit)
                  8034af80    00000100                         : tcp6time.oe66 (.text:TCP6XmitTimer)
                  8034b080    00000100                         : tcpprot.oe66 (.text:TcpPrInherit)
                  8034b180    00000100                         : tcptime.oe66 (.text:TcpXmitTimer)
                  8034b280    00000100                         : rtable.oe66 (.text:_RtNodeRemove)
                  8034b380    00000100     rts6600_elf_mt.lib : _io_perm.obj (.text:_wrt_ok)
                  8034b480    00000100     stk6_ppp_pppoe.ae66 : file.oe66 (.text:fdint_unlockfd)
                  8034b580    00000100                         : socket.oe66 (.text:listen)
                  8034b680    00000100     os.ae66 : mem.oe66 (.text:mmFree)
                  8034b780    00000100     sysbios.ae66 : BIOS.obj (.text:ti_sysbios_family_c64p_EventCombiner_dispatch__F)
                  8034b880    00000100                  : BIOS.obj (.text:ti_sysbios_knl_Swi_restoreHwi__E)
                  8034b980    00000100                  : BIOS.obj (.text:ti_sysbios_timers_timer64_Timer_initDevice__I)
                  8034ba80    00000100     stk6_ppp_pppoe.ae66 : lliin.oe66 (.text:updateRtTable)
                  8034bb80    00000100     ti.targets.rts6000.ae66 : Core-mem.oe66 (.text:xdc_runtime_Core_deleteObject__I)
                  8034bc80    00000100                             : LoggerBuf.oe66 (.text:xdc_runtime_LoggerBuf_getFilterLevel__F)
                  8034bd80    00000100                             : Startup.oe66 (.text:xdc_runtime_Startup_exec__F)
                  8034be80    00000100                             : Text.oe66 (.text:xdc_runtime_Text_visitRope2__I)
                  8034bf80    000000e0     stk6_ppp_pppoe.ae66 : bind6.oe66 (.text:Bind6GetLinkLocalAddress)
                  8034c060    000000e0     nettool.ae66 : config.oe66 (.text:CfgGetEntryCnt)
                  8034c140    000000e0                  : dhcpmain.oe66 (.text:DHCPClose)
                  8034c220    000000e0     rts6600_elf_mt.lib : trgdrv.obj (.text:HOSTlseek)
                  8034c300    000000e0                        : trgdrv.obj (.text:HOSTopen)
                  8034c3e0    000000e0     stk6_ppp_pppoe.ae66 : icmpv6in.oe66 (.text:ICMPv6SocketErrorInterface)
                  8034c4c0    000000e0                         : igmp.oe66 (.text:IGMPLeave)
                  8034c5a0    000000e0                         : ipv6_frag.oe66 (.text:IPv6FindFragQ)
                  8034c680    000000e0                         : ipv6.oe66 (.text:IPv6Layer4ComputeChecksum)
                  8034c760    000000e0                         : lli6.oe66 (.text:LLI6Msg)
                  8034c840    000000e0                         : lli6.oe66 (.text:LLI6Update)
                  8034c920    000000e0                         : mld.oe66 (.text:MLDFindMulticastNode)
                  8034ca00    000000e0                         : nimu.oe66 (.text:NIMUAllocateIndex)
                  8034cae0    000000e0                         : nimu.oe66 (.text:NIMUAllocateName)
                  8034cbc0    000000e0                         : node.oe66 (.text:NodeDeRef)
                  8034cca0    000000e0                         : node.oe66 (.text:NodeNew)
                  8034cd80    000000e0                         : node.oe66 (.text:NodeTreeNew)
                  8034ce60    000000e0                         : pbm.oe66 (.text:PBMQ_enq)
                  8034cf40    000000e0                         : pbm.oe66 (.text:PBM_copy)
                  8034d020    000000e0                         : rawethsock.oe66 (.text:RawEthSockNotify)
                  8034d100    000000e0                         : rawethsock_pcb.oe66 (.text:RawEthSockPcbAttach)
                  8034d1e0    000000e0                         : rawethsock.oe66 (.text:RawEthSockSend)
                  8034d2c0    000000e0                         : route6.oe66 (.text:Route6Msg)
                  8034d3a0    000000e0                         : route.oe66 (.text:RtDeRef)
                  8034d480    000000e0                         : route.oe66 (.text:RtRemove)
                  8034d560    000000e0                         : sb.oe66 (.text:SBSetMax)
                  8034d640    000000e0                         : sock6int.oe66 (.text:Sock6SpawnAbort)
                  8034d720    000000e0                         : sock6int.oe66 (.text:Sock6ValidateRoute)
                  8034d800    000000e0                         : sock.oe66 (.text:SockDisconnect)
                  8034d8e0    000000e0                         : sockint.oe66 (.text:SockSpawnAbort)
                  8034d9c0    000000e0                         : tcp6prot.oe66 (.text:TCP6PrDetach)
                  8034daa0    000000e0                         : tcp6prot.oe66 (.text:TCP6PrDisconnect)
                  8034db80    000000e0                         : tcp6prot.oe66 (.text:TCP6ValidateMetrics)
                  8034dc60    000000e0                         : tcpprot.oe66 (.text:TcpPrDetach)
                  8034dd40    000000e0                         : tcpprot.oe66 (.text:TcpPrDisconnect)
                  8034de20    000000e0                         : tcpprot.oe66 (.text:TcpValidateMetrics)
                  8034df00    000000e0                         : timer.oe66 (.text:TimerListInsert)
                  8034dfe0    000000e0                         : udp.oe66 (.text:UdpChecksum)
                  8034e0c0    000000e0                         : vlan.oe66 (.text:VLANDeinit)
                  8034e1a0    000000e0                         : vlan.oe66 (.text:VLANReceivePacket)
                  8034e280    000000e0     nettool.ae66 : config.oe66 (.text:_CfgEntryScan)
                  8034e360    000000e0     stk6_ppp_pppoe.ae66 : lli.oe66 (.text:_LLIExpListInsert)
                  8034e440    000000e0                         : rtable.oe66 (.text:_RtExpListInsert)
                  8034e520    000000e0     rts6600_elf_mt.lib : divi.obj (.text:__divi)
                  8034e600    000000e0                        : _printfi.obj (.text:_div)
                  8034e6e0    000000e0                        : atoi.obj (.text:atoi)
                  8034e7c0    000000e0                        : lowlev.obj (.text:close)
                  8034e8a0    000000e0                        : copy_zero_init.obj (.text:decompress:ZI:__TI_zero_init)
                  8034e980    000000e0     os.ae66 : efs.oe66 (.text:efs_internal_remove)
                  8034ea60    000000e0     rts6600_elf_mt.lib : exit.obj (.text:exit)
                  8034eb40    000000e0     stk6_ppp_pppoe.ae66 : file.oe66 (.text:fdint_lockfd)
                  8034ec20    000000e0     rts6600_elf_mt.lib : fflush.obj (.text:fflush)
                  8034ed00    000000e0     nettool.ae66 : httpclie.oe66 (.text:httpGetMimeBits)
                  8034ede0    000000e0     os.ae66 : task.oe66 (.text:llExit)
                  8034eec0    000000e0     rts6600_elf_mt.lib : ltoa.obj (.text:ltoa)
                  8034efa0    000000e0                        : memset.obj (.text:memset)
                  8034f080    000000e0     os.ae66 : mem.oe66 (.text:mmBulkAlloc)
                  8034f160    000000e0     stk6_ppp_pppoe.ae66 : nimuppp.oe66 (.text:pppFree)
                  8034f240    000000e0     rts6600_elf_mt.lib : printf.obj (.text:printf)
                  8034f320    000000e0     sysbios.ae66 : BIOS.obj (.text:ti_sysbios_knl_Clock_start__E)
                  8034f400    000000e0     ti.targets.rts6000.ae66 : Error.oe66 (.text:xdc_runtime_Error_print__F)
                  8034f4e0    000000e0                             : Memory.oe66 (.text:xdc_runtime_Memory_alloc__F)
                  8034f5c0    000000c0     rts6600_elf_mt.lib : trgdrv.obj (.text:HOSTread)
                  8034f680    000000c0                        : trgdrv.obj (.text:HOSTwrite)
                  8034f740    000000c0     stk6_ppp_pppoe.ae66 : icmpv6in.oe66 (.text:ICMPv6RecvDstUnreachable)
                  8034f800    000000c0                         : lli.oe66 (.text:LLIGetValidTime)
                  8034f8c0    000000c0                         : lli.oe66 (.text:LLIMsg)
                  8034f980    000000c0                         : mld.oe66 (.text:MLDCreateMulticastNode)
                  8034fa40    000000c0                         : mld.oe66 (.text:MLDLeaveGroup)
                  8034fb00    000000c0                         : nimu.oe66 (.text:NIMUFindByName)
                  8034fbc0    000000c0     netctrl.ae66 : netsrv.oe66 (.text:NS_BootTask)
                  8034fc80    000000c0     stk6_ppp_pppoe.ae66 : node.oe66 (.text:NodeUpdatePL)
                  8034fd40    000000c0     nettool.ae66 : ipaddr.oe66 (.text:NtIfIdx2Ip)
                  8034fe00    000000c0     ti.drv.qmss.ae66 : qmss_drv.oe66 (.text:Qmss_setEoiVector)
                  8034fec0    000000c0     stk6_ppp_pppoe.ae66 : route6.oe66 (.text:Rt6FindDefaultRouter)
                  8034ff80    000000c0                         : rtable.oe66 (.text:RtWalkBegin)
                  80350040    000000c0                         : sb6.oe66 (.text:SB6Flush)
                  80350100    000000c0                         : sb6.oe66 (.text:SB6SetMax)
                  803501c0    000000c0                         : sb.oe66 (.text:SBFlush)
                  80350280    000000c0                         : sock6.oe66 (.text:Sock6IntAbort)
                  80350340    000000c0                         : sock6pcb.oe66 (.text:Sock6PcbResolveChain)
                  80350400    000000c0                         : sock6pcb.oe66 (.text:Sock6PcbRtChange)
                  803504c0    000000c0                         : sock.oe66 (.text:SockIntAbort)
                  80350580    000000c0                         : sockpcb.oe66 (.text:SockPcbRtChange)
                  80350640    000000c0                         : tcp6prot.oe66 (.text:TCP6Close)
                  80350700    000000c0                         : tcp6time.oe66 (.text:TCP6TimeoutSackRexmt)
                  803507c0    000000c0     os.ae66 : task.oe66 (.text:TaskGetEnv)
                  80350880    000000c0     stk6_ppp_pppoe.ae66 : tcp.oe66 (.text:TcpChecksum)
                  80350940    000000c0                         : tcpprot.oe66 (.text:TcpClose)
                  80350a00    000000c0                         : tcptime.oe66 (.text:TcpTimeoutSackRexmt)
                  80350ac0    000000c0                         : bind6.oe66 (.text:_Bind6FindByHostInList)
                  80350b80    000000c0                         : bind6.oe66 (.text:_Bind6FindByNetInList)
                  80350c40    000000c0     rts6600_elf_mt.lib : dtor_list.obj (.text:__cxa_finalize)
                  80350d00    000000c0                        : divu.obj (.text:__divu)
                  80350dc0    000000c0                        : remi.obj (.text:__remi)
                  80350e80    000000c0                        : fflush.obj (.text:_doflush)
                  80350f40    000000c0     ti.drv.cppi.ae66 : cppi_listlib.oe66 (.text:cppi_list_remove_node)
                  80351000    000000c0     nettool.ae66 : dhcptags.oe66 (.text:dhcpOptionsClear)
                  803510c0    000000c0     os.ae66 : efs.oe66 (.text:efs_fopen)
                  80351180    000000c0     nettool.ae66 : httpsend.oe66 (.text:httpSendFullResponse)
                  80351240    000000c0     os.ae66 : mem.oe66 (.text:mmZeroInit)
                  80351300    000000c0     rts6600_elf_mt.lib : _mutex.obj (.text:mutex_init)
                  803513c0    000000c0     stk6_ppp_pppoe.ae66 : nimuppp.oe66 (.text:pppAddIP)
                  80351480    000000c0     rts6600_elf_mt.lib : _pthread.obj (.text:pthread_mutex_lock)
                  80351540    000000c0                        : _pthread.obj (.text:pthread_mutex_unlock)
                  80351600    000000c0                        : _pthread.obj (.text:pthread_once)
                  803516c0    000000c0     sysbios.ae66 : BIOS.obj (.text:ti_sysbios_BIOS_errorRaiseHook__I)
                  80351780    000000c0                  : BIOS.obj (.text:ti_sysbios_heaps_HeapMem_getStats__E)
                  80351840    000000c0                  : BIOS.obj (.text:ti_sysbios_knl_Clock_logTick__E)
                  80351900    000000c0     Disparity_pe66.oe66 (.text:ti_sysbios_knl_Task_Object__create__S)
                  803519c0    000000c0     sysbios.ae66 : BIOS.obj (.text:ti_sysbios_knl_Task_allBlockedFunction__I)
                  80351a80    000000c0                  : BIOS.obj (.text:ti_sysbios_timers_timer64_Timer_startup__E)
                  80351b40    000000c0     ti.targets.rts6000.ae66 : LoggerBuf.oe66 (.text:xdc_runtime_LoggerBuf_Instance_init__F)
                  80351c00    000000c0     Disparity_pe66.oe66 (.text:xdc_runtime_LoggerBuf_Object__create__S)
                  80351cc0    000000c0     ti.targets.rts6000.ae66 : System.oe66 (.text:xdc_runtime_System_formatNum__I)
                  80351d80    000000a0     nettool.ae66 : config.oe66 (.text:CfgEntryDeRef)
                  80351e20    000000a0                  : config.oe66 (.text:CfgEntryGetData)
                  80351ec0    000000a0                  : config.oe66 (.text:CfgGetImmediate)
                  80351f60    000000a0                  : telnetd.oe66 (.text:CmdWriteBytes)
                  80352000    000000a0                  : telnetd.oe66 (.text:CmdWriteCmd)
                  803520a0    000000a0     ti.drv.cppi.ae66 : cppi_drv.oe66 (.text:Cppi_channelEnable)
                  80352140    000000a0     stk6_ppp_pppoe.ae66 : file.oe66 (.text:FdSignalEvent)
                  803521e0    000000a0     rts6600_elf_mt.lib : trgdrv.obj (.text:HOSTunlink)
                  80352280    000000a0     stk6_ppp_pppoe.ae66 : ipfrag.oe66 (.text:IPReasmFree)
                  80352320    000000a0                         : ipfrag.oe66 (.text:IPReasmTimeout)
                  803523c0    000000a0                         : ipv6.oe66 (.text:IPv6CompareAddress)
                  80352460    000000a0                         : lliin.oe66 (.text:LLIValidateRoute)
                  80352500    000000a0                         : md5.oe66 (.text:MD5Final)
                  803525a0    000000a0                         : nimu.oe66 (.text:NIMUShutdown)
                  80352640    000000a0                         : nimu.oe66 (.text:NIMUUnregister)
                  803526e0    000000a0     nettool.ae66 : ipaddr.oe66 (.text:NtAddNetwork)
                  80352780    000000a0     stk6_ppp_pppoe.ae66 : pbm.oe66 (.text:PBM_open)
                  80352820    000000a0                         : pipe.oe66 (.text:PipeCheck)
                  803528c0    000000a0     ti.drv.qmss.ae66 : qmss_drv.oe66 (.text:Qmss_queueClose)
                  80352960    000000a0                      : qmss_drv.oe66 (.text:Qmss_startCfg)
                  80352a00    000000a0     stk6_ppp_pppoe.ae66 : rtable.oe66 (.text:RouteMsg)
                  80352aa0    000000a0                         : route.oe66 (.text:RtNew)
                  80352b40    000000a0                         : sb6.oe66 (.text:SB6Free)
                  80352be0    000000a0                         : sb.oe66 (.text:SBFree)
                  80352c80    000000a0     os.ae66 : semaphore.oe66 (.text:SemCreate)
                  80352d20    000000a0             : semaphore.oe66 (.text:SemCreateBinary)
                  80352dc0    000000a0     stk6_ppp_pppoe.ae66 : sock6pcb.oe66 (.text:Sock6CleanPcb)
                  80352e60    000000a0                         : sock6.oe66 (.text:Sock6GetName)
                  80352f00    000000a0                         : sock.oe66 (.text:SockBind)
                  80352fa0    000000a0                         : sockpcb.oe66 (.text:SockCleanPcb)
                  80353040    000000a0                         : sockpcb.oe66 (.text:SockPcbResolveChain)
                  803530e0    000000a0                         : tcp6prot.oe66 (.text:TCP6Drop)
                  80353180    000000a0                         : tcp6prot.oe66 (.text:TCP6PrCtlError)
                  80353220    000000a0                         : tcp6prot.oe66 (.text:TCP6PrSend)
                  803532c0    000000a0                         : tcp6prot.oe66 (.text:TCP6PrSendOOB)
                  80353360    000000a0     os.ae66 : task.oe66 (.text:TaskCreate)
                  80353400    000000a0     stk6_ppp_pppoe.ae66 : tcpprot.oe66 (.text:TcpDrop)
                  803534a0    000000a0                         : tcpprot.oe66 (.text:TcpPrCtlError)
                  80353540    000000a0                         : tcpprot.oe66 (.text:TcpPrSend)
                  803535e0    000000a0                         : tcpprot.oe66 (.text:TcpPrSendOOB)
                  80353680    000000a0                         : timer.oe66 (.text:TimerNew)
                  80353720    000000a0     nettool.ae66 : config.oe66 (.text:_CfgRelease)
                  803537c0    000000a0     stk6_ppp_pppoe.ae66 : lli.oe66 (.text:_LLITimeoutFlush)
                  80353860    000000a0     rts6600_elf_mt.lib : dtor_list.obj (.text:_Z11__TI_atexitPFYvPvES_S_)
                  80353900    000000a0                        : remu.obj (.text:__remu)
                  803539a0    000000a0     boot.ae66 : boot.oe66 (.text:_c_int00)
                  80353a40    000000a0     rts6600_elf_mt.lib : fopen.obj (.text:_cleanup)
                  80353ae0    000000a0                        : _printfi.obj (.text:_ecpy)
                  80353b80    000000a0                        : _printfi.obj (.text:_fcpy)
                  80353c20    000000a0                        : _printfi.obj (.text:_pconv_f)
                  80353cc0    000000a0     stk6_ppp_pppoe.ae66 : auth.oe66 (.text:authStart)
                  80353d60    000000a0     ti.drv.cppi.ae66 : cppi_heap.oe66 (.text:cppi_internal_heap_malloc)
                  80353e00    000000a0                      : cppi_listlib.oe66 (.text:cppi_list_cat)
                  80353ea0    000000a0     nettool.ae66 : dhcpbild.oe66 (.text:dhcpBuildDecline)
                  80353f40    000000a0                  : dhcpsm.oe66 (.text:dhcpIPRemove)
                  80353fe0    000000a0     os.ae66 : efs.oe66 (.text:efs_filesend)
                  80354080    000000a0     stk6_ppp_pppoe.ae66 : fileuser.oe66 (.text:fdCloseSession)
                  80354120    000000a0     rts6600_elf_mt.lib : lowlev.obj (.text:finddevice)
                  803541c0    000000a0     stk6_ppp_pppoe.ae66 : lcp.oe66 (.text:lcpInit)
                  80354260    000000a0                         : lcp.oe66 (.text:lcpSendTerm)
                  80354300    000000a0                         : sock6.oe66 (.text:leaveGroup)
                  803543a0    000000a0     hal_timer_bios.ae66 : lltimer.oe66 (.text:llTimerTick)
                  80354440    000000a0     rts6600_elf_mt.lib : lowlev.obj (.text:lseek)
                  803544e0    000000a0                        : memcpy64.obj (.text:memcpy)
                  80354580    000000a0     os.ae66 : mem.oe66 (.text:mmBulkFree)
                  80354620    000000a0             : mem.oe66 (.text:mmInitPage)
                  803546c0    000000a0     rts6600_elf_mt.lib : _mutex.obj (.text:mutex_unlock)
                  80354760    000000a0     ti.drv.pa.ae66 : pa.oe66 (.text:pa_format_fcmd_header)
                  80354800    000000a0                    : pa.oe66 (.text:pa_pdsp_run)
                  803548a0    000000a0     os.ae66 : ossys.oe66 (.text:stricmp)
                  80354940    000000a0     rts6600_elf_mt.lib : strstr.obj (.text:strstr)
                  803549e0    000000a0     sysbios.ae66 : BIOS.obj (.text:ti_sysbios_family_c64p_Hwi_eventMap__E)
                  80354a80    000000a0                  : BIOS.obj (.text:ti_sysbios_family_c64p_Hwi_getStackInfo__E)
                  80354b20    000000a0                  : BIOS.obj (.text:ti_sysbios_heaps_HeapMem_init__I)
                  80354bc0    000000a0                  : BIOS.obj (.text:ti_sysbios_knl_Idle_run__E)
                  80354c60    000000a0                  : BIOS.obj (.text:ti_sysbios_knl_Semaphore_pendTimeout__I)
                  80354d00    000000a0                  : BIOS.obj (.text:ti_sysbios_knl_Task_deleteTerminatedTasksFunc__I)
                  80354da0    000000a0                  : BIOS.obj (.text:ti_sysbios_knl_Task_processVitalTaskFlag__I)
                  80354e40    000000a0                  : BIOS.obj (.text:ti_sysbios_timers_timer64_Timer_stop__E)
                  80354ee0    000000a0     rts6600_elf_mt.lib : lowlev.obj (.text:write)
                  80354f80    000000a0     ti.targets.rts6000.ae66 : Assert.oe66 (.text:xdc_runtime_Assert_raise__I)
                  80355020    000000a0                             : LoggerBuf.oe66 (.text:xdc_runtime_LoggerBuf_Module_startup__F)
                  803550c0    000000a0     Disparity_pe66.oe66 (.text:xdc_runtime_LoggerBuf_write8__E)
                  80355160    000000a0     ti.targets.rts6000.ae66 : Text.oe66 (.text:xdc_runtime_Text_xprintf__I)
                  80355200    00000080     ti.drv.cppi.ae66 : cppi_drv.oe66 (.text:Cppi_setCpdmaLoopback)
                  80355280    00000080     stk6_ppp_pppoe.ae66 : md5.oe66 (.text:Decode)
                  80355300    00000080     rts6600_elf_mt.lib : trgdrv.obj (.text:HOSTclose)
                  80355380    00000080     stk6_ppp_pppoe.ae66 : icmp.oe66 (.text:ICMPChecksum)
                  80355400    00000080                         : icmpv6in.oe66 (.text:ICMPv6RecvParamProblem)
                  80355480    00000080                         : icmpv6_ndisc.oe66 (.text:ICMPv6RecvRS)
                  80355500    00000080                         : icmpv6in.oe66 (.text:ICMPv6RecvTimeExceeded)
                  80355580    00000080                         : ipv6out.oe66 (.text:IPv6GetRoute)
                  80355600    00000080                         : lli6.oe66 (.text:LLI6Free)
                  80355680    00000080                         : lli6.oe66 (.text:LLI6IsRouterStatMachine)
                  80355700    00000080                         : nimu.oe66 (.text:NIMUInit)
                  80355780    00000080                         : pbm.oe66 (.text:PBMQ_deq)
                  80355800    00000080                         : nimuppp.oe66 (.text:PPPSend)
                  80355880    00000080     ti.drv.pa.ae66 : painit.oe66 (.text:Pa_getBufferReq)
                  80355900    00000080     stk6_ppp_pppoe.ae66 : pipe.oe66 (.text:PipeClose)
                  80355980    00000080     ti.drv.qmss.ae66 : qmss_drv.oe66 (.text:Qmss_getMemRegQueueHandle)
                  80355a00    00000080                      : qmss_drv.oe66 (.text:Qmss_queueOpen)
                  80355a80    00000080     stk6_ppp_pppoe.ae66 : rawethsock.oe66 (.text:RawEthSockClose)
                  80355b00    00000080                         : rawethsock_pcb.oe66 (.text:RawEthSockPcbDetach)
                  80355b80    00000080                         : route6.oe66 (.text:Rt6Update)
                  80355c00    00000080                         : route.oe66 (.text:RtSetFailure)
                  80355c80    00000080                         : route.oe66 (.text:RtSetTimeout)
                  80355d00    00000080                         : sock6.oe66 (.text:Sock6Bind)
                  80355d80    00000080                         : sock6pcb.oe66 (.text:Sock6PcbCleanup)
                  80355e00    00000080                         : sock.oe66 (.text:SockGetName)
                  80355e80    00000080                         : sockpcb.oe66 (.text:SockPcbCleanup)
                  80355f00    00000080                         : sockpcb.oe66 (.text:SockPcbDetach)
                  80355f80    00000080                         : tcp6prot.oe66 (.text:TCP6PrListen)
                  80356000    00000080     os.ae66 : task.oe66 (.text:TaskSetEnv)
                  80356080    00000080     stk6_ppp_pppoe.ae66 : tcpprot.oe66 (.text:TcpPrListen)
                  80356100    00000080                         : timer.oe66 (.text:TimerHSTick)
                  80356180    00000080                         : timer.oe66 (.text:TimerListRemove)
                  80356200    00000080     nettool.ae66 : config.oe66 (.text:_CfgAcquire)
                  80356280    00000080     stk6_ppp_pppoe.ae66 : lli.oe66 (.text:_LLIExpListRemove)
                  80356300    00000080                         : rtc.oe66 (.text:_RTCSendRtAdv)
                  80356380    00000080                         : rtable.oe66 (.text:_RtExpListRemove)
                  80356400    00000080     rts6600_elf_mt.lib : _mutex.obj (.text:__TI_resource_lock)
                  80356480    00000080                        : llshift.obj (.text:__c6xabi_llshl)
                  80356500    00000080     sysbios.ae66 : c62_TaskSupport_asm.obj (.text:_ti_sysbios_family_c62_TaskSupport_swap__E)
                  80356580    00000080     ti.drv.cppi.ae66 : cppi_heap.oe66 (.text:cppi_internal_heap_cache_begin)
                  80356600    00000080                      : cppi_listlib.oe66 (.text:cppi_list_remove)
                  80356680    00000080     nettool.ae66 : dhcpsock.oe66 (.text:dhcpSocketClose)
                  80356700    00000080     os.ae66 : efs.oe66 (.text:efs_fclose)
                  80356780    00000080             : efs.oe66 (.text:efs_findfile)
                  80356800    00000080     stk6_ppp_pppoe.ae66 : file.oe66 (.text:fdint_waitevent)
                  80356880    00000080     nettool.ae66 : httpsend.oe66 (.text:httpSendEntityLength)
                  80356900    00000080                  : httpsend.oe66 (.text:httpSendErrorResponse)
                  80356980    00000080     hal_timer_bios.ae66 : lltimer.oe66 (.text:llTimerGetTime)
                  80356a00    00000080     Disparity_pe66.oe66 (.text:malloc)
                  80356a80    00000080     rts6600_elf_mt.lib : _mutex.obj (.text:mutex_lock)
                  80356b00    00000080     mathlib.ae66 : rsqrtsp.obj (.text:optasm)
                  80356b80    00000080     ti.drv.pa.ae66 : pa.oe66 (.text:pa_uint8_match)
                  80356c00    00000080     rts6600_elf_mt.lib : _pthread.obj (.text:pthread_mutex_init)
                  80356c80    00000080                        : trgmsg.obj (.text:readmsg)
                  80356d00    00000080     nettool.ae66 : httpsend.oe66 (.text:strcat)
                  80356d80    00000080     rts6600_elf_mt.lib : strncpy.obj (.text:strncpy)
                  80356e00    00000080     ti.drv.pa.ae66 : pa.oe66 (.text:swizFcmd)
                  80356e80    00000080     ti.platform.evm6678l.ae66 : evm66x_i2c.obj (.text)
                  80356f00    00000080     sysbios.ae66 : BIOS.obj (.text:ti_sysbios_BIOS_registerRTSLock__I)
                  80356f80    00000080     Disparity_pe66.oe66 (.text:ti_sysbios_gates_GateHwi_Object__create__S)
                  80357000    00000080     Disparity_pe66.oe66 (.text:ti_sysbios_gates_GateMutex_Object__create__S)
                  80357080    00000080     sysbios.ae66 : BIOS.obj (.text:ti_sysbios_hal_Hwi_checkStack:ti_sysbios_hal_Hwi_checkStack)
                  80357100    00000080                  : BIOS.obj (.text:ti_sysbios_hal_Hwi_initStack:ti_sysbios_hal_Hwi_initStack)
                  80357180    00000080     Disparity_pe66.oe66 (.text:ti_sysbios_heaps_HeapMem_Object__create__S)
                  80357200    00000080     sysbios.ae66 : BIOS.obj (.text:ti_sysbios_knl_Clock_Module_startup__F)
                  80357280    00000080     Disparity_pe66.oe66 (.text:ti_sysbios_knl_Clock_Object__create__S)
                  80357300    00000080     sysbios.ae66 : BIOS.obj (.text:ti_sysbios_knl_Clock_getTicks__E)
                  80357380    00000080     Disparity_pe66.oe66 (.text:ti_sysbios_knl_Queue_Object__create__S)
                  80357400    00000080     Disparity_pe66.oe66 (.text:ti_sysbios_knl_Semaphore_Object__create__S)
                  80357480    00000080     sysbios.ae66 : BIOS.obj (.text:ti_sysbios_knl_Swi_startup__E)
                  80357500    00000080                  : BIOS.obj (.text:ti_sysbios_knl_Task_restore__E)
                  80357580    00000080                  : BIOS.obj (.text:ti_sysbios_timers_timer64_Timer_getCount__E)
                  80357600    00000080                  : BIOS.obj (.text:ti_sysbios_timers_timer64_Timer_getPeriod__E)
                  80357680    00000080     rts6600_elf_mt.lib : trgmsg.obj (.text:writemsg)
                  80357700    00000080     ti.targets.rts6000.ae66 : Core-label.oe66 (.text:xdc_runtime_Core_assignLabel__I)
                  80357780    00000080                             : Core-params.oe66 (.text:xdc_runtime_Core_assignParams__I)
                  80357800    00000080                             : LoggerBuf.oe66 (.text:xdc_runtime_LoggerBuf_filterOutEvent__I)
                  80357880    00000080                             : System.oe66 (.text:xdc_runtime_System_atexit__F)
                  80357900    00000080                             : System.oe66 (.text:xdc_runtime_System_putchar__I)
                  80357980    00000080                             : System.oe66 (.text:xdc_runtime_System_rtsExit__I)
                  80357a00    00000080                             : Text.oe66 (.text:xdc_runtime_Text_printVisFxn__I)
                  80357a80    00000060     stk6_ppp_pppoe.ae66 : bind6.oe66 (.text:Bind6FindByIF)
                  80357ae0    00000060                         : bind6.oe66 (.text:Bind6IF2IPHost)
                  80357b40    00000060                         : bind.oe66 (.text:BindFindByHost)
                  80357ba0    00000060                         : bind.oe66 (.text:BindFindByIF)
                  80357c00    00000060                         : bind.oe66 (.text:BindFindByNet)
                  80357c60    00000060                         : bind.oe66 (.text:BindGetIFByDBCast)
                  80357cc0    00000060                         : bind.oe66 (.text:BindIF2IPHost)
                  80357d20    00000060     nettool.ae66 : config.oe66 (.text:CfgEntryInfo)
                  80357d80    00000060                  : config.oe66 (.text:CfgSetService)
                  80357de0    00000060     stk6_ppp_pppoe.ae66 : md5.oe66 (.text:Encode)
                  80357e40    00000060                         : exec.oe66 (.text:ExecBroadcast)
                  80357ea0    00000060                         : igmp.oe66 (.text:IGMPTestGroup)
                  80357f00    00000060                         : ip.oe66 (.text:IPChecksum)
                  80357f60    00000060                         : lli.oe66 (.text:LLIFree)
                  80357fc0    00000060     netctrl.ae66 : netctrl.oe66 (.text:NC_SystemClose)
                  80358020    00000060     stk6_ppp_pppoe.ae66 : nimu.oe66 (.text:NIMUAddHeader)
                  80358080    00000060                         : nimu.oe66 (.text:NIMUCreatePacket)
                  803580e0    00000060                         : nimu.oe66 (.text:NIMUFindByIndex)
                  80358140    00000060                         : nimu.oe66 (.text:NIMUPacketService)
                  803581a0    00000060                         : nimu.oe66 (.text:NIMUPacketServiceCheck)
                  80358200    00000060                         : nimu.oe66 (.text:NIMUSendPacket)
                  80358260    00000060     netctrl.ae66 : netsrv.oe66 (.text:NS_PreBoot)
                  803582c0    00000060     stk6_ppp_pppoe.ae66 : node.oe66 (.text:NodeGetRt)
                  80358320    00000060                         : nimuppp.oe66 (.text:PPPStart)
                  80358380    00000060                         : rtc.oe66 (.text:RTCAddHook)
                  803583e0    00000060                         : rtc.oe66 (.text:RTCRemoveHook)
                  80358440    00000060                         : rawethsock_pcb.oe66 (.text:RawEthSockPcbCleanup)
                  803584a0    00000060                         : rawethsock_pcb.oe66 (.text:RawEthSockPcbFind)
                  80358500    00000060                         : route6.oe66 (.text:Rt6GetNetworkAddr)
                  80358560    00000060                         : rtable.oe66 (.text:RtWalkEnd)
                  803585c0    00000060     netctrl.ae66 : netsrv.oe66 (.text:ServiceCallback)
                  80358620    00000060     stk6_ppp_pppoe.ae66 : sock6pcb.oe66 (.text:Sock6PcbDetach)
                  80358680    00000060                         : sock6prot.oe66 (.text:Sock6PrCtlError)
                  803586e0    00000060                         : sock6prot.oe66 (.text:Sock6PrDetach)
                  80358740    00000060                         : sockprot.oe66 (.text:SockPrCtlError)
                  803587a0    00000060                         : sockprot.oe66 (.text:SockPrDetach)
                  80358800    00000060                         : tcp6prot.oe66 (.text:TCP6PrConnect)
                  80358860    00000060                         : tcp6time.oe66 (.text:TCP6SetPersist)
                  803588c0    00000060                         : tcp6time.oe66 (.text:TCP6TimeoutPersist)
                  80358920    00000060                         : tcpprot.oe66 (.text:TcpPrConnect)
                  80358980    00000060                         : tcptime.oe66 (.text:TcpSetPersist)
                  803589e0    00000060                         : tcptime.oe66 (.text:TcpTimeoutPersist)
                  80358a40    00000060                         : vlan.oe66 (.text:VLANFindNode)
                  80358aa0    00000060                         : vlan.oe66 (.text:VLANFindSourceInterface)
                  80358b00    00000060                         : vlan.oe66 (.text:VLANInit)
                  80358b60    00000060     nettool.ae66 : config.oe66 (.text:_CfgEntryProcess)
                  80358bc0    00000060     rts6600_elf_mt.lib : frcmpyd_div.obj (.text:__c6xabi_frcmpyd_div)
                  80358c20    00000060                        : llshift.obj (.text:__c6xabi_llshru)
                  80358c80    00000060                        : imath64.obj (.text:_subcull)
                  80358ce0    00000060     ti.drv.cppi.ae66 : cppi_listlib.oe66 (.text:cppi_list_add)
                  80358d40    00000060                      : cppi_listlib.oe66 (.text:cppi_list_cache_invalidate)
                  80358da0    00000060     rts6600_elf_mt.lib : _mutex.obj (.text:create_resource_mutexes)
                  80358e00    00000060                        : _mutex.obj (.text:destroy_resource_mutexes)
                  80358e60    00000060     nettool.ae66 : dhcpbild.oe66 (.text:dhcpBuildDiscover)
                  80358ec0    00000060                  : dhcpsock.oe66 (.text:dhcpPacketReceive)
                  80358f20    00000060                  : dhcpsock.oe66 (.text:dhcpPacketSend)
                  80358f80    00000060     stk6_ppp_pppoe.ae66 : fileuser.oe66 (.text:fdSelectAbort)
                  80358fe0    00000060                         : file.oe66 (.text:fdint_clearevent)
                  80359040    00000060                         : file.oe66 (.text:fdint_getfdt)
                  803590a0    00000060                         : file.oe66 (.text:fdint_setevent)
                  80359100    00000060                         : fileuser.oe66 (.text:fdsetTestEntry)
                  80359160    00000060     nettool.ae66 : httpsend.oe66 (.text:httpSendClientStr)
                  803591c0    00000060     stk6_ppp_pppoe.ae66 : ipcp.oe66 (.text:ipcpInit)
                  80359220    00000060                         : ipcp.oe66 (.text:ipcpStart)
                  80359280    00000060                         : lcp.oe66 (.text:lcpClose)
                  803592e0    00000060                         : listlib.oe66 (.text:list_cat)
                  80359340    00000060                         : listlib.oe66 (.text:list_remove_node)
                  803593a0    00000060     rts6600_elf_mt.lib : memccpy.obj (.text:memccpy)
                  80359400    00000060     os.ae66 : mem.oe66 (.text:mmUnInitPage)
                  80359460    00000060     ti.drv.pa.ae66 : painit.oe66 (.text:pa_init_global_cfg)
                  803594c0    00000060                    : pa.oe66 (.text:pa_uint8_zero)
                  80359520    00000060     stk6_ppp_pppoe.ae66 : nimupppoe.oe66 (.text:pppoeInput)
                  80359580    00000060     rts6600_elf_mt.lib : _pthread.obj (.text:pthread_mutex_destroy)
                  803595e0    00000060                        : strcpy.obj (.text:strcpy)
                  80359640    00000060     Disparity_pe66.oe66 (.text:ti_ndk_config_Global_stackThread)
                  803596a0    00000060     Disparity_pe66.oe66 (.text:ti_sysbios_BIOS_exitFunc__I)
                  80359700    00000060     sysbios.ae66 : BIOS.obj (.text:ti_sysbios_BIOS_rtsLock__I)
                  80359760    00000060                  : BIOS.obj (.text:ti_sysbios_family_c62_TaskSupport_start__E)
                  803597c0    00000060                  : BIOS.obj (.text:ti_sysbios_family_c64p_EventCombiner_Module_startup__F)
                  80359820    00000060                  : BIOS.obj (.text:ti_sysbios_family_c64p_EventCombiner_dispatchPlug__F)
[...]
8035d600   xdc_runtime_Text_cordText__E
8035d620   xdc_runtime_Text_putLab__E
8035d640   xdc_runtime_Text_putSite__E
8035d660   xdc_runtime_Text_ropeText__E
8035d680   xdc_runtime_Timestamp_SupportProxy_get32__E
8035d680   xdc_runtime_Timestamp_get32__F
8035d6a0   xdc_runtime_Timestamp_SupportProxy_getFreq__E
8035d6a0   xdc_runtime_Timestamp_getFreq__F
8035d6c0   xdc_runtime_Timestamp_get32__E
8035d6e0   xdc_runtime_Timestamp_getFreq__E
8035d700   ti_ndk_config_Global_pit
8035d8c0   ti_ndk_config_Global_pitBuffer
803698c0   ti_sysbios_knl_Task_Instance_State_0_hookEnv__A
803698c8   ti_sysbios_knl_Task_Instance_State_1_hookEnv__A
803698d0   ti_sysbios_knl_Task_Instance_State_2_hookEnv__A
803698d8   xdc_runtime_LoggerBuf_Instance_State_0_entryArr__A
8036a890   _tmpnams
8036a9d0   qmssLObj
8036acd8   IPV6_LINKLOCALMASK
8036ace8   IPV6_MULTICASTMASK
8036acf8   IPV6_UNSPECIFIED_ADDRESS
8036ad08   IPV6_LOOPBACK_ADDRESS
8036ad18   IPV6_HOST_MASK
8036ad28   IPV6_ALL_NODES_ADDRESS
8036ad38   IPV6_ALL_ROUTER_ADDRESS
8036ad48   ipv6mcb
8036ada0   tcps
8036ae58   tpseudo
8036ae64   tcp6_stats
8036af1c   raweth_pcb
8036af20   _ICMPIn
8036af70   _ICMPOut
8036afbc   gPlatformInfo
8036b050   BlockMax
8036b070   BlockCount
8036b090   PageMax
8036b0b0   PageCount
8036b0cc   ips
8036b134   nimu_mcb
8036b198   gI2cBlock
8036b1dc   udps
8036b200   upseudo
8036b210   nimuGlobalConfigParams
8036b220   coreKey
8036b240   vlan_mcb
8036b268   udp6_stats
8036b290   gCppiCfg
8036b2b0   icmp6stats
8036b2e4   stkEvent
8036b2f4   raws
8036b304   raw6_stats
8036b314   raweths
8036b324   PBMQ_free
8036b330   c1
8036d0f8   m
8036e9a8   xdc_runtime_Text_charTab__A
8036ffa0   c2
80371f88   acc48_le
803725b8   ti_sysbios_family_c66_Cache_marvalues__C
80373946   ti_sysbios_BIOS_Module__id__C
80373948   _ctypes_
80373a4a   ti_sysbios_family_c64p_EventCombiner_Module__id__C
80373a4c   ti_sysbios_BIOS_Module__diagsEnabled__C
80373a50   xdc_runtime_Text_nodeTab__A
80374296   ti_sysbios_family_c64p_Exception_Module__id__C
803743bc   ti_sysbios_BIOS_Module__diagsIncluded__C
803743c0   pap_pdsp_const_reg_map
80374582   ti_sysbios_family_c64p_Exception_enableExternalMPC__C
8037468a   ti_sysbios_family_c64p_Exception_enablePrint__C
8037468c   ti_sysbios_BIOS_Module__diagsMask__C
80374690   Code2Err
80374882   ti_sysbios_family_c64p_Exception_useInternalBuffer__C
80374884   ti_sysbios_knl_Task_Object__PARAMS__C
803748c0   xdc_runtime_LoggerBuf_Module__FXNS__C
803748fc   ti_sysbios_BIOS_installedErrorHook__C
80374900   xdc_runtime_Startup_sfxnTab__A
803749d2   ti_sysbios_family_c64p_Hwi_Module__id__C
803749d4   ti_sysbios_family_c62_TaskSupport_stackAlignment__C
803749d8   ti_sysbios_knl_Task_hooks__A
80374a8c   ti_sysbios_heaps_HeapMem_Module__FXNS__C
80374ab4   xdc_runtime_LoggerBuf_Object__PARAMS__C
80374b04   ti_sysbios_gates_GateHwi_Module__FXNS__C
80374b28   ti_sysbios_gates_GateMutex_Module__FXNS__C
80374b4c   ti_sysbios_heaps_HeapMem_Object__PARAMS__C
80374b70   ti_sysbios_knl_Clock_Object__PARAMS__C
80374b94   ti_sysbios_knl_Semaphore_Object__PARAMS__C
80374bdc   ti_sysbios_gates_GateHwi_Object__DESC__C
80374bfc   ti_sysbios_gates_GateMutex_Object__DESC__C
80374c1c   ti_sysbios_heaps_HeapMem_Object__DESC__C
80374c3c   ti_sysbios_knl_Clock_Object__DESC__C
80374c5c   ti_sysbios_knl_Queue_Object__DESC__C
80374c7c   ti_sysbios_knl_Semaphore_Object__DESC__C
80374c9c   ti_sysbios_knl_Task_Object__DESC__C
80374cbc   xdc_runtime_LoggerBuf_Object__DESC__C
80374cdc   ti_sysbios_family_c64p_EventCombiner_E_unpluggedEvent__C
80374d3a   ti_sysbios_family_c64p_Hwi_Module__loggerDefined__C
80374d3c   ti_sysbios_family_c64p_Exception_E_exceptionMax__C
80374d40   xdc_runtime_Startup_sfxnRts__A
80374d5c   ti_sysbios_family_c64p_Exception_E_exceptionMin__C
80374dc0   ti_sysbios_gates_GateHwi_Object__PARAMS__C
80374dd8   ti_sysbios_gates_GateMutex_Object__PARAMS__C
80374df0   ti_sysbios_knl_Queue_Object__PARAMS__C
80374e6a   ti_sysbios_gates_GateMutex_Module__id__C
80374e6c   ti_sysbios_family_c64p_Exception_exceptionHook__C
80374e82   ti_sysbios_hal_Hwi_Module__id__C
80374e84   ti_sysbios_family_c64p_Exception_externalHook__C
80374e88   paMemAligns
80374e98   ti_sysbios_family_c64p_EventCombiner_EVTMASK__C
80374ed0   ti_sysbios_family_c66_Cache_initSize__C
80374ef2   ti_sysbios_heaps_HeapMem_Module__id__C
80374ef4   ti_sysbios_family_c64p_Exception_internalHook__C
80374f02   ti_sysbios_knl_Clock_Module__id__C
80374f04   ti_sysbios_family_c64p_Exception_nmiHook__C
80374f20   ti_sysbios_knl_Idle_coreList__A
80374f28   ti_sysbios_knl_Idle_coreList__C
80374f30   ti_sysbios_knl_Idle_funcList__A
80374f38   ti_sysbios_knl_Idle_funcList__C
80374f40   ti_sysbios_knl_Task_hooks__C
80374f48   xdc_runtime_Startup_firstFxns__A
80374f50   xdc_runtime_Startup_firstFxns__C
80374f58   xdc_runtime_Startup_lastFxns__A
80374f60   xdc_runtime_Startup_lastFxns__C
80374f6e   ti_sysbios_knl_Clock_Module__loggerDefined__C
80374f76   ti_sysbios_knl_Semaphore_Module__id__C
80374f7e   ti_sysbios_knl_Semaphore_Module__loggerDefined__C
80374f80   ti_sysbios_family_c64p_Hwi_LD_end__C
80374f84   ti_sysbios_family_c64p_Hwi_LM_begin__C
80374f88   ti_sysbios_family_c64p_Hwi_Module__diagsEnabled__C
80374f8c   ti_sysbios_family_c64p_Hwi_Module__diagsIncluded__C
80374f90   ti_sysbios_family_c64p_Hwi_Module__diagsMask__C
80374f94   ti_sysbios_family_c64p_Hwi_Module__loggerFxn1__C
80374f98   ti_sysbios_family_c64p_Hwi_Module__loggerFxn8__C
80374f9c   ti_sysbios_family_c64p_Hwi_Module__loggerObj__C
80374fa0   ti_sysbios_family_c66_Cache_atomicBlockSize__C
80374fa4   ti_sysbios_gates_GateMutex_A_badContext__C
80374fa8   ti_sysbios_gates_GateMutex_Instance_State_sem__O
80374fac   ti_sysbios_gates_GateMutex_Module__diagsEnabled__C
80374fb0   ti_sysbios_gates_GateMutex_Module__diagsIncluded__C
80374fb4   ti_sysbios_gates_GateMutex_Module__diagsMask__C
80374fb8   ti_sysbios_hal_Hwi_E_stackOverflow__C
80374fbc   ti_sysbios_heaps_HeapBuf_Instance_State_freeList__O
80374fc0   ti_sysbios_heaps_HeapBuf_Object__count__C
80374fc4   ti_sysbios_heaps_HeapBuf_Object__table__C
80374fc8   ti_sysbios_heaps_HeapBuf_numConstructedHeaps__C
80374fcc   ti_sysbios_heaps_HeapMem_A_align__C
80374fd0   ti_sysbios_heaps_HeapMem_A_heapSize__C
80374fd4   ti_sysbios_heaps_HeapMem_A_invalidFree__C
80374fd8   ti_sysbios_heaps_HeapMem_A_zeroBlock__C
80374fdc   ti_sysbios_heaps_HeapMem_E_memory__C
80374fe0   ti_sysbios_heaps_HeapMem_Module__diagsEnabled__C
80374fe4   ti_sysbios_heaps_HeapMem_Module__diagsIncluded__C
80374fe8   ti_sysbios_heaps_HeapMem_Module__diagsMask__C
80374fec   ti_sysbios_heaps_HeapMem_Module__gateObj__C
80374ff0   ti_sysbios_heaps_HeapMem_Object__count__C
80374ff4   ti_sysbios_heaps_HeapMem_Object__table__C
80374ff8   ti_sysbios_heaps_HeapMem_reqAlign__C
80374ffc   ti_sysbios_knl_Clock_A_badThreadType__C
80375000   ti_sysbios_knl_Clock_LM_begin__C
80375004   ti_sysbios_knl_Clock_LM_tick__C
80375008   ti_sysbios_knl_Clock_LW_delayed__C
8037500c   ti_sysbios_knl_Clock_Module_State_clockQ__O
80375010   ti_sysbios_knl_Clock_Module__diagsEnabled__C
80375014   ti_sysbios_knl_Clock_Module__diagsIncluded__C
80375018   ti_sysbios_knl_Clock_Module__diagsMask__C
8037501c   ti_sysbios_knl_Clock_Module__loggerFxn1__C
80375020   ti_sysbios_knl_Clock_Module__loggerFxn2__C
80375024   ti_sysbios_knl_Clock_Module__loggerObj__C
80375028   ti_sysbios_knl_Clock_tickMode__C
8037502c   ti_sysbios_knl_Clock_tickSource__C
80375030   ti_sysbios_knl_Queue_Object__count__C
80375034   ti_sysbios_knl_Queue_Object__table__C
80375038   ti_sysbios_knl_Semaphore_A_badContext__C
8037503c   ti_sysbios_knl_Semaphore_A_noEvents__C
80375040   ti_sysbios_knl_Semaphore_A_overflow__C
80375044   ti_sysbios_knl_Semaphore_A_pendTaskDisabled__C
80375048   ti_sysbios_knl_Semaphore_Instance_State_pendQ__O
8037504c   ti_sysbios_knl_Semaphore_LM_pend__C
80375050   ti_sysbios_knl_Semaphore_LM_post__C
80375054   ti_sysbios_knl_Semaphore_Module__diagsEnabled__C
80375058   ti_sysbios_knl_Semaphore_Module__diagsIncluded__C
8037505c   ti_sysbios_knl_Semaphore_Module__diagsMask__C
80375060   ti_sysbios_knl_Semaphore_Module__loggerFxn2__C
80375064   ti_sysbios_knl_Semaphore_Module__loggerFxn4__C
80375068   ti_sysbios_knl_Semaphore_Module__loggerObj__C
8037506c   ti_sysbios_knl_Swi_LD_end__C
80375070   ti_sysbios_knl_Swi_LM_begin__C
80375074   ti_sysbios_knl_Swi_LM_post__C
80375078   ti_sysbios_knl_Swi_Module__diagsEnabled__C
8037507c   ti_sysbios_knl_Swi_Module__diagsIncluded__C
80375080   ti_sysbios_knl_Swi_Module__diagsMask__C
80375084   ti_sysbios_knl_Swi_Module__loggerFxn1__C
80375088   ti_sysbios_knl_Swi_Module__loggerFxn4__C
8037508c   ti_sysbios_knl_Swi_Module__loggerObj__C
80375090   ti_sysbios_knl_Swi_Object__count__C
80375094   ti_sysbios_knl_Swi_Object__table__C
80375098   ti_sysbios_knl_Task_A_badPriority__C
8037509c   ti_sysbios_knl_Task_A_badTaskState__C
803750a0   ti_sysbios_knl_Task_A_badThreadType__C
803750a4   ti_sysbios_knl_Task_A_badTimeout__C
803750a8   ti_sysbios_knl_Task_A_noPendElem__C
803750ac   ti_sysbios_knl_Task_A_sleepTaskDisabled__C
803750b0   ti_sysbios_knl_Task_E_deleteNotAllowed__C
803750b4   ti_sysbios_knl_Task_E_spOutOfBounds__C
803750b8   ti_sysbios_knl_Task_E_stackOverflow__C
803750bc   ti_sysbios_knl_Task_LD_block__C
803750c0   ti_sysbios_knl_Task_LD_exit__C
803750c4   ti_sysbios_knl_Task_LD_ready__C
803750c8   ti_sysbios_knl_Task_LM_setPri__C
803750cc   ti_sysbios_knl_Task_LM_sleep__C
803750d0   ti_sysbios_knl_Task_LM_switch__C
803750d4   ti_sysbios_knl_Task_Module_State_inactiveQ__O
803750d8   ti_sysbios_knl_Task_Module_State_terminatedQ__O
803750dc   ti_sysbios_knl_Task_Module__diagsEnabled__C
803750e0   ti_sysbios_knl_Task_Module__diagsIncluded__C
803750e4   ti_sysbios_knl_Task_Module__diagsMask__C
803750e8   ti_sysbios_knl_Task_Module__loggerFxn2__C
803750ec   ti_sysbios_knl_Task_Module__loggerFxn4__C
803750f0   ti_sysbios_knl_Task_Module__loggerObj__C
803750f4   ti_sysbios_knl_Task_Object__count__C
803750f8   ti_sysbios_knl_Task_Object__heap__C
803750fc   ti_sysbios_knl_Task_Object__table__C
80375100   ti_sysbios_knl_Task_allBlockedFunc__C
80375104   ti_sysbios_knl_Task_defaultStackHeap__C
80375108   ti_sysbios_knl_Task_defaultStackSize__C
8037510c   ti_sysbios_knl_Task_numConstructedTasks__C
80375110   ti_sysbios_knl_Task_numPriorities__C
80375114   ti_sysbios_timers_timer64_Timer_A_notAvailable__C
80375118   ti_sysbios_timers_timer64_Timer_E_cannotSupport__C
8037511c   ti_sysbios_timers_timer64_Timer_Module__diagsEnabled__C
80375120   ti_sysbios_timers_timer64_Timer_Module__diagsIncluded__C
80375124   ti_sysbios_timers_timer64_Timer_Module__diagsMask__C
80375128   ti_sysbios_timers_timer64_Timer_anyMask__C
8037512c   ti_sysbios_timers_timer64_Timer_freqDivisor__C
80375130   ti_sysbios_timers_timer64_Timer_numLocalTimers__C
80375134   ti_sysbios_timers_timer64_Timer_numTimerDevices__C
80375138   xdc_runtime_Assert_E_assertFailed__C
8037513c   xdc_runtime_Core_A_initializedParams__C
80375140   xdc_runtime_Core_Module__diagsEnabled__C
80375144   xdc_runtime_Core_Module__diagsIncluded__C
80375148   xdc_runtime_Core_Module__diagsMask__C
8037514c   xdc_runtime_Error_E_memory__C
80375150   xdc_runtime_Error_Module__diagsEnabled__C
80375154   xdc_runtime_Error_Module__diagsIncluded__C
80375158   xdc_runtime_Error_Module__diagsMask__C
8037515c   xdc_runtime_Error_Module__loggerFxn8__C
80375160   xdc_runtime_Error_Module__loggerObj__C
80375164   xdc_runtime_Error_policy__C
80375168   xdc_runtime_Error_raiseHook__C
8037516c   xdc_runtime_IFilterLogger_Interface__BASE__C
80375170   xdc_runtime_IGateProvider_Interface__BASE__C
80375174   xdc_runtime_IHeap_Interface__BASE__C
80375178   xdc_runtime_ILogger_Interface__BASE__C
8037517c   xdc_runtime_IModule_Interface__BASE__C
80375180   xdc_runtime_Log_L_error__C
80375184   xdc_runtime_LoggerBuf_E_badLevel__C
80375188   xdc_runtime_LoggerBuf_Module__gateObj__C
8037518c   xdc_runtime_LoggerBuf_Object__count__C
80375190   xdc_runtime_LoggerBuf_Object__table__C
80375194   xdc_runtime_LoggerBuf_statusLogger__C
80375198   xdc_runtime_Memory_defaultHeapInstance__C
8037519c   xdc_runtime_Startup_execImpl__C
803751a0   xdc_runtime_Startup_maxPasses__C
803751a4   xdc_runtime_Startup_sfxnRts__C
803751a8   xdc_runtime_Startup_sfxnTab__C
803751ac   xdc_runtime_Startup_startModsFxn__C
803751b0   xdc_runtime_System_Module__gateObj__C
803751b4   xdc_runtime_System_extendFxn__C
803751b8   xdc_runtime_System_maxAtexitHandlers__C
803751bc   xdc_runtime_Text_charTab__C
803751c0   xdc_runtime_Text_nameEmpty__C
803751c4   xdc_runtime_Text_nameStatic__C
803751c8   xdc_runtime_Text_nameUnknown__C
803751cc   xdc_runtime_Text_nodeTab__C
803751d0   xdc_runtime_Text_visitRopeFxn__C
803751d4   ti_sysbios_knl_Swi_Module__id__C
803751d6   ti_sysbios_knl_Swi_Module__loggerDefined__C
803751d8   ti_sysbios_knl_Task_Module__id__C
803751da   ti_sysbios_knl_Task_Module__loggerDefined__C
803751dc   ti_sysbios_knl_Task_deleteTerminatedTasks__C
803751de   ti_sysbios_knl_Task_initStackFlag__C
803751e0   ti_sysbios_timers_timer64_Timer_Module__id__C
803751e2   ti_sysbios_timers_timer64_Timer_startupNeeded__C
803751e4   xdc_runtime_Core_Module__id__C
803751e6   xdc_runtime_Error_Module__loggerDefined__C
803751e8   xdc_runtime_Error_maxDepth__C
803751ea   xdc_runtime_LoggerBuf_Module__id__C
803751ec   xdc_runtime_LoggerBuf_filterByLevel__C
803751ee   xdc_runtime_Memory_Module__id__C
803751f0   xdc_runtime_Text_charCnt__C
803751f2   xdc_runtime_Text_isLoaded__C
803751f4   xdc_runtime_Text_registryModsLastId__C
803751f6   xdc_runtime_Text_unnamedModsLastId__C
80375200   queueFree
80377200   qmssGObj
80377600   ti_sysbios_BIOS_Module__state__V
80377620   ti_sysbios_family_c64p_EventCombiner_Module__state__V
80377a20   ti_sysbios_family_c64p_Exception_Module__state__V
80377a50   ti_sysbios_family_c64p_Hwi_Module__root__V
80377a58   ti_sysbios_family_c64p_Hwi_Module__state__V
80377ac0   ti_sysbios_gates_GateHwi_Module__root__V
80377ac8   ti_sysbios_gates_GateMutex_Module__root__V
80377ad0   ti_sysbios_hal_Hwi_Module__root__V
80377ad8   ti_sysbios_hal_Timer_Module__root__V
80377ae0   ti_sysbios_heaps_HeapBuf_Module__root__V
80377ae8   ti_sysbios_heaps_HeapBuf_Module__state__V
80377aec   ti_sysbios_heaps_HeapMem_Module__root__V
80377af4   ti_sysbios_knl_Clock_Module__root__V
80377afc   ti_sysbios_knl_Clock_Module__state__V
80377b24   ti_sysbios_knl_Queue_Module__root__V
80377b2c   ti_sysbios_knl_Semaphore_Module__root__V
80377b34   ti_sysbios_knl_Swi_Module__root__V
80377b3c   ti_sysbios_knl_Swi_Module__state__V
80377b58   ti_sysbios_knl_Task_Module__root__V
80377b60   ti_sysbios_knl_Task_Module__state__V
80377ba4   ti_sysbios_timers_timer64_Timer_Module__root__V
80377bac   ti_sysbios_timers_timer64_Timer_Module__state__V
80377bc0   xdc_runtime_Error_Module__state__V
80377bc4   xdc_runtime_LoggerBuf_Module__root__V
80377bcc   xdc_runtime_LoggerBuf_Module__state__V
80377bd4   xdc_runtime_Memory_Module__state__V
80377bd8   xdc_runtime_Registry_Module__state__V
80377be0   xdc_runtime_Startup_Module__state__V
80377be8   xdc_runtime_System_Module__state__V
80377bf4   xdc_runtime_Text_Module__state__V
80377bfc   __xdc__init__addr
80377c00   _ftable
80377de0   ti_sysbios_timers_timer64_Timer_Module_State_0_device__A
80377f60   qmssGblCfgParams
80378080   ti_sysbios_knl_Task_Object__table__V
80378120   TSK_idle
80378170   _ipcfg
80378224   _ft_end
803782c8   ti_sysbios_knl_Swi_Module_State_0_readyQ__A
80378348   ti_sysbios_knl_Task_Module_State_0_readyQ__A
803783c8   ti_sysbios_timers_timer64_Timer_Module_State_0_gctrl__A
80378448   ti_sysbios_timers_timer64_Timer_Module_State_0_handles__A
803784c8   ti_sysbios_timers_timer64_Timer_Module_State_0_intFreqs__A
803785c0   cppiGblCfgParams
80378638   ti_sysbios_family_c64p_Hwi_Object__table__V
80378750   ti_sysbios_timers_timer64_Timer_Object__table__V
803788a0   ti_sysbios_gates_GateMutex_Object__table__V
80378954   cppiLObj
80378958   ti_sysbios_knl_Swi_Object__table__V
80378988   _oscfg
803789ac   paLObj
803789b0   xdc_runtime_LoggerBuf_Object__table__V
803789d8   Qmss_highEoiVector
803789f8   NIMUDeviceTable
80378a00   pstrMsgName
80378a20   xdc_runtime_System_Module_State_0_atexitHandlers__A
80378a40   ti_ndk_config_Global_Id2Size
80378a90   ti_sysbios_heaps_HeapMem_Object__table__V
80378ad4   _lock
80378ad8   _unlock
80378b18   Qmss_lowEoiVector
80378b28   _delete_mutexes_ptr
80378b2c   _cleanup_ptr
80378b30   _dtors_ptr
80378b34   __TI_enable_exit_profile_output
80378b38   ti_sysbios_hal_Hwi_Object__table__V
80378b60   ti_sysbios_hal_Timer_Object__table__V
80378b68   ti_sysbios_gates_GateHwi_Object__table__V
80378b78   ti_sysbios_knl_Task_Module_State_0_idleTask__A
80378b88   Qmss_cdmaEoiVector
80378be8   gDeviceNandBBlist
80379e14   gDeviceNand
80379e4c   gDeviceNor
80379e84   gDeviceEeprom0
80379ebc   gDeviceEeprom1
80379ef8   emac_port_mode
8037a2ac   __TI_STATIC_BASE
8037a2c4   g_winx
8037a2c8   g_winy
8037a2cc   g_max_disp
8037a2d0   g_width
8037a2d4   g_height
8037a2d8   _IGMPInDiscard
8037a2dc   _IGMPInQuery
8037a2e0   _IGMPInQueryGroup
8037a2e4   _IGMPInResponse
8037a2e8   _IGMPOutResponse
8037a2ec   gTxCmdReturnQHnd
8037a2f0   gTxCmdFreeQHnd
8037a2f4   ethSemHandle
8037a32c   CONTENT_TYPE_APPLET
8037a330   CONTENT_TYPE_AU
8037a334   CONTENT_TYPE_CSS
8037a338   CONTENT_TYPE_DOC
8037a33c   CONTENT_TYPE_GIF
8037a340   CONTENT_TYPE_HTML
8037a344   CONTENT_TYPE_JPG
8037a348   CONTENT_TYPE_MPEG
8037a34c   CONTENT_TYPE_PDF
8037a350   CONTENT_TYPE_WAV
8037a354   CONTENT_TYPE_ZIP
8037a358   CONTENT_TYPE
8037a35c   CONTENT_LENGTH
8037a360   CRLF
8037a364   DEFAULT_NAME
8037a368   HTTP_VER
8037a36c   SPACE
8037a370   PITCount
8037a374   PITUsed
8037a378   PITHigh
8037a394   VerStr
8037a398   HostName
8037a39c   LocalIPAddr
8037a3a0   LocalIPMask
8037a3a4   GatewayIP
8037a3a8   DomainName
8037a3ac   DNSServer
8037a420   _IGMPForceVersion1
8037a43c   _ICMPInErrors
8037a440   _ICMPOutErrors
8037a444   _IPExecuting
8037a454   gFragQList
8037a474   tcp_iss
8037a478   ptTimeFirst
8037a47c   pt6TimeFirst
8037a480   tcp6_iss
8037a48c   platform_errno
8037a490   platform_init_return_code
8037a494   g_transmissionError
8037a4a4   httpErrorResponseHook
8037a4b0   _IPReasmPtr
8037a4b8   gMLDNodeList
8037a4d0   qmssLObjIsValid
8037a4d4   IPV6_MAX_MULTICAST_SOLICIT
8037a4d8   IPV6_MAX_UNICAST_SOLICIT
8037a4dc   IPV6_RETRANS_TIME
8037a4e0   IPV6_DELAY_FIRST_PROBE_TIME
8037a4e4   IPV6_REACHABLE_TIME
8037a4e8   IPV6_MAX_RTR_SOLICITATION_DELAY
8037a4ec   IPV6_RTR_SOLICITATION_INTERVAL
8037a4f0   IPV6_MAX_RTR_SOLICITATIONS
8037a4f4   INFINITE_LT
8037a4f8   ti_ndk_config_Global_rawPageSize
8037a4fc   ti_ndk_config_Global_rawPageCount
8037a500   ti_ndk_config_Global_smallest
8037a504   ti_ndk_config_Global_largest
8037a508   ti_ndk_config_Global_numFrameBuf
8037a50c   ti_ndk_config_Global_sizeFrameBuf
8037a580   cppiObject
8037a800   ti_sysbios_family_c64p_Hwi0
8037a800   ti_sysbios_family_c64p_Hwi_int0
8037a820   ti_sysbios_family_c64p_Hwi_int1
8037a840   ti_sysbios_family_c64p_Hwi_int2
8037a860   ti_sysbios_family_c64p_Hwi_int3
8037a880   ti_sysbios_family_c64p_Hwi_int4
8037a8a0   ti_sysbios_family_c64p_Hwi_int5
8037a8c0   ti_sysbios_family_c64p_Hwi_int6
8037a8e0   ti_sysbios_family_c64p_Hwi_int7
8037a900   ti_sysbios_family_c64p_Hwi_int8
8037a920   ti_sysbios_family_c64p_Hwi_int9
8037a940   ti_sysbios_family_c64p_Hwi_int10
8037a960   ti_sysbios_family_c64p_Hwi_int11
8037a980   ti_sysbios_family_c64p_Hwi_int12
8037a9a0   ti_sysbios_family_c64p_Hwi_int13
8037a9c0   ti_sysbios_family_c64p_Hwi_int14
8037a9e0   ti_sysbios_family_c64p_Hwi_int15
8037aa00   __CIOBUF_
8037ba7c   __TI_Handler_Table_Base
8037ba88   __TI_Handler_Table_Limit
8037baec   __TI_CINIT_Base
8037bb6c   __TI_CINIT_Limit
ffffffff   __TI_pprof_out_hndl
ffffffff   __TI_prof_data_size
ffffffff   __TI_prof_data_start
ffffffff   __binit__
ffffffff   __c_args__
ffffffff   binit
UNDEFED    __TI_INITARRAY_Base
UNDEFED    __TI_INITARRAY_Limit

[1627 symbols]
